Archive member included to satisfy reference by file (symbol)

.\CortexM0\ARM_GCC_541\Debug\SwerveMotorFirmware.a(Limit1.o)
                              .\CortexM0\ARM_GCC_541\Debug\main.o (Limit1_Read)
.\CortexM0\ARM_GCC_541\Debug\SwerveMotorFirmware.a(Limit2.o)
                              .\CortexM0\ARM_GCC_541\Debug\main.o (Limit2_Read)
.\CortexM0\ARM_GCC_541\Debug\SwerveMotorFirmware.a(PWM_Motor1.o)
                              .\CortexM0\ARM_GCC_541\Debug\MotorDrive.o (PWM_Motor1_WriteCompare)
.\CortexM0\ARM_GCC_541\Debug\SwerveMotorFirmware.a(isr_Limit_1.o)
                              .\CortexM0\ARM_GCC_541\Debug\main.o (isr_Limit_1_StartEx)
.\CortexM0\ARM_GCC_541\Debug\SwerveMotorFirmware.a(Pin_Encoder_A.o)
                              .\CortexM0\ARM_GCC_541\Debug\main.o (Pin_Encoder_A_Read)
.\CortexM0\ARM_GCC_541\Debug\SwerveMotorFirmware.a(Pin_Encoder_B.o)
                              .\CortexM0\ARM_GCC_541\Debug\main.o (Pin_Encoder_B_Read)
.\CortexM0\ARM_GCC_541\Debug\SwerveMotorFirmware.a(Status_Reg_Switches.o)
                              .\CortexM0\ARM_GCC_541\Debug\main.o (Status_Reg_Switches_Read)
.\CortexM0\ARM_GCC_541\Debug\SwerveMotorFirmware.a(CAN.o)
                              .\CortexM0\ARM_GCC_541\Debug\PortPSOC_swerve.o (CAN_GlobalIntEnable)
.\CortexM0\ARM_GCC_541\Debug\SwerveMotorFirmware.a(CAN_INT.o)
                              .\CortexM0\ARM_GCC_541\Debug\SwerveMotorFirmware.a(CAN.o) (CAN_ISR)
.\CortexM0\ARM_GCC_541\Debug\SwerveMotorFirmware.a(CAN_TX_RX_func.o)
                              .\CortexM0\ARM_GCC_541\Debug\PortPSOC_swerve.o (CAN_SendMsg)
.\CortexM0\ARM_GCC_541\Debug\SwerveMotorFirmware.a(UART.o)
                              .\CortexM0\ARM_GCC_541\Debug\main.o (UART_Start)
.\CortexM0\ARM_GCC_541\Debug\SwerveMotorFirmware.a(UART_UART.o)
                              .\CortexM0\ARM_GCC_541\Debug\SwerveMotorFirmware.a(UART.o) (UART_UartInit)
.\CortexM0\ARM_GCC_541\Debug\SwerveMotorFirmware.a(Dip1.o)
                              .\CortexM0\ARM_GCC_541\Debug\main.o (Dip1_Read)
.\CortexM0\ARM_GCC_541\Debug\SwerveMotorFirmware.a(Dip2.o)
                              .\CortexM0\ARM_GCC_541\Debug\main.o (Dip2_Read)
.\CortexM0\ARM_GCC_541\Debug\SwerveMotorFirmware.a(Dip3.o)
                              .\CortexM0\ARM_GCC_541\Debug\main.o (Dip3_Read)
.\CortexM0\ARM_GCC_541\Debug\SwerveMotorFirmware.a(Dip4.o)
                              .\CortexM0\ARM_GCC_541\Debug\main.o (Dip4_Read)
.\CortexM0\ARM_GCC_541\Debug\SwerveMotorFirmware.a(Timer_1.o)
                              .\CortexM0\ARM_GCC_541\Debug\main.o (Timer_1_ReadStatusRegister)
.\CortexM0\ARM_GCC_541\Debug\SwerveMotorFirmware.a(isr_period.o)
                              .\CortexM0\ARM_GCC_541\Debug\main.o (isr_period_StartEx)
.\CortexM0\ARM_GCC_541\Debug\SwerveMotorFirmware.a(LED_Debug1.o)
                              .\CortexM0\ARM_GCC_541\Debug\main.o (LED_Debug1_Write)
.\CortexM0\ARM_GCC_541\Debug\SwerveMotorFirmware.a(LED_Debug2.o)
                              .\CortexM0\ARM_GCC_541\Debug\main.o (LED_Debug2_Write)
.\CortexM0\ARM_GCC_541\Debug\SwerveMotorFirmware.a(LED_CAN.o)
                              .\CortexM0\ARM_GCC_541\Debug\main.o (LED_CAN_Write)
.\CortexM0\ARM_GCC_541\Debug\SwerveMotorFirmware.a(LED_Error.o)
                              .\CortexM0\ARM_GCC_541\Debug\main.o (LED_Error_Write)
.\CortexM0\ARM_GCC_541\Debug\SwerveMotorFirmware.a(StripLights.o)
                              .\CortexM0\ARM_GCC_541\Debug\LED_Array.o (StripLights_Trigger)
.\CortexM0\ARM_GCC_541\Debug\SwerveMotorFirmware.a(StripLights_fonts.o)
                              .\CortexM0\ARM_GCC_541\Debug\SwerveMotorFirmware.a(StripLights.o) (StripLights_SetFont)
.\CortexM0\ARM_GCC_541\Debug\SwerveMotorFirmware.a(PWM_Motor2.o)
                              .\CortexM0\ARM_GCC_541\Debug\MotorDrive.o (PWM_Motor2_WriteCompare)
.\CortexM0\ARM_GCC_541\Debug\SwerveMotorFirmware.a(Motor1Direction.o)
                              .\CortexM0\ARM_GCC_541\Debug\MotorDrive.o (Motor1Direction_Write)
.\CortexM0\ARM_GCC_541\Debug\SwerveMotorFirmware.a(Motor2Direction.o)
                              .\CortexM0\ARM_GCC_541\Debug\MotorDrive.o (Motor2Direction_Write)
.\CortexM0\ARM_GCC_541\Debug\SwerveMotorFirmware.a(StripLights_cisr.o)
                              .\CortexM0\ARM_GCC_541\Debug\SwerveMotorFirmware.a(StripLights.o) (StripLights_cisr_StartEx)
.\CortexM0\ARM_GCC_541\Debug\SwerveMotorFirmware.a(StripLights_fisr.o)
                              .\CortexM0\ARM_GCC_541\Debug\SwerveMotorFirmware.a(StripLights.o) (StripLights_fisr_StartEx)
.\CortexM0\ARM_GCC_541\Debug\SwerveMotorFirmware.a(CyLib.o)
                              .\CortexM0\ARM_GCC_541\Debug\cyfitter_cfg.o (CyIntEnable)
.\CortexM0\ARM_GCC_541\Debug\SwerveMotorFirmware.a(cyutils.o)
                              .\CortexM0\ARM_GCC_541\Debug\SwerveMotorFirmware.a(Timer_1.o) (CySetReg24)
.\CortexM0\ARM_GCC_541\Debug\SwerveMotorFirmware.a(CyLFClk.o)
[...]
Memory Configuration

Name             Origin             Length             Attributes
rom              0x00000000         0x00040000         xr
ram              0x20000000         0x00008000         xrw
*default*        0x00000000         0xffffffff

Linker script and memory map

LOAD c:/program files (x86)/cypress/psoc creator/4.4/psoc creator/import/gnu/arm/5.4.1/bin/../lib/gcc/arm-none-eabi/5.4.1/armv6-m/crti.o
LOAD c:/program files (x86)/cypress/psoc creator/4.4/psoc creator/import/gnu/arm/5.4.1/bin/../lib/gcc/arm-none-eabi/5.4.1/armv6-m/crtbegin.o
LOAD c:/program files (x86)/cypress/psoc creator/4.4/psoc creator/import/gnu/arm/5.4.1/bin/../lib/gcc/arm-none-eabi/5.4.1/../../../../arm-none-eabi/lib/armv6-m/crt0.o
START GROUP
LOAD .\CortexM0\ARM_GCC_541\Debug\main.o
LOAD .\CortexM0\ARM_GCC_541\Debug\LED_Array.o
LOAD .\CortexM0\ARM_GCC_541\Debug\MotorDrive.o
LOAD .\CortexM0\ARM_GCC_541\Debug\PositionPID.o
LOAD .\CortexM0\ARM_GCC_541\Debug\Motor_Unit_CAN.o
LOAD .\CortexM0\ARM_GCC_541\Debug\Motor_Unit_FSM.o
LOAD .\CortexM0\ARM_GCC_541\Debug\PortPSOC_swerve.o
LOAD .\CortexM0\ARM_GCC_541\Debug\CANCommon.o
LOAD .\CortexM0\ARM_GCC_541\Debug\CANGPIO.o
LOAD .\CortexM0\ARM_GCC_541\Debug\CANLocalization.o
LOAD .\CortexM0\ARM_GCC_541\Debug\CANMotorUnit.o
LOAD .\CortexM0\ARM_GCC_541\Debug\CANPacket.o
LOAD .\CortexM0\ARM_GCC_541\Debug\CANPower.o
LOAD .\CortexM0\ARM_GCC_541\Debug\CANScience.o
LOAD .\CortexM0\ARM_GCC_541\Debug\cyfitter_cfg.o
LOAD .\CortexM0\ARM_GCC_541\Debug\cymetadata.o
LOAD .\CortexM0\ARM_GCC_541\Debug\Cm0Start.o
LOAD .\CortexM0\ARM_GCC_541\Debug\SwerveMotorFirmware.a
END GROUP
START GROUP
LOAD c:/program files (x86)/cypress/psoc creator/4.4/psoc creator/import/gnu/arm/5.4.1/bin/../lib/gcc/arm-none-eabi/5.4.1/armv6-m\libgcc.a
LOAD c:/program files (x86)/cypress/psoc creator/4.4/psoc creator/import/gnu/arm/5.4.1/bin/../lib/gcc/arm-none-eabi/5.4.1/../../../../arm-none-eabi/lib/armv6-m\libg_nano.a
LOAD c:/program files (x86)/cypress/psoc creator/4.4/psoc creator/import/gnu/arm/5.4.1/bin/../lib/gcc/arm-none-eabi/5.4.1/../../../../arm-none-eabi/lib/armv6-m\libc_nano.a
END GROUP
START GROUP
LOAD c:/program files (x86)/cypress/psoc creator/4.4/psoc creator/import/gnu/arm/5.4.1/bin/../lib/gcc/arm-none-eabi/5.4.1/armv6-m\libgcc.a
LOAD c:/program files (x86)/cypress/psoc creator/4.4/psoc creator/import/gnu/arm/5.4.1/bin/../lib/gcc/arm-none-eabi/5.4.1/../../../../arm-none-eabi/lib/armv6-m\libc_nano.a
END GROUP
LOAD c:/program files (x86)/cypress/psoc creator/4.4/psoc creator/import/gnu/arm/5.4.1/bin/../lib/gcc/arm-none-eabi/5.4.1/armv6-m/crtend.o
LOAD c:/program files (x86)/cypress/psoc creator/4.4/psoc creator/import/gnu/arm/5.4.1/bin/../lib/gcc/arm-none-eabi/5.4.1/armv6-m/crtn.o
START GROUP
LOAD c:/program files (x86)/cypress/psoc creator/4.4/psoc creator/import/gnu/arm/5.4.1/bin/../lib/gcc/arm-none-eabi/5.4.1/armv6-m\libgcc.a
LOAD c:/program files (x86)/cypress/psoc creator/4.4/psoc creator/import/gnu/arm/5.4.1/bin/../lib/gcc/arm-none-eabi/5.4.1/../../../../arm-none-eabi/lib/armv6-m\libc.a
LOAD c:/program files (x86)/cypress/psoc creator/4.4/psoc creator/import/gnu/arm/5.4.1/bin/../lib/gcc/arm-none-eabi/5.4.1/../../../../arm-none-eabi/lib/armv6-m\libnosys.a
END GROUP
                0x00000000                CY_APPL_ORIGIN = 0x0
                0x00000100                CY_FLASH_ROW_SIZE = 0x100
                0x00000001                CY_APPL_NUM = 0x1
                0x00000001                CY_APPL_MAX = 0x1
                0x00000040                CY_METADATA_SIZE = 0x40
                0x00000000                CY_APPL_LOADABLE = 0x0
                0x00000000                CY_CHECKSUM_EXCLUDE_SIZE = ALIGN (0x0, CY_FLASH_ROW_SIZE)
                0x00000000                CY_APP_FOR_STACK_AND_COPIER = 0x0
                [!provide]                PROVIDE (__cy_heap_start, _end)
                0x00000001                PROVIDE (__cy_region_num, ((__cy_regions_end - __cy_regions) / 0x10))
                0x20008000                PROVIDE (__cy_stack, (ORIGIN (ram) + LENGTH (ram)))
                [!provide]                PROVIDE (__cy_heap_end, (__cy_stack - 0x800))

.cybootloader   0x00000000        0x0
 *(.cybootloader)
                0x00000000                appl1_start = CY_APPL_ORIGIN?CY_APPL_ORIGIN:ALIGN (CY_FLASH_ROW_SIZE)
                0x0001ff00                appl2_start = (appl1_start + ALIGN ((((LENGTH (rom) - appl1_start) - (0x2 * CY_FLASH_ROW_SIZE)) / 0x2), CY_FLASH_ROW_SIZE))
                0x00000000                appl_start = (CY_APPL_NUM == 0x1)?appl1_start:appl2_start
                0x00000001                cy_project_type_bootloader = (appl_start == 0x0)?0x1:0x0
                0x00000000                cy_project_type_app_for_stack_and_copier = (CY_APP_FOR_STACK_AND_COPIER == 0x1)?0x1:0x0

.text           0x00000000     0x3ae6
 CREATE_OBJECT_SYMBOLS
                0x00000000                PROVIDE (__cy_interrupt_vector, RomVectors)
 *(.romvectors)
 .romvectors    0x00000000       0x10 .\CortexM0\ARM_GCC_541\Debug\Cm0Start.o
                0x00000000                RomVectors
                0x00000001                ASSERT ((. != __cy_interrupt_vector), No interrupt vector)
                0x00000001                ASSERT (CY_APPL_ORIGIN?(SIZEOF (.cybootloader) <= CY_APPL_ORIGIN):0x1, Wrong image location)
                0x00000010                PROVIDE (__cy_reset, Reset)
 *(.text.Reset)
 .text.Reset    0x00000010        0x8 .\CortexM0\ARM_GCC_541\Debug\Cm0Start.o
                0x00000010                Reset
                0x00000001                ASSERT ((. != __cy_reset), No reset code)
 *(.psocinit)
 .psocinit      0x00000018      0x2f4 .\CortexM0\ARM_GCC_541\Debug\cyfitter_cfg.o
                0x00000138                cyfitter_cfg
                0x0000030c                . = MAX (., 0x100)
 *(.text .text.* .gnu.linkonce.t.*)
 .text          0x0000030c       0x60 c:/program files (x86)/cypress/psoc creator/4.4/psoc creator/import/gnu/arm/5.4.1/bin/../lib/gcc/arm-none-eabi/5.4.1/armv6-m/crtbegin.o
 .text.Period_Reset_Handler
                0x0000036c       0x8c .\CortexM0\ARM_GCC_541\Debug\main.o
                0x0000036c                Period_Reset_Handler
 .text.Pin_Limit_Handler
                0x000003f8       0x6c .\CortexM0\ARM_GCC_541\Debug\main.o
                0x000003f8                Pin_Limit_Handler
 .text.ReadCAN  0x00000464       0x30 .\CortexM0\ARM_GCC_541\Debug\main.o
                0x00000464                ReadCAN
 .text.DisplayErrorCode
                0x00000494       0x50 .\CortexM0\ARM_GCC_541\Debug\main.o
                0x00000494                DisplayErrorCode
 .text.getSerialAddress
                0x000004e4       0x34 .\CortexM0\ARM_GCC_541\Debug\main.o
                0x000004e4                getSerialAddress
 .text.Initialize
                0x00000518       0xb0 .\CortexM0\ARM_GCC_541\Debug\main.o
                0x00000518                Initialize
 .text.main     0x000005c8       0xa8 .\CortexM0\ARM_GCC_541\Debug\main.o
                0x000005c8                main
 .text.updateEncCount
                0x00000670       0x50 .\CortexM0\ARM_GCC_541\Debug\main.o
                0x00000670                updateEncCount
 .text.EncA_Change_Handler
                0x000006c0        0x8 .\CortexM0\ARM_GCC_541\Debug\main.o
                0x000006c0                EncA_Change_Handler
 .text.EncB_Change_Handler
                0x000006c8        0x8 .\CortexM0\ARM_GCC_541\Debug\main.o
                0x000006c8                EncB_Change_Handler
 .text.initalize_LEDs
                0x000006d0       0x28 .\CortexM0\ARM_GCC_541\Debug\LED_Array.o
                0x000006d0                initalize_LEDs
 .text.get_color_packet
                0x000006f8        0xc .\CortexM0\ARM_GCC_541\Debug\LED_Array.o
                0x000006f8                get_color_packet
 .text.set_PWM_M1
                0x00000704       0x84 .\CortexM0\ARM_GCC_541\Debug\MotorDrive.o
                0x00000704                set_PWM_M1
 .text.set_PWM_M2
                0x00000788       0x84 .\CortexM0\ARM_GCC_541\Debug\MotorDrive.o
                0x00000788                set_PWM_M2
 .text.GetCurrentPWM_M2
                0x0000080c        0xc .\CortexM0\ARM_GCC_541\Debug\MotorDrive.o
                0x0000080c                GetCurrentPWM_M2
 .text.ClearPIDProgress
                0x00000818       0x10 .\CortexM0\ARM_GCC_541\Debug\PositionPID.o
                0x00000818                ClearPIDProgress
 .text.DisablePID
                0x00000828        0xc .\CortexM0\ARM_GCC_541\Debug\PositionPID.o
                0x00000828                DisablePID
 .text.EnablePID
                0x00000834        0xc .\CortexM0\ARM_GCC_541\Debug\PositionPID.o
                0x00000834                EnablePID
 .text.PIDIsEnabled
                0x00000840        0xc .\CortexM0\ARM_GCC_541\Debug\PositionPID.o
                0x00000840                PIDIsEnabled
 .text.SetkPosition
                0x0000084c        0xc .\CortexM0\ARM_GCC_541\Debug\PositionPID.o
                0x0000084c                SetkPosition
 .text.SetkIntegral
                0x00000858        0xc .\CortexM0\ARM_GCC_541\Debug\PositionPID.o
                0x00000858                SetkIntegral
 .text.SetkDerivative
                0x00000864        0xc .\CortexM0\ARM_GCC_541\Debug\PositionPID.o
                0x00000864                SetkDerivative
 .text.SetkPPJR
                0x00000870        0xc .\CortexM0\ARM_GCC_541\Debug\PositionPID.o
                0x00000870                SetkPPJR
 .text.SetMaxPIDPWM
                0x0000087c        0xc .\CortexM0\ARM_GCC_541\Debug\PositionPID.o
                0x0000087c                SetMaxPIDPWM
 .text.GetMaxPIDPWM
                0x00000888        0xc .\CortexM0\ARM_GCC_541\Debug\PositionPID.o
                0x00000888                GetMaxPIDPWM
 .text.GetEncoderValWithFlip
                0x00000894       0x18 .\CortexM0\ARM_GCC_541\Debug\PositionPID.o
                0x00000894                GetEncoderValWithFlip
 .text.InitializePID
                0x000008ac       0x24 .\CortexM0\ARM_GCC_541\Debug\PositionPID.o
                0x000008ac                InitializePID
 .text.SetEncoderDirDefault
                0x000008d0        0xc .\CortexM0\ARM_GCC_541\Debug\PositionPID.o
                0x000008d0                SetEncoderDirDefault
 .text.SetEncoderDirReverse
                0x000008dc        0xc .\CortexM0\ARM_GCC_541\Debug\PositionPID.o
                0x000008dc                SetEncoderDirReverse
 .text.CurrentPositionMiliDegree
                0x000008e8       0x28 .\CortexM0\ARM_GCC_541\Debug\PositionPID.o
                0x000008e8                CurrentPositionMiliDegree
 .text.MiliDegreesToTicks
                0x00000910       0x18 .\CortexM0\ARM_GCC_541\Debug\PositionPID.o
                0x00000910                MiliDegreesToTicks
 .text.Position_PID
                0x00000928       0x84 .\CortexM0\ARM_GCC_541\Debug\PositionPID.o
                0x00000928                Position_PID
 .text.SetPosition
                0x000009ac       0x68 .\CortexM0\ARM_GCC_541\Debug\PositionPID.o
                0x000009ac                SetPosition
 .text.GetLimitSwNumFromPacket
                0x00000a14        0x4 .\CortexM0\ARM_GCC_541\Debug\Motor_Unit_CAN.o
 .text.GetEncCountFromPacket
                0x00000a18       0x10 .\CortexM0\ARM_GCC_541\Debug\Motor_Unit_CAN.o
 .text.SendEncoderData
                0x00000a28       0x24 .\CortexM0\ARM_GCC_541\Debug\Motor_Unit_CAN.o
                0x00000a28                SendEncoderData
 .text.NextStateFromCAN
                0x00000a4c      0x450 .\CortexM0\ARM_GCC_541\Debug\Motor_Unit_CAN.o
                0x00000a4c                NextStateFromCAN
 .text.GotoUninitState
                0x00000e9c       0x14 .\CortexM0\ARM_GCC_541\Debug\Motor_Unit_FSM.o
                0x00000e9c                GotoUninitState
 .text.SetStateTo
                0x00000eb0        0xc .\CortexM0\ARM_GCC_541\Debug\Motor_Unit_FSM.o
                0x00000eb0                SetStateTo
 .text.SetModeTo
                0x00000ebc        0xc .\CortexM0\ARM_GCC_541\Debug\Motor_Unit_FSM.o
                0x00000ebc                SetModeTo
 .text.GetState
                0x00000ec8        0xc .\CortexM0\ARM_GCC_541\Debug\Motor_Unit_FSM.o
                0x00000ec8                GetState
 .text.GetMode  0x00000ed4        0xc .\CortexM0\ARM_GCC_541\Debug\Motor_Unit_FSM.o
                0x00000ed4                GetMode
 .text.PositionConstIsSet
                0x00000ee0       0x10 .\CortexM0\ARM_GCC_541\Debug\Motor_Unit_FSM.o
                0x00000ee0                PositionConstIsSet
 .text.IntegralConstIsSet
                0x00000ef0       0x10 .\CortexM0\ARM_GCC_541\Debug\Motor_Unit_FSM.o
                0x00000ef0                IntegralConstIsSet
 .text.DerivativeConstIsSet
                0x00000f00       0x10 .\CortexM0\ARM_GCC_541\Debug\Motor_Unit_FSM.o
                0x00000f00                DerivativeConstIsSet
 .text.PPJRConstIsSet
                0x00000f10       0x10 .\CortexM0\ARM_GCC_541\Debug\Motor_Unit_FSM.o
                0x00000f10                PPJRConstIsSet
 .text.PIDconstsSet
                0x00000f20       0x14 .\CortexM0\ARM_GCC_541\Debug\Motor_Unit_FSM.o
                0x00000f20                PIDconstsSet
 .text.InitCAN_swerve
                0x00000f34      0x11c .\CortexM0\ARM_GCC_541\Debug\PortPSOC_swerve.o
                0x00000f34                InitCAN_swerve
 .text.SendCANPacket
                0x00001050       0x40 .\CortexM0\ARM_GCC_541\Debug\PortPSOC_swerve.o
                0x00001050                SendCANPacket
 .text.getLocalDeviceSerial
                0x00001090        0xc .\CortexM0\ARM_GCC_541\Debug\PortPSOC_swerve.o
                0x00001090                getLocalDeviceSerial
 .text.getLocalDeviceGroup
                0x0000109c        0xc .\CortexM0\ARM_GCC_541\Debug\PortPSOC_swerve.o
                0x0000109c                getLocalDeviceGroup
 .text.getChipType
                0x000010a8        0x4 .\CortexM0\ARM_GCC_541\Debug\PortPSOC_swerve.o
                0x000010a8                getChipType
 .text.FIFOSize
                0x000010ac       0x48 .\CortexM0\ARM_GCC_541\Debug\PortPSOC_swerve.o
                0x000010ac                FIFOSize
 .text.countAddFIFO
                0x000010f4       0x50 .\CortexM0\ARM_GCC_541\Debug\PortPSOC_swerve.o
                0x000010f4                countAddFIFO
 .text.CAN_FLAG_ISR
                0x00001144      0x12c .\CortexM0\ARM_GCC_541\Debug\PortPSOC_swerve.o
                0x00001144                CAN_FLAG_ISR
 .text.countRemoveFIFO
                0x00001270       0x28 .\CortexM0\ARM_GCC_541\Debug\PortPSOC_swerve.o
                0x00001270                countRemoveFIFO
 .text.PollAndReceiveCANPacket
                0x00001298       0x4c .\CortexM0\ARM_GCC_541\Debug\PortPSOC_swerve.o
                0x00001298                PollAndReceiveCANPacket
 .text.AssembleChipTypeReportPacket
                0x000012e4       0x24 .\CortexM0\ARM_GCC_541\Debug\CANCommon.o
                0x000012e4                AssembleChipTypeReportPacket
 .text.AssembleTelemetryReportPacket
                0x00001308       0x2c .\CortexM0\ARM_GCC_541\Debug\CANCommon.o
                0x00001308                AssembleTelemetryReportPacket
 .text.GetModeFromPacket
                0x00001334        0x4 .\CortexM0\ARM_GCC_541\Debug\CANMotorUnit.o
                0x00001334                GetModeFromPacket
 .text.GetPWMFromPacket
                0x00001338       0x10 .\CortexM0\ARM_GCC_541\Debug\CANMotorUnit.o
                0x00001338                GetPWMFromPacket
 .text.GetPIDTargetFromPacket
                0x00001348       0x10 .\CortexM0\ARM_GCC_541\Debug\CANMotorUnit.o
                0x00001348                GetPIDTargetFromPacket
 .text.GetPFromPacket
                0x00001358       0x10 .\CortexM0\ARM_GCC_541\Debug\CANMotorUnit.o
                0x00001358                GetPFromPacket
 .text.GetIFromPacket
                0x00001368       0x10 .\CortexM0\ARM_GCC_541\Debug\CANMotorUnit.o
                0x00001368                GetIFromPacket
 .text.GetDFromPacket
                0x00001378       0x10 .\CortexM0\ARM_GCC_541\Debug\CANMotorUnit.o
                0x00001378                GetDFromPacket
 .text.AssembleLimitSwitchAlertPacket
                0x00001388       0x20 .\CortexM0\ARM_GCC_541\Debug\CANMotorUnit.o
                0x00001388                AssembleLimitSwitchAlertPacket
 .text.GetEncoderPPJRFromPacket
                0x000013a8       0x10 .\CortexM0\ARM_GCC_541\Debug\CANMotorUnit.o
                0x000013a8                GetEncoderPPJRFromPacket
 .text.GetEncoderDirectionFromPacket
                0x000013b8        0x8 .\CortexM0\ARM_GCC_541\Debug\CANMotorUnit.o
                0x000013b8                GetEncoderDirectionFromPacket
 .text.GetEncoderZeroFromPacket
                0x000013c0        0x8 .\CortexM0\ARM_GCC_541\Debug\CANMotorUnit.o
                0x000013c0                GetEncoderZeroFromPacket
 .text.GetMaxPIDPWMFromPacket
                0x000013c8       0x10 .\CortexM0\ARM_GCC_541\Debug\CANMotorUnit.o
                0x000013c8                GetMaxPIDPWMFromPacket
 .text.ConstructCANID
                0x000013d8       0x1c .\CortexM0\ARM_GCC_541\Debug\CANPacket.o
                0x000013d8                ConstructCANID
 .text.WriteSenderSerialAndPacketID
                0x000013f4       0x18 .\CortexM0\ARM_GCC_541\Debug\CANPacket.o
                0x000013f4                WriteSenderSerialAndPacketID
 .text.GetDeviceSerialNumber
                0x0000140c        0x8 .\CortexM0\ARM_GCC_541\Debug\CANPacket.o
                0x0000140c                GetDeviceSerialNumber
 .text.GetSenderDeviceSerialNumber
                0x00001414        0x4 .\CortexM0\ARM_GCC_541\Debug\CANPacket.o
                0x00001414                GetSenderDeviceSerialNumber
 .text.GetSenderDeviceGroupCode
                0x00001418        0x4 .\CortexM0\ARM_GCC_541\Debug\CANPacket.o
                0x00001418                GetSenderDeviceGroupCode
 .text.PackIntIntoDataMSBFirst
                0x0000141c       0x18 .\CortexM0\ARM_GCC_541\Debug\CANPacket.o
                0x0000141c                PackIntIntoDataMSBFirst
 .text.DecodeBytesToIntMSBFirst
                0x00001434       0x44 .\CortexM0\ARM_GCC_541\Debug\CANPacket.o
                0x00001434                DecodeBytesToIntMSBFirst
 .text.cfg_write_bytes32
                0x00001478       0x34 .\CortexM0\ARM_GCC_541\Debug\cyfitter_cfg.o
 .text.CYMEMZERO
                0x000014ac        0xc .\CortexM0\ARM_GCC_541\Debug\cyfitter_cfg.o
 .text.SetAnalogRoutingPumps
                0x000014b8       0x20 .\CortexM0\ARM_GCC_541\Debug\cyfitter_cfg.o
                0x000014b8                SetAnalogRoutingPumps
 .text.AnalogSetDefault
                0x000014d8       0x3c .\CortexM0\ARM_GCC_541\Debug\cyfitter_cfg.o
 .text.IntDefaultHandler
                0x00001514       0x10 .\CortexM0\ARM_GCC_541\Debug\Cm0Start.o
                0x00001514                IntDefaultHandler
 .text._sbrk    0x00001524       0x30 .\CortexM0\ARM_GCC_541\Debug\Cm0Start.o
                0x00001524                _sbrk
 .text.Start_c  0x00001554       0x48 .\CortexM0\ARM_GCC_541\Debug\Cm0Start.o
                0x00001554                Start_c
 .text.initialize_psoc
                0x0000159c       0x4c .\CortexM0\ARM_GCC_541\Debug\Cm0Start.o
                0x0000159c                initialize_psoc
 .text.Limit1_Read
                0x000015e8       0x10 .\CortexM0\ARM_GCC_541\Debug\SwerveMotorFirmware.a(Limit1.o)
                0x000015e8                Limit1_Read
 .text.Limit2_Read
                0x000015f8       0x10 .\CortexM0\ARM_GCC_541\Debug\SwerveMotorFirmware.a(Limit2.o)
                0x000015f8                Limit2_Read
 .text.PWM_Motor1_WriteCounter
                0x00001608       0x10 .\CortexM0\ARM_GCC_541\Debug\SwerveMotorFirmware.a(PWM_Motor1.o)
                0x00001608                PWM_Motor1_WriteCounter
 .text.PWM_Motor1_WritePeriod
                0x00001618       0x10 .\CortexM0\ARM_GCC_541\Debug\SwerveMotorFirmware.a(PWM_Motor1.o)
                0x00001618                PWM_Motor1_WritePeriod
 .text.PWM_Motor1_WriteCompare
                0x00001628       0x10 .\CortexM0\ARM_GCC_541\Debug\SwerveMotorFirmware.a(PWM_Motor1.o)
                0x00001628                PWM_Motor1_WriteCompare
 .text.PWM_Motor1_TriggerCommand
                0x00001638       0x1c .\CortexM0\ARM_GCC_541\Debug\SwerveMotorFirmware.a(PWM_Motor1.o)
                0x00001638                PWM_Motor1_TriggerCommand
 .text.PWM_Motor1_Enable
                0x00001654       0x24 .\CortexM0\ARM_GCC_541\Debug\SwerveMotorFirmware.a(PWM_Motor1.o)
                0x00001654                PWM_Motor1_Enable
 .text.PWM_Motor1_SetInterruptMode
                0x00001678        0xc .\CortexM0\ARM_GCC_541\Debug\SwerveMotorFirmware.a(PWM_Motor1.o)
                0x00001678                PWM_Motor1_SetInterruptMode
 .text.PWM_Motor1_Init
                0x00001684       0x48 .\CortexM0\ARM_GCC_541\Debug\SwerveMotorFirmware.a(PWM_Motor1.o)
                0x00001684                PWM_Motor1_Init
 .text.PWM_Motor1_Start
                0x000016cc       0x20 .\CortexM0\ARM_GCC_541\Debug\SwerveMotorFirmware.a(PWM_Motor1.o)
                0x000016cc                PWM_Motor1_Start
 .text.isr_Limit_1_SetVector
                0x000016ec        0xc .\CortexM0\ARM_GCC_541\Debug\SwerveMotorFirmware.a(isr_Limit_1.o)
                0x000016ec                isr_Limit_1_SetVector
 .text.isr_Limit_1_SetPriority
                0x000016f8       0x24 .\CortexM0\ARM_GCC_541\Debug\SwerveMotorFirmware.a(isr_Limit_1.o)
                0x000016f8                isr_Limit_1_SetPriority
 .text.isr_Limit_1_Enable
                0x0000171c        0xc .\CortexM0\ARM_GCC_541\Debug\SwerveMotorFirmware.a(isr_Limit_1.o)
                0x0000171c                isr_Limit_1_Enable
 .text.isr_Limit_1_Disable
                0x00001728        0xc .\CortexM0\ARM_GCC_541\Debug\SwerveMotorFirmware.a(isr_Limit_1.o)
                0x00001728                isr_Limit_1_Disable
 .text.isr_Limit_1_StartEx
                0x00001734       0x1c .\CortexM0\ARM_GCC_541\Debug\SwerveMotorFirmware.a(isr_Limit_1.o)
                0x00001734                isr_Limit_1_StartEx
 .text.Pin_Encoder_A_Read
                0x00001750       0x10 .\CortexM0\ARM_GCC_541\Debug\SwerveMotorFirmware.a(Pin_Encoder_A.o)
                0x00001750                Pin_Encoder_A_Read
 .text.Pin_Encoder_B_Read
                0x00001760       0x10 .\CortexM0\ARM_GCC_541\Debug\SwerveMotorFirmware.a(Pin_Encoder_B.o)
                0x00001760                Pin_Encoder_B_Read
 .text.Status_Reg_Switches_Read
                0x00001770        0xc .\CortexM0\ARM_GCC_541\Debug\SwerveMotorFirmware.a(Status_Reg_Switches.o)
                0x00001770                Status_Reg_Switches_Read
 .text.Status_Reg_Switches_InterruptEnable
                0x0000177c       0x1c .\CortexM0\ARM_GCC_541\Debug\SwerveMotorFirmware.a(Status_Reg_Switches.o)
                0x0000177c                Status_Reg_Switches_InterruptEnable
 .text.CAN_GlobalIntEnable
                0x00001798       0x1c .\CortexM0\ARM_GCC_541\Debug\SwerveMotorFirmware.a(CAN.o)
                0x00001798                CAN_GlobalIntEnable
 .text.CAN_Enable
                0x000017b4       0x48 .\CortexM0\ARM_GCC_541\Debug\SwerveMotorFirmware.a(CAN.o)
                0x000017b4                CAN_Enable
 .text.CAN_SetPreScaler
                0x000017fc       0x38 .\CortexM0\ARM_GCC_541\Debug\SwerveMotorFirmware.a(CAN.o)
                0x000017fc                CAN_SetPreScaler
 .text.CAN_SetArbiter
                0x00001834       0x40 .\CortexM0\ARM_GCC_541\Debug\SwerveMotorFirmware.a(CAN.o)
                0x00001834                CAN_SetArbiter
 .text.CAN_SetTsegSample
                0x00001874       0xa0 .\CortexM0\ARM_GCC_541\Debug\SwerveMotorFirmware.a(CAN.o)
                0x00001874                CAN_SetTsegSample
 .text.CAN_SetRestartType
                0x00001914       0x38 .\CortexM0\ARM_GCC_541\Debug\SwerveMotorFirmware.a(CAN.o)
                0x00001914                CAN_SetRestartType
 .text.CAN_SetEdgeMode
                0x0000194c       0x38 .\CortexM0\ARM_GCC_541\Debug\SwerveMotorFirmware.a(CAN.o)
                0x0000194c                CAN_SetEdgeMode
 .text.CAN_SetIrqMask
                0x00001984       0x1c .\CortexM0\ARM_GCC_541\Debug\SwerveMotorFirmware.a(CAN.o)
                0x00001984                CAN_SetIrqMask
 .text.CAN_RxBufConfig
                0x000019a0       0x98 .\CortexM0\ARM_GCC_541\Debug\SwerveMotorFirmware.a(CAN.o)
                0x000019a0                CAN_RxBufConfig
 .text.CAN_TxBufConfig
                0x00001a38       0x58 .\CortexM0\ARM_GCC_541\Debug\SwerveMotorFirmware.a(CAN.o)
                0x00001a38                CAN_TxBufConfig
 .text.CAN_RxTxBuffersConfig
                0x00001a90       0x54 .\CortexM0\ARM_GCC_541\Debug\SwerveMotorFirmware.a(CAN.o)
                0x00001a90                CAN_RxTxBuffersConfig
 .text.CAN_SetSwapDataEndianness
                0x00001ae4       0x40 .\CortexM0\ARM_GCC_541\Debug\SwerveMotorFirmware.a(CAN.o)
                0x00001ae4                CAN_SetSwapDataEndianness
 .text.CAN_Init
                0x00001b24       0xe8 .\CortexM0\ARM_GCC_541\Debug\SwerveMotorFirmware.a(CAN.o)
                0x00001b24                CAN_Init
 .text.CAN_Start
                0x00001c0c       0x28 .\CortexM0\ARM_GCC_541\Debug\SwerveMotorFirmware.a(CAN.o)
                0x00001c0c                CAN_Start
 .text.CAN_ISR  0x00001c34        0x4 .\CortexM0\ARM_GCC_541\Debug\SwerveMotorFirmware.a(CAN_INT.o)
                0x00001c34                CAN_ISR
 .text.CAN_SendMsg
                0x00001c38      0x154 .\CortexM0\ARM_GCC_541\Debug\SwerveMotorFirmware.a(CAN_TX_RX_func.o)
                0x00001c38                CAN_SendMsg
 .text.UART_ScbEnableIntr
                0x00001d8c        0xc .\CortexM0\ARM_GCC_541\Debug\SwerveMotorFirmware.a(UART.o)
 .text.UART_ScbModePostEnable
                0x00001d98        0x8 .\CortexM0\ARM_GCC_541\Debug\SwerveMotorFirmware.a(UART.o)
 .text.UART_Init
                0x00001da0        0x8 .\CortexM0\ARM_GCC_541\Debug\SwerveMotorFirmware.a(UART.o)
                0x00001da0                UART_Init
 .text.UART_Enable
                0x00001da8       0x1c .\CortexM0\ARM_GCC_541\Debug\SwerveMotorFirmware.a(UART.o)
                0x00001da8                UART_Enable
 .text.UART_Start
                0x00001dc4       0x20 .\CortexM0\ARM_GCC_541\Debug\SwerveMotorFirmware.a(UART.o)
                0x00001dc4                UART_Start
 .text.UART_UartInit
                0x00001de4       0xdc .\CortexM0\ARM_GCC_541\Debug\SwerveMotorFirmware.a(UART_UART.o)
                0x00001de4                UART_UartInit
 .text.UART_UartPostEnable
                0x00001ec0       0x24 .\CortexM0\ARM_GCC_541\Debug\SwerveMotorFirmware.a(UART_UART.o)
                0x00001ec0                UART_UartPostEnable
 .text.UART_UartPutString
                0x00001ee4       0x18 .\CortexM0\ARM_GCC_541\Debug\SwerveMotorFirmware.a(UART_UART.o)
                0x00001ee4                UART_UartPutString
 .text.Dip1_Read
                0x00001efc       0x10 .\CortexM0\ARM_GCC_541\Debug\SwerveMotorFirmware.a(Dip1.o)
                0x00001efc                Dip1_Read
 .text.Dip2_Read
                0x00001f0c       0x10 .\CortexM0\ARM_GCC_541\Debug\SwerveMotorFirmware.a(Dip2.o)
                0x00001f0c                Dip2_Read
 .text.Dip3_Read
                0x00001f1c       0x10 .\CortexM0\ARM_GCC_541\Debug\SwerveMotorFirmware.a(Dip3.o)
                0x00001f1c                Dip3_Read
 .text.Dip4_Read
                0x00001f2c       0x10 .\CortexM0\ARM_GCC_541\Debug\SwerveMotorFirmware.a(Dip4.o)
                0x00001f2c                Dip4_Read
 .text.Timer_1_Enable
                0x00001f3c       0x14 .\CortexM0\ARM_GCC_541\Debug\SwerveMotorFirmware.a(Timer_1.o)
                0x00001f3c                Timer_1_Enable
 .text.Timer_1_SetInterruptMode
                0x00001f50        0xc .\CortexM0\ARM_GCC_541\Debug\SwerveMotorFirmware.a(Timer_1.o)
                0x00001f50                Timer_1_SetInterruptMode
 .text.Timer_1_ReadStatusRegister
                0x00001f5c        0xc .\CortexM0\ARM_GCC_541\Debug\SwerveMotorFirmware.a(Timer_1.o)
                0x00001f5c                Timer_1_ReadStatusRegister
 .text.Timer_1_WritePeriod
                0x00001f68       0x10 .\CortexM0\ARM_GCC_541\Debug\SwerveMotorFirmware.a(Timer_1.o)
                0x00001f68                Timer_1_WritePeriod
 .text.Timer_1_ReadCapture
                0x00001f78       0x10 .\CortexM0\ARM_GCC_541\Debug\SwerveMotorFirmware.a(Timer_1.o)
                0x00001f78                Timer_1_ReadCapture
 .text.Timer_1_WriteCounter
                0x00001f88       0x10 .\CortexM0\ARM_GCC_541\Debug\SwerveMotorFirmware.a(Timer_1.o)
                0x00001f88                Timer_1_WriteCounter
 .text.Timer_1_ClearFIFO
                0x00001f98       0x14 .\CortexM0\ARM_GCC_541\Debug\SwerveMotorFirmware.a(Timer_1.o)
                0x00001f98                Timer_1_ClearFIFO
 .text.Timer_1_Init
                0x00001fac       0x38 .\CortexM0\ARM_GCC_541\Debug\SwerveMotorFirmware.a(Timer_1.o)
                0x00001fac                Timer_1_Init
 .text.Timer_1_Start
                0x00001fe4       0x20 .\CortexM0\ARM_GCC_541\Debug\SwerveMotorFirmware.a(Timer_1.o)
                0x00001fe4                Timer_1_Start
 .text.isr_period_SetVector
                0x00002004        0xc .\CortexM0\ARM_GCC_541\Debug\SwerveMotorFirmware.a(isr_period.o)
                0x00002004                isr_period_SetVector
 .text.isr_period_SetPriority
                0x00002010       0x24 .\CortexM0\ARM_GCC_541\Debug\SwerveMotorFirmware.a(isr_period.o)
                0x00002010                isr_period_SetPriority
 .text.isr_period_Enable
                0x00002034        0xc .\CortexM0\ARM_GCC_541\Debug\SwerveMotorFirmware.a(isr_period.o)
                0x00002034                isr_period_Enable
 .text.isr_period_Disable
                0x00002040        0xc .\CortexM0\ARM_GCC_541\Debug\SwerveMotorFirmware.a(isr_period.o)
                0x00002040                isr_period_Disable
 .text.isr_period_StartEx
                0x0000204c       0x1c .\CortexM0\ARM_GCC_541\Debug\SwerveMotorFirmware.a(isr_period.o)
                0x0000204c                isr_period_StartEx
 .text.LED_Debug1_Write
                0x00002068       0x18 .\CortexM0\ARM_GCC_541\Debug\SwerveMotorFirmware.a(LED_Debug1.o)
                0x00002068                LED_Debug1_Write
 .text.LED_Debug2_Write
                0x00002080       0x18 .\CortexM0\ARM_GCC_541\Debug\SwerveMotorFirmware.a(LED_Debug2.o)
                0x00002080                LED_Debug2_Write
 .text.LED_CAN_Write
                0x00002098       0x18 .\CortexM0\ARM_GCC_541\Debug\SwerveMotorFirmware.a(LED_CAN.o)
                0x00002098                LED_CAN_Write
 .text.LED_Error_Write
                0x000020b0       0x18 .\CortexM0\ARM_GCC_541\Debug\SwerveMotorFirmware.a(LED_Error.o)
                0x000020b0                LED_Error_Write
 .text.StripLights_FISR
                0x000020c8       0x60 .\CortexM0\ARM_GCC_541\Debug\SwerveMotorFirmware.a(StripLights.o)
                0x000020c8                StripLights_FISR
 .text.StripLights_CISR
                0x00002128       0x7c .\CortexM0\ARM_GCC_541\Debug\SwerveMotorFirmware.a(StripLights.o)
                0x00002128                StripLights_CISR
 .text.StripLights_Trigger
                0x000021a4       0x6c .\CortexM0\ARM_GCC_541\Debug\SwerveMotorFirmware.a(StripLights.o)
                0x000021a4                StripLights_Trigger
 .text.StripLights_MemClear
                0x00002210       0x28 .\CortexM0\ARM_GCC_541\Debug\SwerveMotorFirmware.a(StripLights.o)
                0x00002210                StripLights_MemClear
 .text.StripLights_DisplayClear
                0x00002238       0x10 .\CortexM0\ARM_GCC_541\Debug\SwerveMotorFirmware.a(StripLights.o)
                0x00002238                StripLights_DisplayClear
 .text.StripLights_Pixel
                0x00002248       0x24 .\CortexM0\ARM_GCC_541\Debug\SwerveMotorFirmware.a(StripLights.o)
                0x00002248                StripLights_Pixel
 .text.StripLights_Dim
                0x0000226c       0x78 .\CortexM0\ARM_GCC_541\Debug\SwerveMotorFirmware.a(StripLights.o)
                0x0000226c                StripLights_Dim
 .text.StripLights_Start
                0x000022e4       0x7c .\CortexM0\ARM_GCC_541\Debug\SwerveMotorFirmware.a(StripLights.o)
                0x000022e4                StripLights_Start
 .text.StripLights_SetFont
                0x00002360       0x4c .\CortexM0\ARM_GCC_541\Debug\SwerveMotorFirmware.a(StripLights_fonts.o)
                0x00002360                StripLights_SetFont
 .text.PWM_Motor2_WriteCounter
                0x000023ac       0x10 .\CortexM0\ARM_GCC_541\Debug\SwerveMotorFirmware.a(PWM_Motor2.o)
                0x000023ac                PWM_Motor2_WriteCounter
 .text.PWM_Motor2_WritePeriod
                0x000023bc       0x10 .\CortexM0\ARM_GCC_541\Debug\SwerveMotorFirmware.a(PWM_Motor2.o)
                0x000023bc                PWM_Motor2_WritePeriod
 .text.PWM_Motor2_WriteCompare
                0x000023cc       0x10 .\CortexM0\ARM_GCC_541\Debug\SwerveMotorFirmware.a(PWM_Motor2.o)
                0x000023cc                PWM_Motor2_WriteCompare
 .text.PWM_Motor2_TriggerCommand
                0x000023dc       0x1c .\CortexM0\ARM_GCC_541\Debug\SwerveMotorFirmware.a(PWM_Motor2.o)
                0x000023dc                PWM_Motor2_TriggerCommand
 .text.PWM_Motor2_Enable
                0x000023f8       0x24 .\CortexM0\ARM_GCC_541\Debug\SwerveMotorFirmware.a(PWM_Motor2.o)
                0x000023f8                PWM_Motor2_Enable
 .text.PWM_Motor2_SetInterruptMode
                0x0000241c        0xc .\CortexM0\ARM_GCC_541\Debug\SwerveMotorFirmware.a(PWM_Motor2.o)
                0x0000241c                PWM_Motor2_SetInterruptMode
 .text.PWM_Motor2_Init
                0x00002428       0x48 .\CortexM0\ARM_GCC_541\Debug\SwerveMotorFirmware.a(PWM_Motor2.o)
                0x00002428                PWM_Motor2_Init
 .text.PWM_Motor2_Start
                0x00002470       0x20 .\CortexM0\ARM_GCC_541\Debug\SwerveMotorFirmware.a(PWM_Motor2.o)
                0x00002470                PWM_Motor2_Start
 .text.Motor1Direction_Write
                0x00002490       0x18 .\CortexM0\ARM_GCC_541\Debug\SwerveMotorFirmware.a(Motor1Direction.o)
                0x00002490                Motor1Direction_Write
 .text.Motor2Direction_Write
                0x000024a8       0x18 .\CortexM0\ARM_GCC_541\Debug\SwerveMotorFirmware.a(Motor2Direction.o)
                0x000024a8                Motor2Direction_Write
 .text.StripLights_cisr_SetVector
                0x000024c0        0xc .\CortexM0\ARM_GCC_541\Debug\SwerveMotorFirmware.a(StripLights_cisr.o)
                0x000024c0                StripLights_cisr_SetVector
 .text.StripLights_cisr_SetPriority
                0x000024cc       0x20 .\CortexM0\ARM_GCC_541\Debug\SwerveMotorFirmware.a(StripLights_cisr.o)
                0x000024cc                StripLights_cisr_SetPriority
 .text.StripLights_cisr_Enable
                0x000024ec        0xc .\CortexM0\ARM_GCC_541\Debug\SwerveMotorFirmware.a(StripLights_cisr.o)
                0x000024ec                StripLights_cisr_Enable
 .text.StripLights_cisr_Disable
                0x000024f8        0xc .\CortexM0\ARM_GCC_541\Debug\SwerveMotorFirmware.a(StripLights_cisr.o)
                0x000024f8                StripLights_cisr_Disable
 .text.StripLights_cisr_StartEx
                0x00002504       0x1c .\CortexM0\ARM_GCC_541\Debug\SwerveMotorFirmware.a(StripLights_cisr.o)
                0x00002504                StripLights_cisr_StartEx
 .text.StripLights_fisr_SetVector
                0x00002520        0xc .\CortexM0\ARM_GCC_541\Debug\SwerveMotorFirmware.a(StripLights_fisr.o)
                0x00002520                StripLights_fisr_SetVector
 .text.StripLights_fisr_SetPriority
                0x0000252c       0x24 .\CortexM0\ARM_GCC_541\Debug\SwerveMotorFirmware.a(StripLights_fisr.o)
                0x0000252c                StripLights_fisr_SetPriority
 .text.StripLights_fisr_Enable
                0x00002550        0xc .\CortexM0\ARM_GCC_541\Debug\SwerveMotorFirmware.a(StripLights_fisr.o)
                0x00002550                StripLights_fisr_Enable
 .text.StripLights_fisr_Disable
                0x0000255c        0xc .\CortexM0\ARM_GCC_541\Debug\SwerveMotorFirmware.a(StripLights_fisr.o)
                0x0000255c                StripLights_fisr_Disable
 .text.StripLights_fisr_StartEx
                0x00002568       0x1c .\CortexM0\ARM_GCC_541\Debug\SwerveMotorFirmware.a(StripLights_fisr.o)
                0x00002568                StripLights_fisr_StartEx
 .text.CySysClkImoSetPwrBgTrim5
                0x00002584       0x30 .\CortexM0\ARM_GCC_541\Debug\SwerveMotorFirmware.a(CyLib.o)
 .text.CySysClkImoSetImoTrims
                0x000025b4       0xb0 .\CortexM0\ARM_GCC_541\Debug\SwerveMotorFirmware.a(CyLib.o)
 .text.CySysClkImoDisableWcoLock
                0x00002664       0x54 .\CortexM0\ARM_GCC_541\Debug\SwerveMotorFirmware.a(CyLib.o)
                0x00002664                CySysClkImoDisableWcoLock
 .text.CySysClkImoGetWcoLock
                0x000026b8       0x14 .\CortexM0\ARM_GCC_541\Debug\SwerveMotorFirmware.a(CyLib.o)
                0x000026b8                CySysClkImoGetWcoLock
 .text.CySysClkImoEnableUsbLock
                0x000026cc       0x44 .\CortexM0\ARM_GCC_541\Debug\SwerveMotorFirmware.a(CyLib.o)
                0x000026cc                CySysClkImoEnableUsbLock
 .text.CySysClkImoDisableUsbLock
                0x00002710       0x74 .\CortexM0\ARM_GCC_541\Debug\SwerveMotorFirmware.a(CyLib.o)
                0x00002710                CySysClkImoDisableUsbLock
 .text.CySysClkImoGetUsbLock
                0x00002784       0x14 .\CortexM0\ARM_GCC_541\Debug\SwerveMotorFirmware.a(CyLib.o)
                0x00002784                CySysClkImoGetUsbLock
 .text.CyIntEnable
                0x00002798       0x14 .\CortexM0\ARM_GCC_541\Debug\SwerveMotorFirmware.a(CyLib.o)
                0x00002798                CyIntEnable
 .text.CyIntDisable
                0x000027ac       0x14 .\CortexM0\ARM_GCC_541\Debug\SwerveMotorFirmware.a(CyLib.o)
                0x000027ac                CyIntDisable
 .text.CyHalt   0x000027c0        0x4 .\CortexM0\ARM_GCC_541\Debug\SwerveMotorFirmware.a(CyLib.o)
                0x000027c0                CyHalt
 .text.CyIntSetVector
                0x000027c4       0x24 .\CortexM0\ARM_GCC_541\Debug\SwerveMotorFirmware.a(CyLib.o)
                0x000027c4                CyIntSetVector
 .text.CyIntSetPriority
                0x000027e8       0x4c .\CortexM0\ARM_GCC_541\Debug\SwerveMotorFirmware.a(CyLib.o)
                0x000027e8                CyIntSetPriority
 .text.CyDelay  0x00002834       0x30 .\CortexM0\ARM_GCC_541\Debug\SwerveMotorFirmware.a(CyLib.o)
                0x00002834                CyDelay
 .text.CySysClkImoEnableWcoLock
                0x00002864      0x104 .\CortexM0\ARM_GCC_541\Debug\SwerveMotorFirmware.a(CyLib.o)
                0x00002864                CySysClkImoEnableWcoLock
 .text.CyDelayUs
                0x00002968       0x14 .\CortexM0\ARM_GCC_541\Debug\SwerveMotorFirmware.a(CyLib.o)
                0x00002968                CyDelayUs
 .text.CySysClkWriteImoFreq
                0x0000297c      0x1bc .\CortexM0\ARM_GCC_541\Debug\SwerveMotorFirmware.a(CyLib.o)
                0x0000297c                CySysClkWriteImoFreq
 .text.CySetReg24
                0x00002b38       0x14 .\CortexM0\ARM_GCC_541\Debug\SwerveMotorFirmware.a(cyutils.o)
                0x00002b38                CySetReg24
 .text.CyGetReg24
                0x00002b4c       0x14 .\CortexM0\ARM_GCC_541\Debug\SwerveMotorFirmware.a(cyutils.o)
                0x00002b4c                CyGetReg24
 .text.CySysWdtLocked
                0x00002b60       0x14 .\CortexM0\ARM_GCC_541\Debug\SwerveMotorFirmware.a(CyLFClk.o)
 .text.CySysClkWcoEnabled
                0x00002b74       0x14 .\CortexM0\ARM_GCC_541\Debug\SwerveMotorFirmware.a(CyLFClk.o)
                0x00002b74                CySysClkWcoEnabled
 .text.CySysWdtLock
                0x00002b88       0x1c .\CortexM0\ARM_GCC_541\Debug\SwerveMotorFirmware.a(CyLFClk.o)
                0x00002b88                CySysWdtLock
 .text.CySysWdtUnlock
                0x00002ba4       0x30 .\CortexM0\ARM_GCC_541\Debug\SwerveMotorFirmware.a(CyLFClk.o)
                0x00002ba4                CySysWdtUnlock
 .text.CySysWdtClearInterrupt
                0x00002bd4       0x4c .\CortexM0\ARM_GCC_541\Debug\SwerveMotorFirmware.a(CyLFClk.o)
                0x00002bd4                CySysWdtClearInterrupt
 .text.CySysWdtIsr
                0x00002c20       0xa4 .\CortexM0\ARM_GCC_541\Debug\SwerveMotorFirmware.a(CyLFClk.o)
                0x00002c20                CySysWdtIsr
 .text.isr_encA_SetVector
                0x00002cc4        0xc .\CortexM0\ARM_GCC_541\Debug\SwerveMotorFirmware.a(isr_encA.o)
                0x00002cc4                isr_encA_SetVector
 .text.isr_encA_SetPriority
                0x00002cd0       0x20 .\CortexM0\ARM_GCC_541\Debug\SwerveMotorFirmware.a(isr_encA.o)
                0x00002cd0                isr_encA_SetPriority
 .text.isr_encA_Enable
                0x00002cf0        0xc .\CortexM0\ARM_GCC_541\Debug\SwerveMotorFirmware.a(isr_encA.o)
                0x00002cf0                isr_encA_Enable
 .text.isr_encA_Disable
                0x00002cfc        0xc .\CortexM0\ARM_GCC_541\Debug\SwerveMotorFirmware.a(isr_encA.o)
                0x00002cfc                isr_encA_Disable
 .text.isr_encA_StartEx
                0x00002d08       0x1c .\CortexM0\ARM_GCC_541\Debug\SwerveMotorFirmware.a(isr_encA.o)
                0x00002d08                isr_encA_StartEx
 .text.isr_encB_SetVector
                0x00002d24        0xc .\CortexM0\ARM_GCC_541\Debug\SwerveMotorFirmware.a(isr_encB.o)
                0x00002d24                isr_encB_SetVector
 .text.isr_encB_SetPriority
                0x00002d30       0x20 .\CortexM0\ARM_GCC_541\Debug\SwerveMotorFirmware.a(isr_encB.o)
                0x00002d30                isr_encB_SetPriority
 .text.isr_encB_Enable
                0x00002d50        0xc .\CortexM0\ARM_GCC_541\Debug\SwerveMotorFirmware.a(isr_encB.o)
                0x00002d50                isr_encB_Enable
 .text.isr_encB_Disable
                0x00002d5c        0xc .\CortexM0\ARM_GCC_541\Debug\SwerveMotorFirmware.a(isr_encB.o)
                0x00002d5c                isr_encB_Disable
 .text.isr_encB_StartEx
                0x00002d68       0x1c .\CortexM0\ARM_GCC_541\Debug\SwerveMotorFirmware.a(isr_encB.o)
                0x00002d68                isr_encB_StartEx
 *fill*         0x00002d84        0x4 
 .text          0x00002d88       0x20 .\CortexM0\ARM_GCC_541\Debug\SwerveMotorFirmware.a(CyBootAsmGnu.o)
                0x00002d88                CyDelayCycles
                0x00002d9a                CyEnterCriticalSection
                0x00002da2                CyExitCriticalSection
 .text.UART_SpiUartWriteTxData
                0x00002da8       0x1c .\CortexM0\ARM_GCC_541\Debug\SwerveMotorFirmware.a(UART_SPI_UART.o)
                0x00002da8                UART_SpiUartWriteTxData
 .text.UART_SPI_UART_ISR
                0x00002dc4       0x78 .\CortexM0\ARM_GCC_541\Debug\SwerveMotorFirmware.a(UART_SPI_UART_INT.o)
                0x00002dc4                UART_SPI_UART_ISR
 .text.CySysFlashSetWaitCycles
                0x00002e3c       0x54 .\CortexM0\ARM_GCC_541\Debug\SwerveMotorFirmware.a(CyFlash.o)
                0x00002e3c                CySysFlashSetWaitCycles
 .text          0x00002e90      0x114 c:/program files (x86)/cypress/psoc creator/4.4/psoc creator/import/gnu/arm/5.4.1/bin/../lib/gcc/arm-none-eabi/5.4.1/armv6-m\libgcc.a(_udivsi3.o)
                0x00002e90                __aeabi_uidiv
                0x00002e90                __udivsi3
                0x00002f9c                __aeabi_uidivmod
 .text          0x00002fa4      0x1d4 c:/program files (x86)/cypress/psoc creator/4.4/psoc creator/import/gnu/arm/5.4.1/bin/../lib/gcc/arm-none-eabi/5.4.1/armv6-m\libgcc.a(_divsi3.o)
                0x00002fa4                __divsi3
                0x00002fa4                __aeabi_idiv
                0x00003170                __aeabi_idivmod
 .text          0x00003178        0x4 c:/program files (x86)/cypress/psoc creator/4.4/psoc creator/import/gnu/arm/5.4.1/bin/../lib/gcc/arm-none-eabi/5.4.1/armv6-m\libgcc.a(_dvmd_tls.o)
                0x00003178                __aeabi_idiv0
                0x00003178                __aeabi_ldiv0
 .text.__errno  0x0000317c        0xc c:/program files (x86)/cypress/psoc creator/4.4/psoc creator/import/gnu/arm/5.4.1/bin/../lib/gcc/arm-none-eabi/5.4.1/../../../../arm-none-eabi/lib/armv6-m\libg_nano.a(lib_a-errno.o)
                0x0000317c                __errno
 .text.__libc_init_array
                0x00003188       0x4c c:/program files (x86)/cypress/psoc creator/4.4/psoc creator/import/gnu/arm/5.4.1/bin/../lib/gcc/arm-none-eabi/5.4.1/../../../../arm-none-eabi/lib/armv6-m\libg_nano.a(lib_a-init.o)
                0x00003188                __libc_init_array
 .text.__itoa   0x000031d4       0x2e c:/program files (x86)/cypress/psoc creator/4.4/psoc creator/import/gnu/arm/5.4.1/bin/../lib/gcc/arm-none-eabi/5.4.1/../../../../arm-none-eabi/lib/armv6-m\libg_nano.a(lib_a-itoa.o)
                0x000031d4                __itoa
 .text.itoa     0x00003202        0x8 c:/program files (x86)/cypress/psoc creator/4.4/psoc creator/import/gnu/arm/5.4.1/bin/../lib/gcc/arm-none-eabi/5.4.1/../../../../arm-none-eabi/lib/armv6-m\libg_nano.a(lib_a-itoa.o)
                0x00003202                itoa
 .text.memcpy   0x0000320a       0x12 c:/program files (x86)/cypress/psoc creator/4.4/psoc creator/import/gnu/arm/5.4.1/bin/../lib/gcc/arm-none-eabi/5.4.1/../../../../arm-none-eabi/lib/armv6-m\libg_nano.a(lib_a-memcpy-stub.o)
                0x0000320a                memcpy
 .text.memset   0x0000321c       0x10 c:/program files (x86)/cypress/psoc creator/4.4/psoc creator/import/gnu/arm/5.4.1/bin/../lib/gcc/arm-none-eabi/5.4.1/../../../../arm-none-eabi/lib/armv6-m\libg_nano.a(lib_a-memset.o)
                0x0000321c                memset
 .text.sprintf  0x0000322c       0x44 c:/program files (x86)/cypress/psoc creator/4.4/psoc creator/import/gnu/arm/5.4.1/bin/../lib/gcc/arm-none-eabi/5.4.1/../../../../arm-none-eabi/lib/armv6-m\libg_nano.a(lib_a-sprintf.o)
                0x0000322c                siprintf
                0x0000322c                sprintf
 .text.__utoa   0x00003270       0x74 c:/program files (x86)/cypress/psoc creator/4.4/psoc creator/import/gnu/arm/5.4.1/bin/../lib/gcc/arm-none-eabi/5.4.1/../../../../arm-none-eabi/lib/armv6-m\libg_nano.a(lib_a-utoa.o)
                0x00003270                __utoa
 .text.__ssputs_r
                0x000032e4       0xc4 c:/program files (x86)/cypress/psoc creator/4.4/psoc creator/import/gnu/arm/5.4.1/bin/../lib/gcc/arm-none-eabi/5.4.1/../../../../arm-none-eabi/lib/armv6-m\libg_nano.a(lib_a-nano-svfprintf.o)
                0x000032e4                __ssputs_r
 .text._svfprintf_r
                0x000033a8      0x1fc c:/program files (x86)/cypress/psoc creator/4.4/psoc creator/import/gnu/arm/5.4.1/bin/../lib/gcc/arm-none-eabi/5.4.1/../../../../arm-none-eabi/lib/armv6-m\libg_nano.a(lib_a-nano-svfprintf.o)
                0x000033a8                _svfiprintf_r
                0x000033a8                _svfprintf_r
 .text._printf_common
                0x000035a4       0xdc c:/program files (x86)/cypress/psoc creator/4.4/psoc creator/import/gnu/arm/5.4.1/bin/../lib/gcc/arm-none-eabi/5.4.1/../../../../arm-none-eabi/lib/armv6-m\libg_nano.a(lib_a-nano-vfprintf_i.o)
                0x000035a4                _printf_common
 .text._printf_i
                0x00003680      0x244 c:/program files (x86)/cypress/psoc creator/4.4/psoc creator/import/gnu/arm/5.4.1/bin/../lib/gcc/arm-none-eabi/5.4.1/../../../../arm-none-eabi/lib/armv6-m\libg_nano.a(lib_a-nano-vfprintf_i.o)
                0x00003680                _printf_i
 .text.memchr   0x000038c4       0x16 c:/program files (x86)/cypress/psoc creator/4.4/psoc creator/import/gnu/arm/5.4.1/bin/../lib/gcc/arm-none-eabi/5.4.1/../../../../arm-none-eabi/lib/armv6-m\libg_nano.a(lib_a-memchr-stub.o)
                0x000038c4                memchr
 .text.memmove  0x000038da       0x2a c:/program files (x86)/cypress/psoc creator/4.4/psoc creator/import/gnu/arm/5.4.1/bin/../lib/gcc/arm-none-eabi/5.4.1/../../../../arm-none-eabi/lib/armv6-m\libg_nano.a(lib_a-memmove.o)
                0x000038da                memmove
 .text._free_r  0x00003904       0x98 c:/program files (x86)/cypress/psoc creator/4.4/psoc creator/import/gnu/arm/5.4.1/bin/../lib/gcc/arm-none-eabi/5.4.1/../../../../arm-none-eabi/lib/armv6-m\libg_nano.a(lib_a-nano-freer.o)
                0x00003904                _free_r
 .text._malloc_r
                0x0000399c       0xc0 c:/program files (x86)/cypress/psoc creator/4.4/psoc creator/import/gnu/arm/5.4.1/bin/../lib/gcc/arm-none-eabi/5.4.1/../../../../arm-none-eabi/lib/armv6-m\libg_nano.a(lib_a-nano-mallocr.o)
                0x0000399c                _malloc_r
 .text._realloc_r
                0x00003a5c       0x4c c:/program files (x86)/cypress/psoc creator/4.4/psoc creator/import/gnu/arm/5.4.1/bin/../lib/gcc/arm-none-eabi/5.4.1/../../../../arm-none-eabi/lib/armv6-m\libg_nano.a(lib_a-nano-reallocr.o)
                0x00003a5c                _realloc_r
 .text._sbrk_r  0x00003aa8       0x24 c:/program files (x86)/cypress/psoc creator/4.4/psoc creator/import/gnu/arm/5.4.1/bin/../lib/gcc/arm-none-eabi/5.4.1/../../../../arm-none-eabi/lib/armv6-m\libg_nano.a(lib_a-sbrkr.o)
                0x00003aa8                _sbrk_r
 .text.__malloc_lock
                0x00003acc        0x2 c:/program files (x86)/cypress/psoc creator/4.4/psoc creator/import/gnu/arm/5.4.1/bin/../lib/gcc/arm-none-eabi/5.4.1/../../../../arm-none-eabi/lib/armv6-m\libg_nano.a(lib_a-mlock.o)
                0x00003acc                __malloc_lock
 .text.__malloc_unlock
                0x00003ace        0x2 c:/program files (x86)/cypress/psoc creator/4.4/psoc creator/import/gnu/arm/5.4.1/bin/../lib/gcc/arm-none-eabi/5.4.1/../../../../arm-none-eabi/lib/armv6-m\libg_nano.a(lib_a-mlock.o)
                0x00003ace                __malloc_unlock
 .text._malloc_usable_size_r
                0x00003ad0       0x16 c:/program files (x86)/cypress/psoc creator/4.4/psoc creator/import/gnu/arm/5.4.1/bin/../lib/gcc/arm-none-eabi/5.4.1/../../../../arm-none-eabi/lib/armv6-m\libg_nano.a(lib_a-nano-msizer.o)
                0x00003ad0                _malloc_usable_size_r
 *(.plt)
 *(.gnu.warning)
 *(.glue_7t)
 .glue_7t       0x00003ae6        0x0 linker stubs
 *(.glue_7)
 .glue_7        0x00003ae6        0x0 linker stubs
 *(.vfp11_veneer)
 .vfp11_veneer  0x00003ae6        0x0 linker stubs
 *(.bootloader)
 *(.ARM.extab* .gnu.linkonce.armextab.*)
 *(.gcc_except_table)

.v4_bx          0x00003ae8        0x0
 .v4_bx         0x00003ae8        0x0 linker stubs

.iplt           0x00003ae8        0x0
 .iplt          0x00003ae8        0x0 c:/program files (x86)/cypress/psoc creator/4.4/psoc creator/import/gnu/arm/5.4.1/bin/../lib/gcc/arm-none-eabi/5.4.1/armv6-m/crtbegin.o

.eh_frame_hdr
 *(.eh_frame_hdr)

.eh_frame       0x00003ae8        0x4
 *(.eh_frame)
 .eh_frame      0x00003ae8        0x0 c:/program files (x86)/cypress/psoc creator/4.4/psoc creator/import/gnu/arm/5.4.1/bin/../lib/gcc/arm-none-eabi/5.4.1/armv6-m/crtbegin.o
 .eh_frame      0x00003ae8        0x4 c:/program files (x86)/cypress/psoc creator/4.4/psoc creator/import/gnu/arm/5.4.1/bin/../lib/gcc/arm-none-eabi/5.4.1/armv6-m/crtend.o
                [!provide]                PROVIDE (__exidx_start, .)

.ARM.exidx
 *(.ARM.exidx* .gnu.linkonce.armexidx.*)
                0x00003aec                __exidx_end = .

.rodata         0x00003aec      0x974
 *(.rodata .rodata.* .gnu.linkonce.r.*)
 .rodata.str1.4
                0x00003aec       0x30 .\CortexM0\ARM_GCC_541\Debug\main.o
 .rodata.str1.4
                0x00003b1c       0x2c .\CortexM0\ARM_GCC_541\Debug\MotorDrive.o
                                 0x29 (size before relaxing)
 .rodata        0x00003b48      0x33c .\CortexM0\ARM_GCC_541\Debug\cyfitter_cfg.o
 .rodata        0x00003e84      0x160 .\CortexM0\ARM_GCC_541\Debug\SwerveMotorFirmware.a(CAN.o)
 .rodata        0x00003fe4      0x1e0 .\CortexM0\ARM_GCC_541\Debug\SwerveMotorFirmware.a(StripLights.o)
                0x00003fe4                StripLights_CLUT
 .rodata        0x000041c4      0x1e0 .\CortexM0\ARM_GCC_541\Debug\SwerveMotorFirmware.a(StripLights_fonts.o)
                0x000041c4                StripLights_Font5x7
 .rodata        0x000043a4       0x2e .\CortexM0\ARM_GCC_541\Debug\SwerveMotorFirmware.a(CyLib.o)
                0x000043a4                cyImoFreqMhz2Reg
 .rodata.str1.1
                0x000043d2        0x2 c:/program files (x86)/cypress/psoc creator/4.4/psoc creator/import/gnu/arm/5.4.1/bin/../lib/gcc/arm-none-eabi/5.4.1/../../../../arm-none-eabi/lib/armv6-m\libg_nano.a(lib_a-impure.o)
 .rodata.str1.1
                0x000043d4       0x25 c:/program files (x86)/cypress/psoc creator/4.4/psoc creator/import/gnu/arm/5.4.1/bin/../lib/gcc/arm-none-eabi/5.4.1/../../../../arm-none-eabi/lib/armv6-m\libg_nano.a(lib_a-utoa.o)
 .rodata.str1.1
                0x000043f9       0x11 c:/program files (x86)/cypress/psoc creator/4.4/psoc creator/import/gnu/arm/5.4.1/bin/../lib/gcc/arm-none-eabi/5.4.1/../../../../arm-none-eabi/lib/armv6-m\libg_nano.a(lib_a-nano-svfprintf.o)
 .rodata.str1.1
                0x0000440a       0x22 c:/program files (x86)/cypress/psoc creator/4.4/psoc creator/import/gnu/arm/5.4.1/bin/../lib/gcc/arm-none-eabi/5.4.1/../../../../arm-none-eabi/lib/armv6-m\libg_nano.a(lib_a-nano-vfprintf_i.o)
                0x0000442c                . = ALIGN (0x4)
 *(.init)
 .init          0x0000442c        0x4 c:/program files (x86)/cypress/psoc creator/4.4/psoc creator/import/gnu/arm/5.4.1/bin/../lib/gcc/arm-none-eabi/5.4.1/armv6-m/crti.o
                0x0000442c                _init
 .init          0x00004430        0x8 c:/program files (x86)/cypress/psoc creator/4.4/psoc creator/import/gnu/arm/5.4.1/bin/../lib/gcc/arm-none-eabi/5.4.1/armv6-m/crtn.o
                0x00004438                . = ALIGN (0x4)
                0x00004438                __preinit_array_start = .
 *(.preinit_array)
                0x00004438                __preinit_array_end = .
                0x00004438                . = ALIGN (0x4)
                0x00004438                __init_array_start = .
 *(SORT(.init_array.*))
 *(.init_array)
 .init_array    0x00004438        0x4 c:/program files (x86)/cypress/psoc creator/4.4/psoc creator/import/gnu/arm/5.4.1/bin/../lib/gcc/arm-none-eabi/5.4.1/armv6-m/crtbegin.o
 .init_array    0x0000443c        0x4 .\CortexM0\ARM_GCC_541\Debug\Cm0Start.o
                0x00004440                __init_array_end = .
                0x00004440                . = ALIGN (0x4)
 *(.fini)
 .fini          0x00004440        0x4 c:/program files (x86)/cypress/psoc creator/4.4/psoc creator/import/gnu/arm/5.4.1/bin/../lib/gcc/arm-none-eabi/5.4.1/armv6-m/crti.o
                0x00004440                _fini
 .fini          0x00004444        0x8 c:/program files (x86)/cypress/psoc creator/4.4/psoc creator/import/gnu/arm/5.4.1/bin/../lib/gcc/arm-none-eabi/5.4.1/armv6-m/crtn.o
                0x0000444c                . = ALIGN (0x4)
                0x0000444c                __fini_array_start = .
 *(.fini_array)
 .fini_array    0x0000444c        0x4 c:/program files (x86)/cypress/psoc creator/4.4/psoc creator/import/gnu/arm/5.4.1/bin/../lib/gcc/arm-none-eabi/5.4.1/armv6-m/crtbegin.o
 *(SORT(.fini_array.*))
                0x00004450                __fini_array_end = .
                0x00004450                . = ALIGN (0x4)
 *crtbegin.o(.ctors)
 *(EXCLUDE_FILE(*crtend.o) .ctors)
 *(SORT(.ctors.*))
 *crtend.o(.ctors)
                0x00004450                . = ALIGN (0x4)
 *crtbegin.o(.dtors)
 *(EXCLUDE_FILE(*crtend.o) .dtors)
 *(SORT(.dtors.*))
 *crtend.o(.dtors)
                0x00004450                . = ALIGN (0x4)
                0x00004450                __cy_regions = .
                0x00004450        0x4 LONG 0x4460 __cy_region_init_ram
                0x00004454        0x4 LONG 0x200000c0 __cy_region_start_data
                0x00004458        0x4 LONG 0x98 __cy_region_init_size_ram
                0x0000445c        0x4 LONG 0x298 __cy_region_zero_size_ram
                0x00004460                __cy_regions_end = .
                0x00004460                . = ALIGN (0x8)
                0x00004460                _etext = .

.cy_checksum_exclude
                0x00004460        0x0
 *(.cy_checksum_exclude)

.ramvectors     0x20000000       0xc0
                0x20000000                __cy_region_start_ram = .
 *(.ramvectors)
 .ramvectors    0x20000000       0xc0 .\CortexM0\ARM_GCC_541\Debug\Cm0Start.o
                0x20000000                CyRamVectors

.noinit
 *(.noinit)

.data           0x200000c0       0x98 load address 0x00004460
                0x200000c0                __cy_region_start_data = .
 *(.jcr)
 .jcr           0x200000c0        0x0 c:/program files (x86)/cypress/psoc creator/4.4/psoc creator/import/gnu/arm/5.4.1/bin/../lib/gcc/arm-none-eabi/5.4.1/armv6-m/crtbegin.o
 .jcr           0x200000c0        0x4 c:/program files (x86)/cypress/psoc creator/4.4/psoc creator/import/gnu/arm/5.4.1/bin/../lib/gcc/arm-none-eabi/5.4.1/armv6-m/crtend.o
 *(.got.plt)
 *(.got)
 *(.shdata)
 *(.data .data.* .gnu.linkonce.d.*)
 .data          0x200000c4        0xc .\CortexM0\ARM_GCC_541\Debug\PositionPID.o
                0x200000c4                maxPWM
                0x200000c8                flipEncoder
                0x200000cc                integralClamp
 .data          0x200000d0        0x2 .\CortexM0\ARM_GCC_541\Debug\Motor_Unit_FSM.o
                0x200000d0                motorUnitMode
                0x200000d1                motorUnitState
 *fill*         0x200000d2        0x2 
 .data          0x200000d4        0x4 .\CortexM0\ARM_GCC_541\Debug\Cm0Start.o
 .data          0x200000d8       0x14 .\CortexM0\ARM_GCC_541\Debug\SwerveMotorFirmware.a(CyLib.o)
                0x200000d8                CySysClkPumpConfig
                0x200000dc                cydelay32kMs
                0x200000e0                cydelayFreqKhz
                0x200000e4                cydelayFreqMhz
                0x200000e8                cydelayFreqHz
 .data          0x200000ec        0x8 .\CortexM0\ARM_GCC_541\Debug\SwerveMotorFirmware.a(CyLFClk.o)
 .data.impure_data
                0x200000f4       0x60 c:/program files (x86)/cypress/psoc creator/4.4/psoc creator/import/gnu/arm/5.4.1/bin/../lib/gcc/arm-none-eabi/5.4.1/../../../../arm-none-eabi/lib/armv6-m\libg_nano.a(lib_a-impure.o)
 .data._impure_ptr
                0x20000154        0x4 c:/program files (x86)/cypress/psoc creator/4.4/psoc creator/import/gnu/arm/5.4.1/bin/../lib/gcc/arm-none-eabi/5.4.1/../../../../arm-none-eabi/lib/armv6-m\libg_nano.a(lib_a-impure.o)
                0x20000154                _impure_ptr
                0x20000158                . = ALIGN (0x8)
 *(.ram)
                0x20000158                _edata = .

.igot.plt       0x20000158        0x0 load address 0x000044f8
 .igot.plt      0x20000158        0x0 c:/program files (x86)/cypress/psoc creator/4.4/psoc creator/import/gnu/arm/5.4.1/bin/../lib/gcc/arm-none-eabi/5.4.1/armv6-m/crtbegin.o

.bss            0x20000158      0x298 load address 0x000044f8
                0x20000158                PROVIDE (__bss_start__, .)
 *(.shbss)
 *(.bss .bss.* .gnu.linkonce.b.*)
 .bss           0x20000158       0x1c c:/program files (x86)/cypress/psoc creator/4.4/psoc creator/import/gnu/arm/5.4.1/bin/../lib/gcc/arm-none-eabi/5.4.1/armv6-m/crtbegin.o
 .bss           0x20000174       0x2c .\CortexM0\ARM_GCC_541\Debug\main.o
                0x20000174                CAN_time_LED
                0x20000175                CAN_check_delay
                0x20000176                ERRORTimeLED
                0x20000177                encoderTimeOut
                0x20000178                ignoreLimSw_M2
                0x20000179                bound_set1
                0x2000017c                counter
                0x20000180                enc_Count_Lim1
                0x20000184                bound_set2
                0x20000188                enc_Count_Lim2
                0x2000018c                address
                0x2000018e                nextPWM_M1
                0x20000190                ignoreLimSw_M1
                0x20000192                nextPWM_M2
                0x20000194                millidegreeTarget_M2
                0x20000198                drive
                0x2000019c                millidegreeTarget_M1
 .bss           0x200001a0        0xc .\CortexM0\ARM_GCC_541\Debug\MotorDrive.o
                0x200001a0                invalidate
                0x200001a4                currPWM_Drive
                0x200001a8                currPWM_Swivel
 .bss           0x200001ac       0x22 .\CortexM0\ARM_GCC_541\Debug\PositionPID.o
                0x200001ac                integral
                0x200001b0                lastPosition
                0x200001b4                enabledPID
                0x200001b8                kPosition
                0x200001bc                kIntegral
                0x200001c0                kDerivative
                0x200001c4                kPPJR
                0x200001c8                PWM
                0x200001cc                complete
                0x200001cd                usingPot
 .bss           0x200001ce        0x1 .\CortexM0\ARM_GCC_541\Debug\Motor_Unit_FSM.o
                0x200001ce                PIDConstSetReg
 .bss           0x200001cf        0x4 .\CortexM0\ARM_GCC_541\Debug\PortPSOC_swerve.o
                0x200001cf                latestMessageFull
                0x200001d0                latestMessageHead
                0x200001d1                latestMessageTail
                0x200001d2                messageReadFlag
 .bss           0x200001d3        0x1 .\CortexM0\ARM_GCC_541\Debug\SwerveMotorFirmware.a(PWM_Motor1.o)
                0x200001d3                PWM_Motor1_initVar
 .bss           0x200001d4        0x1 .\CortexM0\ARM_GCC_541\Debug\SwerveMotorFirmware.a(CAN.o)
                0x200001d4                CAN_initVar
 *fill*         0x200001d5        0x3 
 .bss           0x200001d8        0xa .\CortexM0\ARM_GCC_541\Debug\SwerveMotorFirmware.a(UART.o)
                0x200001d8                UART_initVar
                0x200001dc                UART_customIntrHandler
                0x200001e0                UART_IntrTxMask
 .bss           0x200001e2        0x1 .\CortexM0\ARM_GCC_541\Debug\SwerveMotorFirmware.a(Timer_1.o)
                0x200001e2                Timer_1_initVar
 *fill*         0x200001e3        0x1 
 .bss           0x200001e4       0x15 .\CortexM0\ARM_GCC_541\Debug\SwerveMotorFirmware.a(StripLights.o)
                0x200001e4                StripLights_ledIndex
                0x200001e8                StripLights_row
                0x200001f8                StripLights_initvar
 .bss           0x200001f9        0x1 .\CortexM0\ARM_GCC_541\Debug\SwerveMotorFirmware.a(PWM_Motor2.o)
                0x200001f9                PWM_Motor2_initVar
 *fill*         0x200001fa        0x2 
 .bss           0x200001fc       0x20 .\CortexM0\ARM_GCC_541\Debug\SwerveMotorFirmware.a(CyLib.o)
                0x200001fc                CySysClkImoTrim4
                0x20000200                CySysClkImoTrim5
                0x20000218                CySysTickInitVar
 .bss           0x2000021c       0x28 .\CortexM0\ARM_GCC_541\Debug\SwerveMotorFirmware.a(CyLFClk.o)
 .bss.__malloc_sbrk_start
                0x20000244        0x4 c:/program files (x86)/cypress/psoc creator/4.4/psoc creator/import/gnu/arm/5.4.1/bin/../lib/gcc/arm-none-eabi/5.4.1/../../../../arm-none-eabi/lib/armv6-m\libg_nano.a(lib_a-nano-mallocr.o)
                0x20000244                __malloc_sbrk_start
 .bss.__malloc_free_list
                0x20000248        0x4 c:/program files (x86)/cypress/psoc creator/4.4/psoc creator/import/gnu/arm/5.4.1/bin/../lib/gcc/arm-none-eabi/5.4.1/../../../../arm-none-eabi/lib/armv6-m\libg_nano.a(lib_a-nano-mallocr.o)
                0x20000248                __malloc_free_list
 *(COMMON)
 COMMON         0x2000024c       0x80 .\CortexM0\ARM_GCC_541\Debug\main.o
                0x2000024c                txData
                0x200002b0                can_send
                0x200002bc                lastStatePinA
                0x200002bd                currStatePinA
                0x200002c0                can_recieve
 COMMON         0x200002cc       0xdc .\CortexM0\ARM_GCC_541\Debug\PortPSOC_swerve.o
                0x200002cc                deviceGroup
                0x200002d0                rxMailbox
                0x200002e0                deviceAddressA
                0x200002e4                latestMessage
                0x200003a4                deviceAddressB
 COMMON         0x200003a8       0x18 .\CortexM0\ARM_GCC_541\Debug\SwerveMotorFirmware.a(StripLights.o)
                0x200003a8                StripLights_ledArray
                0x200003b4                StripLights_DimMask
                0x200003b8                StripLights_DimShift
                0x200003bc                StripLights_refreshComplete
 COMMON         0x200003c0       0x10 .\CortexM0\ARM_GCC_541\Debug\SwerveMotorFirmware.a(StripLights_fonts.o)
                0x200003c0                StripLights_fontX
                0x200003c4                StripLights_fontOffset
                0x200003c8                StripLights_fontPtr
                0x200003cc                StripLights_fontY
 COMMON         0x200003d0       0x1c .\CortexM0\ARM_GCC_541\Debug\SwerveMotorFirmware.a(UART_SPI_UART.o)
                0x200003d0                UART_rxBufferTail
                0x200003d4                UART_rxBufferInternal
                0x200003e5                UART_rxBufferOverflow
                0x200003e8                UART_rxBufferHead
 COMMON         0x200003ec        0x4 c:/program files (x86)/cypress/psoc creator/4.4/psoc creator/import/gnu/arm/5.4.1/bin/../lib/gcc/arm-none-eabi/5.4.1/../../../../arm-none-eabi/lib/armv6-m\libg_nano.a(lib_a-reent.o)
                0x200003ec                errno
                0x200003f0                . = ALIGN (0x8)
 *(.ram.b)
                0x200003f0                _end = .
                0x200003f0                __end = .
                0x200003f0                PROVIDE (end, .)
                0x200003f0                PROVIDE (__bss_end__, .)
                0x00004460                __cy_region_init_ram = LOADADDR (.data)
                0x00000098                __cy_region_init_size_ram = (_edata - ADDR (.data))
                0x00000298                __cy_region_zero_size_ram = (_end - _edata)

.heap           0x200003f0       0x80 load address 0x000044f8
                0x200003f0                . = _end
                0x20000470                . = (. + 0x80)
 *fill*         0x200003f0       0x80 
                0x20000470                __cy_heap_limit = .

.stack          0x20007800      0x800
                0x20007800                __cy_stack_limit = .
                0x20008000                . = (. + 0x800)
 *fill*         0x20007800      0x800 
                0x00000001                ASSERT ((__cy_stack_limit >= __cy_heap_limit), region RAM overflowed with stack)
                0x00000000                cy_checksum_exclude_size = (CY_APPL_LOADABLE == 0x1)?SIZEOF (.cy_checksum_exclude):0x0
                0x00000001                ASSERT ((cy_checksum_exclude_size <= CY_CHECKSUM_EXCLUDE_SIZE), CY_BOOT: Section .cy_checksum_exclude size exceedes specified limit.)
                0x0003ffc0                cyloadermeta_start = (cy_project_type_bootloader || cy_project_type_app_for_stack_and_copier)?(LENGTH (rom) - CY_METADATA_SIZE):0xf0000000

.cyloadermeta
 *(.cyloadermeta)
                0x0003ffc0                cyloadablemeta_start = cy_project_type_app_for_stack_and_copier?((LENGTH (rom) - CY_FLASH_ROW_SIZE) - CY_METADATA_SIZE):((LENGTH (rom) - (CY_FLASH_ROW_SIZE * (CY_APPL_NUM - 0x1))) - CY_METADATA_SIZE)

.cyloadablemeta
 *(.cyloadablemeta)

.cyflashprotect
                0x90400000       0x80
 *(.cyflashprotect)
 .cyflashprotect
                0x90400000       0x80 .\CortexM0\ARM_GCC_541\Debug\cymetadata.o
                0x90400000                cy_meta_flashprotect

.cymeta         0x90500000        0xc
 *(.cymeta)
 .cymeta        0x90500000        0xc .\CortexM0\ARM_GCC_541\Debug\cymetadata.o
                0x90500000                cy_metadata

.cychipprotect  0x90600000        0x1
 *(.cychipprotect)
 .cychipprotect
                0x90600000        0x1 .\CortexM0\ARM_GCC_541\Debug\cymetadata.o
                0x90600000                cy_meta_chipprotect

.rel.dyn        0x000044f8        0x0 load address 0x90600004
 .rel.iplt      0x000044f8        0x0 c:/program files (x86)/cypress/psoc creator/4.4/psoc creator/import/gnu/arm/5.4.1/bin/../lib/gcc/arm-none-eabi/5.4.1/armv6-m/crtbegin.o

.stab
 *(.stab)

.stabstr
 *(.stabstr)

.debug
 *(.debug)

.line
 *(.line)

.debug_srcinfo
 *(.debug_srcinfo)

.debug_sfnames
 *(.debug_sfnames)

.debug_aranges  0x00000000     0x1980
 *(.debug_aranges)
 .debug_aranges
                0x00000000       0x70 .\CortexM0\ARM_GCC_541\Debug\main.o
 .debug_aranges
                0x00000070       0x38 .\CortexM0\ARM_GCC_541\Debug\LED_Array.o
 .debug_aranges
                0x000000a8       0x38 .\CortexM0\ARM_GCC_541\Debug\MotorDrive.o
 .debug_aranges
                0x000000e0       0xc8 .\CortexM0\ARM_GCC_541\Debug\PositionPID.o
 .debug_aranges
                0x000001a8       0x38 .\CortexM0\ARM_GCC_541\Debug\Motor_Unit_CAN.o
 .debug_aranges
                0x000001e0       0x78 .\CortexM0\ARM_GCC_541\Debug\Motor_Unit_FSM.o
 .debug_aranges
                0x00000258       0x68 .\CortexM0\ARM_GCC_541\Debug\PortPSOC_swerve.o
 .debug_aranges
                0x000002c0       0xc0 .\CortexM0\ARM_GCC_541\Debug\CANCommon.o
 .debug_aranges
                0x00000380       0x88 .\CortexM0\ARM_GCC_541\Debug\CANGPIO.o
 .debug_aranges
                0x00000408       0x18 .\CortexM0\ARM_GCC_541\Debug\CANLocalization.o
 .debug_aranges
                0x00000420      0x110 .\CortexM0\ARM_GCC_541\Debug\CANMotorUnit.o
 .debug_aranges
                0x00000530       0xa8 .\CortexM0\ARM_GCC_541\Debug\CANPacket.o
 .debug_aranges
                0x000005d8       0x40 .\CortexM0\ARM_GCC_541\Debug\CANPower.o
 .debug_aranges
                0x00000618       0x50 .\CortexM0\ARM_GCC_541\Debug\CANScience.o
 .debug_aranges
                0x00000668       0x48 .\CortexM0\ARM_GCC_541\Debug\cyfitter_cfg.o
 .debug_aranges
                0x000006b0       0x18 .\CortexM0\ARM_GCC_541\Debug\cymetadata.o
 .debug_aranges
                0x000006c8       0x48 .\CortexM0\ARM_GCC_541\Debug\Cm0Start.o
 .debug_aranges
                0x00000710       0x48 .\CortexM0\ARM_GCC_541\Debug\SwerveMotorFirmware.a(Limit1.o)
 .debug_aranges
                0x00000758       0x48 .\CortexM0\ARM_GCC_541\Debug\SwerveMotorFirmware.a(Limit2.o)
 .debug_aranges
                0x000007a0      0x158 .\CortexM0\ARM_GCC_541\Debug\SwerveMotorFirmware.a(PWM_Motor1.o)
 .debug_aranges
                0x000008f8       0x80 .\CortexM0\ARM_GCC_541\Debug\SwerveMotorFirmware.a(isr_Limit_1.o)
 .debug_aranges
                0x00000978       0x48 .\CortexM0\ARM_GCC_541\Debug\SwerveMotorFirmware.a(Pin_Encoder_A.o)
 .debug_aranges
                0x000009c0       0x48 .\CortexM0\ARM_GCC_541\Debug\SwerveMotorFirmware.a(Pin_Encoder_B.o)
 .debug_aranges
                0x00000a08       0x40 .\CortexM0\ARM_GCC_541\Debug\SwerveMotorFirmware.a(Status_Reg_Switches.o)
 .debug_aranges
                0x00000a48       0xe8 .\CortexM0\ARM_GCC_541\Debug\SwerveMotorFirmware.a(CAN.o)
 .debug_aranges
                0x00000b30       0x20 .\CortexM0\ARM_GCC_541\Debug\SwerveMotorFirmware.a(CAN_INT.o)
 .debug_aranges
                0x00000b50       0x30 .\CortexM0\ARM_GCC_541\Debug\SwerveMotorFirmware.a(CAN_TX_RX_func.o)
 .debug_aranges
                0x00000b80       0x68 .\CortexM0\ARM_GCC_541\Debug\SwerveMotorFirmware.a(UART.o)
 .debug_aranges
                0x00000be8       0x90 .\CortexM0\ARM_GCC_541\Debug\SwerveMotorFirmware.a(UART_UART.o)
 .debug_aranges
                0x00000c78       0x48 .\CortexM0\ARM_GCC_541\Debug\SwerveMotorFirmware.a(Dip1.o)
 .debug_aranges
                0x00000cc0       0x48 .\CortexM0\ARM_GCC_541\Debug\SwerveMotorFirmware.a(Dip2.o)
 .debug_aranges
                0x00000d08       0x48 .\CortexM0\ARM_GCC_541\Debug\SwerveMotorFirmware.a(Dip3.o)
 .debug_aranges
                0x00000d50       0x48 .\CortexM0\ARM_GCC_541\Debug\SwerveMotorFirmware.a(Dip4.o)
 .debug_aranges
                0x00000d98       0x90 .\CortexM0\ARM_GCC_541\Debug\SwerveMotorFirmware.a(Timer_1.o)
 .debug_aranges
                0x00000e28       0x80 .\CortexM0\ARM_GCC_541\Debug\SwerveMotorFirmware.a(isr_period.o)
 .debug_aranges
                0x00000ea8       0x48 .\CortexM0\ARM_GCC_541\Debug\SwerveMotorFirmware.a(LED_Debug1.o)
 .debug_aranges
                0x00000ef0       0x48 .\CortexM0\ARM_GCC_541\Debug\SwerveMotorFirmware.a(LED_Debug2.o)
 .debug_aranges
                0x00000f38       0x48 .\CortexM0\ARM_GCC_541\Debug\SwerveMotorFirmware.a(LED_CAN.o)
 .debug_aranges
                0x00000f80       0x48 .\CortexM0\ARM_GCC_541\Debug\SwerveMotorFirmware.a(LED_Error.o)
 .debug_aranges
                0x00000fc8       0xa0 .\CortexM0\ARM_GCC_541\Debug\SwerveMotorFirmware.a(StripLights.o)
 .debug_aranges
                0x00001068       0x30 .\CortexM0\ARM_GCC_541\Debug\SwerveMotorFirmware.a(StripLights_fonts.o)
 .debug_aranges
                0x00001098      0x158 .\CortexM0\ARM_GCC_541\Debug\SwerveMotorFirmware.a(PWM_Motor2.o)
 .debug_aranges
                0x000011f0       0x48 .\CortexM0\ARM_GCC_541\Debug\SwerveMotorFirmware.a(Motor1Direction.o)
 .debug_aranges
                0x00001238       0x48 .\CortexM0\ARM_GCC_541\Debug\SwerveMotorFirmware.a(Motor2Direction.o)
 .debug_aranges
                0x00001280       0x80 .\CortexM0\ARM_GCC_541\Debug\SwerveMotorFirmware.a(StripLights_cisr.o)
 .debug_aranges
                0x00001300       0x80 .\CortexM0\ARM_GCC_541\Debug\SwerveMotorFirmware.a(StripLights_fisr.o)
 .debug_aranges
                0x00001380      0x270 .\CortexM0\ARM_GCC_541\Debug\SwerveMotorFirmware.a(CyLib.o)
 .debug_aranges
                0x000015f0       0x28 .\CortexM0\ARM_GCC_541\Debug\SwerveMotorFirmware.a(cyutils.o)
 .debug_aranges
                0x00001618      0x188 .\CortexM0\ARM_GCC_541\Debug\SwerveMotorFirmware.a(CyLFClk.o)
 .debug_aranges
                0x000017a0       0x80 .\CortexM0\ARM_GCC_541\Debug\SwerveMotorFirmware.a(isr_encA.o)
 .debug_aranges
                0x00001820       0x80 .\CortexM0\ARM_GCC_541\Debug\SwerveMotorFirmware.a(isr_encB.o)
 .debug_aranges
                0x000018a0       0x20 .\CortexM0\ARM_GCC_541\Debug\SwerveMotorFirmware.a(CyBootAsmGnu.o)
 .debug_aranges
                0x000018c0       0x60 .\CortexM0\ARM_GCC_541\Debug\SwerveMotorFirmware.a(UART_SPI_UART.o)
 .debug_aranges
                0x00001920       0x20 .\CortexM0\ARM_GCC_541\Debug\SwerveMotorFirmware.a(UART_SPI_UART_INT.o)
 .debug_aranges
                0x00001940       0x40 .\CortexM0\ARM_GCC_541\Debug\SwerveMotorFirmware.a(CyFlash.o)

.debug_pubnames
 *(.debug_pubnames)

.debug_info     0x00000000     0xf62e
 *(.debug_info .gnu.linkonce.wi.*)
 .debug_info    0x00000000      0xaec .\CortexM0\ARM_GCC_541\Debug\main.o
 .debug_info    0x00000aec      0x372 .\CortexM0\ARM_GCC_541\Debug\LED_Array.o
 .debug_info    0x00000e5e      0x38d .\CortexM0\ARM_GCC_541\Debug\MotorDrive.o
 .debug_info    0x000011eb      0x58c .\CortexM0\ARM_GCC_541\Debug\PositionPID.o
 .debug_info    0x00001777      0xcfb .\CortexM0\ARM_GCC_541\Debug\Motor_Unit_CAN.o
 .debug_info    0x00002472      0x1ed .\CortexM0\ARM_GCC_541\Debug\Motor_Unit_FSM.o
 .debug_info    0x0000265f      0x695 .\CortexM0\ARM_GCC_541\Debug\PortPSOC_swerve.o
 .debug_info    0x00002cf4      0xa46 .\CortexM0\ARM_GCC_541\Debug\CANCommon.o
 .debug_info    0x0000373a      0x60d .\CortexM0\ARM_GCC_541\Debug\CANGPIO.o
 .debug_info    0x00003d47       0x6b .\CortexM0\ARM_GCC_541\Debug\CANLocalization.o
 .debug_info    0x00003db2      0xe62 .\CortexM0\ARM_GCC_541\Debug\CANMotorUnit.o
 .debug_info    0x00004c14      0x641 .\CortexM0\ARM_GCC_541\Debug\CANPacket.o
 .debug_info    0x00005255      0x2ff .\CortexM0\ARM_GCC_541\Debug\CANPower.o
 .debug_info    0x00005554      0x353 .\CortexM0\ARM_GCC_541\Debug\CANScience.o
 .debug_info    0x000058a7      0x417 .\CortexM0\ARM_GCC_541\Debug\cyfitter_cfg.o
 .debug_info    0x00005cbe       0xf8 .\CortexM0\ARM_GCC_541\Debug\cymetadata.o
 .debug_info    0x00005db6      0x3a2 .\CortexM0\ARM_GCC_541\Debug\Cm0Start.o
 .debug_info    0x00006158      0x19d .\CortexM0\ARM_GCC_541\Debug\SwerveMotorFirmware.a(Limit1.o)
 .debug_info    0x000062f5      0x19d .\CortexM0\ARM_GCC_541\Debug\SwerveMotorFirmware.a(Limit2.o)
 .debug_info    0x00006492      0x90a .\CortexM0\ARM_GCC_541\Debug\SwerveMotorFirmware.a(PWM_Motor1.o)
 .debug_info    0x00006d9c      0x305 .\CortexM0\ARM_GCC_541\Debug\SwerveMotorFirmware.a(isr_Limit_1.o)
 .debug_info    0x000070a1      0x19d .\CortexM0\ARM_GCC_541\Debug\SwerveMotorFirmware.a(Pin_Encoder_A.o)
 .debug_info    0x0000723e      0x19d .\CortexM0\ARM_GCC_541\Debug\SwerveMotorFirmware.a(Pin_Encoder_B.o)
 .debug_info    0x000073db      0x17f .\CortexM0\ARM_GCC_541\Debug\SwerveMotorFirmware.a(Status_Reg_Switches.o)
 .debug_info    0x0000755a      0x9c6 .\CortexM0\ARM_GCC_541\Debug\SwerveMotorFirmware.a(CAN.o)
 .debug_info    0x00007f20       0xa0 .\CortexM0\ARM_GCC_541\Debug\SwerveMotorFirmware.a(CAN_INT.o)
 .debug_info    0x00007fc0      0x37e .\CortexM0\ARM_GCC_541\Debug\SwerveMotorFirmware.a(CAN_TX_RX_func.o)
 .debug_info    0x0000833e      0x2e9 .\CortexM0\ARM_GCC_541\Debug\SwerveMotorFirmware.a(UART.o)
 .debug_info    0x00008627      0x487 .\CortexM0\ARM_GCC_541\Debug\SwerveMotorFirmware.a(UART_UART.o)
 .debug_info    0x00008aae      0x19d .\CortexM0\ARM_GCC_541\Debug\SwerveMotorFirmware.a(Dip1.o)
 .debug_info    0x00008c4b      0x19d .\CortexM0\ARM_GCC_541\Debug\SwerveMotorFirmware.a(Dip2.o)
 .debug_info    0x00008de8      0x19d .\CortexM0\ARM_GCC_541\Debug\SwerveMotorFirmware.a(Dip3.o)
 .debug_info    0x00008f85      0x19d .\CortexM0\ARM_GCC_541\Debug\SwerveMotorFirmware.a(Dip4.o)
 .debug_info    0x00009122      0x386 .\CortexM0\ARM_GCC_541\Debug\SwerveMotorFirmware.a(Timer_1.o)
 .debug_info    0x000094a8      0x305 .\CortexM0\ARM_GCC_541\Debug\SwerveMotorFirmware.a(isr_period.o)
 .debug_info    0x000097ad      0x19d .\CortexM0\ARM_GCC_541\Debug\SwerveMotorFirmware.a(LED_Debug1.o)
 .debug_info    0x0000994a      0x19d .\CortexM0\ARM_GCC_541\Debug\SwerveMotorFirmware.a(LED_Debug2.o)
 .debug_info    0x00009ae7      0x19b .\CortexM0\ARM_GCC_541\Debug\SwerveMotorFirmware.a(LED_CAN.o)
 .debug_info    0x00009c82      0x19d .\CortexM0\ARM_GCC_541\Debug\SwerveMotorFirmware.a(LED_Error.o)
 .debug_info    0x00009e1f      0xa83 .\CortexM0\ARM_GCC_541\Debug\SwerveMotorFirmware.a(StripLights.o)
 .debug_info    0x0000a8a2      0x394 .\CortexM0\ARM_GCC_541\Debug\SwerveMotorFirmware.a(StripLights_fonts.o)
 .debug_info    0x0000ac36      0x909 .\CortexM0\ARM_GCC_541\Debug\SwerveMotorFirmware.a(PWM_Motor2.o)
 .debug_info    0x0000b53f      0x19d .\CortexM0\ARM_GCC_541\Debug\SwerveMotorFirmware.a(Motor1Direction.o)
 .debug_info    0x0000b6dc      0x19d .\CortexM0\ARM_GCC_541\Debug\SwerveMotorFirmware.a(Motor2Direction.o)
 .debug_info    0x0000b879      0x305 .\CortexM0\ARM_GCC_541\Debug\SwerveMotorFirmware.a(StripLights_cisr.o)
 .debug_info    0x0000bb7e      0x305 .\CortexM0\ARM_GCC_541\Debug\SwerveMotorFirmware.a(StripLights_fisr.o)
 .debug_info    0x0000be83     0x17e4 .\CortexM0\ARM_GCC_541\Debug\SwerveMotorFirmware.a(CyLib.o)
 .debug_info    0x0000d667      0x14b .\CortexM0\ARM_GCC_541\Debug\SwerveMotorFirmware.a(cyutils.o)
 .debug_info    0x0000d7b2     0x1058 .\CortexM0\ARM_GCC_541\Debug\SwerveMotorFirmware.a(CyLFClk.o)
 .debug_info    0x0000e80a      0x305 .\CortexM0\ARM_GCC_541\Debug\SwerveMotorFirmware.a(isr_encA.o)
 .debug_info    0x0000eb0f      0x305 .\CortexM0\ARM_GCC_541\Debug\SwerveMotorFirmware.a(isr_encB.o)
 .debug_info    0x0000ee14       0xa8 .\CortexM0\ARM_GCC_541\Debug\SwerveMotorFirmware.a(CyBootAsmGnu.o)
 .debug_info    0x0000eebc      0x2df .\CortexM0\ARM_GCC_541\Debug\SwerveMotorFirmware.a(UART_SPI_UART.o)
 .debug_info    0x0000f19b      0x141 .\CortexM0\ARM_GCC_541\Debug\SwerveMotorFirmware.a(UART_SPI_UART_INT.o)
 .debug_info    0x0000f2dc      0x352 .\CortexM0\ARM_GCC_541\Debug\SwerveMotorFirmware.a(CyFlash.o)

.debug_abbrev   0x00000000     0x4014
 *(.debug_abbrev)
 .debug_abbrev  0x00000000      0x214 .\CortexM0\ARM_GCC_541\Debug\main.o
 .debug_abbrev  0x00000214      0x15d .\CortexM0\ARM_GCC_541\Debug\LED_Array.o
 .debug_abbrev  0x00000371       0xfb .\CortexM0\ARM_GCC_541\Debug\MotorDrive.o
 .debug_abbrev  0x0000046c      0x19f .\CortexM0\ARM_GCC_541\Debug\PositionPID.o
 .debug_abbrev  0x0000060b      0x160 .\CortexM0\ARM_GCC_541\Debug\Motor_Unit_CAN.o
 .debug_abbrev  0x0000076b       0xd3 .\CortexM0\ARM_GCC_541\Debug\Motor_Unit_FSM.o
 .debug_abbrev  0x0000083e      0x1ad .\CortexM0\ARM_GCC_541\Debug\PortPSOC_swerve.o
 .debug_abbrev  0x000009eb      0x149 .\CortexM0\ARM_GCC_541\Debug\CANCommon.o
 .debug_abbrev  0x00000b34      0x106 .\CortexM0\ARM_GCC_541\Debug\CANGPIO.o
 .debug_abbrev  0x00000c3a       0x26 .\CortexM0\ARM_GCC_541\Debug\CANLocalization.o
 .debug_abbrev  0x00000c60      0x18e .\CortexM0\ARM_GCC_541\Debug\CANMotorUnit.o
 .debug_abbrev  0x00000dee      0x16f .\CortexM0\ARM_GCC_541\Debug\CANPacket.o
 .debug_abbrev  0x00000f5d      0x124 .\CortexM0\ARM_GCC_541\Debug\CANPower.o
 .debug_abbrev  0x00001081       0xfe .\CortexM0\ARM_GCC_541\Debug\CANScience.o
 .debug_abbrev  0x0000117f      0x1d8 .\CortexM0\ARM_GCC_541\Debug\cyfitter_cfg.o
 .debug_abbrev  0x00001357       0x5d .\CortexM0\ARM_GCC_541\Debug\cymetadata.o
 .debug_abbrev  0x000013b4      0x1d7 .\CortexM0\ARM_GCC_541\Debug\Cm0Start.o
 .debug_abbrev  0x0000158b       0xc8 .\CortexM0\ARM_GCC_541\Debug\SwerveMotorFirmware.a(Limit1.o)
 .debug_abbrev  0x00001653       0xc8 .\CortexM0\ARM_GCC_541\Debug\SwerveMotorFirmware.a(Limit2.o)
 .debug_abbrev  0x0000171b      0x119 .\CortexM0\ARM_GCC_541\Debug\SwerveMotorFirmware.a(PWM_Motor1.o)
 .debug_abbrev  0x00001834      0x19a .\CortexM0\ARM_GCC_541\Debug\SwerveMotorFirmware.a(isr_Limit_1.o)
 .debug_abbrev  0x000019ce       0xc8 .\CortexM0\ARM_GCC_541\Debug\SwerveMotorFirmware.a(Pin_Encoder_A.o)
 .debug_abbrev  0x00001a96       0xc8 .\CortexM0\ARM_GCC_541\Debug\SwerveMotorFirmware.a(Pin_Encoder_B.o)
 .debug_abbrev  0x00001b5e       0xac .\CortexM0\ARM_GCC_541\Debug\SwerveMotorFirmware.a(Status_Reg_Switches.o)
 .debug_abbrev  0x00001c0a      0x186 .\CortexM0\ARM_GCC_541\Debug\SwerveMotorFirmware.a(CAN.o)
 .debug_abbrev  0x00001d90       0x42 .\CortexM0\ARM_GCC_541\Debug\SwerveMotorFirmware.a(CAN_INT.o)
 .debug_abbrev  0x00001dd2      0x159 .\CortexM0\ARM_GCC_541\Debug\SwerveMotorFirmware.a(CAN_TX_RX_func.o)
 .debug_abbrev  0x00001f2b      0x118 .\CortexM0\ARM_GCC_541\Debug\SwerveMotorFirmware.a(UART.o)
 .debug_abbrev  0x00002043      0x145 .\CortexM0\ARM_GCC_541\Debug\SwerveMotorFirmware.a(UART_UART.o)
 .debug_abbrev  0x00002188       0xc8 .\CortexM0\ARM_GCC_541\Debug\SwerveMotorFirmware.a(Dip1.o)
 .debug_abbrev  0x00002250       0xc8 .\CortexM0\ARM_GCC_541\Debug\SwerveMotorFirmware.a(Dip2.o)
 .debug_abbrev  0x00002318       0xc8 .\CortexM0\ARM_GCC_541\Debug\SwerveMotorFirmware.a(Dip3.o)
 .debug_abbrev  0x000023e0       0xc8 .\CortexM0\ARM_GCC_541\Debug\SwerveMotorFirmware.a(Dip4.o)
 .debug_abbrev  0x000024a8      0x167 .\CortexM0\ARM_GCC_541\Debug\SwerveMotorFirmware.a(Timer_1.o)
 .debug_abbrev  0x0000260f      0x19a .\CortexM0\ARM_GCC_541\Debug\SwerveMotorFirmware.a(isr_period.o)
 .debug_abbrev  0x000027a9       0xc8 .\CortexM0\ARM_GCC_541\Debug\SwerveMotorFirmware.a(LED_Debug1.o)
 .debug_abbrev  0x00002871       0xc8 .\CortexM0\ARM_GCC_541\Debug\SwerveMotorFirmware.a(LED_Debug2.o)
 .debug_abbrev  0x00002939       0xc8 .\CortexM0\ARM_GCC_541\Debug\SwerveMotorFirmware.a(LED_CAN.o)
 .debug_abbrev  0x00002a01       0xc8 .\CortexM0\ARM_GCC_541\Debug\SwerveMotorFirmware.a(LED_Error.o)
 .debug_abbrev  0x00002ac9      0x1dc .\CortexM0\ARM_GCC_541\Debug\SwerveMotorFirmware.a(StripLights.o)
 .debug_abbrev  0x00002ca5      0x113 .\CortexM0\ARM_GCC_541\Debug\SwerveMotorFirmware.a(StripLights_fonts.o)
 .debug_abbrev  0x00002db8      0x119 .\CortexM0\ARM_GCC_541\Debug\SwerveMotorFirmware.a(PWM_Motor2.o)
 .debug_abbrev  0x00002ed1       0xc8 .\CortexM0\ARM_GCC_541\Debug\SwerveMotorFirmware.a(Motor1Direction.o)
 .debug_abbrev  0x00002f99       0xc8 .\CortexM0\ARM_GCC_541\Debug\SwerveMotorFirmware.a(Motor2Direction.o)
 .debug_abbrev  0x00003061      0x19a .\CortexM0\ARM_GCC_541\Debug\SwerveMotorFirmware.a(StripLights_cisr.o)
 .debug_abbrev  0x000031fb      0x19a .\CortexM0\ARM_GCC_541\Debug\SwerveMotorFirmware.a(StripLights_fisr.o)
 .debug_abbrev  0x00003395      0x293 .\CortexM0\ARM_GCC_541\Debug\SwerveMotorFirmware.a(CyLib.o)
 .debug_abbrev  0x00003628       0xc0 .\CortexM0\ARM_GCC_541\Debug\SwerveMotorFirmware.a(cyutils.o)
 .debug_abbrev  0x000036e8      0x248 .\CortexM0\ARM_GCC_541\Debug\SwerveMotorFirmware.a(CyLFClk.o)
 .debug_abbrev  0x00003930      0x19a .\CortexM0\ARM_GCC_541\Debug\SwerveMotorFirmware.a(isr_encA.o)
 .debug_abbrev  0x00003aca      0x19a .\CortexM0\ARM_GCC_541\Debug\SwerveMotorFirmware.a(isr_encB.o)
 .debug_abbrev  0x00003c64       0x14 .\CortexM0\ARM_GCC_541\Debug\SwerveMotorFirmware.a(CyBootAsmGnu.o)
 .debug_abbrev  0x00003c78      0x180 .\CortexM0\ARM_GCC_541\Debug\SwerveMotorFirmware.a(UART_SPI_UART.o)
 .debug_abbrev  0x00003df8       0x9a .\CortexM0\ARM_GCC_541\Debug\SwerveMotorFirmware.a(UART_SPI_UART_INT.o)
 .debug_abbrev  0x00003e92      0x182 .\CortexM0\ARM_GCC_541\Debug\SwerveMotorFirmware.a(CyFlash.o)

.debug_line     0x00000000     0x63a6
 *(.debug_line)
 .debug_line    0x00000000      0x4ee .\CortexM0\ARM_GCC_541\Debug\main.o
 .debug_line    0x000004ee      0x1ca .\CortexM0\ARM_GCC_541\Debug\LED_Array.o
 .debug_line    0x000006b8      0x2a2 .\CortexM0\ARM_GCC_541\Debug\MotorDrive.o
 .debug_line    0x0000095a      0x31b .\CortexM0\ARM_GCC_541\Debug\PositionPID.o
 .debug_line    0x00000c75      0x2cd .\CortexM0\ARM_GCC_541\Debug\Motor_Unit_CAN.o
 .debug_line    0x00000f42      0x20f .\CortexM0\ARM_GCC_541\Debug\Motor_Unit_FSM.o
 .debug_line    0x00001151      0x2fa .\CortexM0\ARM_GCC_541\Debug\PortPSOC_swerve.o
 .debug_line    0x0000144b      0x2f3 .\CortexM0\ARM_GCC_541\Debug\CANCommon.o
 .debug_line    0x0000173e      0x24e .\CortexM0\ARM_GCC_541\Debug\CANGPIO.o
 .debug_line    0x0000198c       0x1d .\CortexM0\ARM_GCC_541\Debug\CANLocalization.o
 .debug_line    0x000019a9      0x3a1 .\CortexM0\ARM_GCC_541\Debug\CANMotorUnit.o
 .debug_line    0x00001d4a      0x2dc .\CortexM0\ARM_GCC_541\Debug\CANPacket.o
 .debug_line    0x00002026      0x19d .\CortexM0\ARM_GCC_541\Debug\CANPower.o
 .debug_line    0x000021c3      0x1c5 .\CortexM0\ARM_GCC_541\Debug\CANScience.o
 .debug_line    0x00002388      0x1b8 .\CortexM0\ARM_GCC_541\Debug\cyfitter_cfg.o
 .debug_line    0x00002540      0x141 .\CortexM0\ARM_GCC_541\Debug\cymetadata.o
 .debug_line    0x00002681      0x236 .\CortexM0\ARM_GCC_541\Debug\Cm0Start.o
 .debug_line    0x000028b7       0xbe .\CortexM0\ARM_GCC_541\Debug\SwerveMotorFirmware.a(Limit1.o)
 .debug_line    0x00002975       0xbe .\CortexM0\ARM_GCC_541\Debug\SwerveMotorFirmware.a(Limit2.o)
 .debug_line    0x00002a33      0x383 .\CortexM0\ARM_GCC_541\Debug\SwerveMotorFirmware.a(PWM_Motor1.o)
 .debug_line    0x00002db6      0x157 .\CortexM0\ARM_GCC_541\Debug\SwerveMotorFirmware.a(isr_Limit_1.o)
 .debug_line    0x00002f0d       0xc5 .\CortexM0\ARM_GCC_541\Debug\SwerveMotorFirmware.a(Pin_Encoder_A.o)
 .debug_line    0x00002fd2       0xc5 .\CortexM0\ARM_GCC_541\Debug\SwerveMotorFirmware.a(Pin_Encoder_B.o)
 .debug_line    0x00003097       0xc2 .\CortexM0\ARM_GCC_541\Debug\SwerveMotorFirmware.a(Status_Reg_Switches.o)
 .debug_line    0x00003159      0x3e7 .\CortexM0\ARM_GCC_541\Debug\SwerveMotorFirmware.a(CAN.o)
 .debug_line    0x00003540       0x53 .\CortexM0\ARM_GCC_541\Debug\SwerveMotorFirmware.a(CAN_INT.o)
 .debug_line    0x00003593       0xfc .\CortexM0\ARM_GCC_541\Debug\SwerveMotorFirmware.a(CAN_TX_RX_func.o)
 .debug_line    0x0000368f      0x13c .\CortexM0\ARM_GCC_541\Debug\SwerveMotorFirmware.a(UART.o)
 .debug_line    0x000037cb      0x1f5 .\CortexM0\ARM_GCC_541\Debug\SwerveMotorFirmware.a(UART_UART.o)
 .debug_line    0x000039c0       0xbc .\CortexM0\ARM_GCC_541\Debug\SwerveMotorFirmware.a(Dip1.o)
 .debug_line    0x00003a7c       0xbc .\CortexM0\ARM_GCC_541\Debug\SwerveMotorFirmware.a(Dip2.o)
 .debug_line    0x00003b38       0xbc .\CortexM0\ARM_GCC_541\Debug\SwerveMotorFirmware.a(Dip3.o)
 .debug_line    0x00003bf4       0xbc .\CortexM0\ARM_GCC_541\Debug\SwerveMotorFirmware.a(Dip4.o)
 .debug_line    0x00003cb0      0x17b .\CortexM0\ARM_GCC_541\Debug\SwerveMotorFirmware.a(Timer_1.o)
 .debug_line    0x00003e2b      0x156 .\CortexM0\ARM_GCC_541\Debug\SwerveMotorFirmware.a(isr_period.o)
 .debug_line    0x00003f81       0xc2 .\CortexM0\ARM_GCC_541\Debug\SwerveMotorFirmware.a(LED_Debug1.o)
 .debug_line    0x00004043       0xc2 .\CortexM0\ARM_GCC_541\Debug\SwerveMotorFirmware.a(LED_Debug2.o)
 .debug_line    0x00004105       0xbe .\CortexM0\ARM_GCC_541\Debug\SwerveMotorFirmware.a(LED_CAN.o)
 .debug_line    0x000041c3       0xc1 .\CortexM0\ARM_GCC_541\Debug\SwerveMotorFirmware.a(LED_Error.o)
 .debug_line    0x00004284      0x2d8 .\CortexM0\ARM_GCC_541\Debug\SwerveMotorFirmware.a(StripLights.o)
 .debug_line    0x0000455c       0xf5 .\CortexM0\ARM_GCC_541\Debug\SwerveMotorFirmware.a(StripLights_fonts.o)
 .debug_line    0x00004651      0x383 .\CortexM0\ARM_GCC_541\Debug\SwerveMotorFirmware.a(PWM_Motor2.o)
 .debug_line    0x000049d4       0xc7 .\CortexM0\ARM_GCC_541\Debug\SwerveMotorFirmware.a(Motor1Direction.o)
 .debug_line    0x00004a9b       0xc7 .\CortexM0\ARM_GCC_541\Debug\SwerveMotorFirmware.a(Motor2Direction.o)
 .debug_line    0x00004b62      0x158 .\CortexM0\ARM_GCC_541\Debug\SwerveMotorFirmware.a(StripLights_cisr.o)
 .debug_line    0x00004cba      0x15c .\CortexM0\ARM_GCC_541\Debug\SwerveMotorFirmware.a(StripLights_fisr.o)
 .debug_line    0x00004e16      0x8ef .\CortexM0\ARM_GCC_541\Debug\SwerveMotorFirmware.a(CyLib.o)
 .debug_line    0x00005705       0x74 .\CortexM0\ARM_GCC_541\Debug\SwerveMotorFirmware.a(cyutils.o)
 .debug_line    0x00005779      0x5d1 .\CortexM0\ARM_GCC_541\Debug\SwerveMotorFirmware.a(CyLFClk.o)
 .debug_line    0x00005d4a      0x154 .\CortexM0\ARM_GCC_541\Debug\SwerveMotorFirmware.a(isr_encA.o)
 .debug_line    0x00005e9e      0x154 .\CortexM0\ARM_GCC_541\Debug\SwerveMotorFirmware.a(isr_encB.o)
 .debug_line    0x00005ff2       0x68 .\CortexM0\ARM_GCC_541\Debug\SwerveMotorFirmware.a(CyBootAsmGnu.o)
 .debug_line    0x0000605a      0x137 .\CortexM0\ARM_GCC_541\Debug\SwerveMotorFirmware.a(UART_SPI_UART.o)
 .debug_line    0x00006191       0xa2 .\CortexM0\ARM_GCC_541\Debug\SwerveMotorFirmware.a(UART_SPI_UART_INT.o)
 .debug_line    0x00006233      0x173 .\CortexM0\ARM_GCC_541\Debug\SwerveMotorFirmware.a(CyFlash.o)

.debug_frame    0x00000000     0x42f0
 *(.debug_frame)
 .debug_frame   0x00000000      0x154 .\CortexM0\ARM_GCC_541\Debug\main.o
 .debug_frame   0x00000154       0x90 .\CortexM0\ARM_GCC_541\Debug\LED_Array.o
 .debug_frame   0x000001e4       0x78 .\CortexM0\ARM_GCC_541\Debug\MotorDrive.o
 .debug_frame   0x0000025c      0x1bc .\CortexM0\ARM_GCC_541\Debug\PositionPID.o
 .debug_frame   0x00000418       0x80 .\CortexM0\ARM_GCC_541\Debug\Motor_Unit_CAN.o
 .debug_frame   0x00000498       0xdc .\CortexM0\ARM_GCC_541\Debug\Motor_Unit_FSM.o
 .debug_frame   0x00000574      0x104 .\CortexM0\ARM_GCC_541\Debug\PortPSOC_swerve.o
 .debug_frame   0x00000678      0x27c .\CortexM0\ARM_GCC_541\Debug\CANCommon.o
 .debug_frame   0x000008f4      0x178 .\CortexM0\ARM_GCC_541\Debug\CANGPIO.o
 .debug_frame   0x00000a6c      0x360 .\CortexM0\ARM_GCC_541\Debug\CANMotorUnit.o
 .debug_frame   0x00000dcc      0x1a4 .\CortexM0\ARM_GCC_541\Debug\CANPacket.o
 .debug_frame   0x00000f70       0x8c .\CortexM0\ARM_GCC_541\Debug\CANPower.o
 .debug_frame   0x00000ffc       0xb0 .\CortexM0\ARM_GCC_541\Debug\CANScience.o
 .debug_frame   0x000010ac       0xb4 .\CortexM0\ARM_GCC_541\Debug\cyfitter_cfg.o
 .debug_frame   0x00001160       0xbc .\CortexM0\ARM_GCC_541\Debug\Cm0Start.o
 .debug_frame   0x0000121c       0x70 .\CortexM0\ARM_GCC_541\Debug\SwerveMotorFirmware.a(Limit1.o)
 .debug_frame   0x0000128c       0x70 .\CortexM0\ARM_GCC_541\Debug\SwerveMotorFirmware.a(Limit2.o)
 .debug_frame   0x000012fc      0x3a0 .\CortexM0\ARM_GCC_541\Debug\SwerveMotorFirmware.a(PWM_Motor1.o)
 .debug_frame   0x0000169c      0x110 .\CortexM0\ARM_GCC_541\Debug\SwerveMotorFirmware.a(isr_Limit_1.o)
 .debug_frame   0x000017ac       0x70 .\CortexM0\ARM_GCC_541\Debug\SwerveMotorFirmware.a(Pin_Encoder_A.o)
 .debug_frame   0x0000181c       0x70 .\CortexM0\ARM_GCC_541\Debug\SwerveMotorFirmware.a(Pin_Encoder_B.o)
 .debug_frame   0x0000188c       0x78 .\CortexM0\ARM_GCC_541\Debug\SwerveMotorFirmware.a(Status_Reg_Switches.o)
 .debug_frame   0x00001904      0x238 .\CortexM0\ARM_GCC_541\Debug\SwerveMotorFirmware.a(CAN.o)
 .debug_frame   0x00001b3c       0x20 .\CortexM0\ARM_GCC_541\Debug\SwerveMotorFirmware.a(CAN_INT.o)
 .debug_frame   0x00001b5c       0x60 .\CortexM0\ARM_GCC_541\Debug\SwerveMotorFirmware.a(CAN_TX_RX_func.o)
 .debug_frame   0x00001bbc      0x104 .\CortexM0\ARM_GCC_541\Debug\SwerveMotorFirmware.a(UART.o)