Archive member included to satisfy reference by file (symbol)

.\CortexM0\ARM_GCC_541\Debug\SwerveMotorFirmware.a(Limit1.o)
                              .\CortexM0\ARM_GCC_541\Debug\main.o (Limit1_Read)
.\CortexM0\ARM_GCC_541\Debug\SwerveMotorFirmware.a(Limit2.o)
                              .\CortexM0\ARM_GCC_541\Debug\main.o (Limit2_Read)
.\CortexM0\ARM_GCC_541\Debug\SwerveMotorFirmware.a(PWM_Motor1.o)
                              .\CortexM0\ARM_GCC_541\Debug\MotorDrive.o (PWM_Motor1_WriteCompare)
.\CortexM0\ARM_GCC_541\Debug\SwerveMotorFirmware.a(isr_Limit_1.o)
                              .\CortexM0\ARM_GCC_541\Debug\main.o (isr_Limit_1_StartEx)
.\CortexM0\ARM_GCC_541\Debug\SwerveMotorFirmware.a(Pin_Encoder_A.o)
                              .\CortexM0\ARM_GCC_541\Debug\main.o (Pin_Encoder_A_Read)
.\CortexM0\ARM_GCC_541\Debug\SwerveMotorFirmware.a(Pin_Encoder_B.o)
                              .\CortexM0\ARM_GCC_541\Debug\main.o (Pin_Encoder_B_Read)
.\CortexM0\ARM_GCC_541\Debug\SwerveMotorFirmware.a(Status_Reg_Switches.o)
                              .\CortexM0\ARM_GCC_541\Debug\main.o (Status_Reg_Switches_Read)
.\CortexM0\ARM_GCC_541\Debug\SwerveMotorFirmware.a(CAN.o)
                              .\CortexM0\ARM_GCC_541\Debug\PortPSOC_swerve.o (CAN_GlobalIntEnable)
.\CortexM0\ARM_GCC_541\Debug\SwerveMotorFirmware.a(CAN_INT.o)
                              .\CortexM0\ARM_GCC_541\Debug\SwerveMotorFirmware.a(CAN.o) (CAN_ISR)
.\CortexM0\ARM_GCC_541\Debug\SwerveMotorFirmware.a(CAN_TX_RX_func.o)
                              .\CortexM0\ARM_GCC_541\Debug\PortPSOC_swerve.o (CAN_SendMsg)
.\CortexM0\ARM_GCC_541\Debug\SwerveMotorFirmware.a(UART.o)
                              .\CortexM0\ARM_GCC_541\Debug\main.o (UART_Start)
.\CortexM0\ARM_GCC_541\Debug\SwerveMotorFirmware.a(UART_SPI_UART.o)
                              .\CortexM0\ARM_GCC_541\Debug\main.o (UART_SpiUartGetRxBufferSize)
.\CortexM0\ARM_GCC_541\Debug\SwerveMotorFirmware.a(UART_UART.o)
                              .\CortexM0\ARM_GCC_541\Debug\SwerveMotorFirmware.a(UART.o) (UART_UartInit)
.\CortexM0\ARM_GCC_541\Debug\SwerveMotorFirmware.a(Dip1.o)
                              .\CortexM0\ARM_GCC_541\Debug\main.o (Dip1_Read)
.\CortexM0\ARM_GCC_541\Debug\SwerveMotorFirmware.a(Dip2.o)
                              .\CortexM0\ARM_GCC_541\Debug\main.o (Dip2_Read)
.\CortexM0\ARM_GCC_541\Debug\SwerveMotorFirmware.a(Dip3.o)
                              .\CortexM0\ARM_GCC_541\Debug\main.o (Dip3_Read)
.\CortexM0\ARM_GCC_541\Debug\SwerveMotorFirmware.a(Dip4.o)
                              .\CortexM0\ARM_GCC_541\Debug\main.o (Dip4_Read)
.\CortexM0\ARM_GCC_541\Debug\SwerveMotorFirmware.a(Timer_1.o)
                              .\CortexM0\ARM_GCC_541\Debug\main.o (Timer_1_ReadStatusRegister)
.\CortexM0\ARM_GCC_541\Debug\SwerveMotorFirmware.a(isr_period.o)
                              .\CortexM0\ARM_GCC_541\Debug\main.o (isr_period_StartEx)
.\CortexM0\ARM_GCC_541\Debug\SwerveMotorFirmware.a(LED_Debug1.o)
                              .\CortexM0\ARM_GCC_541\Debug\main.o (LED_Debug1_Write)
.\CortexM0\ARM_GCC_541\Debug\SwerveMotorFirmware.a(LED_Debug2.o)
                              .\CortexM0\ARM_GCC_541\Debug\main.o (LED_Debug2_Write)
.\CortexM0\ARM_GCC_541\Debug\SwerveMotorFirmware.a(LED_CAN.o)
                              .\CortexM0\ARM_GCC_541\Debug\main.o (LED_CAN_Write)
.\CortexM0\ARM_GCC_541\Debug\SwerveMotorFirmware.a(LED_Error.o)
                              .\CortexM0\ARM_GCC_541\Debug\main.o (LED_Error_Write)
.\CortexM0\ARM_GCC_541\Debug\SwerveMotorFirmware.a(StripLights.o)
                              .\CortexM0\ARM_GCC_541\Debug\LED_Array.o (StripLights_Trigger)
.\CortexM0\ARM_GCC_541\Debug\SwerveMotorFirmware.a(StripLights_fonts.o)
                              .\CortexM0\ARM_GCC_541\Debug\SwerveMotorFirmware.a(StripLights.o) (StripLights_SetFont)
.\CortexM0\ARM_GCC_541\Debug\SwerveMotorFirmware.a(PWM_Motor2.o)
                              .\CortexM0\ARM_GCC_541\Debug\MotorDrive.o (PWM_Motor2_WriteCompare)
.\CortexM0\ARM_GCC_541\Debug\SwerveMotorFirmware.a(Motor1Direction.o)
                              .\CortexM0\ARM_GCC_541\Debug\MotorDrive.o (Motor1Direction_Write)
.\CortexM0\ARM_GCC_541\Debug\SwerveMotorFirmware.a(Motor2Direction.o)
                              .\CortexM0\ARM_GCC_541\Debug\MotorDrive.o (Motor2Direction_Write)
.\CortexM0\ARM_GCC_541\Debug\SwerveMotorFirmware.a(StripLights_cisr.o)
                              .\CortexM0\ARM_GCC_541\Debug\SwerveMotorFirmware.a(StripLights.o) (StripLights_cisr_StartEx)
.\CortexM0\ARM_GCC_541\Debug\SwerveMotorFirmware.a(StripLights_fisr.o)
                              .\CortexM0\ARM_GCC_541\Debug\SwerveMotorFirmware.a(StripLights.o) (StripLights_fisr_StartEx)
.\CortexM0\ARM_GCC_541\Debug\SwerveMotorFirmware.a(CyLib.o)
                              .\CortexM0\ARM_GCC_541\Debug\cyfitter_cfg.o (CyIntEnable)
.\CortexM0\ARM_GCC_541\Debug\SwerveMotorFirmware.a(cyutils.o)
[...]
Memory Configuration

Name             Origin             Length             Attributes
rom              0x00000000         0x00040000         xr
ram              0x20000000         0x00008000         xrw
*default*        0x00000000         0xffffffff

Linker script and memory map

LOAD c:/program files (x86)/cypress/psoc creator/4.4/psoc creator/import/gnu/arm/5.4.1/bin/../lib/gcc/arm-none-eabi/5.4.1/armv6-m/crti.o
LOAD c:/program files (x86)/cypress/psoc creator/4.4/psoc creator/import/gnu/arm/5.4.1/bin/../lib/gcc/arm-none-eabi/5.4.1/armv6-m/crtbegin.o
LOAD c:/program files (x86)/cypress/psoc creator/4.4/psoc creator/import/gnu/arm/5.4.1/bin/../lib/gcc/arm-none-eabi/5.4.1/../../../../arm-none-eabi/lib/armv6-m/crt0.o
START GROUP
LOAD .\CortexM0\ARM_GCC_541\Debug\main.o
LOAD .\CortexM0\ARM_GCC_541\Debug\LED_Array.o
LOAD .\CortexM0\ARM_GCC_541\Debug\MotorDrive.o
LOAD .\CortexM0\ARM_GCC_541\Debug\PositionPID.o
LOAD .\CortexM0\ARM_GCC_541\Debug\Motor_Unit_CAN.o
LOAD .\CortexM0\ARM_GCC_541\Debug\Motor_Unit_FSM.o
LOAD .\CortexM0\ARM_GCC_541\Debug\PortPSOC_swerve.o
LOAD .\CortexM0\ARM_GCC_541\Debug\CANCommon.o
LOAD .\CortexM0\ARM_GCC_541\Debug\CANGPIO.o
LOAD .\CortexM0\ARM_GCC_541\Debug\CANLocalization.o
LOAD .\CortexM0\ARM_GCC_541\Debug\CANMotorUnit.o
LOAD .\CortexM0\ARM_GCC_541\Debug\CANPacket.o
LOAD .\CortexM0\ARM_GCC_541\Debug\CANPower.o
LOAD .\CortexM0\ARM_GCC_541\Debug\CANScience.o
LOAD .\CortexM0\ARM_GCC_541\Debug\cyfitter_cfg.o
LOAD .\CortexM0\ARM_GCC_541\Debug\cymetadata.o
LOAD .\CortexM0\ARM_GCC_541\Debug\Cm0Start.o
LOAD .\CortexM0\ARM_GCC_541\Debug\SwerveMotorFirmware.a
END GROUP
START GROUP
LOAD c:/program files (x86)/cypress/psoc creator/4.4/psoc creator/import/gnu/arm/5.4.1/bin/../lib/gcc/arm-none-eabi/5.4.1/armv6-m\libgcc.a
LOAD c:/program files (x86)/cypress/psoc creator/4.4/psoc creator/import/gnu/arm/5.4.1/bin/../lib/gcc/arm-none-eabi/5.4.1/../../../../arm-none-eabi/lib/armv6-m\libg_nano.a
LOAD c:/program files (x86)/cypress/psoc creator/4.4/psoc creator/import/gnu/arm/5.4.1/bin/../lib/gcc/arm-none-eabi/5.4.1/../../../../arm-none-eabi/lib/armv6-m\libc_nano.a
END GROUP
START GROUP
LOAD c:/program files (x86)/cypress/psoc creator/4.4/psoc creator/import/gnu/arm/5.4.1/bin/../lib/gcc/arm-none-eabi/5.4.1/armv6-m\libgcc.a
LOAD c:/program files (x86)/cypress/psoc creator/4.4/psoc creator/import/gnu/arm/5.4.1/bin/../lib/gcc/arm-none-eabi/5.4.1/../../../../arm-none-eabi/lib/armv6-m\libc_nano.a
END GROUP
LOAD c:/program files (x86)/cypress/psoc creator/4.4/psoc creator/import/gnu/arm/5.4.1/bin/../lib/gcc/arm-none-eabi/5.4.1/armv6-m/crtend.o
LOAD c:/program files (x86)/cypress/psoc creator/4.4/psoc creator/import/gnu/arm/5.4.1/bin/../lib/gcc/arm-none-eabi/5.4.1/armv6-m/crtn.o
START GROUP
LOAD c:/program files (x86)/cypress/psoc creator/4.4/psoc creator/import/gnu/arm/5.4.1/bin/../lib/gcc/arm-none-eabi/5.4.1/armv6-m\libgcc.a
LOAD c:/program files (x86)/cypress/psoc creator/4.4/psoc creator/import/gnu/arm/5.4.1/bin/../lib/gcc/arm-none-eabi/5.4.1/../../../../arm-none-eabi/lib/armv6-m\libc.a
LOAD c:/program files (x86)/cypress/psoc creator/4.4/psoc creator/import/gnu/arm/5.4.1/bin/../lib/gcc/arm-none-eabi/5.4.1/../../../../arm-none-eabi/lib/armv6-m\libnosys.a
END GROUP
                0x00000000                CY_APPL_ORIGIN = 0x0
                0x00000100                CY_FLASH_ROW_SIZE = 0x100
                0x00000001                CY_APPL_NUM = 0x1
                0x00000001                CY_APPL_MAX = 0x1
                0x00000040                CY_METADATA_SIZE = 0x40
                0x00000000                CY_APPL_LOADABLE = 0x0
                0x00000000                CY_CHECKSUM_EXCLUDE_SIZE = ALIGN (0x0, CY_FLASH_ROW_SIZE)
                0x00000000                CY_APP_FOR_STACK_AND_COPIER = 0x0
                [!provide]                PROVIDE (__cy_heap_start, _end)
                0x00000001                PROVIDE (__cy_region_num, ((__cy_regions_end - __cy_regions) / 0x10))
                0x20008000                PROVIDE (__cy_stack, (ORIGIN (ram) + LENGTH (ram)))
                [!provide]                PROVIDE (__cy_heap_end, (__cy_stack - 0x800))

.cybootloader   0x00000000        0x0
 *(.cybootloader)
                0x00000000                appl1_start = CY_APPL_ORIGIN?CY_APPL_ORIGIN:ALIGN (CY_FLASH_ROW_SIZE)
                0x0001ff00                appl2_start = (appl1_start + ALIGN ((((LENGTH (rom) - appl1_start) - (0x2 * CY_FLASH_ROW_SIZE)) / 0x2), CY_FLASH_ROW_SIZE))
                0x00000000                appl_start = (CY_APPL_NUM == 0x1)?appl1_start:appl2_start
                0x00000001                cy_project_type_bootloader = (appl_start == 0x0)?0x1:0x0
                0x00000000                cy_project_type_app_for_stack_and_copier = (CY_APP_FOR_STACK_AND_COPIER == 0x1)?0x1:0x0

.text           0x00000000     0x5316
 CREATE_OBJECT_SYMBOLS
                0x00000000                PROVIDE (__cy_interrupt_vector, RomVectors)
 *(.romvectors)
 .romvectors    0x00000000       0x10 .\CortexM0\ARM_GCC_541\Debug\Cm0Start.o
                0x00000000                RomVectors
                0x00000001                ASSERT ((. != __cy_interrupt_vector), No interrupt vector)
                0x00000001                ASSERT (CY_APPL_ORIGIN?(SIZEOF (.cybootloader) <= CY_APPL_ORIGIN):0x1, Wrong image location)
                0x00000010                PROVIDE (__cy_reset, Reset)
 *(.text.Reset)
 .text.Reset    0x00000010        0x8 .\CortexM0\ARM_GCC_541\Debug\Cm0Start.o
                0x00000010                Reset
                0x00000001                ASSERT ((. != __cy_reset), No reset code)
 *(.psocinit)
 .psocinit      0x00000018      0x2e4 .\CortexM0\ARM_GCC_541\Debug\cyfitter_cfg.o
                0x00000138                cyfitter_cfg
                0x000002fc                . = MAX (., 0x100)
 *(.text .text.* .gnu.linkonce.t.*)
 .text          0x000002fc       0x60 c:/program files (x86)/cypress/psoc creator/4.4/psoc creator/import/gnu/arm/5.4.1/bin/../lib/gcc/arm-none-eabi/5.4.1/armv6-m/crtbegin.o
 .text.Period_Reset_Handler
                0x0000035c       0x8c .\CortexM0\ARM_GCC_541\Debug\main.o
                0x0000035c                Period_Reset_Handler
 .text.Pin_Limit_Handler
                0x000003e8       0x6c .\CortexM0\ARM_GCC_541\Debug\main.o
                0x000003e8                Pin_Limit_Handler
 .text.DebugPrint
                0x00000454       0xe0 .\CortexM0\ARM_GCC_541\Debug\main.o
                0x00000454                DebugPrint
 .text.ReadCAN  0x00000534       0x30 .\CortexM0\ARM_GCC_541\Debug\main.o
                0x00000534                ReadCAN
 .text.DisplayErrorCode
                0x00000564       0x50 .\CortexM0\ARM_GCC_541\Debug\main.o
                0x00000564                DisplayErrorCode
 .text.getSerialAddress
                0x000005b4       0x34 .\CortexM0\ARM_GCC_541\Debug\main.o
                0x000005b4                getSerialAddress
 .text.Initialize
                0x000005e8       0xb0 .\CortexM0\ARM_GCC_541\Debug\main.o
                0x000005e8                Initialize
 .text.main     0x00000698       0xbc .\CortexM0\ARM_GCC_541\Debug\main.o
                0x00000698                main
 .text.updateEncCount
                0x00000754       0x50 .\CortexM0\ARM_GCC_541\Debug\main.o
                0x00000754                updateEncCount
 .text.EncA_Change_Handler
                0x000007a4        0x8 .\CortexM0\ARM_GCC_541\Debug\main.o
                0x000007a4                EncA_Change_Handler
 .text.EncB_Change_Handler
                0x000007ac        0x8 .\CortexM0\ARM_GCC_541\Debug\main.o
                0x000007ac                EncB_Change_Handler
 .text.initalize_LEDs
                0x000007b4       0x28 .\CortexM0\ARM_GCC_541\Debug\LED_Array.o
                0x000007b4                initalize_LEDs
 .text.get_color_packet
                0x000007dc        0xc .\CortexM0\ARM_GCC_541\Debug\LED_Array.o
                0x000007dc                get_color_packet
 .text.set_PWM_M1
                0x000007e8       0x58 .\CortexM0\ARM_GCC_541\Debug\MotorDrive.o
                0x000007e8                set_PWM_M1
 .text.set_PWM_M2
                0x00000840       0x58 .\CortexM0\ARM_GCC_541\Debug\MotorDrive.o
                0x00000840                set_PWM_M2
 .text.GetCurrentPWM_M2
                0x00000898        0xc .\CortexM0\ARM_GCC_541\Debug\MotorDrive.o
                0x00000898                GetCurrentPWM_M2
 .text.ClearPIDProgress
                0x000008a4       0x10 .\CortexM0\ARM_GCC_541\Debug\PositionPID.o
                0x000008a4                ClearPIDProgress
 .text.DisablePID
                0x000008b4        0xc .\CortexM0\ARM_GCC_541\Debug\PositionPID.o
                0x000008b4                DisablePID
 .text.EnablePID
                0x000008c0        0xc .\CortexM0\ARM_GCC_541\Debug\PositionPID.o
                0x000008c0                EnablePID
 .text.PIDIsEnabled
                0x000008cc        0xc .\CortexM0\ARM_GCC_541\Debug\PositionPID.o
                0x000008cc                PIDIsEnabled
 .text.InitializePID
                0x000008d8       0x20 .\CortexM0\ARM_GCC_541\Debug\PositionPID.o
                0x000008d8                InitializePID
 .text.GetPotVal
                0x000008f8       0x34 .\CortexM0\ARM_GCC_541\Debug\PositionPID.o
                0x000008f8                GetPotVal
 .text.UpdateConversion
                0x0000092c       0x44 .\CortexM0\ARM_GCC_541\Debug\PositionPID.o
                0x0000092c                UpdateConversion
 .text.GetkPosition
                0x00000970        0xc .\CortexM0\ARM_GCC_541\Debug\PositionPID.o
                0x00000970                GetkPosition
 .text.GetkIntegral
                0x0000097c        0xc .\CortexM0\ARM_GCC_541\Debug\PositionPID.o
                0x0000097c                GetkIntegral
 .text.GetkDerivative
                0x00000988        0xc .\CortexM0\ARM_GCC_541\Debug\PositionPID.o
                0x00000988                GetkDerivative
 .text.GetConversion
                0x00000994        0xc .\CortexM0\ARM_GCC_541\Debug\PositionPID.o
                0x00000994                GetConversion
 .text.GetTickMax
                0x000009a0        0xc .\CortexM0\ARM_GCC_541\Debug\PositionPID.o
                0x000009a0                GetTickMax
 .text.GetTickMin
                0x000009ac        0xc .\CortexM0\ARM_GCC_541\Debug\PositionPID.o
                0x000009ac                GetTickMin
 .text.GetmDegMax
                0x000009b8        0xc .\CortexM0\ARM_GCC_541\Debug\PositionPID.o
                0x000009b8                GetmDegMax
 .text.GetmDegMin
                0x000009c4        0xc .\CortexM0\ARM_GCC_541\Debug\PositionPID.o
                0x000009c4                GetmDegMin
 .text.GetUsingPot
                0x000009d0        0xc .\CortexM0\ARM_GCC_541\Debug\PositionPID.o
                0x000009d0                GetUsingPot
 .text.SetMaxPIDPWM
                0x000009dc        0xc .\CortexM0\ARM_GCC_541\Debug\PositionPID.o
                0x000009dc                SetMaxPIDPWM
 .text.SetkPosition
                0x000009e8        0xc .\CortexM0\ARM_GCC_541\Debug\PositionPID.o
                0x000009e8                SetkPosition
 .text.SetkIntegral
                0x000009f4        0xc .\CortexM0\ARM_GCC_541\Debug\PositionPID.o
                0x000009f4                SetkIntegral
 .text.SetkDerivative
                0x00000a00        0xc .\CortexM0\ARM_GCC_541\Debug\PositionPID.o
                0x00000a00                SetkDerivative
 .text.setTickMin
                0x00000a0c        0xc .\CortexM0\ARM_GCC_541\Debug\PositionPID.o
                0x00000a0c                setTickMin
 .text.setTickMax
                0x00000a18        0xc .\CortexM0\ARM_GCC_541\Debug\PositionPID.o
                0x00000a18                setTickMax
 .text.setmDegMin
                0x00000a24        0xc .\CortexM0\ARM_GCC_541\Debug\PositionPID.o
                0x00000a24                setmDegMin
 .text.setmDegMax
                0x00000a30        0xc .\CortexM0\ARM_GCC_541\Debug\PositionPID.o
                0x00000a30                setmDegMax
 .text.setUsingPot
                0x00000a3c        0xc .\CortexM0\ARM_GCC_541\Debug\PositionPID.o
                0x00000a3c                setUsingPot
 .text.SetConversion
                0x00000a48        0xc .\CortexM0\ARM_GCC_541\Debug\PositionPID.o
                0x00000a48                SetConversion
 .text.GetPositionmDeg
                0x00000a54       0x70 .\CortexM0\ARM_GCC_541\Debug\PositionPID.o
                0x00000a54                GetPositionmDeg
 .text.Position_PID
                0x00000ac4       0x7c .\CortexM0\ARM_GCC_541\Debug\PositionPID.o
                0x00000ac4                Position_PID
 .text.SetPosition
                0x00000b40       0x64 .\CortexM0\ARM_GCC_541\Debug\PositionPID.o
                0x00000b40                SetPosition
 .text.GetLimitSwNumFromPacket
                0x00000ba4        0x4 .\CortexM0\ARM_GCC_541\Debug\Motor_Unit_CAN.o
 .text.GetEncCountFromPacket
                0x00000ba8       0x10 .\CortexM0\ARM_GCC_541\Debug\Motor_Unit_CAN.o
 .text.SendEncoderData
                0x00000bb8       0x24 .\CortexM0\ARM_GCC_541\Debug\Motor_Unit_CAN.o
                0x00000bb8                SendEncoderData
 .text.NextStateFromCAN
                0x00000bdc      0x4d4 .\CortexM0\ARM_GCC_541\Debug\Motor_Unit_CAN.o
                0x00000bdc                NextStateFromCAN
 .text.GotoUninitState
                0x000010b0       0x14 .\CortexM0\ARM_GCC_541\Debug\Motor_Unit_FSM.o
                0x000010b0                GotoUninitState
 .text.SetStateTo
                0x000010c4        0xc .\CortexM0\ARM_GCC_541\Debug\Motor_Unit_FSM.o
                0x000010c4                SetStateTo
 .text.SetModeTo
                0x000010d0        0xc .\CortexM0\ARM_GCC_541\Debug\Motor_Unit_FSM.o
                0x000010d0                SetModeTo
 .text.GetState
                0x000010dc        0xc .\CortexM0\ARM_GCC_541\Debug\Motor_Unit_FSM.o
                0x000010dc                GetState
 .text.GetMode  0x000010e8        0xc .\CortexM0\ARM_GCC_541\Debug\Motor_Unit_FSM.o
                0x000010e8                GetMode
 .text.PositionConstIsSet
                0x000010f4       0x10 .\CortexM0\ARM_GCC_541\Debug\Motor_Unit_FSM.o
                0x000010f4                PositionConstIsSet
 .text.IntegralConstIsSet
                0x00001104       0x10 .\CortexM0\ARM_GCC_541\Debug\Motor_Unit_FSM.o
                0x00001104                IntegralConstIsSet
 .text.DerivativeConstIsSet
                0x00001114       0x10 .\CortexM0\ARM_GCC_541\Debug\Motor_Unit_FSM.o
                0x00001114                DerivativeConstIsSet
 .text.PIDconstsSet
                0x00001124       0x14 .\CortexM0\ARM_GCC_541\Debug\Motor_Unit_FSM.o
                0x00001124                PIDconstsSet
 .text.InitCAN_swerve
                0x00001138      0x11c .\CortexM0\ARM_GCC_541\Debug\PortPSOC_swerve.o
                0x00001138                InitCAN_swerve
 .text.SendCANPacket
                0x00001254       0x40 .\CortexM0\ARM_GCC_541\Debug\PortPSOC_swerve.o
                0x00001254                SendCANPacket
 .text.getLocalDeviceSerial
                0x00001294        0xc .\CortexM0\ARM_GCC_541\Debug\PortPSOC_swerve.o
                0x00001294                getLocalDeviceSerial
 .text.getLocalDeviceGroup
                0x000012a0        0xc .\CortexM0\ARM_GCC_541\Debug\PortPSOC_swerve.o
                0x000012a0                getLocalDeviceGroup
 .text.getChipType
                0x000012ac        0x4 .\CortexM0\ARM_GCC_541\Debug\PortPSOC_swerve.o
                0x000012ac                getChipType
 .text.FIFOSize
                0x000012b0       0x48 .\CortexM0\ARM_GCC_541\Debug\PortPSOC_swerve.o
                0x000012b0                FIFOSize
 .text.countAddFIFO
                0x000012f8       0x50 .\CortexM0\ARM_GCC_541\Debug\PortPSOC_swerve.o
                0x000012f8                countAddFIFO
 .text.CAN_FLAG_ISR
                0x00001348      0x12c .\CortexM0\ARM_GCC_541\Debug\PortPSOC_swerve.o
                0x00001348                CAN_FLAG_ISR
 .text.countRemoveFIFO
                0x00001474       0x28 .\CortexM0\ARM_GCC_541\Debug\PortPSOC_swerve.o
                0x00001474                countRemoveFIFO
 .text.PollAndReceiveCANPacket
                0x0000149c       0x4c .\CortexM0\ARM_GCC_541\Debug\PortPSOC_swerve.o
                0x0000149c                PollAndReceiveCANPacket
 .text.AssembleChipTypeReportPacket
                0x000014e8       0x24 .\CortexM0\ARM_GCC_541\Debug\CANCommon.o
                0x000014e8                AssembleChipTypeReportPacket
 .text.AssembleTelemetryReportPacket
                0x0000150c       0x2c .\CortexM0\ARM_GCC_541\Debug\CANCommon.o
                0x0000150c                AssembleTelemetryReportPacket
 .text.DecodeTelemetryType
                0x00001538        0x4 .\CortexM0\ARM_GCC_541\Debug\CANCommon.o
                0x00001538                DecodeTelemetryType
 .text.GetModeFromPacket
                0x0000153c        0x4 .\CortexM0\ARM_GCC_541\Debug\CANMotorUnit.o
                0x0000153c                GetModeFromPacket
 .text.GetPWMFromPacket
                0x00001540       0x10 .\CortexM0\ARM_GCC_541\Debug\CANMotorUnit.o
                0x00001540                GetPWMFromPacket
 .text.GetPIDTargetFromPacket
                0x00001550       0x10 .\CortexM0\ARM_GCC_541\Debug\CANMotorUnit.o
                0x00001550                GetPIDTargetFromPacket
 .text.GetPFromPacket
                0x00001560       0x10 .\CortexM0\ARM_GCC_541\Debug\CANMotorUnit.o
                0x00001560                GetPFromPacket
 .text.GetIFromPacket
                0x00001570       0x10 .\CortexM0\ARM_GCC_541\Debug\CANMotorUnit.o
                0x00001570                GetIFromPacket
 .text.GetDFromPacket
                0x00001580       0x10 .\CortexM0\ARM_GCC_541\Debug\CANMotorUnit.o
                0x00001580                GetDFromPacket
 .text.AssembleLimitSwitchAlertPacket
                0x00001590       0x20 .\CortexM0\ARM_GCC_541\Debug\CANMotorUnit.o
                0x00001590                AssembleLimitSwitchAlertPacket
 .text.GetEncoderPPJRFromPacket
                0x000015b0       0x10 .\CortexM0\ARM_GCC_541\Debug\CANMotorUnit.o
                0x000015b0                GetEncoderPPJRFromPacket
 .text.GetPotADCFromPacket
                0x000015c0       0x10 .\CortexM0\ARM_GCC_541\Debug\CANMotorUnit.o
                0x000015c0                GetPotADCFromPacket
 .text.GetPotmDegFromPacket
                0x000015d0       0x10 .\CortexM0\ARM_GCC_541\Debug\CANMotorUnit.o
                0x000015d0                GetPotmDegFromPacket
 .text.GetEncoderZeroFromPacket
                0x000015e0        0x8 .\CortexM0\ARM_GCC_541\Debug\CANMotorUnit.o
                0x000015e0                GetEncoderZeroFromPacket
 .text.GetMaxPIDPWMFromPacket
                0x000015e8       0x10 .\CortexM0\ARM_GCC_541\Debug\CANMotorUnit.o
                0x000015e8                GetMaxPIDPWMFromPacket
 .text.ConstructCANID
                0x000015f8       0x1c .\CortexM0\ARM_GCC_541\Debug\CANPacket.o
                0x000015f8                ConstructCANID
 .text.WriteSenderSerialAndPacketID
                0x00001614       0x18 .\CortexM0\ARM_GCC_541\Debug\CANPacket.o
                0x00001614                WriteSenderSerialAndPacketID
 .text.GetDeviceSerialNumber
                0x0000162c        0x8 .\CortexM0\ARM_GCC_541\Debug\CANPacket.o
                0x0000162c                GetDeviceSerialNumber
 .text.GetSenderDeviceSerialNumber
                0x00001634        0x4 .\CortexM0\ARM_GCC_541\Debug\CANPacket.o
                0x00001634                GetSenderDeviceSerialNumber
 .text.GetSenderDeviceGroupCode
                0x00001638        0x4 .\CortexM0\ARM_GCC_541\Debug\CANPacket.o
                0x00001638                GetSenderDeviceGroupCode
 .text.PackIntIntoDataMSBFirst
                0x0000163c       0x18 .\CortexM0\ARM_GCC_541\Debug\CANPacket.o
                0x0000163c                PackIntIntoDataMSBFirst
 .text.DecodeBytesToIntMSBFirst
                0x00001654       0x44 .\CortexM0\ARM_GCC_541\Debug\CANPacket.o
                0x00001654                DecodeBytesToIntMSBFirst
 .text.cfg_write_bytes32
                0x00001698       0x34 .\CortexM0\ARM_GCC_541\Debug\cyfitter_cfg.o
 .text.CYMEMZERO
                0x000016cc        0xc .\CortexM0\ARM_GCC_541\Debug\cyfitter_cfg.o
 .text.SetAnalogRoutingPumps
                0x000016d8       0x20 .\CortexM0\ARM_GCC_541\Debug\cyfitter_cfg.o
                0x000016d8                SetAnalogRoutingPumps
 .text.AnalogSetDefault
                0x000016f8       0x3c .\CortexM0\ARM_GCC_541\Debug\cyfitter_cfg.o
 .text.IntDefaultHandler
                0x00001734       0x10 .\CortexM0\ARM_GCC_541\Debug\Cm0Start.o
                0x00001734                IntDefaultHandler
 .text._sbrk    0x00001744       0x30 .\CortexM0\ARM_GCC_541\Debug\Cm0Start.o
                0x00001744                _sbrk
 .text.Start_c  0x00001774       0x48 .\CortexM0\ARM_GCC_541\Debug\Cm0Start.o
                0x00001774                Start_c
 .text.initialize_psoc
                0x000017bc       0x4c .\CortexM0\ARM_GCC_541\Debug\Cm0Start.o
                0x000017bc                initialize_psoc
 .text.Limit1_Read
                0x00001808       0x10 .\CortexM0\ARM_GCC_541\Debug\SwerveMotorFirmware.a(Limit1.o)
                0x00001808                Limit1_Read
 .text.Limit2_Read
                0x00001818       0x10 .\CortexM0\ARM_GCC_541\Debug\SwerveMotorFirmware.a(Limit2.o)
                0x00001818                Limit2_Read
 .text.PWM_Motor1_WriteCounter
                0x00001828       0x10 .\CortexM0\ARM_GCC_541\Debug\SwerveMotorFirmware.a(PWM_Motor1.o)
                0x00001828                PWM_Motor1_WriteCounter
 .text.PWM_Motor1_WritePeriod
                0x00001838       0x10 .\CortexM0\ARM_GCC_541\Debug\SwerveMotorFirmware.a(PWM_Motor1.o)
                0x00001838                PWM_Motor1_WritePeriod
 .text.PWM_Motor1_WriteCompare
                0x00001848       0x10 .\CortexM0\ARM_GCC_541\Debug\SwerveMotorFirmware.a(PWM_Motor1.o)
                0x00001848                PWM_Motor1_WriteCompare
 .text.PWM_Motor1_TriggerCommand
                0x00001858       0x1c .\CortexM0\ARM_GCC_541\Debug\SwerveMotorFirmware.a(PWM_Motor1.o)
                0x00001858                PWM_Motor1_TriggerCommand
 .text.PWM_Motor1_Enable
                0x00001874       0x24 .\CortexM0\ARM_GCC_541\Debug\SwerveMotorFirmware.a(PWM_Motor1.o)
                0x00001874                PWM_Motor1_Enable
 .text.PWM_Motor1_SetInterruptMode
                0x00001898        0xc .\CortexM0\ARM_GCC_541\Debug\SwerveMotorFirmware.a(PWM_Motor1.o)
                0x00001898                PWM_Motor1_SetInterruptMode
 .text.PWM_Motor1_Init
                0x000018a4       0x48 .\CortexM0\ARM_GCC_541\Debug\SwerveMotorFirmware.a(PWM_Motor1.o)
                0x000018a4                PWM_Motor1_Init
 .text.PWM_Motor1_Start
                0x000018ec       0x20 .\CortexM0\ARM_GCC_541\Debug\SwerveMotorFirmware.a(PWM_Motor1.o)
                0x000018ec                PWM_Motor1_Start
 .text.isr_Limit_1_SetVector
                0x0000190c        0xc .\CortexM0\ARM_GCC_541\Debug\SwerveMotorFirmware.a(isr_Limit_1.o)
                0x0000190c                isr_Limit_1_SetVector
 .text.isr_Limit_1_SetPriority
                0x00001918       0x24 .\CortexM0\ARM_GCC_541\Debug\SwerveMotorFirmware.a(isr_Limit_1.o)
                0x00001918                isr_Limit_1_SetPriority
 .text.isr_Limit_1_Enable
                0x0000193c        0xc .\CortexM0\ARM_GCC_541\Debug\SwerveMotorFirmware.a(isr_Limit_1.o)
                0x0000193c                isr_Limit_1_Enable
 .text.isr_Limit_1_Disable
                0x00001948        0xc .\CortexM0\ARM_GCC_541\Debug\SwerveMotorFirmware.a(isr_Limit_1.o)
                0x00001948                isr_Limit_1_Disable
 .text.isr_Limit_1_StartEx
                0x00001954       0x1c .\CortexM0\ARM_GCC_541\Debug\SwerveMotorFirmware.a(isr_Limit_1.o)
                0x00001954                isr_Limit_1_StartEx
 .text.Pin_Encoder_A_Read
                0x00001970       0x10 .\CortexM0\ARM_GCC_541\Debug\SwerveMotorFirmware.a(Pin_Encoder_A.o)
                0x00001970                Pin_Encoder_A_Read
 .text.Pin_Encoder_B_Read
                0x00001980       0x10 .\CortexM0\ARM_GCC_541\Debug\SwerveMotorFirmware.a(Pin_Encoder_B.o)
                0x00001980                Pin_Encoder_B_Read
 .text.Status_Reg_Switches_Read
                0x00001990        0xc .\CortexM0\ARM_GCC_541\Debug\SwerveMotorFirmware.a(Status_Reg_Switches.o)
                0x00001990                Status_Reg_Switches_Read
 .text.Status_Reg_Switches_InterruptEnable
                0x0000199c       0x1c .\CortexM0\ARM_GCC_541\Debug\SwerveMotorFirmware.a(Status_Reg_Switches.o)
                0x0000199c                Status_Reg_Switches_InterruptEnable
 .text.CAN_GlobalIntEnable
                0x000019b8       0x1c .\CortexM0\ARM_GCC_541\Debug\SwerveMotorFirmware.a(CAN.o)
                0x000019b8                CAN_GlobalIntEnable
 .text.CAN_Enable
                0x000019d4       0x48 .\CortexM0\ARM_GCC_541\Debug\SwerveMotorFirmware.a(CAN.o)
                0x000019d4                CAN_Enable
 .text.CAN_SetPreScaler
                0x00001a1c       0x38 .\CortexM0\ARM_GCC_541\Debug\SwerveMotorFirmware.a(CAN.o)
                0x00001a1c                CAN_SetPreScaler
 .text.CAN_SetArbiter
                0x00001a54       0x40 .\CortexM0\ARM_GCC_541\Debug\SwerveMotorFirmware.a(CAN.o)
                0x00001a54                CAN_SetArbiter
 .text.CAN_SetTsegSample
                0x00001a94       0xa0 .\CortexM0\ARM_GCC_541\Debug\SwerveMotorFirmware.a(CAN.o)
                0x00001a94                CAN_SetTsegSample
 .text.CAN_SetRestartType
                0x00001b34       0x38 .\CortexM0\ARM_GCC_541\Debug\SwerveMotorFirmware.a(CAN.o)
                0x00001b34                CAN_SetRestartType
 .text.CAN_SetEdgeMode
                0x00001b6c       0x38 .\CortexM0\ARM_GCC_541\Debug\SwerveMotorFirmware.a(CAN.o)
                0x00001b6c                CAN_SetEdgeMode
 .text.CAN_SetIrqMask
                0x00001ba4       0x1c .\CortexM0\ARM_GCC_541\Debug\SwerveMotorFirmware.a(CAN.o)
                0x00001ba4                CAN_SetIrqMask
 .text.CAN_RxBufConfig
                0x00001bc0       0x98 .\CortexM0\ARM_GCC_541\Debug\SwerveMotorFirmware.a(CAN.o)
                0x00001bc0                CAN_RxBufConfig
 .text.CAN_TxBufConfig
                0x00001c58       0x58 .\CortexM0\ARM_GCC_541\Debug\SwerveMotorFirmware.a(CAN.o)
                0x00001c58                CAN_TxBufConfig
 .text.CAN_RxTxBuffersConfig
                0x00001cb0       0x54 .\CortexM0\ARM_GCC_541\Debug\SwerveMotorFirmware.a(CAN.o)
                0x00001cb0                CAN_RxTxBuffersConfig
 .text.CAN_SetSwapDataEndianness
                0x00001d04       0x40 .\CortexM0\ARM_GCC_541\Debug\SwerveMotorFirmware.a(CAN.o)
                0x00001d04                CAN_SetSwapDataEndianness
 .text.CAN_Init
                0x00001d44       0xe8 .\CortexM0\ARM_GCC_541\Debug\SwerveMotorFirmware.a(CAN.o)
                0x00001d44                CAN_Init
 .text.CAN_Start
                0x00001e2c       0x28 .\CortexM0\ARM_GCC_541\Debug\SwerveMotorFirmware.a(CAN.o)
                0x00001e2c                CAN_Start
 .text.CAN_ISR  0x00001e54        0x4 .\CortexM0\ARM_GCC_541\Debug\SwerveMotorFirmware.a(CAN_INT.o)
                0x00001e54                CAN_ISR
 .text.CAN_SendMsg
                0x00001e58      0x154 .\CortexM0\ARM_GCC_541\Debug\SwerveMotorFirmware.a(CAN_TX_RX_func.o)
                0x00001e58                CAN_SendMsg
 .text.UART_ScbEnableIntr
                0x00001fac        0xc .\CortexM0\ARM_GCC_541\Debug\SwerveMotorFirmware.a(UART.o)
 .text.UART_ScbModePostEnable
                0x00001fb8        0x8 .\CortexM0\ARM_GCC_541\Debug\SwerveMotorFirmware.a(UART.o)
 .text.UART_Init
                0x00001fc0        0x8 .\CortexM0\ARM_GCC_541\Debug\SwerveMotorFirmware.a(UART.o)
                0x00001fc0                UART_Init
 .text.UART_Enable
                0x00001fc8       0x1c .\CortexM0\ARM_GCC_541\Debug\SwerveMotorFirmware.a(UART.o)
                0x00001fc8                UART_Enable
 .text.UART_Start
                0x00001fe4       0x20 .\CortexM0\ARM_GCC_541\Debug\SwerveMotorFirmware.a(UART.o)
                0x00001fe4                UART_Start
 .text.UART_SpiUartReadRxData
                0x00002004       0x34 .\CortexM0\ARM_GCC_541\Debug\SwerveMotorFirmware.a(UART_SPI_UART.o)
                0x00002004                UART_SpiUartReadRxData
 .text.UART_SpiUartGetRxBufferSize
                0x00002038       0x28 .\CortexM0\ARM_GCC_541\Debug\SwerveMotorFirmware.a(UART_SPI_UART.o)
                0x00002038                UART_SpiUartGetRxBufferSize
 .text.UART_SpiUartWriteTxData
                0x00002060       0x1c .\CortexM0\ARM_GCC_541\Debug\SwerveMotorFirmware.a(UART_SPI_UART.o)
                0x00002060                UART_SpiUartWriteTxData
 .text.UART_UartInit
                0x0000207c       0xdc .\CortexM0\ARM_GCC_541\Debug\SwerveMotorFirmware.a(UART_UART.o)
                0x0000207c                UART_UartInit
 .text.UART_UartPostEnable
                0x00002158       0x24 .\CortexM0\ARM_GCC_541\Debug\SwerveMotorFirmware.a(UART_UART.o)
                0x00002158                UART_UartPostEnable
 .text.UART_UartGetByte
                0x0000217c       0x4c .\CortexM0\ARM_GCC_541\Debug\SwerveMotorFirmware.a(UART_UART.o)
                0x0000217c                UART_UartGetByte
 .text.UART_UartPutString
                0x000021c8       0x18 .\CortexM0\ARM_GCC_541\Debug\SwerveMotorFirmware.a(UART_UART.o)
                0x000021c8                UART_UartPutString
 .text.Dip1_Read
                0x000021e0       0x10 .\CortexM0\ARM_GCC_541\Debug\SwerveMotorFirmware.a(Dip1.o)
                0x000021e0                Dip1_Read
 .text.Dip2_Read
                0x000021f0       0x10 .\CortexM0\ARM_GCC_541\Debug\SwerveMotorFirmware.a(Dip2.o)
                0x000021f0                Dip2_Read
 .text.Dip3_Read
                0x00002200       0x10 .\CortexM0\ARM_GCC_541\Debug\SwerveMotorFirmware.a(Dip3.o)
                0x00002200                Dip3_Read
 .text.Dip4_Read
                0x00002210       0x10 .\CortexM0\ARM_GCC_541\Debug\SwerveMotorFirmware.a(Dip4.o)
                0x00002210                Dip4_Read
 .text.Timer_1_Enable
                0x00002220       0x14 .\CortexM0\ARM_GCC_541\Debug\SwerveMotorFirmware.a(Timer_1.o)
                0x00002220                Timer_1_Enable
 .text.Timer_1_SetInterruptMode
                0x00002234        0xc .\CortexM0\ARM_GCC_541\Debug\SwerveMotorFirmware.a(Timer_1.o)
                0x00002234                Timer_1_SetInterruptMode
 .text.Timer_1_ReadStatusRegister
                0x00002240        0xc .\CortexM0\ARM_GCC_541\Debug\SwerveMotorFirmware.a(Timer_1.o)
                0x00002240                Timer_1_ReadStatusRegister
 .text.Timer_1_WritePeriod
                0x0000224c       0x10 .\CortexM0\ARM_GCC_541\Debug\SwerveMotorFirmware.a(Timer_1.o)
                0x0000224c                Timer_1_WritePeriod
 .text.Timer_1_ReadCapture
                0x0000225c       0x10 .\CortexM0\ARM_GCC_541\Debug\SwerveMotorFirmware.a(Timer_1.o)
                0x0000225c                Timer_1_ReadCapture
 .text.Timer_1_WriteCounter
                0x0000226c       0x10 .\CortexM0\ARM_GCC_541\Debug\SwerveMotorFirmware.a(Timer_1.o)
                0x0000226c                Timer_1_WriteCounter
 .text.Timer_1_ClearFIFO
                0x0000227c       0x14 .\CortexM0\ARM_GCC_541\Debug\SwerveMotorFirmware.a(Timer_1.o)
                0x0000227c                Timer_1_ClearFIFO
 .text.Timer_1_Init
                0x00002290       0x38 .\CortexM0\ARM_GCC_541\Debug\SwerveMotorFirmware.a(Timer_1.o)
                0x00002290                Timer_1_Init
 .text.Timer_1_Start
                0x000022c8       0x20 .\CortexM0\ARM_GCC_541\Debug\SwerveMotorFirmware.a(Timer_1.o)
                0x000022c8                Timer_1_Start
 .text.isr_period_SetVector
                0x000022e8        0xc .\CortexM0\ARM_GCC_541\Debug\SwerveMotorFirmware.a(isr_period.o)
                0x000022e8                isr_period_SetVector
 .text.isr_period_SetPriority
                0x000022f4       0x24 .\CortexM0\ARM_GCC_541\Debug\SwerveMotorFirmware.a(isr_period.o)
                0x000022f4                isr_period_SetPriority
 .text.isr_period_Enable
                0x00002318        0xc .\CortexM0\ARM_GCC_541\Debug\SwerveMotorFirmware.a(isr_period.o)
                0x00002318                isr_period_Enable
 .text.isr_period_Disable
                0x00002324        0xc .\CortexM0\ARM_GCC_541\Debug\SwerveMotorFirmware.a(isr_period.o)
                0x00002324                isr_period_Disable
 .text.isr_period_StartEx
                0x00002330       0x1c .\CortexM0\ARM_GCC_541\Debug\SwerveMotorFirmware.a(isr_period.o)
                0x00002330                isr_period_StartEx
 .text.LED_Debug1_Write
                0x0000234c       0x18 .\CortexM0\ARM_GCC_541\Debug\SwerveMotorFirmware.a(LED_Debug1.o)
                0x0000234c                LED_Debug1_Write
 .text.LED_Debug2_Write
                0x00002364       0x18 .\CortexM0\ARM_GCC_541\Debug\SwerveMotorFirmware.a(LED_Debug2.o)
                0x00002364                LED_Debug2_Write
 .text.LED_CAN_Write
                0x0000237c       0x18 .\CortexM0\ARM_GCC_541\Debug\SwerveMotorFirmware.a(LED_CAN.o)
                0x0000237c                LED_CAN_Write
 .text.LED_Error_Write
                0x00002394       0x18 .\CortexM0\ARM_GCC_541\Debug\SwerveMotorFirmware.a(LED_Error.o)
                0x00002394                LED_Error_Write
 .text.StripLights_FISR
                0x000023ac       0x60 .\CortexM0\ARM_GCC_541\Debug\SwerveMotorFirmware.a(StripLights.o)
                0x000023ac                StripLights_FISR
 .text.StripLights_CISR
                0x0000240c       0x7c .\CortexM0\ARM_GCC_541\Debug\SwerveMotorFirmware.a(StripLights.o)
                0x0000240c                StripLights_CISR
 .text.StripLights_Trigger
                0x00002488       0x6c .\CortexM0\ARM_GCC_541\Debug\SwerveMotorFirmware.a(StripLights.o)
                0x00002488                StripLights_Trigger
 .text.StripLights_MemClear
                0x000024f4       0x28 .\CortexM0\ARM_GCC_541\Debug\SwerveMotorFirmware.a(StripLights.o)
                0x000024f4                StripLights_MemClear
 .text.StripLights_DisplayClear
                0x0000251c       0x10 .\CortexM0\ARM_GCC_541\Debug\SwerveMotorFirmware.a(StripLights.o)
                0x0000251c                StripLights_DisplayClear
 .text.StripLights_Pixel
                0x0000252c       0x24 .\CortexM0\ARM_GCC_541\Debug\SwerveMotorFirmware.a(StripLights.o)
                0x0000252c                StripLights_Pixel
 .text.StripLights_Dim
                0x00002550       0x78 .\CortexM0\ARM_GCC_541\Debug\SwerveMotorFirmware.a(StripLights.o)
                0x00002550                StripLights_Dim
 .text.StripLights_Start
                0x000025c8       0x7c .\CortexM0\ARM_GCC_541\Debug\SwerveMotorFirmware.a(StripLights.o)
                0x000025c8                StripLights_Start
 .text.StripLights_SetFont
                0x00002644       0x4c .\CortexM0\ARM_GCC_541\Debug\SwerveMotorFirmware.a(StripLights_fonts.o)
                0x00002644                StripLights_SetFont
 .text.PWM_Motor2_WriteCounter
                0x00002690       0x10 .\CortexM0\ARM_GCC_541\Debug\SwerveMotorFirmware.a(PWM_Motor2.o)
                0x00002690                PWM_Motor2_WriteCounter
 .text.PWM_Motor2_WritePeriod
                0x000026a0       0x10 .\CortexM0\ARM_GCC_541\Debug\SwerveMotorFirmware.a(PWM_Motor2.o)
                0x000026a0                PWM_Motor2_WritePeriod
 .text.PWM_Motor2_WriteCompare
                0x000026b0       0x10 .\CortexM0\ARM_GCC_541\Debug\SwerveMotorFirmware.a(PWM_Motor2.o)
                0x000026b0                PWM_Motor2_WriteCompare
 .text.PWM_Motor2_TriggerCommand
                0x000026c0       0x1c .\CortexM0\ARM_GCC_541\Debug\SwerveMotorFirmware.a(PWM_Motor2.o)
                0x000026c0                PWM_Motor2_TriggerCommand
 .text.PWM_Motor2_Enable
                0x000026dc       0x24 .\CortexM0\ARM_GCC_541\Debug\SwerveMotorFirmware.a(PWM_Motor2.o)
                0x000026dc                PWM_Motor2_Enable
 .text.PWM_Motor2_SetInterruptMode
                0x00002700        0xc .\CortexM0\ARM_GCC_541\Debug\SwerveMotorFirmware.a(PWM_Motor2.o)
                0x00002700                PWM_Motor2_SetInterruptMode
 .text.PWM_Motor2_Init
                0x0000270c       0x48 .\CortexM0\ARM_GCC_541\Debug\SwerveMotorFirmware.a(PWM_Motor2.o)
                0x0000270c                PWM_Motor2_Init
 .text.PWM_Motor2_Start
                0x00002754       0x20 .\CortexM0\ARM_GCC_541\Debug\SwerveMotorFirmware.a(PWM_Motor2.o)
                0x00002754                PWM_Motor2_Start
 .text.Motor1Direction_Write
                0x00002774       0x18 .\CortexM0\ARM_GCC_541\Debug\SwerveMotorFirmware.a(Motor1Direction.o)
                0x00002774                Motor1Direction_Write
 .text.Motor2Direction_Write
                0x0000278c       0x18 .\CortexM0\ARM_GCC_541\Debug\SwerveMotorFirmware.a(Motor2Direction.o)
                0x0000278c                Motor2Direction_Write
 .text.StripLights_cisr_SetVector
                0x000027a4        0xc .\CortexM0\ARM_GCC_541\Debug\SwerveMotorFirmware.a(StripLights_cisr.o)
                0x000027a4                StripLights_cisr_SetVector
 .text.StripLights_cisr_SetPriority
                0x000027b0       0x20 .\CortexM0\ARM_GCC_541\Debug\SwerveMotorFirmware.a(StripLights_cisr.o)
                0x000027b0                StripLights_cisr_SetPriority
 .text.StripLights_cisr_Enable
                0x000027d0        0xc .\CortexM0\ARM_GCC_541\Debug\SwerveMotorFirmware.a(StripLights_cisr.o)
                0x000027d0                StripLights_cisr_Enable
 .text.StripLights_cisr_Disable
                0x000027dc        0xc .\CortexM0\ARM_GCC_541\Debug\SwerveMotorFirmware.a(StripLights_cisr.o)
                0x000027dc                StripLights_cisr_Disable
 .text.StripLights_cisr_StartEx
                0x000027e8       0x1c .\CortexM0\ARM_GCC_541\Debug\SwerveMotorFirmware.a(StripLights_cisr.o)
                0x000027e8                StripLights_cisr_StartEx
 .text.StripLights_fisr_SetVector
                0x00002804        0xc .\CortexM0\ARM_GCC_541\Debug\SwerveMotorFirmware.a(StripLights_fisr.o)
                0x00002804                StripLights_fisr_SetVector
 .text.StripLights_fisr_SetPriority
                0x00002810       0x24 .\CortexM0\ARM_GCC_541\Debug\SwerveMotorFirmware.a(StripLights_fisr.o)
                0x00002810                StripLights_fisr_SetPriority
 .text.StripLights_fisr_Enable
                0x00002834        0xc .\CortexM0\ARM_GCC_541\Debug\SwerveMotorFirmware.a(StripLights_fisr.o)
                0x00002834                StripLights_fisr_Enable
 .text.StripLights_fisr_Disable
                0x00002840        0xc .\CortexM0\ARM_GCC_541\Debug\SwerveMotorFirmware.a(StripLights_fisr.o)
                0x00002840                StripLights_fisr_Disable
 .text.StripLights_fisr_StartEx
                0x0000284c       0x1c .\CortexM0\ARM_GCC_541\Debug\SwerveMotorFirmware.a(StripLights_fisr.o)
                0x0000284c                StripLights_fisr_StartEx
 .text.CySysClkImoSetPwrBgTrim5
                0x00002868       0x30 .\CortexM0\ARM_GCC_541\Debug\SwerveMotorFirmware.a(CyLib.o)
 .text.CySysClkImoSetImoTrims
                0x00002898       0xb0 .\CortexM0\ARM_GCC_541\Debug\SwerveMotorFirmware.a(CyLib.o)
 .text.CySysClkImoDisableWcoLock
                0x00002948       0x54 .\CortexM0\ARM_GCC_541\Debug\SwerveMotorFirmware.a(CyLib.o)
                0x00002948                CySysClkImoDisableWcoLock
 .text.CySysClkImoGetWcoLock
                0x0000299c       0x14 .\CortexM0\ARM_GCC_541\Debug\SwerveMotorFirmware.a(CyLib.o)
                0x0000299c                CySysClkImoGetWcoLock
 .text.CySysClkImoEnableUsbLock
                0x000029b0       0x44 .\CortexM0\ARM_GCC_541\Debug\SwerveMotorFirmware.a(CyLib.o)
                0x000029b0                CySysClkImoEnableUsbLock
 .text.CySysClkImoDisableUsbLock
                0x000029f4       0x74 .\CortexM0\ARM_GCC_541\Debug\SwerveMotorFirmware.a(CyLib.o)
                0x000029f4                CySysClkImoDisableUsbLock
 .text.CySysClkImoGetUsbLock
                0x00002a68       0x14 .\CortexM0\ARM_GCC_541\Debug\SwerveMotorFirmware.a(CyLib.o)
                0x00002a68                CySysClkImoGetUsbLock
 .text.CyIntEnable
                0x00002a7c       0x14 .\CortexM0\ARM_GCC_541\Debug\SwerveMotorFirmware.a(CyLib.o)
                0x00002a7c                CyIntEnable
 .text.CyIntDisable
                0x00002a90       0x14 .\CortexM0\ARM_GCC_541\Debug\SwerveMotorFirmware.a(CyLib.o)
                0x00002a90                CyIntDisable
 .text.CyHalt   0x00002aa4        0x4 .\CortexM0\ARM_GCC_541\Debug\SwerveMotorFirmware.a(CyLib.o)
                0x00002aa4                CyHalt
 .text.CyIntSetVector
                0x00002aa8       0x24 .\CortexM0\ARM_GCC_541\Debug\SwerveMotorFirmware.a(CyLib.o)
                0x00002aa8                CyIntSetVector
 .text.CyIntSetPriority
                0x00002acc       0x4c .\CortexM0\ARM_GCC_541\Debug\SwerveMotorFirmware.a(CyLib.o)
                0x00002acc                CyIntSetPriority
 .text.CyDelay  0x00002b18       0x30 .\CortexM0\ARM_GCC_541\Debug\SwerveMotorFirmware.a(CyLib.o)
                0x00002b18                CyDelay
 .text.CySysClkImoEnableWcoLock
                0x00002b48      0x104 .\CortexM0\ARM_GCC_541\Debug\SwerveMotorFirmware.a(CyLib.o)
                0x00002b48                CySysClkImoEnableWcoLock
 .text.CyDelayUs
                0x00002c4c       0x14 .\CortexM0\ARM_GCC_541\Debug\SwerveMotorFirmware.a(CyLib.o)
                0x00002c4c                CyDelayUs
 .text.CySysClkWriteImoFreq
                0x00002c60      0x1bc .\CortexM0\ARM_GCC_541\Debug\SwerveMotorFirmware.a(CyLib.o)
                0x00002c60                CySysClkWriteImoFreq
 .text.CySetReg24
                0x00002e1c       0x14 .\CortexM0\ARM_GCC_541\Debug\SwerveMotorFirmware.a(cyutils.o)
                0x00002e1c                CySetReg24
 .text.CyGetReg24
                0x00002e30       0x14 .\CortexM0\ARM_GCC_541\Debug\SwerveMotorFirmware.a(cyutils.o)
                0x00002e30                CyGetReg24
 .text.CySysWdtLocked
                0x00002e44       0x14 .\CortexM0\ARM_GCC_541\Debug\SwerveMotorFirmware.a(CyLFClk.o)
 .text.CySysClkWcoEnabled
                0x00002e58       0x14 .\CortexM0\ARM_GCC_541\Debug\SwerveMotorFirmware.a(CyLFClk.o)
                0x00002e58                CySysClkWcoEnabled
 .text.CySysWdtLock
                0x00002e6c       0x1c .\CortexM0\ARM_GCC_541\Debug\SwerveMotorFirmware.a(CyLFClk.o)
                0x00002e6c                CySysWdtLock
 .text.CySysWdtUnlock
                0x00002e88       0x30 .\CortexM0\ARM_GCC_541\Debug\SwerveMotorFirmware.a(CyLFClk.o)
                0x00002e88                CySysWdtUnlock
 .text.CySysWdtClearInterrupt
                0x00002eb8       0x4c .\CortexM0\ARM_GCC_541\Debug\SwerveMotorFirmware.a(CyLFClk.o)
                0x00002eb8                CySysWdtClearInterrupt
 .text.CySysWdtIsr
                0x00002f04       0xa4 .\CortexM0\ARM_GCC_541\Debug\SwerveMotorFirmware.a(CyLFClk.o)
                0x00002f04                CySysWdtIsr
 .text.isr_encA_SetVector
                0x00002fa8        0xc .\CortexM0\ARM_GCC_541\Debug\SwerveMotorFirmware.a(isr_encA.o)
                0x00002fa8                isr_encA_SetVector
 .text.isr_encA_SetPriority
                0x00002fb4       0x20 .\CortexM0\ARM_GCC_541\Debug\SwerveMotorFirmware.a(isr_encA.o)
                0x00002fb4                isr_encA_SetPriority
 .text.isr_encA_Enable
                0x00002fd4        0xc .\CortexM0\ARM_GCC_541\Debug\SwerveMotorFirmware.a(isr_encA.o)
                0x00002fd4                isr_encA_Enable
 .text.isr_encA_Disable
                0x00002fe0        0xc .\CortexM0\ARM_GCC_541\Debug\SwerveMotorFirmware.a(isr_encA.o)
                0x00002fe0                isr_encA_Disable
 .text.isr_encA_StartEx
                0x00002fec       0x1c .\CortexM0\ARM_GCC_541\Debug\SwerveMotorFirmware.a(isr_encA.o)
                0x00002fec                isr_encA_StartEx
 .text.isr_encB_SetVector
                0x00003008        0xc .\CortexM0\ARM_GCC_541\Debug\SwerveMotorFirmware.a(isr_encB.o)
                0x00003008                isr_encB_SetVector
 .text.isr_encB_SetPriority
                0x00003014       0x20 .\CortexM0\ARM_GCC_541\Debug\SwerveMotorFirmware.a(isr_encB.o)
                0x00003014                isr_encB_SetPriority
 .text.isr_encB_Enable
                0x00003034        0xc .\CortexM0\ARM_GCC_541\Debug\SwerveMotorFirmware.a(isr_encB.o)
                0x00003034                isr_encB_Enable
 .text.isr_encB_Disable
                0x00003040        0xc .\CortexM0\ARM_GCC_541\Debug\SwerveMotorFirmware.a(isr_encB.o)
                0x00003040                isr_encB_Disable
 .text.isr_encB_StartEx
                0x0000304c       0x1c .\CortexM0\ARM_GCC_541\Debug\SwerveMotorFirmware.a(isr_encB.o)
                0x0000304c                isr_encB_StartEx
 .text.ADC_Pot_StartConvert
                0x00003068       0x14 .\CortexM0\ARM_GCC_541\Debug\SwerveMotorFirmware.a(ADC_Pot.o)
                0x00003068                ADC_Pot_StartConvert
 .text.ADC_Pot_IsEndConversion
                0x0000307c       0x28 .\CortexM0\ARM_GCC_541\Debug\SwerveMotorFirmware.a(ADC_Pot.o)
                0x0000307c                ADC_Pot_IsEndConversion
 .text.ADC_Pot_GetResult16
                0x000030a4       0x2c .\CortexM0\ARM_GCC_541\Debug\SwerveMotorFirmware.a(ADC_Pot.o)
                0x000030a4                ADC_Pot_GetResult16
 .text          0x000030d0       0x20 .\CortexM0\ARM_GCC_541\Debug\SwerveMotorFirmware.a(CyBootAsmGnu.o)
                0x000030d0                CyDelayCycles
                0x000030e2                CyEnterCriticalSection
                0x000030ea                CyExitCriticalSection
 .text.UART_SPI_UART_ISR
                0x000030f0       0x78 .\CortexM0\ARM_GCC_541\Debug\SwerveMotorFirmware.a(UART_SPI_UART_INT.o)
                0x000030f0                UART_SPI_UART_ISR
 .text.CySysFlashSetWaitCycles
                0x00003168       0x54 .\CortexM0\ARM_GCC_541\Debug\SwerveMotorFirmware.a(CyFlash.o)
                0x00003168                CySysFlashSetWaitCycles
 .text          0x000031bc      0x114 c:/program files (x86)/cypress/psoc creator/4.4/psoc creator/import/gnu/arm/5.4.1/bin/../lib/gcc/arm-none-eabi/5.4.1/armv6-m\libgcc.a(_udivsi3.o)
                0x000031bc                __aeabi_uidiv
                0x000031bc                __udivsi3
                0x000032c8                __aeabi_uidivmod
 .text          0x000032d0      0x1d4 c:/program files (x86)/cypress/psoc creator/4.4/psoc creator/import/gnu/arm/5.4.1/bin/../lib/gcc/arm-none-eabi/5.4.1/armv6-m\libgcc.a(_divsi3.o)
                0x000032d0                __divsi3
                0x000032d0                __aeabi_idiv
                0x0000349c                __aeabi_idivmod
 .text          0x000034a4        0x4 c:/program files (x86)/cypress/psoc creator/4.4/psoc creator/import/gnu/arm/5.4.1/bin/../lib/gcc/arm-none-eabi/5.4.1/armv6-m\libgcc.a(_dvmd_tls.o)
                0x000034a4                __aeabi_idiv0
                0x000034a4                __aeabi_ldiv0
 .text          0x000034a8       0x7c c:/program files (x86)/cypress/psoc creator/4.4/psoc creator/import/gnu/arm/5.4.1/bin/../lib/gcc/arm-none-eabi/5.4.1/armv6-m\libgcc.a(_arm_cmpdf2.o)
                0x000034a8                __aeabi_cdrcmple
                0x000034b8                __aeabi_cdcmple
                0x000034b8                __aeabi_cdcmpeq
                0x000034c8                __aeabi_dcmpeq
                0x000034d4                __aeabi_dcmplt
                0x000034e8                __aeabi_dcmple
                0x000034fc                __aeabi_dcmpgt
                0x00003510                __aeabi_dcmpge
 .text          0x00003524      0x658 c:/program files (x86)/cypress/psoc creator/4.4/psoc creator/import/gnu/arm/5.4.1/bin/../lib/gcc/arm-none-eabi/5.4.1/armv6-m\libgcc.a(adddf3.o)
                0x00003524                __aeabi_dadd
 .text          0x00003b7c      0x62c c:/program files (x86)/cypress/psoc creator/4.4/psoc creator/import/gnu/arm/5.4.1/bin/../lib/gcc/arm-none-eabi/5.4.1/armv6-m\libgcc.a(divdf3.o)
                0x00003b7c                __aeabi_ddiv
 .text          0x000041a8       0x80 c:/program files (x86)/cypress/psoc creator/4.4/psoc creator/import/gnu/arm/5.4.1/bin/../lib/gcc/arm-none-eabi/5.4.1/armv6-m\libgcc.a(eqdf2.o)
                0x000041a8                __nedf2
                0x000041a8                __eqdf2
 .text          0x00004228       0xc8 c:/program files (x86)/cypress/psoc creator/4.4/psoc creator/import/gnu/arm/5.4.1/bin/../lib/gcc/arm-none-eabi/5.4.1/armv6-m\libgcc.a(gedf2.o)
                0x00004228                __gedf2
                0x00004228                __gtdf2
 .text          0x000042f0       0xd4 c:/program files (x86)/cypress/psoc creator/4.4/psoc creator/import/gnu/arm/5.4.1/bin/../lib/gcc/arm-none-eabi/5.4.1/armv6-m\libgcc.a(ledf2.o)
                0x000042f0                __ledf2
                0x000042f0                __ltdf2
 .text          0x000043c4      0x4f4 c:/program files (x86)/cypress/psoc creator/4.4/psoc creator/import/gnu/arm/5.4.1/bin/../lib/gcc/arm-none-eabi/5.4.1/armv6-m\libgcc.a(muldf3.o)
                0x000043c4                __aeabi_dmul
 .text          0x000048b8       0x6c c:/program files (x86)/cypress/psoc creator/4.4/psoc creator/import/gnu/arm/5.4.1/bin/../lib/gcc/arm-none-eabi/5.4.1/armv6-m\libgcc.a(fixdfsi.o)
                0x000048b8                __aeabi_d2iz
 .text          0x00004924       0x84 c:/program files (x86)/cypress/psoc creator/4.4/psoc creator/import/gnu/arm/5.4.1/bin/../lib/gcc/arm-none-eabi/5.4.1/armv6-m\libgcc.a(floatsidf.o)
                0x00004924                __aeabi_i2d
 .text          0x000049a8       0x70 c:/program files (x86)/cypress/psoc creator/4.4/psoc creator/import/gnu/arm/5.4.1/bin/../lib/gcc/arm-none-eabi/5.4.1/armv6-m\libgcc.a(floatunsidf.o)
                0x000049a8                __aeabi_ui2d
 .text          0x00004a18       0x3c c:/program files (x86)/cypress/psoc creator/4.4/psoc creator/import/gnu/arm/5.4.1/bin/../lib/gcc/arm-none-eabi/5.4.1/armv6-m\libgcc.a(_clzsi2.o)
                0x00004a18                __clzsi2
 .text.__errno  0x00004a54        0xc c:/program files (x86)/cypress/psoc creator/4.4/psoc creator/import/gnu/arm/5.4.1/bin/../lib/gcc/arm-none-eabi/5.4.1/../../../../arm-none-eabi/lib/armv6-m\libg_nano.a(lib_a-errno.o)
                0x00004a54                __errno
 .text.__libc_init_array
                0x00004a60       0x4c c:/program files (x86)/cypress/psoc creator/4.4/psoc creator/import/gnu/arm/5.4.1/bin/../lib/gcc/arm-none-eabi/5.4.1/../../../../arm-none-eabi/lib/armv6-m\libg_nano.a(lib_a-init.o)
                0x00004a60                __libc_init_array
 .text.memcpy   0x00004aac       0x12 c:/program files (x86)/cypress/psoc creator/4.4/psoc creator/import/gnu/arm/5.4.1/bin/../lib/gcc/arm-none-eabi/5.4.1/../../../../arm-none-eabi/lib/armv6-m\libg_nano.a(lib_a-memcpy-stub.o)
                0x00004aac                memcpy
 .text.memset   0x00004abe       0x10 c:/program files (x86)/cypress/psoc creator/4.4/psoc creator/import/gnu/arm/5.4.1/bin/../lib/gcc/arm-none-eabi/5.4.1/../../../../arm-none-eabi/lib/armv6-m\libg_nano.a(lib_a-memset.o)
                0x00004abe                memset
 *fill*         0x00004ace        0x2 
 .text.sprintf  0x00004ad0       0x44 c:/program files (x86)/cypress/psoc creator/4.4/psoc creator/import/gnu/arm/5.4.1/bin/../lib/gcc/arm-none-eabi/5.4.1/../../../../arm-none-eabi/lib/armv6-m\libg_nano.a(lib_a-sprintf.o)
                0x00004ad0                siprintf
                0x00004ad0                sprintf
 .text.__ssputs_r
                0x00004b14       0xc4 c:/program files (x86)/cypress/psoc creator/4.4/psoc creator/import/gnu/arm/5.4.1/bin/../lib/gcc/arm-none-eabi/5.4.1/../../../../arm-none-eabi/lib/armv6-m\libg_nano.a(lib_a-nano-svfprintf.o)
                0x00004b14                __ssputs_r
 .text._svfprintf_r
                0x00004bd8      0x1fc c:/program files (x86)/cypress/psoc creator/4.4/psoc creator/import/gnu/arm/5.4.1/bin/../lib/gcc/arm-none-eabi/5.4.1/../../../../arm-none-eabi/lib/armv6-m\libg_nano.a(lib_a-nano-svfprintf.o)
                0x00004bd8                _svfiprintf_r
                0x00004bd8                _svfprintf_r
 .text._printf_common
                0x00004dd4       0xdc c:/program files (x86)/cypress/psoc creator/4.4/psoc creator/import/gnu/arm/5.4.1/bin/../lib/gcc/arm-none-eabi/5.4.1/../../../../arm-none-eabi/lib/armv6-m\libg_nano.a(lib_a-nano-vfprintf_i.o)
                0x00004dd4                _printf_common
 .text._printf_i
                0x00004eb0      0x244 c:/program files (x86)/cypress/psoc creator/4.4/psoc creator/import/gnu/arm/5.4.1/bin/../lib/gcc/arm-none-eabi/5.4.1/../../../../arm-none-eabi/lib/armv6-m\libg_nano.a(lib_a-nano-vfprintf_i.o)
                0x00004eb0                _printf_i
 .text.memchr   0x000050f4       0x16 c:/program files (x86)/cypress/psoc creator/4.4/psoc creator/import/gnu/arm/5.4.1/bin/../lib/gcc/arm-none-eabi/5.4.1/../../../../arm-none-eabi/lib/armv6-m\libg_nano.a(lib_a-memchr-stub.o)
                0x000050f4                memchr
 .text.memmove  0x0000510a       0x2a c:/program files (x86)/cypress/psoc creator/4.4/psoc creator/import/gnu/arm/5.4.1/bin/../lib/gcc/arm-none-eabi/5.4.1/../../../../arm-none-eabi/lib/armv6-m\libg_nano.a(lib_a-memmove.o)
                0x0000510a                memmove
 .text._free_r  0x00005134       0x98 c:/program files (x86)/cypress/psoc creator/4.4/psoc creator/import/gnu/arm/5.4.1/bin/../lib/gcc/arm-none-eabi/5.4.1/../../../../arm-none-eabi/lib/armv6-m\libg_nano.a(lib_a-nano-freer.o)
                0x00005134                _free_r
 .text._malloc_r
                0x000051cc       0xc0 c:/program files (x86)/cypress/psoc creator/4.4/psoc creator/import/gnu/arm/5.4.1/bin/../lib/gcc/arm-none-eabi/5.4.1/../../../../arm-none-eabi/lib/armv6-m\libg_nano.a(lib_a-nano-mallocr.o)
                0x000051cc                _malloc_r
 .text._realloc_r
                0x0000528c       0x4c c:/program files (x86)/cypress/psoc creator/4.4/psoc creator/import/gnu/arm/5.4.1/bin/../lib/gcc/arm-none-eabi/5.4.1/../../../../arm-none-eabi/lib/armv6-m\libg_nano.a(lib_a-nano-reallocr.o)
                0x0000528c                _realloc_r
 .text._sbrk_r  0x000052d8       0x24 c:/program files (x86)/cypress/psoc creator/4.4/psoc creator/import/gnu/arm/5.4.1/bin/../lib/gcc/arm-none-eabi/5.4.1/../../../../arm-none-eabi/lib/armv6-m\libg_nano.a(lib_a-sbrkr.o)
                0x000052d8                _sbrk_r
 .text.__malloc_lock
                0x000052fc        0x2 c:/program files (x86)/cypress/psoc creator/4.4/psoc creator/import/gnu/arm/5.4.1/bin/../lib/gcc/arm-none-eabi/5.4.1/../../../../arm-none-eabi/lib/armv6-m\libg_nano.a(lib_a-mlock.o)
                0x000052fc                __malloc_lock
 .text.__malloc_unlock
                0x000052fe        0x2 c:/program files (x86)/cypress/psoc creator/4.4/psoc creator/import/gnu/arm/5.4.1/bin/../lib/gcc/arm-none-eabi/5.4.1/../../../../arm-none-eabi/lib/armv6-m\libg_nano.a(lib_a-mlock.o)
                0x000052fe                __malloc_unlock
 .text._malloc_usable_size_r
                0x00005300       0x16 c:/program files (x86)/cypress/psoc creator/4.4/psoc creator/import/gnu/arm/5.4.1/bin/../lib/gcc/arm-none-eabi/5.4.1/../../../../arm-none-eabi/lib/armv6-m\libg_nano.a(lib_a-nano-msizer.o)
                0x00005300                _malloc_usable_size_r
 *(.plt)
 *(.gnu.warning)
 *(.glue_7t)
 .glue_7t       0x00005316        0x0 linker stubs
 *(.glue_7)
 .glue_7        0x00005316        0x0 linker stubs
 *(.vfp11_veneer)
 .vfp11_veneer  0x00005316        0x0 linker stubs
 *(.bootloader)
 *(.ARM.extab* .gnu.linkonce.armextab.*)
 *(.gcc_except_table)

.v4_bx          0x00005318        0x0
 .v4_bx         0x00005318        0x0 linker stubs

.iplt           0x00005318        0x0
 .iplt          0x00005318        0x0 c:/program files (x86)/cypress/psoc creator/4.4/psoc creator/import/gnu/arm/5.4.1/bin/../lib/gcc/arm-none-eabi/5.4.1/armv6-m/crtbegin.o

.eh_frame_hdr
 *(.eh_frame_hdr)

.eh_frame       0x00005318        0x4
 *(.eh_frame)
 .eh_frame      0x00005318        0x0 c:/program files (x86)/cypress/psoc creator/4.4/psoc creator/import/gnu/arm/5.4.1/bin/../lib/gcc/arm-none-eabi/5.4.1/armv6-m/crtbegin.o
 .eh_frame      0x00005318        0x4 c:/program files (x86)/cypress/psoc creator/4.4/psoc creator/import/gnu/arm/5.4.1/bin/../lib/gcc/arm-none-eabi/5.4.1/armv6-m/crtend.o
                [!provide]                PROVIDE (__exidx_start, .)

.ARM.exidx
 *(.ARM.exidx* .gnu.linkonce.armexidx.*)
                0x0000531c                __exidx_end = .

.rodata         0x0000531c      0xa44
 *(.rodata .rodata.* .gnu.linkonce.r.*)
 .rodata.str1.4
                0x0000531c       0xcc .\CortexM0\ARM_GCC_541\Debug\main.o
 .rodata        0x000053e8      0x33c .\CortexM0\ARM_GCC_541\Debug\cyfitter_cfg.o
 .rodata        0x00005724      0x160 .\CortexM0\ARM_GCC_541\Debug\SwerveMotorFirmware.a(CAN.o)
 .rodata        0x00005884      0x1e0 .\CortexM0\ARM_GCC_541\Debug\SwerveMotorFirmware.a(StripLights.o)
                0x00005884                StripLights_CLUT
 .rodata        0x00005a64      0x1e0 .\CortexM0\ARM_GCC_541\Debug\SwerveMotorFirmware.a(StripLights_fonts.o)
                0x00005a64                StripLights_Font5x7
 .rodata        0x00005c44       0x2e .\CortexM0\ARM_GCC_541\Debug\SwerveMotorFirmware.a(CyLib.o)
                0x00005c44                cyImoFreqMhz2Reg
 *fill*         0x00005c72        0x2 
 .rodata        0x00005c74       0x40 c:/program files (x86)/cypress/psoc creator/4.4/psoc creator/import/gnu/arm/5.4.1/bin/../lib/gcc/arm-none-eabi/5.4.1/armv6-m\libgcc.a(divdf3.o)
 .rodata        0x00005cb4       0x40 c:/program files (x86)/cypress/psoc creator/4.4/psoc creator/import/gnu/arm/5.4.1/bin/../lib/gcc/arm-none-eabi/5.4.1/armv6-m\libgcc.a(muldf3.o)
 .rodata.str1.1
                0x00005cf4        0x2 c:/program files (x86)/cypress/psoc creator/4.4/psoc creator/import/gnu/arm/5.4.1/bin/../lib/gcc/arm-none-eabi/5.4.1/../../../../arm-none-eabi/lib/armv6-m\libg_nano.a(lib_a-impure.o)
 .rodata.str1.1
                0x00005cf6       0x11 c:/program files (x86)/cypress/psoc creator/4.4/psoc creator/import/gnu/arm/5.4.1/bin/../lib/gcc/arm-none-eabi/5.4.1/../../../../arm-none-eabi/lib/armv6-m\libg_nano.a(lib_a-nano-svfprintf.o)
 .rodata.str1.1
                0x00005d07       0x22 c:/program files (x86)/cypress/psoc creator/4.4/psoc creator/import/gnu/arm/5.4.1/bin/../lib/gcc/arm-none-eabi/5.4.1/../../../../arm-none-eabi/lib/armv6-m\libg_nano.a(lib_a-nano-vfprintf_i.o)
                0x00005d2c                . = ALIGN (0x4)
 *fill*         0x00005d29        0x3 
 *(.init)
 .init          0x00005d2c        0x4 c:/program files (x86)/cypress/psoc creator/4.4/psoc creator/import/gnu/arm/5.4.1/bin/../lib/gcc/arm-none-eabi/5.4.1/armv6-m/crti.o
                0x00005d2c                _init
 .init          0x00005d30        0x8 c:/program files (x86)/cypress/psoc creator/4.4/psoc creator/import/gnu/arm/5.4.1/bin/../lib/gcc/arm-none-eabi/5.4.1/armv6-m/crtn.o
                0x00005d38                . = ALIGN (0x4)
                0x00005d38                __preinit_array_start = .
 *(.preinit_array)
                0x00005d38                __preinit_array_end = .
                0x00005d38                . = ALIGN (0x4)
                0x00005d38                __init_array_start = .
 *(SORT(.init_array.*))
 *(.init_array)
 .init_array    0x00005d38        0x4 c:/program files (x86)/cypress/psoc creator/4.4/psoc creator/import/gnu/arm/5.4.1/bin/../lib/gcc/arm-none-eabi/5.4.1/armv6-m/crtbegin.o
 .init_array    0x00005d3c        0x4 .\CortexM0\ARM_GCC_541\Debug\Cm0Start.o
                0x00005d40                __init_array_end = .
                0x00005d40                . = ALIGN (0x4)
 *(.fini)
 .fini          0x00005d40        0x4 c:/program files (x86)/cypress/psoc creator/4.4/psoc creator/import/gnu/arm/5.4.1/bin/../lib/gcc/arm-none-eabi/5.4.1/armv6-m/crti.o
                0x00005d40                _fini
 .fini          0x00005d44        0x8 c:/program files (x86)/cypress/psoc creator/4.4/psoc creator/import/gnu/arm/5.4.1/bin/../lib/gcc/arm-none-eabi/5.4.1/armv6-m/crtn.o
                0x00005d4c                . = ALIGN (0x4)
                0x00005d4c                __fini_array_start = .
 *(.fini_array)
 .fini_array    0x00005d4c        0x4 c:/program files (x86)/cypress/psoc creator/4.4/psoc creator/import/gnu/arm/5.4.1/bin/../lib/gcc/arm-none-eabi/5.4.1/armv6-m/crtbegin.o
 *(SORT(.fini_array.*))
                0x00005d50                __fini_array_end = .
                0x00005d50                . = ALIGN (0x4)
 *crtbegin.o(.ctors)
 *(EXCLUDE_FILE(*crtend.o) .ctors)
 *(SORT(.ctors.*))
 *crtend.o(.ctors)
                0x00005d50                . = ALIGN (0x4)
 *crtbegin.o(.dtors)
 *(EXCLUDE_FILE(*crtend.o) .dtors)
 *(SORT(.dtors.*))
 *crtend.o(.dtors)
                0x00005d50                . = ALIGN (0x4)
                0x00005d50                __cy_regions = .
                0x00005d50        0x4 LONG 0x5d60 __cy_region_init_ram
                0x00005d54        0x4 LONG 0x200000c0 __cy_region_start_data
                0x00005d58        0x4 LONG 0x98 __cy_region_init_size_ram
                0x00005d5c        0x4 LONG 0x2b0 __cy_region_zero_size_ram
                0x00005d60                __cy_regions_end = .
                0x00005d60                . = ALIGN (0x8)
                0x00005d60                _etext = .

.cy_checksum_exclude
                0x00005d60        0x0
 *(.cy_checksum_exclude)

.ramvectors     0x20000000       0xc0
                0x20000000                __cy_region_start_ram = .
 *(.ramvectors)
 .ramvectors    0x20000000       0xc0 .\CortexM0\ARM_GCC_541\Debug\Cm0Start.o
                0x20000000                CyRamVectors

.noinit
 *(.noinit)

.data           0x200000c0       0x98 load address 0x00005d60
                0x200000c0                __cy_region_start_data = .
 *(.jcr)
 .jcr           0x200000c0        0x0 c:/program files (x86)/cypress/psoc creator/4.4/psoc creator/import/gnu/arm/5.4.1/bin/../lib/gcc/arm-none-eabi/5.4.1/armv6-m/crtbegin.o
 .jcr           0x200000c0        0x4 c:/program files (x86)/cypress/psoc creator/4.4/psoc creator/import/gnu/arm/5.4.1/bin/../lib/gcc/arm-none-eabi/5.4.1/armv6-m/crtend.o
 *(.got.plt)
 *(.got)
 *(.shdata)
 *(.data .data.* .gnu.linkonce.d.*)
 .data          0x200000c4        0x8 .\CortexM0\ARM_GCC_541\Debug\PositionPID.o
                0x200000c4                maxPWM
                0x200000c8                integralClamp
 .data          0x200000cc        0x2 .\CortexM0\ARM_GCC_541\Debug\Motor_Unit_FSM.o
                0x200000cc                motorUnitMode
                0x200000cd                motorUnitState
 *fill*         0x200000ce        0x2 
 .data          0x200000d0        0x4 .\CortexM0\ARM_GCC_541\Debug\Cm0Start.o
 .data          0x200000d4       0x14 .\CortexM0\ARM_GCC_541\Debug\SwerveMotorFirmware.a(CyLib.o)
                0x200000d4                CySysClkPumpConfig
                0x200000d8                cydelay32kMs
                0x200000dc                cydelayFreqKhz
                0x200000e0                cydelayFreqMhz
                0x200000e4                cydelayFreqHz
 .data          0x200000e8        0x8 .\CortexM0\ARM_GCC_541\Debug\SwerveMotorFirmware.a(CyLFClk.o)
 .data.impure_data
                0x200000f0       0x60 c:/program files (x86)/cypress/psoc creator/4.4/psoc creator/import/gnu/arm/5.4.1/bin/../lib/gcc/arm-none-eabi/5.4.1/../../../../arm-none-eabi/lib/armv6-m\libg_nano.a(lib_a-impure.o)
 .data._impure_ptr
                0x20000150        0x4 c:/program files (x86)/cypress/psoc creator/4.4/psoc creator/import/gnu/arm/5.4.1/bin/../lib/gcc/arm-none-eabi/5.4.1/../../../../arm-none-eabi/lib/armv6-m\libg_nano.a(lib_a-impure.o)
                0x20000150                _impure_ptr
                0x20000158                . = ALIGN (0x8)
 *fill*         0x20000154        0x4 
 *(.ram)
                0x20000158                _edata = .

.igot.plt       0x20000158        0x0 load address 0x00005df8
 .igot.plt      0x20000158        0x0 c:/program files (x86)/cypress/psoc creator/4.4/psoc creator/import/gnu/arm/5.4.1/bin/../lib/gcc/arm-none-eabi/5.4.1/armv6-m/crtbegin.o

.bss            0x20000158      0x2b0 load address 0x00005df8
                0x20000158                PROVIDE (__bss_start__, .)
 *(.shbss)
 *(.bss .bss.* .gnu.linkonce.b.*)
 .bss           0x20000158       0x1c c:/program files (x86)/cypress/psoc creator/4.4/psoc creator/import/gnu/arm/5.4.1/bin/../lib/gcc/arm-none-eabi/5.4.1/armv6-m/crtbegin.o
 .bss           0x20000174       0x2c .\CortexM0\ARM_GCC_541\Debug\main.o
                0x20000174                CAN_time_LED
                0x20000175                CAN_check_delay
                0x20000176                ERRORTimeLED
                0x20000177                encoderTimeOut
                0x20000178                ignoreLimSw_M2
                0x20000179                bound_set1
                0x2000017c                counter
                0x20000180                enc_Count_Lim1
                0x20000184                bound_set2
                0x20000188                enc_Count_Lim2
                0x2000018c                address
                0x2000018e                nextPWM_M1
                0x20000190                ignoreLimSw_M1
                0x20000192                nextPWM_M2
                0x20000194                millidegreeTarget_M2
                0x20000198                drive
                0x2000019c                millidegreeTarget_M1
 .bss           0x200001a0        0xc .\CortexM0\ARM_GCC_541\Debug\MotorDrive.o
                0x200001a0                invalidate
                0x200001a4                currPWM_Drive
                0x200001a8                currPWM_Swivel
 .bss           0x200001ac       0x30 .\CortexM0\ARM_GCC_541\Debug\PositionPID.o
                0x200001ac                integral
                0x200001b0                lastError
                0x200001b4                enabledPID
                0x200001b8                mDegMin
                0x200001bc                mDegMax
                0x200001c0                tickMax
                0x200001c4                tickMin
                0x200001c8                kPosition
                0x200001cc                kIntegral
                0x200001d0                kDerivative
                0x200001d4                usingPot
                0x200001d8                PWM
 .bss           0x200001dc        0x1 .\CortexM0\ARM_GCC_541\Debug\Motor_Unit_FSM.o
                0x200001dc                PIDConstSetReg
 .bss           0x200001dd        0x4 .\CortexM0\ARM_GCC_541\Debug\PortPSOC_swerve.o
                0x200001dd                latestMessageFull
                0x200001de                latestMessageHead
                0x200001df                latestMessageTail
                0x200001e0                messageReadFlag
 .bss           0x200001e1        0x1 .\CortexM0\ARM_GCC_541\Debug\SwerveMotorFirmware.a(PWM_Motor1.o)
                0x200001e1                PWM_Motor1_initVar
 .bss           0x200001e2        0x1 .\CortexM0\ARM_GCC_541\Debug\SwerveMotorFirmware.a(CAN.o)
                0x200001e2                CAN_initVar
 *fill*         0x200001e3        0x1 
 .bss           0x200001e4        0xa .\CortexM0\ARM_GCC_541\Debug\SwerveMotorFirmware.a(UART.o)
                0x200001e4                UART_initVar
                0x200001e8                UART_customIntrHandler
                0x200001ec                UART_IntrTxMask
 .bss           0x200001ee        0x1 .\CortexM0\ARM_GCC_541\Debug\SwerveMotorFirmware.a(Timer_1.o)
                0x200001ee                Timer_1_initVar
 *fill*         0x200001ef        0x1 
 .bss           0x200001f0       0x15 .\CortexM0\ARM_GCC_541\Debug\SwerveMotorFirmware.a(StripLights.o)
                0x200001f0                StripLights_ledIndex
                0x200001f4                StripLights_row
                0x20000204                StripLights_initvar
 .bss           0x20000205        0x1 .\CortexM0\ARM_GCC_541\Debug\SwerveMotorFirmware.a(PWM_Motor2.o)
                0x20000205                PWM_Motor2_initVar
 *fill*         0x20000206        0x2 
 .bss           0x20000208       0x20 .\CortexM0\ARM_GCC_541\Debug\SwerveMotorFirmware.a(CyLib.o)
                0x20000208                CySysClkImoTrim4
                0x2000020c                CySysClkImoTrim5
                0x20000224                CySysTickInitVar
 .bss           0x20000228       0x28 .\CortexM0\ARM_GCC_541\Debug\SwerveMotorFirmware.a(CyLFClk.o)
 .bss.__malloc_sbrk_start
                0x20000250        0x4 c:/program files (x86)/cypress/psoc creator/4.4/psoc creator/import/gnu/arm/5.4.1/bin/../lib/gcc/arm-none-eabi/5.4.1/../../../../arm-none-eabi/lib/armv6-m\libg_nano.a(lib_a-nano-mallocr.o)
                0x20000250                __malloc_sbrk_start
 .bss.__malloc_free_list
                0x20000254        0x4 c:/program files (x86)/cypress/psoc creator/4.4/psoc creator/import/gnu/arm/5.4.1/bin/../lib/gcc/arm-none-eabi/5.4.1/../../../../arm-none-eabi/lib/armv6-m\libg_nano.a(lib_a-nano-mallocr.o)
                0x20000254                __malloc_free_list
 *(COMMON)
 COMMON         0x20000258       0x80 .\CortexM0\ARM_GCC_541\Debug\main.o
                0x20000258                txData
                0x200002bc                can_send
                0x200002c8                lastStatePinA
                0x200002c9                currStatePinA
                0x200002cc                can_recieve
 COMMON         0x200002d8        0x8 .\CortexM0\ARM_GCC_541\Debug\PositionPID.o
                0x200002d8                mDegPerTick
 COMMON         0x200002e0       0xdc .\CortexM0\ARM_GCC_541\Debug\PortPSOC_swerve.o
                0x200002e0                deviceGroup
                0x200002e4                rxMailbox
                0x200002f4                deviceAddressA
                0x200002f8                latestMessage
                0x200003b8                deviceAddressB
 COMMON         0x200003bc       0x1c .\CortexM0\ARM_GCC_541\Debug\SwerveMotorFirmware.a(UART_SPI_UART.o)
                0x200003bc                UART_rxBufferTail
                0x200003c0                UART_rxBufferInternal
                0x200003d1                UART_rxBufferOverflow
                0x200003d4                UART_rxBufferHead
 COMMON         0x200003d8       0x18 .\CortexM0\ARM_GCC_541\Debug\SwerveMotorFirmware.a(StripLights.o)
                0x200003d8                StripLights_ledArray
                0x200003e4                StripLights_DimMask
                0x200003e8                StripLights_DimShift
                0x200003ec                StripLights_refreshComplete
 COMMON         0x200003f0       0x10 .\CortexM0\ARM_GCC_541\Debug\SwerveMotorFirmware.a(StripLights_fonts.o)
                0x200003f0                StripLights_fontX
                0x200003f4                StripLights_fontOffset
                0x200003f8                StripLights_fontPtr
                0x200003fc                StripLights_fontY
 COMMON         0x20000400        0x4 c:/program files (x86)/cypress/psoc creator/4.4/psoc creator/import/gnu/arm/5.4.1/bin/../lib/gcc/arm-none-eabi/5.4.1/../../../../arm-none-eabi/lib/armv6-m\libg_nano.a(lib_a-reent.o)
                0x20000400                errno
                0x20000408                . = ALIGN (0x8)
 *fill*         0x20000404        0x4 
 *(.ram.b)
                0x20000408                _end = .
                0x20000408                __end = .
                0x20000408                PROVIDE (end, .)
                0x20000408                PROVIDE (__bss_end__, .)
                0x00005d60                __cy_region_init_ram = LOADADDR (.data)
                0x00000098                __cy_region_init_size_ram = (_edata - ADDR (.data))
                0x000002b0                __cy_region_zero_size_ram = (_end - _edata)

.heap           0x20000408       0x80 load address 0x00005df8
                0x20000408                . = _end
                0x20000488                . = (. + 0x80)
 *fill*         0x20000408       0x80 
                0x20000488                __cy_heap_limit = .

.stack          0x20007800      0x800
                0x20007800                __cy_stack_limit = .
                0x20008000                . = (. + 0x800)
 *fill*         0x20007800      0x800 
                0x00000001                ASSERT ((__cy_stack_limit >= __cy_heap_limit), region RAM overflowed with stack)
                0x00000000                cy_checksum_exclude_size = (CY_APPL_LOADABLE == 0x1)?SIZEOF (.cy_checksum_exclude):0x0
                0x00000001                ASSERT ((cy_checksum_exclude_size <= CY_CHECKSUM_EXCLUDE_SIZE), CY_BOOT: Section .cy_checksum_exclude size exceedes specified limit.)
                0x0003ffc0                cyloadermeta_start = (cy_project_type_bootloader || cy_project_type_app_for_stack_and_copier)?(LENGTH (rom) - CY_METADATA_SIZE):0xf0000000

.cyloadermeta
 *(.cyloadermeta)
                0x0003ffc0                cyloadablemeta_start = cy_project_type_app_for_stack_and_copier?((LENGTH (rom) - CY_FLASH_ROW_SIZE) - CY_METADATA_SIZE):((LENGTH (rom) - (CY_FLASH_ROW_SIZE * (CY_APPL_NUM - 0x1))) - CY_METADATA_SIZE)

.cyloadablemeta
 *(.cyloadablemeta)

.cyflashprotect
                0x90400000       0x80
 *(.cyflashprotect)
 .cyflashprotect
                0x90400000       0x80 .\CortexM0\ARM_GCC_541\Debug\cymetadata.o
                0x90400000                cy_meta_flashprotect

.cymeta         0x90500000        0xc
 *(.cymeta)
 .cymeta        0x90500000        0xc .\CortexM0\ARM_GCC_541\Debug\cymetadata.o
                0x90500000                cy_metadata

.cychipprotect  0x90600000        0x1
 *(.cychipprotect)
 .cychipprotect
                0x90600000        0x1 .\CortexM0\ARM_GCC_541\Debug\cymetadata.o
                0x90600000                cy_meta_chipprotect

.rel.dyn        0x00005df8        0x0 load address 0x90600004
 .rel.iplt      0x00005df8        0x0 c:/program files (x86)/cypress/psoc creator/4.4/psoc creator/import/gnu/arm/5.4.1/bin/../lib/gcc/arm-none-eabi/5.4.1/armv6-m/crtbegin.o

.stab
 *(.stab)

.stabstr
 *(.stabstr)

.debug
 *(.debug)

.line
 *(.line)

.debug_srcinfo
 *(.debug_srcinfo)

.debug_sfnames
 *(.debug_sfnames)

.debug_aranges  0x00000000     0x1a90
 *(.debug_aranges)
 .debug_aranges
                0x00000000       0x78 .\CortexM0\ARM_GCC_541\Debug\main.o
 .debug_aranges
                0x00000078       0x38 .\CortexM0\ARM_GCC_541\Debug\LED_Array.o
 .debug_aranges
                0x000000b0       0x38 .\CortexM0\ARM_GCC_541\Debug\MotorDrive.o
 .debug_aranges
                0x000000e8      0x108 .\CortexM0\ARM_GCC_541\Debug\PositionPID.o
 .debug_aranges
                0x000001f0       0x38 .\CortexM0\ARM_GCC_541\Debug\Motor_Unit_CAN.o
 .debug_aranges
                0x00000228       0x78 .\CortexM0\ARM_GCC_541\Debug\Motor_Unit_FSM.o
 .debug_aranges
                0x000002a0       0x68 .\CortexM0\ARM_GCC_541\Debug\PortPSOC_swerve.o
 .debug_aranges
                0x00000308       0xc0 .\CortexM0\ARM_GCC_541\Debug\CANCommon.o
 .debug_aranges
                0x000003c8       0x88 .\CortexM0\ARM_GCC_541\Debug\CANGPIO.o
 .debug_aranges
                0x00000450       0x18 .\CortexM0\ARM_GCC_541\Debug\CANLocalization.o
 .debug_aranges
                0x00000468      0x110 .\CortexM0\ARM_GCC_541\Debug\CANMotorUnit.o
 .debug_aranges
                0x00000578       0xa8 .\CortexM0\ARM_GCC_541\Debug\CANPacket.o
 .debug_aranges
                0x00000620       0x40 .\CortexM0\ARM_GCC_541\Debug\CANPower.o
 .debug_aranges
                0x00000660       0x50 .\CortexM0\ARM_GCC_541\Debug\CANScience.o
 .debug_aranges
                0x000006b0       0x48 .\CortexM0\ARM_GCC_541\Debug\cyfitter_cfg.o
 .debug_aranges
                0x000006f8       0x18 .\CortexM0\ARM_GCC_541\Debug\cymetadata.o
 .debug_aranges
                0x00000710       0x48 .\CortexM0\ARM_GCC_541\Debug\Cm0Start.o
 .debug_aranges
                0x00000758       0x48 .\CortexM0\ARM_GCC_541\Debug\SwerveMotorFirmware.a(Limit1.o)
 .debug_aranges
                0x000007a0       0x48 .\CortexM0\ARM_GCC_541\Debug\SwerveMotorFirmware.a(Limit2.o)
 .debug_aranges
                0x000007e8      0x158 .\CortexM0\ARM_GCC_541\Debug\SwerveMotorFirmware.a(PWM_Motor1.o)
 .debug_aranges
                0x00000940       0x80 .\CortexM0\ARM_GCC_541\Debug\SwerveMotorFirmware.a(isr_Limit_1.o)
 .debug_aranges
                0x000009c0       0x48 .\CortexM0\ARM_GCC_541\Debug\SwerveMotorFirmware.a(Pin_Encoder_A.o)
 .debug_aranges
                0x00000a08       0x48 .\CortexM0\ARM_GCC_541\Debug\SwerveMotorFirmware.a(Pin_Encoder_B.o)
 .debug_aranges
                0x00000a50       0x40 .\CortexM0\ARM_GCC_541\Debug\SwerveMotorFirmware.a(Status_Reg_Switches.o)
 .debug_aranges
                0x00000a90       0xe8 .\CortexM0\ARM_GCC_541\Debug\SwerveMotorFirmware.a(CAN.o)
 .debug_aranges
                0x00000b78       0x20 .\CortexM0\ARM_GCC_541\Debug\SwerveMotorFirmware.a(CAN_INT.o)
 .debug_aranges
                0x00000b98       0x30 .\CortexM0\ARM_GCC_541\Debug\SwerveMotorFirmware.a(CAN_TX_RX_func.o)
 .debug_aranges
                0x00000bc8       0x68 .\CortexM0\ARM_GCC_541\Debug\SwerveMotorFirmware.a(UART.o)
 .debug_aranges
                0x00000c30       0x60 .\CortexM0\ARM_GCC_541\Debug\SwerveMotorFirmware.a(UART_SPI_UART.o)
 .debug_aranges
                0x00000c90       0x90 .\CortexM0\ARM_GCC_541\Debug\SwerveMotorFirmware.a(UART_UART.o)
 .debug_aranges
                0x00000d20       0x48 .\CortexM0\ARM_GCC_541\Debug\SwerveMotorFirmware.a(Dip1.o)
 .debug_aranges
                0x00000d68       0x48 .\CortexM0\ARM_GCC_541\Debug\SwerveMotorFirmware.a(Dip2.o)
 .debug_aranges
                0x00000db0       0x48 .\CortexM0\ARM_GCC_541\Debug\SwerveMotorFirmware.a(Dip3.o)
 .debug_aranges
                0x00000df8       0x48 .\CortexM0\ARM_GCC_541\Debug\SwerveMotorFirmware.a(Dip4.o)
 .debug_aranges
                0x00000e40       0x90 .\CortexM0\ARM_GCC_541\Debug\SwerveMotorFirmware.a(Timer_1.o)
 .debug_aranges
                0x00000ed0       0x80 .\CortexM0\ARM_GCC_541\Debug\SwerveMotorFirmware.a(isr_period.o)
 .debug_aranges
                0x00000f50       0x48 .\CortexM0\ARM_GCC_541\Debug\SwerveMotorFirmware.a(LED_Debug1.o)
 .debug_aranges
                0x00000f98       0x48 .\CortexM0\ARM_GCC_541\Debug\SwerveMotorFirmware.a(LED_Debug2.o)
 .debug_aranges
                0x00000fe0       0x48 .\CortexM0\ARM_GCC_541\Debug\SwerveMotorFirmware.a(LED_CAN.o)
 .debug_aranges
                0x00001028       0x48 .\CortexM0\ARM_GCC_541\Debug\SwerveMotorFirmware.a(LED_Error.o)
 .debug_aranges
                0x00001070       0xa0 .\CortexM0\ARM_GCC_541\Debug\SwerveMotorFirmware.a(StripLights.o)
 .debug_aranges
                0x00001110       0x30 .\CortexM0\ARM_GCC_541\Debug\SwerveMotorFirmware.a(StripLights_fonts.o)
 .debug_aranges
                0x00001140      0x158 .\CortexM0\ARM_GCC_541\Debug\SwerveMotorFirmware.a(PWM_Motor2.o)
 .debug_aranges
                0x00001298       0x48 .\CortexM0\ARM_GCC_541\Debug\SwerveMotorFirmware.a(Motor1Direction.o)
 .debug_aranges
                0x000012e0       0x48 .\CortexM0\ARM_GCC_541\Debug\SwerveMotorFirmware.a(Motor2Direction.o)
 .debug_aranges
                0x00001328       0x80 .\CortexM0\ARM_GCC_541\Debug\SwerveMotorFirmware.a(StripLights_cisr.o)
 .debug_aranges
                0x000013a8       0x80 .\CortexM0\ARM_GCC_541\Debug\SwerveMotorFirmware.a(StripLights_fisr.o)
 .debug_aranges
                0x00001428      0x270 .\CortexM0\ARM_GCC_541\Debug\SwerveMotorFirmware.a(CyLib.o)
 .debug_aranges
                0x00001698       0x28 .\CortexM0\ARM_GCC_541\Debug\SwerveMotorFirmware.a(cyutils.o)
 .debug_aranges
                0x000016c0      0x188 .\CortexM0\ARM_GCC_541\Debug\SwerveMotorFirmware.a(CyLFClk.o)
 .debug_aranges
                0x00001848       0x80 .\CortexM0\ARM_GCC_541\Debug\SwerveMotorFirmware.a(isr_encA.o)
 .debug_aranges
                0x000018c8       0x80 .\CortexM0\ARM_GCC_541\Debug\SwerveMotorFirmware.a(isr_encB.o)
 .debug_aranges
                0x00001948       0xa8 .\CortexM0\ARM_GCC_541\Debug\SwerveMotorFirmware.a(ADC_Pot.o)
 .debug_aranges
                0x000019f0       0x20 .\CortexM0\ARM_GCC_541\Debug\SwerveMotorFirmware.a(ADC_Pot_INT.o)
 .debug_aranges
                0x00001a10       0x20 .\CortexM0\ARM_GCC_541\Debug\SwerveMotorFirmware.a(CyBootAsmGnu.o)
 .debug_aranges
                0x00001a30       0x20 .\CortexM0\ARM_GCC_541\Debug\SwerveMotorFirmware.a(UART_SPI_UART_INT.o)
 .debug_aranges
                0x00001a50       0x40 .\CortexM0\ARM_GCC_541\Debug\SwerveMotorFirmware.a(CyFlash.o)

.debug_pubnames
 *(.debug_pubnames)

.debug_info     0x00000000    0x100b6
 *(.debug_info .gnu.linkonce.wi.*)
 .debug_info    0x00000000      0xd6c .\CortexM0\ARM_GCC_541\Debug\main.o
 .debug_info    0x00000d6c      0x372 .\CortexM0\ARM_GCC_541\Debug\LED_Array.o
 .debug_info    0x000010de      0x29e .\CortexM0\ARM_GCC_541\Debug\MotorDrive.o
 .debug_info    0x0000137c      0x69d .\CortexM0\ARM_GCC_541\Debug\PositionPID.o
 .debug_info    0x00001a19      0xe9d .\CortexM0\ARM_GCC_541\Debug\Motor_Unit_CAN.o
 .debug_info    0x000028b6      0x1ed .\CortexM0\ARM_GCC_541\Debug\Motor_Unit_FSM.o
 .debug_info    0x00002aa3      0x695 .\CortexM0\ARM_GCC_541\Debug\PortPSOC_swerve.o
 .debug_info    0x00003138      0xa46 .\CortexM0\ARM_GCC_541\Debug\CANCommon.o
 .debug_info    0x00003b7e      0x60d .\CortexM0\ARM_GCC_541\Debug\CANGPIO.o
 .debug_info    0x0000418b       0x6b .\CortexM0\ARM_GCC_541\Debug\CANLocalization.o
 .debug_info    0x000041f6      0xe62 .\CortexM0\ARM_GCC_541\Debug\CANMotorUnit.o
 .debug_info    0x00005058      0x641 .\CortexM0\ARM_GCC_541\Debug\CANPacket.o
 .debug_info    0x00005699      0x2ff .\CortexM0\ARM_GCC_541\Debug\CANPower.o
 .debug_info    0x00005998      0x353 .\CortexM0\ARM_GCC_541\Debug\CANScience.o
 .debug_info    0x00005ceb      0x417 .\CortexM0\ARM_GCC_541\Debug\cyfitter_cfg.o
 .debug_info    0x00006102       0xf8 .\CortexM0\ARM_GCC_541\Debug\cymetadata.o
 .debug_info    0x000061fa      0x3a2 .\CortexM0\ARM_GCC_541\Debug\Cm0Start.o
 .debug_info    0x0000659c      0x19d .\CortexM0\ARM_GCC_541\Debug\SwerveMotorFirmware.a(Limit1.o)
 .debug_info    0x00006739      0x19d .\CortexM0\ARM_GCC_541\Debug\SwerveMotorFirmware.a(Limit2.o)
 .debug_info    0x000068d6      0x90a .\CortexM0\ARM_GCC_541\Debug\SwerveMotorFirmware.a(PWM_Motor1.o)
 .debug_info    0x000071e0      0x305 .\CortexM0\ARM_GCC_541\Debug\SwerveMotorFirmware.a(isr_Limit_1.o)
 .debug_info    0x000074e5      0x19d .\CortexM0\ARM_GCC_541\Debug\SwerveMotorFirmware.a(Pin_Encoder_A.o)
 .debug_info    0x00007682      0x19d .\CortexM0\ARM_GCC_541\Debug\SwerveMotorFirmware.a(Pin_Encoder_B.o)
 .debug_info    0x0000781f      0x17f .\CortexM0\ARM_GCC_541\Debug\SwerveMotorFirmware.a(Status_Reg_Switches.o)
 .debug_info    0x0000799e      0x9c6 .\CortexM0\ARM_GCC_541\Debug\SwerveMotorFirmware.a(CAN.o)
 .debug_info    0x00008364       0xa0 .\CortexM0\ARM_GCC_541\Debug\SwerveMotorFirmware.a(CAN_INT.o)
 .debug_info    0x00008404      0x37e .\CortexM0\ARM_GCC_541\Debug\SwerveMotorFirmware.a(CAN_TX_RX_func.o)
 .debug_info    0x00008782      0x2e9 .\CortexM0\ARM_GCC_541\Debug\SwerveMotorFirmware.a(UART.o)
 .debug_info    0x00008a6b      0x2df .\CortexM0\ARM_GCC_541\Debug\SwerveMotorFirmware.a(UART_SPI_UART.o)
 .debug_info    0x00008d4a      0x487 .\CortexM0\ARM_GCC_541\Debug\SwerveMotorFirmware.a(UART_UART.o)
 .debug_info    0x000091d1      0x19d .\CortexM0\ARM_GCC_541\Debug\SwerveMotorFirmware.a(Dip1.o)
 .debug_info    0x0000936e      0x19d .\CortexM0\ARM_GCC_541\Debug\SwerveMotorFirmware.a(Dip2.o)
 .debug_info    0x0000950b      0x19d .\CortexM0\ARM_GCC_541\Debug\SwerveMotorFirmware.a(Dip3.o)
 .debug_info    0x000096a8      0x19d .\CortexM0\ARM_GCC_541\Debug\SwerveMotorFirmware.a(Dip4.o)
 .debug_info    0x00009845      0x386 .\CortexM0\ARM_GCC_541\Debug\SwerveMotorFirmware.a(Timer_1.o)
 .debug_info    0x00009bcb      0x305 .\CortexM0\ARM_GCC_541\Debug\SwerveMotorFirmware.a(isr_period.o)
 .debug_info    0x00009ed0      0x19d .\CortexM0\ARM_GCC_541\Debug\SwerveMotorFirmware.a(LED_Debug1.o)
 .debug_info    0x0000a06d      0x19d .\CortexM0\ARM_GCC_541\Debug\SwerveMotorFirmware.a(LED_Debug2.o)
 .debug_info    0x0000a20a      0x19b .\CortexM0\ARM_GCC_541\Debug\SwerveMotorFirmware.a(LED_CAN.o)
 .debug_info    0x0000a3a5      0x19d .\CortexM0\ARM_GCC_541\Debug\SwerveMotorFirmware.a(LED_Error.o)
 .debug_info    0x0000a542      0xa83 .\CortexM0\ARM_GCC_541\Debug\SwerveMotorFirmware.a(StripLights.o)
 .debug_info    0x0000afc5      0x394 .\CortexM0\ARM_GCC_541\Debug\SwerveMotorFirmware.a(StripLights_fonts.o)
 .debug_info    0x0000b359      0x909 .\CortexM0\ARM_GCC_541\Debug\SwerveMotorFirmware.a(PWM_Motor2.o)
 .debug_info    0x0000bc62      0x19d .\CortexM0\ARM_GCC_541\Debug\SwerveMotorFirmware.a(Motor1Direction.o)
 .debug_info    0x0000bdff      0x19d .\CortexM0\ARM_GCC_541\Debug\SwerveMotorFirmware.a(Motor2Direction.o)
 .debug_info    0x0000bf9c      0x305 .\CortexM0\ARM_GCC_541\Debug\SwerveMotorFirmware.a(StripLights_cisr.o)
 .debug_info    0x0000c2a1      0x305 .\CortexM0\ARM_GCC_541\Debug\SwerveMotorFirmware.a(StripLights_fisr.o)
 .debug_info    0x0000c5a6     0x17e4 .\CortexM0\ARM_GCC_541\Debug\SwerveMotorFirmware.a(CyLib.o)
 .debug_info    0x0000dd8a      0x14b .\CortexM0\ARM_GCC_541\Debug\SwerveMotorFirmware.a(cyutils.o)
 .debug_info    0x0000ded5     0x1058 .\CortexM0\ARM_GCC_541\Debug\SwerveMotorFirmware.a(CyLFClk.o)
 .debug_info    0x0000ef2d      0x305 .\CortexM0\ARM_GCC_541\Debug\SwerveMotorFirmware.a(isr_encA.o)
 .debug_info    0x0000f232      0x305 .\CortexM0\ARM_GCC_541\Debug\SwerveMotorFirmware.a(isr_encB.o)
 .debug_info    0x0000f537      0x579 .\CortexM0\ARM_GCC_541\Debug\SwerveMotorFirmware.a(ADC_Pot.o)
 .debug_info    0x0000fab0       0xcb .\CortexM0\ARM_GCC_541\Debug\SwerveMotorFirmware.a(ADC_Pot_INT.o)
 .debug_info    0x0000fb7b       0xa8 .\CortexM0\ARM_GCC_541\Debug\SwerveMotorFirmware.a(CyBootAsmGnu.o)
 .debug_info    0x0000fc23      0x141 .\CortexM0\ARM_GCC_541\Debug\SwerveMotorFirmware.a(UART_SPI_UART_INT.o)
 .debug_info    0x0000fd64      0x352 .\CortexM0\ARM_GCC_541\Debug\SwerveMotorFirmware.a(CyFlash.o)

.debug_abbrev   0x00000000     0x427a
 *(.debug_abbrev)
 .debug_abbrev  0x00000000      0x262 .\CortexM0\ARM_GCC_541\Debug\main.o
 .debug_abbrev  0x00000262      0x15d .\CortexM0\ARM_GCC_541\Debug\LED_Array.o
 .debug_abbrev  0x000003bf       0xcf .\CortexM0\ARM_GCC_541\Debug\MotorDrive.o
 .debug_abbrev  0x0000048e      0x1c6 .\CortexM0\ARM_GCC_541\Debug\PositionPID.o
 .debug_abbrev  0x00000654      0x194 .\CortexM0\ARM_GCC_541\Debug\Motor_Unit_CAN.o
 .debug_abbrev  0x000007e8       0xd3 .\CortexM0\ARM_GCC_541\Debug\Motor_Unit_FSM.o
 .debug_abbrev  0x000008bb      0x1ad .\CortexM0\ARM_GCC_541\Debug\PortPSOC_swerve.o
 .debug_abbrev  0x00000a68      0x149 .\CortexM0\ARM_GCC_541\Debug\CANCommon.o
 .debug_abbrev  0x00000bb1      0x106 .\CortexM0\ARM_GCC_541\Debug\CANGPIO.o
 .debug_abbrev  0x00000cb7       0x26 .\CortexM0\ARM_GCC_541\Debug\CANLocalization.o
 .debug_abbrev  0x00000cdd      0x18e .\CortexM0\ARM_GCC_541\Debug\CANMotorUnit.o
 .debug_abbrev  0x00000e6b      0x16f .\CortexM0\ARM_GCC_541\Debug\CANPacket.o
 .debug_abbrev  0x00000fda      0x124 .\CortexM0\ARM_GCC_541\Debug\CANPower.o
 .debug_abbrev  0x000010fe       0xfe .\CortexM0\ARM_GCC_541\Debug\CANScience.o
 .debug_abbrev  0x000011fc      0x1d8 .\CortexM0\ARM_GCC_541\Debug\cyfitter_cfg.o
 .debug_abbrev  0x000013d4       0x5d .\CortexM0\ARM_GCC_541\Debug\cymetadata.o
 .debug_abbrev  0x00001431      0x1d7 .\CortexM0\ARM_GCC_541\Debug\Cm0Start.o
 .debug_abbrev  0x00001608       0xc8 .\CortexM0\ARM_GCC_541\Debug\SwerveMotorFirmware.a(Limit1.o)
 .debug_abbrev  0x000016d0       0xc8 .\CortexM0\ARM_GCC_541\Debug\SwerveMotorFirmware.a(Limit2.o)
 .debug_abbrev  0x00001798      0x119 .\CortexM0\ARM_GCC_541\Debug\SwerveMotorFirmware.a(PWM_Motor1.o)
 .debug_abbrev  0x000018b1      0x19a .\CortexM0\ARM_GCC_541\Debug\SwerveMotorFirmware.a(isr_Limit_1.o)
 .debug_abbrev  0x00001a4b       0xc8 .\CortexM0\ARM_GCC_541\Debug\SwerveMotorFirmware.a(Pin_Encoder_A.o)
 .debug_abbrev  0x00001b13       0xc8 .\CortexM0\ARM_GCC_541\Debug\SwerveMotorFirmware.a(Pin_Encoder_B.o)
 .debug_abbrev  0x00001bdb       0xac .\CortexM0\ARM_GCC_541\Debug\SwerveMotorFirmware.a(Status_Reg_Switches.o)
 .debug_abbrev  0x00001c87      0x186 .\CortexM0\ARM_GCC_541\Debug\SwerveMotorFirmware.a(CAN.o)
 .debug_abbrev  0x00001e0d       0x42 .\CortexM0\ARM_GCC_541\Debug\SwerveMotorFirmware.a(CAN_INT.o)
 .debug_abbrev  0x00001e4f      0x159 .\CortexM0\ARM_GCC_541\Debug\SwerveMotorFirmware.a(CAN_TX_RX_func.o)
 .debug_abbrev  0x00001fa8      0x118 .\CortexM0\ARM_GCC_541\Debug\SwerveMotorFirmware.a(UART.o)
 .debug_abbrev  0x000020c0      0x180 .\CortexM0\ARM_GCC_541\Debug\SwerveMotorFirmware.a(UART_SPI_UART.o)
 .debug_abbrev  0x00002240      0x145 .\CortexM0\ARM_GCC_541\Debug\SwerveMotorFirmware.a(UART_UART.o)
 .debug_abbrev  0x00002385       0xc8 .\CortexM0\ARM_GCC_541\Debug\SwerveMotorFirmware.a(Dip1.o)
 .debug_abbrev  0x0000244d       0xc8 .\CortexM0\ARM_GCC_541\Debug\SwerveMotorFirmware.a(Dip2.o)
 .debug_abbrev  0x00002515       0xc8 .\CortexM0\ARM_GCC_541\Debug\SwerveMotorFirmware.a(Dip3.o)
 .debug_abbrev  0x000025dd       0xc8 .\CortexM0\ARM_GCC_541\Debug\SwerveMotorFirmware.a(Dip4.o)
 .debug_abbrev  0x000026a5      0x167 .\CortexM0\ARM_GCC_541\Debug\SwerveMotorFirmware.a(Timer_1.o)
 .debug_abbrev  0x0000280c      0x19a .\CortexM0\ARM_GCC_541\Debug\SwerveMotorFirmware.a(isr_period.o)
 .debug_abbrev  0x000029a6       0xc8 .\CortexM0\ARM_GCC_541\Debug\SwerveMotorFirmware.a(LED_Debug1.o)
 .debug_abbrev  0x00002a6e       0xc8 .\CortexM0\ARM_GCC_541\Debug\SwerveMotorFirmware.a(LED_Debug2.o)
 .debug_abbrev  0x00002b36       0xc8 .\CortexM0\ARM_GCC_541\Debug\SwerveMotorFirmware.a(LED_CAN.o)
 .debug_abbrev  0x00002bfe       0xc8 .\CortexM0\ARM_GCC_541\Debug\SwerveMotorFirmware.a(LED_Error.o)
 .debug_abbrev  0x00002cc6      0x1dc .\CortexM0\ARM_GCC_541\Debug\SwerveMotorFirmware.a(StripLights.o)
 .debug_abbrev  0x00002ea2      0x113 .\CortexM0\ARM_GCC_541\Debug\SwerveMotorFirmware.a(StripLights_fonts.o)
 .debug_abbrev  0x00002fb5      0x119 .\CortexM0\ARM_GCC_541\Debug\SwerveMotorFirmware.a(PWM_Motor2.o)
 .debug_abbrev  0x000030ce       0xc8 .\CortexM0\ARM_GCC_541\Debug\SwerveMotorFirmware.a(Motor1Direction.o)
 .debug_abbrev  0x00003196       0xc8 .\CortexM0\ARM_GCC_541\Debug\SwerveMotorFirmware.a(Motor2Direction.o)
 .debug_abbrev  0x0000325e      0x19a .\CortexM0\ARM_GCC_541\Debug\SwerveMotorFirmware.a(StripLights_cisr.o)
 .debug_abbrev  0x000033f8      0x19a .\CortexM0\ARM_GCC_541\Debug\SwerveMotorFirmware.a(StripLights_fisr.o)
 .debug_abbrev  0x00003592      0x293 .\CortexM0\ARM_GCC_541\Debug\SwerveMotorFirmware.a(CyLib.o)
 .debug_abbrev  0x00003825       0xc0 .\CortexM0\ARM_GCC_541\Debug\SwerveMotorFirmware.a(cyutils.o)
 .debug_abbrev  0x000038e5      0x248 .\CortexM0\ARM_GCC_541\Debug\SwerveMotorFirmware.a(CyLFClk.o)
 .debug_abbrev  0x00003b2d      0x19a .\CortexM0\ARM_GCC_541\Debug\SwerveMotorFirmware.a(isr_encA.o)
 .debug_abbrev  0x00003cc7      0x19a .\CortexM0\ARM_GCC_541\Debug\SwerveMotorFirmware.a(isr_encB.o)
 .debug_abbrev  0x00003e61      0x184 .\CortexM0\ARM_GCC_541\Debug\SwerveMotorFirmware.a(ADC_Pot.o)
 .debug_abbrev  0x00003fe5       0x65 .\CortexM0\ARM_GCC_541\Debug\SwerveMotorFirmware.a(ADC_Pot_INT.o)
 .debug_abbrev  0x0000404a       0x14 .\CortexM0\ARM_GCC_541\Debug\SwerveMotorFirmware.a(CyBootAsmGnu.o)
 .debug_abbrev  0x0000405e       0x9a .\CortexM0\ARM_GCC_541\Debug\SwerveMotorFirmware.a(UART_SPI_UART_INT.o)
 .debug_abbrev  0x000040f8      0x182 .\CortexM0\ARM_GCC_541\Debug\SwerveMotorFirmware.a(CyFlash.o)

.debug_line     0x00000000     0x66ca
 *(.debug_line)
 .debug_line    0x00000000      0x50e .\CortexM0\ARM_GCC_541\Debug\main.o
 .debug_line    0x0000050e      0x1ca .\CortexM0\ARM_GCC_541\Debug\LED_Array.o
 .debug_line    0x000006d8      0x215 .\CortexM0\ARM_GCC_541\Debug\MotorDrive.o
 .debug_line    0x000008ed      0x3cc .\CortexM0\ARM_GCC_541\Debug\PositionPID.o
 .debug_line    0x00000cb9      0x2d5 .\CortexM0\ARM_GCC_541\Debug\Motor_Unit_CAN.o
 .debug_line    0x00000f8e      0x20f .\CortexM0\ARM_GCC_541\Debug\Motor_Unit_FSM.o
 .debug_line    0x0000119d      0x2fa .\CortexM0\ARM_GCC_541\Debug\PortPSOC_swerve.o
 .debug_line    0x00001497      0x2f3 .\CortexM0\ARM_GCC_541\Debug\CANCommon.o
 .debug_line    0x0000178a      0x24e .\CortexM0\ARM_GCC_541\Debug\CANGPIO.o
 .debug_line    0x000019d8       0x1d .\CortexM0\ARM_GCC_541\Debug\CANLocalization.o
 .debug_line    0x000019f5      0x3a1 .\CortexM0\ARM_GCC_541\Debug\CANMotorUnit.o
 .debug_line    0x00001d96      0x2dc .\CortexM0\ARM_GCC_541\Debug\CANPacket.o
 .debug_line    0x00002072      0x19d .\CortexM0\ARM_GCC_541\Debug\CANPower.o
 .debug_line    0x0000220f      0x1c5 .\CortexM0\ARM_GCC_541\Debug\CANScience.o
 .debug_line    0x000023d4      0x1b6 .\CortexM0\ARM_GCC_541\Debug\cyfitter_cfg.o
 .debug_line    0x0000258a      0x141 .\CortexM0\ARM_GCC_541\Debug\cymetadata.o