Archive member included to satisfy reference by file (symbol)

.\CortexM0\ARM_GCC_541\Debug\SwerveMotorFirmware.a(Limit1.o)
                              .\CortexM0\ARM_GCC_541\Debug\main.o (Limit1_Read)
.\CortexM0\ARM_GCC_541\Debug\SwerveMotorFirmware.a(Limit2.o)
                              .\CortexM0\ARM_GCC_541\Debug\main.o (Limit2_Read)
.\CortexM0\ARM_GCC_541\Debug\SwerveMotorFirmware.a(PWM_Motor1.o)
                              .\CortexM0\ARM_GCC_541\Debug\MotorDrive.o (PWM_Motor1_WriteCompare)
.\CortexM0\ARM_GCC_541\Debug\SwerveMotorFirmware.a(isr_Limit_1.o)
                              .\CortexM0\ARM_GCC_541\Debug\main.o (isr_Limit_1_StartEx)
.\CortexM0\ARM_GCC_541\Debug\SwerveMotorFirmware.a(Pin_Encoder_A.o)
                              .\CortexM0\ARM_GCC_541\Debug\main.o (Pin_Encoder_A_Read)
.\CortexM0\ARM_GCC_541\Debug\SwerveMotorFirmware.a(Pin_Encoder_B.o)
                              .\CortexM0\ARM_GCC_541\Debug\main.o (Pin_Encoder_B_Read)
.\CortexM0\ARM_GCC_541\Debug\SwerveMotorFirmware.a(Status_Reg_Switches.o)
                              .\CortexM0\ARM_GCC_541\Debug\main.o (Status_Reg_Switches_Read)
.\CortexM0\ARM_GCC_541\Debug\SwerveMotorFirmware.a(CAN.o)
                              .\CortexM0\ARM_GCC_541\Debug\PortPSOC_swerve.o (CAN_GlobalIntEnable)
.\CortexM0\ARM_GCC_541\Debug\SwerveMotorFirmware.a(CAN_INT.o)
                              .\CortexM0\ARM_GCC_541\Debug\SwerveMotorFirmware.a(CAN.o) (CAN_ISR)
.\CortexM0\ARM_GCC_541\Debug\SwerveMotorFirmware.a(CAN_TX_RX_func.o)
                              .\CortexM0\ARM_GCC_541\Debug\PortPSOC_swerve.o (CAN_SendMsg)
.\CortexM0\ARM_GCC_541\Debug\SwerveMotorFirmware.a(UART.o)
                              .\CortexM0\ARM_GCC_541\Debug\main.o (UART_Start)
.\CortexM0\ARM_GCC_541\Debug\SwerveMotorFirmware.a(UART_UART.o)
                              .\CortexM0\ARM_GCC_541\Debug\SwerveMotorFirmware.a(UART.o) (UART_UartInit)
.\CortexM0\ARM_GCC_541\Debug\SwerveMotorFirmware.a(Dip1.o)
                              .\CortexM0\ARM_GCC_541\Debug\main.o (Dip1_Read)
.\CortexM0\ARM_GCC_541\Debug\SwerveMotorFirmware.a(Dip2.o)
                              .\CortexM0\ARM_GCC_541\Debug\main.o (Dip2_Read)
.\CortexM0\ARM_GCC_541\Debug\SwerveMotorFirmware.a(Dip3.o)
                              .\CortexM0\ARM_GCC_541\Debug\main.o (Dip3_Read)
.\CortexM0\ARM_GCC_541\Debug\SwerveMotorFirmware.a(Dip4.o)
                              .\CortexM0\ARM_GCC_541\Debug\main.o (Dip4_Read)
.\CortexM0\ARM_GCC_541\Debug\SwerveMotorFirmware.a(Timer_1.o)
                              .\CortexM0\ARM_GCC_541\Debug\main.o (Timer_1_ReadStatusRegister)
.\CortexM0\ARM_GCC_541\Debug\SwerveMotorFirmware.a(isr_period.o)
                              .\CortexM0\ARM_GCC_541\Debug\main.o (isr_period_StartEx)
.\CortexM0\ARM_GCC_541\Debug\SwerveMotorFirmware.a(LED_Debug1.o)
                              .\CortexM0\ARM_GCC_541\Debug\main.o (LED_Debug1_Write)
.\CortexM0\ARM_GCC_541\Debug\SwerveMotorFirmware.a(LED_Debug2.o)
                              .\CortexM0\ARM_GCC_541\Debug\main.o (LED_Debug2_Write)
.\CortexM0\ARM_GCC_541\Debug\SwerveMotorFirmware.a(LED_CAN.o)
                              .\CortexM0\ARM_GCC_541\Debug\main.o (LED_CAN_Write)
.\CortexM0\ARM_GCC_541\Debug\SwerveMotorFirmware.a(LED_Error.o)
                              .\CortexM0\ARM_GCC_541\Debug\main.o (LED_Error_Write)
.\CortexM0\ARM_GCC_541\Debug\SwerveMotorFirmware.a(StripLights.o)
                              .\CortexM0\ARM_GCC_541\Debug\LED_Array.o (StripLights_Trigger)
.\CortexM0\ARM_GCC_541\Debug\SwerveMotorFirmware.a(StripLights_fonts.o)
                              .\CortexM0\ARM_GCC_541\Debug\SwerveMotorFirmware.a(StripLights.o) (StripLights_SetFont)
.\CortexM0\ARM_GCC_541\Debug\SwerveMotorFirmware.a(PWM_Motor2.o)
                              .\CortexM0\ARM_GCC_541\Debug\MotorDrive.o (PWM_Motor2_WriteCompare)
.\CortexM0\ARM_GCC_541\Debug\SwerveMotorFirmware.a(Motor1Direction.o)
                              .\CortexM0\ARM_GCC_541\Debug\MotorDrive.o (Motor1Direction_Write)
.\CortexM0\ARM_GCC_541\Debug\SwerveMotorFirmware.a(Motor2Direction.o)
                              .\CortexM0\ARM_GCC_541\Debug\MotorDrive.o (Motor2Direction_Write)
.\CortexM0\ARM_GCC_541\Debug\SwerveMotorFirmware.a(StripLights_cisr.o)
                              .\CortexM0\ARM_GCC_541\Debug\SwerveMotorFirmware.a(StripLights.o) (StripLights_cisr_StartEx)
.\CortexM0\ARM_GCC_541\Debug\SwerveMotorFirmware.a(StripLights_fisr.o)
                              .\CortexM0\ARM_GCC_541\Debug\SwerveMotorFirmware.a(StripLights.o) (StripLights_fisr_StartEx)
.\CortexM0\ARM_GCC_541\Debug\SwerveMotorFirmware.a(CyLib.o)
                              .\CortexM0\ARM_GCC_541\Debug\cyfitter_cfg.o (CyIntEnable)
.\CortexM0\ARM_GCC_541\Debug\SwerveMotorFirmware.a(cyutils.o)
                              .\CortexM0\ARM_GCC_541\Debug\SwerveMotorFirmware.a(Timer_1.o) (CySetReg24)
.\CortexM0\ARM_GCC_541\Debug\SwerveMotorFirmware.a(CyLFClk.o)
[...]
Memory Configuration

Name             Origin             Length             Attributes
rom              0x00000000         0x00040000         xr
ram              0x20000000         0x00008000         xrw
*default*        0x00000000         0xffffffff

Linker script and memory map

LOAD c:/program files (x86)/cypress/psoc creator/4.4/psoc creator/import/gnu/arm/5.4.1/bin/../lib/gcc/arm-none-eabi/5.4.1/armv6-m/crti.o
LOAD c:/program files (x86)/cypress/psoc creator/4.4/psoc creator/import/gnu/arm/5.4.1/bin/../lib/gcc/arm-none-eabi/5.4.1/armv6-m/crtbegin.o
LOAD c:/program files (x86)/cypress/psoc creator/4.4/psoc creator/import/gnu/arm/5.4.1/bin/../lib/gcc/arm-none-eabi/5.4.1/../../../../arm-none-eabi/lib/armv6-m/crt0.o
START GROUP
LOAD .\CortexM0\ARM_GCC_541\Debug\main.o
LOAD .\CortexM0\ARM_GCC_541\Debug\LED_Array.o
LOAD .\CortexM0\ARM_GCC_541\Debug\MotorDrive.o
LOAD .\CortexM0\ARM_GCC_541\Debug\PositionPID.o
LOAD .\CortexM0\ARM_GCC_541\Debug\Motor_Unit_CAN.o
LOAD .\CortexM0\ARM_GCC_541\Debug\Motor_Unit_FSM.o
LOAD .\CortexM0\ARM_GCC_541\Debug\PortPSOC_swerve.o
LOAD .\CortexM0\ARM_GCC_541\Debug\CANCommon.o
LOAD .\CortexM0\ARM_GCC_541\Debug\CANGPIO.o
LOAD .\CortexM0\ARM_GCC_541\Debug\CANLocalization.o
LOAD .\CortexM0\ARM_GCC_541\Debug\CANMotorUnit.o
LOAD .\CortexM0\ARM_GCC_541\Debug\CANPacket.o
LOAD .\CortexM0\ARM_GCC_541\Debug\CANPower.o
LOAD .\CortexM0\ARM_GCC_541\Debug\CANScience.o
LOAD .\CortexM0\ARM_GCC_541\Debug\cyfitter_cfg.o
LOAD .\CortexM0\ARM_GCC_541\Debug\cymetadata.o
LOAD .\CortexM0\ARM_GCC_541\Debug\Cm0Start.o
LOAD .\CortexM0\ARM_GCC_541\Debug\SwerveMotorFirmware.a
END GROUP
START GROUP
LOAD c:/program files (x86)/cypress/psoc creator/4.4/psoc creator/import/gnu/arm/5.4.1/bin/../lib/gcc/arm-none-eabi/5.4.1/armv6-m\libgcc.a
LOAD c:/program files (x86)/cypress/psoc creator/4.4/psoc creator/import/gnu/arm/5.4.1/bin/../lib/gcc/arm-none-eabi/5.4.1/../../../../arm-none-eabi/lib/armv6-m\libg_nano.a
LOAD c:/program files (x86)/cypress/psoc creator/4.4/psoc creator/import/gnu/arm/5.4.1/bin/../lib/gcc/arm-none-eabi/5.4.1/../../../../arm-none-eabi/lib/armv6-m\libc_nano.a
END GROUP
START GROUP
LOAD c:/program files (x86)/cypress/psoc creator/4.4/psoc creator/import/gnu/arm/5.4.1/bin/../lib/gcc/arm-none-eabi/5.4.1/armv6-m\libgcc.a
LOAD c:/program files (x86)/cypress/psoc creator/4.4/psoc creator/import/gnu/arm/5.4.1/bin/../lib/gcc/arm-none-eabi/5.4.1/../../../../arm-none-eabi/lib/armv6-m\libc_nano.a
END GROUP
LOAD c:/program files (x86)/cypress/psoc creator/4.4/psoc creator/import/gnu/arm/5.4.1/bin/../lib/gcc/arm-none-eabi/5.4.1/armv6-m/crtend.o
LOAD c:/program files (x86)/cypress/psoc creator/4.4/psoc creator/import/gnu/arm/5.4.1/bin/../lib/gcc/arm-none-eabi/5.4.1/armv6-m/crtn.o
START GROUP
LOAD c:/program files (x86)/cypress/psoc creator/4.4/psoc creator/import/gnu/arm/5.4.1/bin/../lib/gcc/arm-none-eabi/5.4.1/armv6-m\libgcc.a
LOAD c:/program files (x86)/cypress/psoc creator/4.4/psoc creator/import/gnu/arm/5.4.1/bin/../lib/gcc/arm-none-eabi/5.4.1/../../../../arm-none-eabi/lib/armv6-m\libc.a
LOAD c:/program files (x86)/cypress/psoc creator/4.4/psoc creator/import/gnu/arm/5.4.1/bin/../lib/gcc/arm-none-eabi/5.4.1/../../../../arm-none-eabi/lib/armv6-m\libnosys.a
END GROUP
                0x00000000                CY_APPL_ORIGIN = 0x0
                0x00000100                CY_FLASH_ROW_SIZE = 0x100
                0x00000001                CY_APPL_NUM = 0x1
                0x00000001                CY_APPL_MAX = 0x1
                0x00000040                CY_METADATA_SIZE = 0x40
                0x00000000                CY_APPL_LOADABLE = 0x0
                0x00000000                CY_CHECKSUM_EXCLUDE_SIZE = ALIGN (0x0, CY_FLASH_ROW_SIZE)
                0x00000000                CY_APP_FOR_STACK_AND_COPIER = 0x0
                [!provide]                PROVIDE (__cy_heap_start, _end)
                0x00000001                PROVIDE (__cy_region_num, ((__cy_regions_end - __cy_regions) / 0x10))
                0x20008000                PROVIDE (__cy_stack, (ORIGIN (ram) + LENGTH (ram)))
                [!provide]                PROVIDE (__cy_heap_end, (__cy_stack - 0x800))

.cybootloader   0x00000000        0x0
 *(.cybootloader)
                0x00000000                appl1_start = CY_APPL_ORIGIN?CY_APPL_ORIGIN:ALIGN (CY_FLASH_ROW_SIZE)
                0x0001ff00                appl2_start = (appl1_start + ALIGN ((((LENGTH (rom) - appl1_start) - (0x2 * CY_FLASH_ROW_SIZE)) / 0x2), CY_FLASH_ROW_SIZE))
                0x00000000                appl_start = (CY_APPL_NUM == 0x1)?appl1_start:appl2_start
                0x00000001                cy_project_type_bootloader = (appl_start == 0x0)?0x1:0x0
                0x00000000                cy_project_type_app_for_stack_and_copier = (CY_APP_FOR_STACK_AND_COPIER == 0x1)?0x1:0x0

.text           0x00000000     0x5082
 CREATE_OBJECT_SYMBOLS
                0x00000000                PROVIDE (__cy_interrupt_vector, RomVectors)
 *(.romvectors)
 .romvectors    0x00000000       0x10 .\CortexM0\ARM_GCC_541\Debug\Cm0Start.o
                0x00000000                RomVectors
                0x00000001                ASSERT ((. != __cy_interrupt_vector), No interrupt vector)
                0x00000001                ASSERT (CY_APPL_ORIGIN?(SIZEOF (.cybootloader) <= CY_APPL_ORIGIN):0x1, Wrong image location)
                0x00000010                PROVIDE (__cy_reset, Reset)
 *(.text.Reset)
 .text.Reset    0x00000010        0x8 .\CortexM0\ARM_GCC_541\Debug\Cm0Start.o
                0x00000010                Reset
                0x00000001                ASSERT ((. != __cy_reset), No reset code)
 *(.psocinit)
 .psocinit      0x00000018      0x2e4 .\CortexM0\ARM_GCC_541\Debug\cyfitter_cfg.o
                0x00000138                cyfitter_cfg
                0x000002fc                . = MAX (., 0x100)
 *(.text .text.* .gnu.linkonce.t.*)
 .text          0x000002fc       0x60 c:/program files (x86)/cypress/psoc creator/4.4/psoc creator/import/gnu/arm/5.4.1/bin/../lib/gcc/arm-none-eabi/5.4.1/armv6-m/crtbegin.o
 .text.Period_Reset_Handler
                0x0000035c       0x70 .\CortexM0\ARM_GCC_541\Debug\main.o
                0x0000035c                Period_Reset_Handler
 .text.Pin_Limit_Handler
                0x000003cc       0x6c .\CortexM0\ARM_GCC_541\Debug\main.o
                0x000003cc                Pin_Limit_Handler
 .text.ReadCAN  0x00000438       0x30 .\CortexM0\ARM_GCC_541\Debug\main.o
                0x00000438                ReadCAN
 .text.DisplayErrorCode
                0x00000468       0x50 .\CortexM0\ARM_GCC_541\Debug\main.o
                0x00000468                DisplayErrorCode
 .text.getSerialAddress
                0x000004b8       0x34 .\CortexM0\ARM_GCC_541\Debug\main.o
                0x000004b8                getSerialAddress
 .text.Initialize
                0x000004ec       0xb0 .\CortexM0\ARM_GCC_541\Debug\main.o
                0x000004ec                Initialize
 .text.main     0x0000059c       0xa8 .\CortexM0\ARM_GCC_541\Debug\main.o
                0x0000059c                main
 .text.updateEncCount
                0x00000644       0x50 .\CortexM0\ARM_GCC_541\Debug\main.o
                0x00000644                updateEncCount
 .text.EncA_Change_Handler
                0x00000694        0x8 .\CortexM0\ARM_GCC_541\Debug\main.o
                0x00000694                EncA_Change_Handler
 .text.EncB_Change_Handler
                0x0000069c        0x8 .\CortexM0\ARM_GCC_541\Debug\main.o
                0x0000069c                EncB_Change_Handler
 .text.initalize_LEDs
                0x000006a4       0x28 .\CortexM0\ARM_GCC_541\Debug\LED_Array.o
                0x000006a4                initalize_LEDs
 .text.get_color_packet
                0x000006cc        0xc .\CortexM0\ARM_GCC_541\Debug\LED_Array.o
                0x000006cc                get_color_packet
 .text.set_PWM_M1
                0x000006d8       0x58 .\CortexM0\ARM_GCC_541\Debug\MotorDrive.o
                0x000006d8                set_PWM_M1
 .text.set_PWM_M2
                0x00000730       0x58 .\CortexM0\ARM_GCC_541\Debug\MotorDrive.o
                0x00000730                set_PWM_M2
 .text.GetCurrentPWM_M2
                0x00000788        0xc .\CortexM0\ARM_GCC_541\Debug\MotorDrive.o
                0x00000788                GetCurrentPWM_M2
 .text.ClearPIDProgress
                0x00000794       0x10 .\CortexM0\ARM_GCC_541\Debug\PositionPID.o
                0x00000794                ClearPIDProgress
 .text.DisablePID
                0x000007a4        0xc .\CortexM0\ARM_GCC_541\Debug\PositionPID.o
                0x000007a4                DisablePID
 .text.EnablePID
                0x000007b0        0xc .\CortexM0\ARM_GCC_541\Debug\PositionPID.o
                0x000007b0                EnablePID
 .text.PIDIsEnabled
                0x000007bc        0xc .\CortexM0\ARM_GCC_541\Debug\PositionPID.o
                0x000007bc                PIDIsEnabled
 .text.InitializePID
                0x000007c8       0x20 .\CortexM0\ARM_GCC_541\Debug\PositionPID.o
                0x000007c8                InitializePID
 .text.SetkPosition
                0x000007e8        0xc .\CortexM0\ARM_GCC_541\Debug\PositionPID.o
                0x000007e8                SetkPosition
 .text.SetkIntegral
                0x000007f4        0xc .\CortexM0\ARM_GCC_541\Debug\PositionPID.o
                0x000007f4                SetkIntegral
 .text.SetkDerivative
                0x00000800        0xc .\CortexM0\ARM_GCC_541\Debug\PositionPID.o
                0x00000800                SetkDerivative
 .text.GetPotVal
                0x0000080c       0x34 .\CortexM0\ARM_GCC_541\Debug\PositionPID.o
                0x0000080c                GetPotVal
 .text.SetConversion
                0x00000840        0xc .\CortexM0\ARM_GCC_541\Debug\PositionPID.o
                0x00000840                SetConversion
 .text.UpdateConversion
                0x0000084c       0x44 .\CortexM0\ARM_GCC_541\Debug\PositionPID.o
                0x0000084c                UpdateConversion
 .text.setUsingPot
                0x00000890        0xc .\CortexM0\ARM_GCC_541\Debug\PositionPID.o
                0x00000890                setUsingPot
 .text.SetMaxPIDPWM
                0x0000089c        0xc .\CortexM0\ARM_GCC_541\Debug\PositionPID.o
                0x0000089c                SetMaxPIDPWM
 .text.setTickMin
                0x000008a8        0xc .\CortexM0\ARM_GCC_541\Debug\PositionPID.o
                0x000008a8                setTickMin
 .text.setTickMax
                0x000008b4        0xc .\CortexM0\ARM_GCC_541\Debug\PositionPID.o
                0x000008b4                setTickMax
 .text.setmDegMin
                0x000008c0        0xc .\CortexM0\ARM_GCC_541\Debug\PositionPID.o
                0x000008c0                setmDegMin
 .text.setmDegMax
                0x000008cc        0xc .\CortexM0\ARM_GCC_541\Debug\PositionPID.o
                0x000008cc                setmDegMax
 .text.GetPositionmDeg
                0x000008d8       0x70 .\CortexM0\ARM_GCC_541\Debug\PositionPID.o
                0x000008d8                GetPositionmDeg
 .text.Position_PID
                0x00000948       0x7c .\CortexM0\ARM_GCC_541\Debug\PositionPID.o
                0x00000948                Position_PID
 .text.SetPosition
                0x000009c4       0x64 .\CortexM0\ARM_GCC_541\Debug\PositionPID.o
                0x000009c4                SetPosition
 .text.GetLimitSwNumFromPacket
                0x00000a28        0x4 .\CortexM0\ARM_GCC_541\Debug\Motor_Unit_CAN.o
 .text.GetEncCountFromPacket
                0x00000a2c       0x10 .\CortexM0\ARM_GCC_541\Debug\Motor_Unit_CAN.o
 .text.NextStateFromCAN
                0x00000a3c      0x4cc .\CortexM0\ARM_GCC_541\Debug\Motor_Unit_CAN.o
                0x00000a3c                NextStateFromCAN
 .text.GotoUninitState
                0x00000f08       0x14 .\CortexM0\ARM_GCC_541\Debug\Motor_Unit_FSM.o
                0x00000f08                GotoUninitState
 .text.SetStateTo
                0x00000f1c        0xc .\CortexM0\ARM_GCC_541\Debug\Motor_Unit_FSM.o
                0x00000f1c                SetStateTo
 .text.SetModeTo
                0x00000f28        0xc .\CortexM0\ARM_GCC_541\Debug\Motor_Unit_FSM.o
                0x00000f28                SetModeTo
 .text.GetState
                0x00000f34        0xc .\CortexM0\ARM_GCC_541\Debug\Motor_Unit_FSM.o
                0x00000f34                GetState
 .text.GetMode  0x00000f40        0xc .\CortexM0\ARM_GCC_541\Debug\Motor_Unit_FSM.o
                0x00000f40                GetMode
 .text.PositionConstIsSet
                0x00000f4c       0x10 .\CortexM0\ARM_GCC_541\Debug\Motor_Unit_FSM.o
                0x00000f4c                PositionConstIsSet
 .text.IntegralConstIsSet
                0x00000f5c       0x10 .\CortexM0\ARM_GCC_541\Debug\Motor_Unit_FSM.o
                0x00000f5c                IntegralConstIsSet
 .text.DerivativeConstIsSet
                0x00000f6c       0x10 .\CortexM0\ARM_GCC_541\Debug\Motor_Unit_FSM.o
                0x00000f6c                DerivativeConstIsSet
 .text.PIDconstsSet
                0x00000f7c       0x14 .\CortexM0\ARM_GCC_541\Debug\Motor_Unit_FSM.o
                0x00000f7c                PIDconstsSet
 .text.InitCAN  0x00000f90       0xd8 .\CortexM0\ARM_GCC_541\Debug\PortPSOC_swerve.o
                0x00000f90                InitCAN
 .text.SendCANPacket
                0x00001068       0x40 .\CortexM0\ARM_GCC_541\Debug\PortPSOC_swerve.o
                0x00001068                SendCANPacket
 .text.getLocalDeviceSerial
                0x000010a8        0xc .\CortexM0\ARM_GCC_541\Debug\PortPSOC_swerve.o
                0x000010a8                getLocalDeviceSerial
 .text.getLocalDeviceGroup
                0x000010b4        0xc .\CortexM0\ARM_GCC_541\Debug\PortPSOC_swerve.o
                0x000010b4                getLocalDeviceGroup
 .text.getChipType
                0x000010c0        0x4 .\CortexM0\ARM_GCC_541\Debug\PortPSOC_swerve.o
                0x000010c0                getChipType
 .text.FIFOSize
                0x000010c4       0x48 .\CortexM0\ARM_GCC_541\Debug\PortPSOC_swerve.o
                0x000010c4                FIFOSize
 .text.countAddFIFO
                0x0000110c       0x50 .\CortexM0\ARM_GCC_541\Debug\PortPSOC_swerve.o
                0x0000110c                countAddFIFO
 .text.CAN_FLAG_ISR
                0x0000115c      0x128 .\CortexM0\ARM_GCC_541\Debug\PortPSOC_swerve.o
                0x0000115c                CAN_FLAG_ISR
 .text.countRemoveFIFO
                0x00001284       0x28 .\CortexM0\ARM_GCC_541\Debug\PortPSOC_swerve.o
                0x00001284                countRemoveFIFO
 .text.PollAndReceiveCANPacket
                0x000012ac       0x4c .\CortexM0\ARM_GCC_541\Debug\PortPSOC_swerve.o
                0x000012ac                PollAndReceiveCANPacket
 .text.AssembleChipTypeReportPacket
                0x000012f8       0x24 .\CortexM0\ARM_GCC_541\Debug\CANCommon.o
                0x000012f8                AssembleChipTypeReportPacket
 .text.AssembleTelemetryReportPacket
                0x0000131c       0x2c .\CortexM0\ARM_GCC_541\Debug\CANCommon.o
                0x0000131c                AssembleTelemetryReportPacket
 .text.DecodeTelemetryType
                0x00001348        0x4 .\CortexM0\ARM_GCC_541\Debug\CANCommon.o
                0x00001348                DecodeTelemetryType
 .text.GetModeFromPacket
                0x0000134c        0x4 .\CortexM0\ARM_GCC_541\Debug\CANMotorUnit.o
                0x0000134c                GetModeFromPacket
 .text.GetPWMFromPacket
                0x00001350       0x10 .\CortexM0\ARM_GCC_541\Debug\CANMotorUnit.o
                0x00001350                GetPWMFromPacket
 .text.GetPIDTargetFromPacket
                0x00001360       0x10 .\CortexM0\ARM_GCC_541\Debug\CANMotorUnit.o
                0x00001360                GetPIDTargetFromPacket
 .text.GetPFromPacket
                0x00001370       0x10 .\CortexM0\ARM_GCC_541\Debug\CANMotorUnit.o
                0x00001370                GetPFromPacket
 .text.GetIFromPacket
                0x00001380       0x10 .\CortexM0\ARM_GCC_541\Debug\CANMotorUnit.o
                0x00001380                GetIFromPacket
 .text.GetDFromPacket
                0x00001390       0x10 .\CortexM0\ARM_GCC_541\Debug\CANMotorUnit.o
                0x00001390                GetDFromPacket
 .text.AssembleLimitSwitchAlertPacket
                0x000013a0       0x20 .\CortexM0\ARM_GCC_541\Debug\CANMotorUnit.o
                0x000013a0                AssembleLimitSwitchAlertPacket
 .text.GetEncoderPPJRFromPacket
                0x000013c0       0x10 .\CortexM0\ARM_GCC_541\Debug\CANMotorUnit.o
                0x000013c0                GetEncoderPPJRFromPacket
 .text.GetPotADCFromPacket
                0x000013d0       0x10 .\CortexM0\ARM_GCC_541\Debug\CANMotorUnit.o
                0x000013d0                GetPotADCFromPacket
 .text.GetPotmDegFromPacket
                0x000013e0       0x10 .\CortexM0\ARM_GCC_541\Debug\CANMotorUnit.o
                0x000013e0                GetPotmDegFromPacket
 .text.GetEncoderZeroFromPacket
                0x000013f0        0x8 .\CortexM0\ARM_GCC_541\Debug\CANMotorUnit.o
                0x000013f0                GetEncoderZeroFromPacket
 .text.GetMaxPIDPWMFromPacket
                0x000013f8       0x10 .\CortexM0\ARM_GCC_541\Debug\CANMotorUnit.o
                0x000013f8                GetMaxPIDPWMFromPacket
 .text.ConstructCANID
                0x00001408       0x1c .\CortexM0\ARM_GCC_541\Debug\CANPacket.o
                0x00001408                ConstructCANID
 .text.WriteSenderSerialAndPacketID
                0x00001424       0x18 .\CortexM0\ARM_GCC_541\Debug\CANPacket.o
                0x00001424                WriteSenderSerialAndPacketID
 .text.GetDeviceSerialNumber
                0x0000143c        0x8 .\CortexM0\ARM_GCC_541\Debug\CANPacket.o
                0x0000143c                GetDeviceSerialNumber
 .text.GetSenderDeviceSerialNumber
                0x00001444        0x4 .\CortexM0\ARM_GCC_541\Debug\CANPacket.o
                0x00001444                GetSenderDeviceSerialNumber
 .text.GetSenderDeviceGroupCode
                0x00001448        0x4 .\CortexM0\ARM_GCC_541\Debug\CANPacket.o
                0x00001448                GetSenderDeviceGroupCode
 .text.PackIntIntoDataMSBFirst
                0x0000144c       0x18 .\CortexM0\ARM_GCC_541\Debug\CANPacket.o
                0x0000144c                PackIntIntoDataMSBFirst
 .text.DecodeBytesToIntMSBFirst
                0x00001464       0x44 .\CortexM0\ARM_GCC_541\Debug\CANPacket.o
                0x00001464                DecodeBytesToIntMSBFirst
 .text.cfg_write_bytes32
                0x000014a8       0x34 .\CortexM0\ARM_GCC_541\Debug\cyfitter_cfg.o
 .text.CYMEMZERO
                0x000014dc        0xc .\CortexM0\ARM_GCC_541\Debug\cyfitter_cfg.o
 .text.SetAnalogRoutingPumps
                0x000014e8       0x20 .\CortexM0\ARM_GCC_541\Debug\cyfitter_cfg.o
                0x000014e8                SetAnalogRoutingPumps
 .text.AnalogSetDefault
                0x00001508       0x3c .\CortexM0\ARM_GCC_541\Debug\cyfitter_cfg.o
 .text.IntDefaultHandler
                0x00001544       0x10 .\CortexM0\ARM_GCC_541\Debug\Cm0Start.o
                0x00001544                IntDefaultHandler
 .text._sbrk    0x00001554       0x30 .\CortexM0\ARM_GCC_541\Debug\Cm0Start.o
                0x00001554                _sbrk
 .text.Start_c  0x00001584       0x48 .\CortexM0\ARM_GCC_541\Debug\Cm0Start.o
                0x00001584                Start_c
 .text.initialize_psoc
                0x000015cc       0x4c .\CortexM0\ARM_GCC_541\Debug\Cm0Start.o
                0x000015cc                initialize_psoc
 .text.Limit1_Read
                0x00001618       0x10 .\CortexM0\ARM_GCC_541\Debug\SwerveMotorFirmware.a(Limit1.o)
                0x00001618                Limit1_Read
 .text.Limit2_Read
                0x00001628       0x10 .\CortexM0\ARM_GCC_541\Debug\SwerveMotorFirmware.a(Limit2.o)
                0x00001628                Limit2_Read
 .text.PWM_Motor1_WriteCounter
                0x00001638       0x10 .\CortexM0\ARM_GCC_541\Debug\SwerveMotorFirmware.a(PWM_Motor1.o)
                0x00001638                PWM_Motor1_WriteCounter
 .text.PWM_Motor1_WritePeriod
                0x00001648       0x10 .\CortexM0\ARM_GCC_541\Debug\SwerveMotorFirmware.a(PWM_Motor1.o)
                0x00001648                PWM_Motor1_WritePeriod
 .text.PWM_Motor1_WriteCompare
                0x00001658       0x10 .\CortexM0\ARM_GCC_541\Debug\SwerveMotorFirmware.a(PWM_Motor1.o)
                0x00001658                PWM_Motor1_WriteCompare
 .text.PWM_Motor1_TriggerCommand
                0x00001668       0x1c .\CortexM0\ARM_GCC_541\Debug\SwerveMotorFirmware.a(PWM_Motor1.o)
                0x00001668                PWM_Motor1_TriggerCommand
 .text.PWM_Motor1_Enable
                0x00001684       0x24 .\CortexM0\ARM_GCC_541\Debug\SwerveMotorFirmware.a(PWM_Motor1.o)
                0x00001684                PWM_Motor1_Enable
 .text.PWM_Motor1_SetInterruptMode
                0x000016a8        0xc .\CortexM0\ARM_GCC_541\Debug\SwerveMotorFirmware.a(PWM_Motor1.o)
                0x000016a8                PWM_Motor1_SetInterruptMode
 .text.PWM_Motor1_Init
                0x000016b4       0x48 .\CortexM0\ARM_GCC_541\Debug\SwerveMotorFirmware.a(PWM_Motor1.o)
                0x000016b4                PWM_Motor1_Init
 .text.PWM_Motor1_Start
                0x000016fc       0x20 .\CortexM0\ARM_GCC_541\Debug\SwerveMotorFirmware.a(PWM_Motor1.o)
                0x000016fc                PWM_Motor1_Start
 .text.isr_Limit_1_SetVector
                0x0000171c        0xc .\CortexM0\ARM_GCC_541\Debug\SwerveMotorFirmware.a(isr_Limit_1.o)
                0x0000171c                isr_Limit_1_SetVector
 .text.isr_Limit_1_SetPriority
                0x00001728       0x24 .\CortexM0\ARM_GCC_541\Debug\SwerveMotorFirmware.a(isr_Limit_1.o)
                0x00001728                isr_Limit_1_SetPriority
 .text.isr_Limit_1_Enable
                0x0000174c        0xc .\CortexM0\ARM_GCC_541\Debug\SwerveMotorFirmware.a(isr_Limit_1.o)
                0x0000174c                isr_Limit_1_Enable
 .text.isr_Limit_1_Disable
                0x00001758        0xc .\CortexM0\ARM_GCC_541\Debug\SwerveMotorFirmware.a(isr_Limit_1.o)
                0x00001758                isr_Limit_1_Disable
 .text.isr_Limit_1_StartEx
                0x00001764       0x1c .\CortexM0\ARM_GCC_541\Debug\SwerveMotorFirmware.a(isr_Limit_1.o)
                0x00001764                isr_Limit_1_StartEx
 .text.Pin_Encoder_A_Read
                0x00001780       0x10 .\CortexM0\ARM_GCC_541\Debug\SwerveMotorFirmware.a(Pin_Encoder_A.o)
                0x00001780                Pin_Encoder_A_Read
 .text.Pin_Encoder_B_Read
                0x00001790       0x10 .\CortexM0\ARM_GCC_541\Debug\SwerveMotorFirmware.a(Pin_Encoder_B.o)
                0x00001790                Pin_Encoder_B_Read
 .text.Status_Reg_Switches_Read
                0x000017a0        0xc .\CortexM0\ARM_GCC_541\Debug\SwerveMotorFirmware.a(Status_Reg_Switches.o)
                0x000017a0                Status_Reg_Switches_Read
 .text.Status_Reg_Switches_InterruptEnable
                0x000017ac       0x1c .\CortexM0\ARM_GCC_541\Debug\SwerveMotorFirmware.a(Status_Reg_Switches.o)
                0x000017ac                Status_Reg_Switches_InterruptEnable
 .text.CAN_GlobalIntEnable
                0x000017c8       0x1c .\CortexM0\ARM_GCC_541\Debug\SwerveMotorFirmware.a(CAN.o)
                0x000017c8                CAN_GlobalIntEnable
 .text.CAN_Enable
                0x000017e4       0x48 .\CortexM0\ARM_GCC_541\Debug\SwerveMotorFirmware.a(CAN.o)
                0x000017e4                CAN_Enable
 .text.CAN_SetPreScaler
                0x0000182c       0x38 .\CortexM0\ARM_GCC_541\Debug\SwerveMotorFirmware.a(CAN.o)
                0x0000182c                CAN_SetPreScaler
 .text.CAN_SetArbiter
                0x00001864       0x40 .\CortexM0\ARM_GCC_541\Debug\SwerveMotorFirmware.a(CAN.o)
                0x00001864                CAN_SetArbiter
 .text.CAN_SetTsegSample
                0x000018a4       0xa0 .\CortexM0\ARM_GCC_541\Debug\SwerveMotorFirmware.a(CAN.o)
                0x000018a4                CAN_SetTsegSample
 .text.CAN_SetRestartType
                0x00001944       0x38 .\CortexM0\ARM_GCC_541\Debug\SwerveMotorFirmware.a(CAN.o)
                0x00001944                CAN_SetRestartType
 .text.CAN_SetEdgeMode
                0x0000197c       0x38 .\CortexM0\ARM_GCC_541\Debug\SwerveMotorFirmware.a(CAN.o)
                0x0000197c                CAN_SetEdgeMode
 .text.CAN_SetIrqMask
                0x000019b4       0x1c .\CortexM0\ARM_GCC_541\Debug\SwerveMotorFirmware.a(CAN.o)
                0x000019b4                CAN_SetIrqMask
 .text.CAN_RxBufConfig
                0x000019d0       0x98 .\CortexM0\ARM_GCC_541\Debug\SwerveMotorFirmware.a(CAN.o)
                0x000019d0                CAN_RxBufConfig
 .text.CAN_TxBufConfig
                0x00001a68       0x58 .\CortexM0\ARM_GCC_541\Debug\SwerveMotorFirmware.a(CAN.o)
                0x00001a68                CAN_TxBufConfig
 .text.CAN_RxTxBuffersConfig
                0x00001ac0       0x54 .\CortexM0\ARM_GCC_541\Debug\SwerveMotorFirmware.a(CAN.o)
                0x00001ac0                CAN_RxTxBuffersConfig
 .text.CAN_SetSwapDataEndianness
                0x00001b14       0x40 .\CortexM0\ARM_GCC_541\Debug\SwerveMotorFirmware.a(CAN.o)
                0x00001b14                CAN_SetSwapDataEndianness
 .text.CAN_Init
                0x00001b54       0xe8 .\CortexM0\ARM_GCC_541\Debug\SwerveMotorFirmware.a(CAN.o)
                0x00001b54                CAN_Init
 .text.CAN_Start
                0x00001c3c       0x28 .\CortexM0\ARM_GCC_541\Debug\SwerveMotorFirmware.a(CAN.o)
                0x00001c3c                CAN_Start
 .text.CAN_ISR  0x00001c64        0x4 .\CortexM0\ARM_GCC_541\Debug\SwerveMotorFirmware.a(CAN_INT.o)
                0x00001c64                CAN_ISR
 .text.CAN_SendMsg
                0x00001c68      0x154 .\CortexM0\ARM_GCC_541\Debug\SwerveMotorFirmware.a(CAN_TX_RX_func.o)
                0x00001c68                CAN_SendMsg
 .text.UART_ScbEnableIntr
                0x00001dbc        0xc .\CortexM0\ARM_GCC_541\Debug\SwerveMotorFirmware.a(UART.o)
 .text.UART_ScbModePostEnable
                0x00001dc8        0x8 .\CortexM0\ARM_GCC_541\Debug\SwerveMotorFirmware.a(UART.o)
 .text.UART_Init
                0x00001dd0        0x8 .\CortexM0\ARM_GCC_541\Debug\SwerveMotorFirmware.a(UART.o)
                0x00001dd0                UART_Init
 .text.UART_Enable
                0x00001dd8       0x1c .\CortexM0\ARM_GCC_541\Debug\SwerveMotorFirmware.a(UART.o)
                0x00001dd8                UART_Enable
 .text.UART_Start
                0x00001df4       0x20 .\CortexM0\ARM_GCC_541\Debug\SwerveMotorFirmware.a(UART.o)
                0x00001df4                UART_Start
 .text.UART_UartInit
                0x00001e14       0xdc .\CortexM0\ARM_GCC_541\Debug\SwerveMotorFirmware.a(UART_UART.o)
                0x00001e14                UART_UartInit
 .text.UART_UartPostEnable
                0x00001ef0       0x24 .\CortexM0\ARM_GCC_541\Debug\SwerveMotorFirmware.a(UART_UART.o)
                0x00001ef0                UART_UartPostEnable
 .text.UART_UartPutString
                0x00001f14       0x18 .\CortexM0\ARM_GCC_541\Debug\SwerveMotorFirmware.a(UART_UART.o)
                0x00001f14                UART_UartPutString
 .text.Dip1_Read
                0x00001f2c       0x10 .\CortexM0\ARM_GCC_541\Debug\SwerveMotorFirmware.a(Dip1.o)
                0x00001f2c                Dip1_Read
 .text.Dip2_Read
                0x00001f3c       0x10 .\CortexM0\ARM_GCC_541\Debug\SwerveMotorFirmware.a(Dip2.o)
                0x00001f3c                Dip2_Read
 .text.Dip3_Read
                0x00001f4c       0x10 .\CortexM0\ARM_GCC_541\Debug\SwerveMotorFirmware.a(Dip3.o)
                0x00001f4c                Dip3_Read
 .text.Dip4_Read
                0x00001f5c       0x10 .\CortexM0\ARM_GCC_541\Debug\SwerveMotorFirmware.a(Dip4.o)
                0x00001f5c                Dip4_Read
 .text.Timer_1_Enable
                0x00001f6c       0x14 .\CortexM0\ARM_GCC_541\Debug\SwerveMotorFirmware.a(Timer_1.o)
                0x00001f6c                Timer_1_Enable
 .text.Timer_1_SetInterruptMode
                0x00001f80        0xc .\CortexM0\ARM_GCC_541\Debug\SwerveMotorFirmware.a(Timer_1.o)
                0x00001f80                Timer_1_SetInterruptMode
 .text.Timer_1_ReadStatusRegister
                0x00001f8c        0xc .\CortexM0\ARM_GCC_541\Debug\SwerveMotorFirmware.a(Timer_1.o)
                0x00001f8c                Timer_1_ReadStatusRegister
 .text.Timer_1_WritePeriod
                0x00001f98       0x10 .\CortexM0\ARM_GCC_541\Debug\SwerveMotorFirmware.a(Timer_1.o)
                0x00001f98                Timer_1_WritePeriod
 .text.Timer_1_ReadCapture
                0x00001fa8       0x10 .\CortexM0\ARM_GCC_541\Debug\SwerveMotorFirmware.a(Timer_1.o)
                0x00001fa8                Timer_1_ReadCapture
 .text.Timer_1_WriteCounter
                0x00001fb8       0x10 .\CortexM0\ARM_GCC_541\Debug\SwerveMotorFirmware.a(Timer_1.o)
                0x00001fb8                Timer_1_WriteCounter
 .text.Timer_1_ClearFIFO
                0x00001fc8       0x14 .\CortexM0\ARM_GCC_541\Debug\SwerveMotorFirmware.a(Timer_1.o)
                0x00001fc8                Timer_1_ClearFIFO
 .text.Timer_1_Init
                0x00001fdc       0x38 .\CortexM0\ARM_GCC_541\Debug\SwerveMotorFirmware.a(Timer_1.o)
                0x00001fdc                Timer_1_Init
 .text.Timer_1_Start
                0x00002014       0x20 .\CortexM0\ARM_GCC_541\Debug\SwerveMotorFirmware.a(Timer_1.o)
                0x00002014                Timer_1_Start
 .text.isr_period_SetVector
                0x00002034        0xc .\CortexM0\ARM_GCC_541\Debug\SwerveMotorFirmware.a(isr_period.o)
                0x00002034                isr_period_SetVector
 .text.isr_period_SetPriority
                0x00002040       0x24 .\CortexM0\ARM_GCC_541\Debug\SwerveMotorFirmware.a(isr_period.o)
                0x00002040                isr_period_SetPriority
 .text.isr_period_Enable
                0x00002064        0xc .\CortexM0\ARM_GCC_541\Debug\SwerveMotorFirmware.a(isr_period.o)
                0x00002064                isr_period_Enable
 .text.isr_period_Disable
                0x00002070        0xc .\CortexM0\ARM_GCC_541\Debug\SwerveMotorFirmware.a(isr_period.o)
                0x00002070                isr_period_Disable
 .text.isr_period_StartEx
                0x0000207c       0x1c .\CortexM0\ARM_GCC_541\Debug\SwerveMotorFirmware.a(isr_period.o)
                0x0000207c                isr_period_StartEx
 .text.LED_Debug1_Write
                0x00002098       0x18 .\CortexM0\ARM_GCC_541\Debug\SwerveMotorFirmware.a(LED_Debug1.o)
                0x00002098                LED_Debug1_Write
 .text.LED_Debug2_Write
                0x000020b0       0x18 .\CortexM0\ARM_GCC_541\Debug\SwerveMotorFirmware.a(LED_Debug2.o)
                0x000020b0                LED_Debug2_Write
 .text.LED_CAN_Write
                0x000020c8       0x18 .\CortexM0\ARM_GCC_541\Debug\SwerveMotorFirmware.a(LED_CAN.o)
                0x000020c8                LED_CAN_Write
 .text.LED_Error_Write
                0x000020e0       0x18 .\CortexM0\ARM_GCC_541\Debug\SwerveMotorFirmware.a(LED_Error.o)
                0x000020e0                LED_Error_Write
 .text.StripLights_FISR
                0x000020f8       0x60 .\CortexM0\ARM_GCC_541\Debug\SwerveMotorFirmware.a(StripLights.o)
                0x000020f8                StripLights_FISR
 .text.StripLights_CISR
                0x00002158       0x7c .\CortexM0\ARM_GCC_541\Debug\SwerveMotorFirmware.a(StripLights.o)
                0x00002158                StripLights_CISR
 .text.StripLights_Trigger
                0x000021d4       0x6c .\CortexM0\ARM_GCC_541\Debug\SwerveMotorFirmware.a(StripLights.o)
                0x000021d4                StripLights_Trigger
 .text.StripLights_MemClear
                0x00002240       0x28 .\CortexM0\ARM_GCC_541\Debug\SwerveMotorFirmware.a(StripLights.o)
                0x00002240                StripLights_MemClear
 .text.StripLights_DisplayClear
                0x00002268       0x10 .\CortexM0\ARM_GCC_541\Debug\SwerveMotorFirmware.a(StripLights.o)
                0x00002268                StripLights_DisplayClear
 .text.StripLights_Pixel
                0x00002278       0x24 .\CortexM0\ARM_GCC_541\Debug\SwerveMotorFirmware.a(StripLights.o)
                0x00002278                StripLights_Pixel
 .text.StripLights_Dim
                0x0000229c       0x78 .\CortexM0\ARM_GCC_541\Debug\SwerveMotorFirmware.a(StripLights.o)
                0x0000229c                StripLights_Dim
 .text.StripLights_Start
                0x00002314       0x7c .\CortexM0\ARM_GCC_541\Debug\SwerveMotorFirmware.a(StripLights.o)
                0x00002314                StripLights_Start
 .text.StripLights_SetFont
                0x00002390       0x4c .\CortexM0\ARM_GCC_541\Debug\SwerveMotorFirmware.a(StripLights_fonts.o)
                0x00002390                StripLights_SetFont
 .text.PWM_Motor2_WriteCounter
                0x000023dc       0x10 .\CortexM0\ARM_GCC_541\Debug\SwerveMotorFirmware.a(PWM_Motor2.o)
                0x000023dc                PWM_Motor2_WriteCounter
 .text.PWM_Motor2_WritePeriod
                0x000023ec       0x10 .\CortexM0\ARM_GCC_541\Debug\SwerveMotorFirmware.a(PWM_Motor2.o)
                0x000023ec                PWM_Motor2_WritePeriod
 .text.PWM_Motor2_WriteCompare
                0x000023fc       0x10 .\CortexM0\ARM_GCC_541\Debug\SwerveMotorFirmware.a(PWM_Motor2.o)
                0x000023fc                PWM_Motor2_WriteCompare
 .text.PWM_Motor2_TriggerCommand
                0x0000240c       0x1c .\CortexM0\ARM_GCC_541\Debug\SwerveMotorFirmware.a(PWM_Motor2.o)
                0x0000240c                PWM_Motor2_TriggerCommand
 .text.PWM_Motor2_Enable
                0x00002428       0x24 .\CortexM0\ARM_GCC_541\Debug\SwerveMotorFirmware.a(PWM_Motor2.o)
                0x00002428                PWM_Motor2_Enable
 .text.PWM_Motor2_SetInterruptMode
                0x0000244c        0xc .\CortexM0\ARM_GCC_541\Debug\SwerveMotorFirmware.a(PWM_Motor2.o)
                0x0000244c                PWM_Motor2_SetInterruptMode
 .text.PWM_Motor2_Init
                0x00002458       0x48 .\CortexM0\ARM_GCC_541\Debug\SwerveMotorFirmware.a(PWM_Motor2.o)
                0x00002458                PWM_Motor2_Init
 .text.PWM_Motor2_Start
                0x000024a0       0x20 .\CortexM0\ARM_GCC_541\Debug\SwerveMotorFirmware.a(PWM_Motor2.o)
                0x000024a0                PWM_Motor2_Start
 .text.Motor1Direction_Write
                0x000024c0       0x18 .\CortexM0\ARM_GCC_541\Debug\SwerveMotorFirmware.a(Motor1Direction.o)
                0x000024c0                Motor1Direction_Write
 .text.Motor2Direction_Write
                0x000024d8       0x18 .\CortexM0\ARM_GCC_541\Debug\SwerveMotorFirmware.a(Motor2Direction.o)
                0x000024d8                Motor2Direction_Write
 .text.StripLights_cisr_SetVector
                0x000024f0        0xc .\CortexM0\ARM_GCC_541\Debug\SwerveMotorFirmware.a(StripLights_cisr.o)
                0x000024f0                StripLights_cisr_SetVector
 .text.StripLights_cisr_SetPriority
                0x000024fc       0x20 .\CortexM0\ARM_GCC_541\Debug\SwerveMotorFirmware.a(StripLights_cisr.o)
                0x000024fc                StripLights_cisr_SetPriority
 .text.StripLights_cisr_Enable
                0x0000251c        0xc .\CortexM0\ARM_GCC_541\Debug\SwerveMotorFirmware.a(StripLights_cisr.o)
                0x0000251c                StripLights_cisr_Enable
 .text.StripLights_cisr_Disable
                0x00002528        0xc .\CortexM0\ARM_GCC_541\Debug\SwerveMotorFirmware.a(StripLights_cisr.o)
                0x00002528                StripLights_cisr_Disable
 .text.StripLights_cisr_StartEx
                0x00002534       0x1c .\CortexM0\ARM_GCC_541\Debug\SwerveMotorFirmware.a(StripLights_cisr.o)
                0x00002534                StripLights_cisr_StartEx
 .text.StripLights_fisr_SetVector
                0x00002550        0xc .\CortexM0\ARM_GCC_541\Debug\SwerveMotorFirmware.a(StripLights_fisr.o)
                0x00002550                StripLights_fisr_SetVector
 .text.StripLights_fisr_SetPriority
                0x0000255c       0x24 .\CortexM0\ARM_GCC_541\Debug\SwerveMotorFirmware.a(StripLights_fisr.o)
                0x0000255c                StripLights_fisr_SetPriority
 .text.StripLights_fisr_Enable
                0x00002580        0xc .\CortexM0\ARM_GCC_541\Debug\SwerveMotorFirmware.a(StripLights_fisr.o)
                0x00002580                StripLights_fisr_Enable
 .text.StripLights_fisr_Disable
                0x0000258c        0xc .\CortexM0\ARM_GCC_541\Debug\SwerveMotorFirmware.a(StripLights_fisr.o)
                0x0000258c                StripLights_fisr_Disable
 .text.StripLights_fisr_StartEx
                0x00002598       0x1c .\CortexM0\ARM_GCC_541\Debug\SwerveMotorFirmware.a(StripLights_fisr.o)
                0x00002598                StripLights_fisr_StartEx
 .text.CySysClkImoSetPwrBgTrim5
                0x000025b4       0x30 .\CortexM0\ARM_GCC_541\Debug\SwerveMotorFirmware.a(CyLib.o)
 .text.CySysClkImoSetImoTrims
                0x000025e4       0xb0 .\CortexM0\ARM_GCC_541\Debug\SwerveMotorFirmware.a(CyLib.o)
 .text.CySysClkImoDisableWcoLock
                0x00002694       0x54 .\CortexM0\ARM_GCC_541\Debug\SwerveMotorFirmware.a(CyLib.o)
                0x00002694                CySysClkImoDisableWcoLock
 .text.CySysClkImoGetWcoLock
                0x000026e8       0x14 .\CortexM0\ARM_GCC_541\Debug\SwerveMotorFirmware.a(CyLib.o)
                0x000026e8                CySysClkImoGetWcoLock
 .text.CySysClkImoEnableUsbLock
                0x000026fc       0x44 .\CortexM0\ARM_GCC_541\Debug\SwerveMotorFirmware.a(CyLib.o)
                0x000026fc                CySysClkImoEnableUsbLock
 .text.CySysClkImoDisableUsbLock
                0x00002740       0x74 .\CortexM0\ARM_GCC_541\Debug\SwerveMotorFirmware.a(CyLib.o)
                0x00002740                CySysClkImoDisableUsbLock
 .text.CySysClkImoGetUsbLock
                0x000027b4       0x14 .\CortexM0\ARM_GCC_541\Debug\SwerveMotorFirmware.a(CyLib.o)
                0x000027b4                CySysClkImoGetUsbLock
 .text.CyIntEnable
                0x000027c8       0x14 .\CortexM0\ARM_GCC_541\Debug\SwerveMotorFirmware.a(CyLib.o)
                0x000027c8                CyIntEnable
 .text.CyIntDisable
                0x000027dc       0x14 .\CortexM0\ARM_GCC_541\Debug\SwerveMotorFirmware.a(CyLib.o)
                0x000027dc                CyIntDisable
 .text.CyHalt   0x000027f0        0x4 .\CortexM0\ARM_GCC_541\Debug\SwerveMotorFirmware.a(CyLib.o)
                0x000027f0                CyHalt
 .text.CyIntSetVector
                0x000027f4       0x24 .\CortexM0\ARM_GCC_541\Debug\SwerveMotorFirmware.a(CyLib.o)
                0x000027f4                CyIntSetVector
 .text.CyIntSetPriority
                0x00002818       0x4c .\CortexM0\ARM_GCC_541\Debug\SwerveMotorFirmware.a(CyLib.o)
                0x00002818                CyIntSetPriority
 .text.CyDelay  0x00002864       0x30 .\CortexM0\ARM_GCC_541\Debug\SwerveMotorFirmware.a(CyLib.o)
                0x00002864                CyDelay
 .text.CySysClkImoEnableWcoLock
                0x00002894      0x104 .\CortexM0\ARM_GCC_541\Debug\SwerveMotorFirmware.a(CyLib.o)
                0x00002894                CySysClkImoEnableWcoLock
 .text.CyDelayUs
                0x00002998       0x14 .\CortexM0\ARM_GCC_541\Debug\SwerveMotorFirmware.a(CyLib.o)
                0x00002998                CyDelayUs
 .text.CySysClkWriteImoFreq
                0x000029ac      0x1bc .\CortexM0\ARM_GCC_541\Debug\SwerveMotorFirmware.a(CyLib.o)
                0x000029ac                CySysClkWriteImoFreq
 .text.CySetReg24
                0x00002b68       0x14 .\CortexM0\ARM_GCC_541\Debug\SwerveMotorFirmware.a(cyutils.o)
                0x00002b68                CySetReg24
 .text.CyGetReg24
                0x00002b7c       0x14 .\CortexM0\ARM_GCC_541\Debug\SwerveMotorFirmware.a(cyutils.o)
                0x00002b7c                CyGetReg24
 .text.CySysWdtLocked
                0x00002b90       0x14 .\CortexM0\ARM_GCC_541\Debug\SwerveMotorFirmware.a(CyLFClk.o)
 .text.CySysClkWcoEnabled
                0x00002ba4       0x14 .\CortexM0\ARM_GCC_541\Debug\SwerveMotorFirmware.a(CyLFClk.o)
                0x00002ba4                CySysClkWcoEnabled
 .text.CySysWdtLock
                0x00002bb8       0x1c .\CortexM0\ARM_GCC_541\Debug\SwerveMotorFirmware.a(CyLFClk.o)
                0x00002bb8                CySysWdtLock
 .text.CySysWdtUnlock
                0x00002bd4       0x30 .\CortexM0\ARM_GCC_541\Debug\SwerveMotorFirmware.a(CyLFClk.o)
                0x00002bd4                CySysWdtUnlock
 .text.CySysWdtClearInterrupt
                0x00002c04       0x4c .\CortexM0\ARM_GCC_541\Debug\SwerveMotorFirmware.a(CyLFClk.o)
                0x00002c04                CySysWdtClearInterrupt
 .text.CySysWdtIsr
                0x00002c50       0xa4 .\CortexM0\ARM_GCC_541\Debug\SwerveMotorFirmware.a(CyLFClk.o)
                0x00002c50                CySysWdtIsr
 .text.isr_encA_SetVector
                0x00002cf4        0xc .\CortexM0\ARM_GCC_541\Debug\SwerveMotorFirmware.a(isr_encA.o)
                0x00002cf4                isr_encA_SetVector
 .text.isr_encA_SetPriority
                0x00002d00       0x20 .\CortexM0\ARM_GCC_541\Debug\SwerveMotorFirmware.a(isr_encA.o)
                0x00002d00                isr_encA_SetPriority
 .text.isr_encA_Enable
                0x00002d20        0xc .\CortexM0\ARM_GCC_541\Debug\SwerveMotorFirmware.a(isr_encA.o)
                0x00002d20                isr_encA_Enable
 .text.isr_encA_Disable
                0x00002d2c        0xc .\CortexM0\ARM_GCC_541\Debug\SwerveMotorFirmware.a(isr_encA.o)
                0x00002d2c                isr_encA_Disable
 .text.isr_encA_StartEx
                0x00002d38       0x1c .\CortexM0\ARM_GCC_541\Debug\SwerveMotorFirmware.a(isr_encA.o)
                0x00002d38                isr_encA_StartEx
 .text.isr_encB_SetVector
                0x00002d54        0xc .\CortexM0\ARM_GCC_541\Debug\SwerveMotorFirmware.a(isr_encB.o)
                0x00002d54                isr_encB_SetVector
 .text.isr_encB_SetPriority
                0x00002d60       0x20 .\CortexM0\ARM_GCC_541\Debug\SwerveMotorFirmware.a(isr_encB.o)
                0x00002d60                isr_encB_SetPriority
 .text.isr_encB_Enable
                0x00002d80        0xc .\CortexM0\ARM_GCC_541\Debug\SwerveMotorFirmware.a(isr_encB.o)
                0x00002d80                isr_encB_Enable
 .text.isr_encB_Disable
                0x00002d8c        0xc .\CortexM0\ARM_GCC_541\Debug\SwerveMotorFirmware.a(isr_encB.o)
                0x00002d8c                isr_encB_Disable
 .text.isr_encB_StartEx
                0x00002d98       0x1c .\CortexM0\ARM_GCC_541\Debug\SwerveMotorFirmware.a(isr_encB.o)
                0x00002d98                isr_encB_StartEx
 .text.ADC_Pot_StartConvert
                0x00002db4       0x14 .\CortexM0\ARM_GCC_541\Debug\SwerveMotorFirmware.a(ADC_Pot.o)
                0x00002db4                ADC_Pot_StartConvert
 .text.ADC_Pot_IsEndConversion
                0x00002dc8       0x28 .\CortexM0\ARM_GCC_541\Debug\SwerveMotorFirmware.a(ADC_Pot.o)
                0x00002dc8                ADC_Pot_IsEndConversion
 .text.ADC_Pot_GetResult16
                0x00002df0       0x2c .\CortexM0\ARM_GCC_541\Debug\SwerveMotorFirmware.a(ADC_Pot.o)
                0x00002df0                ADC_Pot_GetResult16
 *fill*         0x00002e1c        0x4 
 .text          0x00002e20       0x20 .\CortexM0\ARM_GCC_541\Debug\SwerveMotorFirmware.a(CyBootAsmGnu.o)
                0x00002e20                CyDelayCycles
                0x00002e32                CyEnterCriticalSection
                0x00002e3a                CyExitCriticalSection
 .text.UART_SpiUartWriteTxData
                0x00002e40       0x1c .\CortexM0\ARM_GCC_541\Debug\SwerveMotorFirmware.a(UART_SPI_UART.o)
                0x00002e40                UART_SpiUartWriteTxData
 .text.UART_SPI_UART_ISR
                0x00002e5c       0x78 .\CortexM0\ARM_GCC_541\Debug\SwerveMotorFirmware.a(UART_SPI_UART_INT.o)
                0x00002e5c                UART_SPI_UART_ISR
 .text.CySysFlashSetWaitCycles
                0x00002ed4       0x54 .\CortexM0\ARM_GCC_541\Debug\SwerveMotorFirmware.a(CyFlash.o)
                0x00002ed4                CySysFlashSetWaitCycles
 .text          0x00002f28      0x114 c:/program files (x86)/cypress/psoc creator/4.4/psoc creator/import/gnu/arm/5.4.1/bin/../lib/gcc/arm-none-eabi/5.4.1/armv6-m\libgcc.a(_udivsi3.o)
                0x00002f28                __aeabi_uidiv
                0x00002f28                __udivsi3
                0x00003034                __aeabi_uidivmod
 .text          0x0000303c      0x1d4 c:/program files (x86)/cypress/psoc creator/4.4/psoc creator/import/gnu/arm/5.4.1/bin/../lib/gcc/arm-none-eabi/5.4.1/armv6-m\libgcc.a(_divsi3.o)
                0x0000303c                __divsi3
                0x0000303c                __aeabi_idiv
                0x00003208                __aeabi_idivmod
 .text          0x00003210        0x4 c:/program files (x86)/cypress/psoc creator/4.4/psoc creator/import/gnu/arm/5.4.1/bin/../lib/gcc/arm-none-eabi/5.4.1/armv6-m\libgcc.a(_dvmd_tls.o)
                0x00003210                __aeabi_idiv0
                0x00003210                __aeabi_ldiv0
 .text          0x00003214       0x7c c:/program files (x86)/cypress/psoc creator/4.4/psoc creator/import/gnu/arm/5.4.1/bin/../lib/gcc/arm-none-eabi/5.4.1/armv6-m\libgcc.a(_arm_cmpdf2.o)
                0x00003214                __aeabi_cdrcmple
                0x00003224                __aeabi_cdcmple
                0x00003224                __aeabi_cdcmpeq
                0x00003234                __aeabi_dcmpeq
                0x00003240                __aeabi_dcmplt
                0x00003254                __aeabi_dcmple
                0x00003268                __aeabi_dcmpgt
                0x0000327c                __aeabi_dcmpge
 .text          0x00003290      0x658 c:/program files (x86)/cypress/psoc creator/4.4/psoc creator/import/gnu/arm/5.4.1/bin/../lib/gcc/arm-none-eabi/5.4.1/armv6-m\libgcc.a(adddf3.o)
                0x00003290                __aeabi_dadd
 .text          0x000038e8      0x62c c:/program files (x86)/cypress/psoc creator/4.4/psoc creator/import/gnu/arm/5.4.1/bin/../lib/gcc/arm-none-eabi/5.4.1/armv6-m\libgcc.a(divdf3.o)
                0x000038e8                __aeabi_ddiv
 .text          0x00003f14       0x80 c:/program files (x86)/cypress/psoc creator/4.4/psoc creator/import/gnu/arm/5.4.1/bin/../lib/gcc/arm-none-eabi/5.4.1/armv6-m\libgcc.a(eqdf2.o)
                0x00003f14                __nedf2
                0x00003f14                __eqdf2
 .text          0x00003f94       0xc8 c:/program files (x86)/cypress/psoc creator/4.4/psoc creator/import/gnu/arm/5.4.1/bin/../lib/gcc/arm-none-eabi/5.4.1/armv6-m\libgcc.a(gedf2.o)
                0x00003f94                __gedf2
                0x00003f94                __gtdf2
 .text          0x0000405c       0xd4 c:/program files (x86)/cypress/psoc creator/4.4/psoc creator/import/gnu/arm/5.4.1/bin/../lib/gcc/arm-none-eabi/5.4.1/armv6-m\libgcc.a(ledf2.o)
                0x0000405c                __ledf2
                0x0000405c                __ltdf2
 .text          0x00004130      0x4f4 c:/program files (x86)/cypress/psoc creator/4.4/psoc creator/import/gnu/arm/5.4.1/bin/../lib/gcc/arm-none-eabi/5.4.1/armv6-m\libgcc.a(muldf3.o)
                0x00004130                __aeabi_dmul
 .text          0x00004624       0x6c c:/program files (x86)/cypress/psoc creator/4.4/psoc creator/import/gnu/arm/5.4.1/bin/../lib/gcc/arm-none-eabi/5.4.1/armv6-m\libgcc.a(fixdfsi.o)
                0x00004624                __aeabi_d2iz
 .text          0x00004690       0x84 c:/program files (x86)/cypress/psoc creator/4.4/psoc creator/import/gnu/arm/5.4.1/bin/../lib/gcc/arm-none-eabi/5.4.1/armv6-m\libgcc.a(floatsidf.o)
                0x00004690                __aeabi_i2d
 .text          0x00004714       0x70 c:/program files (x86)/cypress/psoc creator/4.4/psoc creator/import/gnu/arm/5.4.1/bin/../lib/gcc/arm-none-eabi/5.4.1/armv6-m\libgcc.a(floatunsidf.o)
                0x00004714                __aeabi_ui2d
 .text          0x00004784       0x3c c:/program files (x86)/cypress/psoc creator/4.4/psoc creator/import/gnu/arm/5.4.1/bin/../lib/gcc/arm-none-eabi/5.4.1/armv6-m\libgcc.a(_clzsi2.o)
                0x00004784                __clzsi2
 .text.__errno  0x000047c0        0xc c:/program files (x86)/cypress/psoc creator/4.4/psoc creator/import/gnu/arm/5.4.1/bin/../lib/gcc/arm-none-eabi/5.4.1/../../../../arm-none-eabi/lib/armv6-m\libg_nano.a(lib_a-errno.o)
                0x000047c0                __errno
 .text.__libc_init_array
                0x000047cc       0x4c c:/program files (x86)/cypress/psoc creator/4.4/psoc creator/import/gnu/arm/5.4.1/bin/../lib/gcc/arm-none-eabi/5.4.1/../../../../arm-none-eabi/lib/armv6-m\libg_nano.a(lib_a-init.o)
                0x000047cc                __libc_init_array
 .text.memcpy   0x00004818       0x12 c:/program files (x86)/cypress/psoc creator/4.4/psoc creator/import/gnu/arm/5.4.1/bin/../lib/gcc/arm-none-eabi/5.4.1/../../../../arm-none-eabi/lib/armv6-m\libg_nano.a(lib_a-memcpy-stub.o)
                0x00004818                memcpy
 .text.memset   0x0000482a       0x10 c:/program files (x86)/cypress/psoc creator/4.4/psoc creator/import/gnu/arm/5.4.1/bin/../lib/gcc/arm-none-eabi/5.4.1/../../../../arm-none-eabi/lib/armv6-m\libg_nano.a(lib_a-memset.o)
                0x0000482a                memset
 *fill*         0x0000483a        0x2 
 .text.sprintf  0x0000483c       0x44 c:/program files (x86)/cypress/psoc creator/4.4/psoc creator/import/gnu/arm/5.4.1/bin/../lib/gcc/arm-none-eabi/5.4.1/../../../../arm-none-eabi/lib/armv6-m\libg_nano.a(lib_a-sprintf.o)
                0x0000483c                siprintf
                0x0000483c                sprintf
 .text.__ssputs_r
                0x00004880       0xc4 c:/program files (x86)/cypress/psoc creator/4.4/psoc creator/import/gnu/arm/5.4.1/bin/../lib/gcc/arm-none-eabi/5.4.1/../../../../arm-none-eabi/lib/armv6-m\libg_nano.a(lib_a-nano-svfprintf.o)
                0x00004880                __ssputs_r
 .text._svfprintf_r
                0x00004944      0x1fc c:/program files (x86)/cypress/psoc creator/4.4/psoc creator/import/gnu/arm/5.4.1/bin/../lib/gcc/arm-none-eabi/5.4.1/../../../../arm-none-eabi/lib/armv6-m\libg_nano.a(lib_a-nano-svfprintf.o)
                0x00004944                _svfiprintf_r
                0x00004944                _svfprintf_r
 .text._printf_common
                0x00004b40       0xdc c:/program files (x86)/cypress/psoc creator/4.4/psoc creator/import/gnu/arm/5.4.1/bin/../lib/gcc/arm-none-eabi/5.4.1/../../../../arm-none-eabi/lib/armv6-m\libg_nano.a(lib_a-nano-vfprintf_i.o)
                0x00004b40                _printf_common
 .text._printf_i
                0x00004c1c      0x244 c:/program files (x86)/cypress/psoc creator/4.4/psoc creator/import/gnu/arm/5.4.1/bin/../lib/gcc/arm-none-eabi/5.4.1/../../../../arm-none-eabi/lib/armv6-m\libg_nano.a(lib_a-nano-vfprintf_i.o)
                0x00004c1c                _printf_i
 .text.memchr   0x00004e60       0x16 c:/program files (x86)/cypress/psoc creator/4.4/psoc creator/import/gnu/arm/5.4.1/bin/../lib/gcc/arm-none-eabi/5.4.1/../../../../arm-none-eabi/lib/armv6-m\libg_nano.a(lib_a-memchr-stub.o)
                0x00004e60                memchr
 .text.memmove  0x00004e76       0x2a c:/program files (x86)/cypress/psoc creator/4.4/psoc creator/import/gnu/arm/5.4.1/bin/../lib/gcc/arm-none-eabi/5.4.1/../../../../arm-none-eabi/lib/armv6-m\libg_nano.a(lib_a-memmove.o)
                0x00004e76                memmove
 .text._free_r  0x00004ea0       0x98 c:/program files (x86)/cypress/psoc creator/4.4/psoc creator/import/gnu/arm/5.4.1/bin/../lib/gcc/arm-none-eabi/5.4.1/../../../../arm-none-eabi/lib/armv6-m\libg_nano.a(lib_a-nano-freer.o)
                0x00004ea0                _free_r
 .text._malloc_r
                0x00004f38       0xc0 c:/program files (x86)/cypress/psoc creator/4.4/psoc creator/import/gnu/arm/5.4.1/bin/../lib/gcc/arm-none-eabi/5.4.1/../../../../arm-none-eabi/lib/armv6-m\libg_nano.a(lib_a-nano-mallocr.o)
                0x00004f38                _malloc_r
 .text._realloc_r
                0x00004ff8       0x4c c:/program files (x86)/cypress/psoc creator/4.4/psoc creator/import/gnu/arm/5.4.1/bin/../lib/gcc/arm-none-eabi/5.4.1/../../../../arm-none-eabi/lib/armv6-m\libg_nano.a(lib_a-nano-reallocr.o)
                0x00004ff8                _realloc_r
 .text._sbrk_r  0x00005044       0x24 c:/program files (x86)/cypress/psoc creator/4.4/psoc creator/import/gnu/arm/5.4.1/bin/../lib/gcc/arm-none-eabi/5.4.1/../../../../arm-none-eabi/lib/armv6-m\libg_nano.a(lib_a-sbrkr.o)
                0x00005044                _sbrk_r
 .text.__malloc_lock
                0x00005068        0x2 c:/program files (x86)/cypress/psoc creator/4.4/psoc creator/import/gnu/arm/5.4.1/bin/../lib/gcc/arm-none-eabi/5.4.1/../../../../arm-none-eabi/lib/armv6-m\libg_nano.a(lib_a-mlock.o)
                0x00005068                __malloc_lock
 .text.__malloc_unlock
                0x0000506a        0x2 c:/program files (x86)/cypress/psoc creator/4.4/psoc creator/import/gnu/arm/5.4.1/bin/../lib/gcc/arm-none-eabi/5.4.1/../../../../arm-none-eabi/lib/armv6-m\libg_nano.a(lib_a-mlock.o)
                0x0000506a                __malloc_unlock
 .text._malloc_usable_size_r
                0x0000506c       0x16 c:/program files (x86)/cypress/psoc creator/4.4/psoc creator/import/gnu/arm/5.4.1/bin/../lib/gcc/arm-none-eabi/5.4.1/../../../../arm-none-eabi/lib/armv6-m\libg_nano.a(lib_a-nano-msizer.o)
                0x0000506c                _malloc_usable_size_r
 *(.plt)
 *(.gnu.warning)
 *(.glue_7t)
 .glue_7t       0x00005082        0x0 linker stubs
 *(.glue_7)
 .glue_7        0x00005082        0x0 linker stubs
 *(.vfp11_veneer)
 .vfp11_veneer  0x00005082        0x0 linker stubs
 *(.bootloader)
 *(.ARM.extab* .gnu.linkonce.armextab.*)
 *(.gcc_except_table)

.v4_bx          0x00005084        0x0
 .v4_bx         0x00005084        0x0 linker stubs

.iplt           0x00005084        0x0
 .iplt          0x00005084        0x0 c:/program files (x86)/cypress/psoc creator/4.4/psoc creator/import/gnu/arm/5.4.1/bin/../lib/gcc/arm-none-eabi/5.4.1/armv6-m/crtbegin.o

.eh_frame_hdr
 *(.eh_frame_hdr)

.eh_frame       0x00005084        0x4
 *(.eh_frame)
 .eh_frame      0x00005084        0x0 c:/program files (x86)/cypress/psoc creator/4.4/psoc creator/import/gnu/arm/5.4.1/bin/../lib/gcc/arm-none-eabi/5.4.1/armv6-m/crtbegin.o
 .eh_frame      0x00005084        0x4 c:/program files (x86)/cypress/psoc creator/4.4/psoc creator/import/gnu/arm/5.4.1/bin/../lib/gcc/arm-none-eabi/5.4.1/armv6-m/crtend.o
                [!provide]                PROVIDE (__exidx_start, .)

.ARM.exidx
 *(.ARM.exidx* .gnu.linkonce.armexidx.*)
                0x00005088                __exidx_end = .

.rodata         0x00005088      0x9a8
 *(.rodata .rodata.* .gnu.linkonce.r.*)
 .rodata.str1.4
                0x00005088       0x30 .\CortexM0\ARM_GCC_541\Debug\main.o
 .rodata        0x000050b8      0x33c .\CortexM0\ARM_GCC_541\Debug\cyfitter_cfg.o
 .rodata        0x000053f4      0x160 .\CortexM0\ARM_GCC_541\Debug\SwerveMotorFirmware.a(CAN.o)
 .rodata        0x00005554      0x1e0 .\CortexM0\ARM_GCC_541\Debug\SwerveMotorFirmware.a(StripLights.o)
                0x00005554                StripLights_CLUT
 .rodata        0x00005734      0x1e0 .\CortexM0\ARM_GCC_541\Debug\SwerveMotorFirmware.a(StripLights_fonts.o)
                0x00005734                StripLights_Font5x7
 .rodata        0x00005914       0x2e .\CortexM0\ARM_GCC_541\Debug\SwerveMotorFirmware.a(CyLib.o)
                0x00005914                cyImoFreqMhz2Reg
 *fill*         0x00005942        0x2 
 .rodata        0x00005944       0x40 c:/program files (x86)/cypress/psoc creator/4.4/psoc creator/import/gnu/arm/5.4.1/bin/../lib/gcc/arm-none-eabi/5.4.1/armv6-m\libgcc.a(divdf3.o)
 .rodata        0x00005984       0x40 c:/program files (x86)/cypress/psoc creator/4.4/psoc creator/import/gnu/arm/5.4.1/bin/../lib/gcc/arm-none-eabi/5.4.1/armv6-m\libgcc.a(muldf3.o)
 .rodata.str1.1
                0x000059c4        0x2 c:/program files (x86)/cypress/psoc creator/4.4/psoc creator/import/gnu/arm/5.4.1/bin/../lib/gcc/arm-none-eabi/5.4.1/../../../../arm-none-eabi/lib/armv6-m\libg_nano.a(lib_a-impure.o)
 .rodata.str1.1
                0x000059c6       0x11 c:/program files (x86)/cypress/psoc creator/4.4/psoc creator/import/gnu/arm/5.4.1/bin/../lib/gcc/arm-none-eabi/5.4.1/../../../../arm-none-eabi/lib/armv6-m\libg_nano.a(lib_a-nano-svfprintf.o)
 .rodata.str1.1
                0x000059d7       0x22 c:/program files (x86)/cypress/psoc creator/4.4/psoc creator/import/gnu/arm/5.4.1/bin/../lib/gcc/arm-none-eabi/5.4.1/../../../../arm-none-eabi/lib/armv6-m\libg_nano.a(lib_a-nano-vfprintf_i.o)
                0x000059fc                . = ALIGN (0x4)
 *fill*         0x000059f9        0x3 
 *(.init)
 .init          0x000059fc        0x4 c:/program files (x86)/cypress/psoc creator/4.4/psoc creator/import/gnu/arm/5.4.1/bin/../lib/gcc/arm-none-eabi/5.4.1/armv6-m/crti.o
                0x000059fc                _init
 .init          0x00005a00        0x8 c:/program files (x86)/cypress/psoc creator/4.4/psoc creator/import/gnu/arm/5.4.1/bin/../lib/gcc/arm-none-eabi/5.4.1/armv6-m/crtn.o
                0x00005a08                . = ALIGN (0x4)
                0x00005a08                __preinit_array_start = .
 *(.preinit_array)
                0x00005a08                __preinit_array_end = .
                0x00005a08                . = ALIGN (0x4)
                0x00005a08                __init_array_start = .
 *(SORT(.init_array.*))
 *(.init_array)
 .init_array    0x00005a08        0x4 c:/program files (x86)/cypress/psoc creator/4.4/psoc creator/import/gnu/arm/5.4.1/bin/../lib/gcc/arm-none-eabi/5.4.1/armv6-m/crtbegin.o
 .init_array    0x00005a0c        0x4 .\CortexM0\ARM_GCC_541\Debug\Cm0Start.o
                0x00005a10                __init_array_end = .
                0x00005a10                . = ALIGN (0x4)
 *(.fini)
 .fini          0x00005a10        0x4 c:/program files (x86)/cypress/psoc creator/4.4/psoc creator/import/gnu/arm/5.4.1/bin/../lib/gcc/arm-none-eabi/5.4.1/armv6-m/crti.o
                0x00005a10                _fini
 .fini          0x00005a14        0x8 c:/program files (x86)/cypress/psoc creator/4.4/psoc creator/import/gnu/arm/5.4.1/bin/../lib/gcc/arm-none-eabi/5.4.1/armv6-m/crtn.o
                0x00005a1c                . = ALIGN (0x4)
                0x00005a1c                __fini_array_start = .
 *(.fini_array)
 .fini_array    0x00005a1c        0x4 c:/program files (x86)/cypress/psoc creator/4.4/psoc creator/import/gnu/arm/5.4.1/bin/../lib/gcc/arm-none-eabi/5.4.1/armv6-m/crtbegin.o
 *(SORT(.fini_array.*))
                0x00005a20                __fini_array_end = .
                0x00005a20                . = ALIGN (0x4)
 *crtbegin.o(.ctors)
 *(EXCLUDE_FILE(*crtend.o) .ctors)
 *(SORT(.ctors.*))
 *crtend.o(.ctors)
                0x00005a20                . = ALIGN (0x4)
 *crtbegin.o(.dtors)
 *(EXCLUDE_FILE(*crtend.o) .dtors)
 *(SORT(.dtors.*))
 *crtend.o(.dtors)
                0x00005a20                . = ALIGN (0x4)
                0x00005a20                __cy_regions = .
                0x00005a20        0x4 LONG 0x5a30 __cy_region_init_ram
                0x00005a24        0x4 LONG 0x200000c0 __cy_region_start_data
                0x00005a28        0x4 LONG 0x98 __cy_region_init_size_ram
                0x00005a2c        0x4 LONG 0x2b0 __cy_region_zero_size_ram
                0x00005a30                __cy_regions_end = .
                0x00005a30                . = ALIGN (0x8)
                0x00005a30                _etext = .

.cy_checksum_exclude
                0x00005a30        0x0
 *(.cy_checksum_exclude)

.ramvectors     0x20000000       0xc0
                0x20000000                __cy_region_start_ram = .
 *(.ramvectors)
 .ramvectors    0x20000000       0xc0 .\CortexM0\ARM_GCC_541\Debug\Cm0Start.o
                0x20000000                CyRamVectors

.noinit
 *(.noinit)

.data           0x200000c0       0x98 load address 0x00005a30
                0x200000c0                __cy_region_start_data = .
 *(.jcr)
 .jcr           0x200000c0        0x0 c:/program files (x86)/cypress/psoc creator/4.4/psoc creator/import/gnu/arm/5.4.1/bin/../lib/gcc/arm-none-eabi/5.4.1/armv6-m/crtbegin.o
 .jcr           0x200000c0        0x4 c:/program files (x86)/cypress/psoc creator/4.4/psoc creator/import/gnu/arm/5.4.1/bin/../lib/gcc/arm-none-eabi/5.4.1/armv6-m/crtend.o
 *(.got.plt)
 *(.got)
 *(.shdata)
 *(.data .data.* .gnu.linkonce.d.*)
 .data          0x200000c4        0x8 .\CortexM0\ARM_GCC_541\Debug\PositionPID.o
                0x200000c4                maxPWM
                0x200000c8                integralClamp
 .data          0x200000cc        0x2 .\CortexM0\ARM_GCC_541\Debug\Motor_Unit_FSM.o
                0x200000cc                motorUnitMode
                0x200000cd                motorUnitState
 *fill*         0x200000ce        0x2 
 .data          0x200000d0        0x4 .\CortexM0\ARM_GCC_541\Debug\Cm0Start.o
 .data          0x200000d4       0x14 .\CortexM0\ARM_GCC_541\Debug\SwerveMotorFirmware.a(CyLib.o)
                0x200000d4                CySysClkPumpConfig
                0x200000d8                cydelay32kMs
                0x200000dc                cydelayFreqKhz
                0x200000e0                cydelayFreqMhz
                0x200000e4                cydelayFreqHz
 .data          0x200000e8        0x8 .\CortexM0\ARM_GCC_541\Debug\SwerveMotorFirmware.a(CyLFClk.o)
 .data.impure_data
                0x200000f0       0x60 c:/program files (x86)/cypress/psoc creator/4.4/psoc creator/import/gnu/arm/5.4.1/bin/../lib/gcc/arm-none-eabi/5.4.1/../../../../arm-none-eabi/lib/armv6-m\libg_nano.a(lib_a-impure.o)
 .data._impure_ptr
                0x20000150        0x4 c:/program files (x86)/cypress/psoc creator/4.4/psoc creator/import/gnu/arm/5.4.1/bin/../lib/gcc/arm-none-eabi/5.4.1/../../../../arm-none-eabi/lib/armv6-m\libg_nano.a(lib_a-impure.o)
                0x20000150                _impure_ptr
                0x20000158                . = ALIGN (0x8)
 *fill*         0x20000154        0x4 
 *(.ram)
                0x20000158                _edata = .

.igot.plt       0x20000158        0x0 load address 0x00005ac8
 .igot.plt      0x20000158        0x0 c:/program files (x86)/cypress/psoc creator/4.4/psoc creator/import/gnu/arm/5.4.1/bin/../lib/gcc/arm-none-eabi/5.4.1/armv6-m/crtbegin.o

.bss            0x20000158      0x2b0 load address 0x00005ac8
                0x20000158                PROVIDE (__bss_start__, .)
 *(.shbss)
 *(.bss .bss.* .gnu.linkonce.b.*)
 .bss           0x20000158       0x1c c:/program files (x86)/cypress/psoc creator/4.4/psoc creator/import/gnu/arm/5.4.1/bin/../lib/gcc/arm-none-eabi/5.4.1/armv6-m/crtbegin.o
 .bss           0x20000174       0x2c .\CortexM0\ARM_GCC_541\Debug\main.o
                0x20000174                CAN_time_LED
                0x20000175                CAN_check_delay
                0x20000176                ERRORTimeLED
                0x20000177                ignoreLimSw_M2
                0x20000178                bound_set1
                0x2000017c                counter
                0x20000180                enc_Count_Lim1
                0x20000184                bound_set2
                0x20000188                enc_Count_Lim2
                0x2000018c                address
                0x2000018e                nextPWM_M1
                0x20000190                ignoreLimSw_M1
                0x20000192                nextPWM_M2
                0x20000194                millidegreeTarget_M2
                0x20000198                drive
                0x20000199                encoderTimeOut
                0x2000019c                millidegreeTarget_M1
 .bss           0x200001a0        0xc .\CortexM0\ARM_GCC_541\Debug\MotorDrive.o
                0x200001a0                invalidate
                0x200001a4                currPWM_Drive
                0x200001a8                currPWM_Swivel
 .bss           0x200001ac       0x30 .\CortexM0\ARM_GCC_541\Debug\PositionPID.o
                0x200001ac                integral
                0x200001b0                lastError
                0x200001b4                enabledPID
                0x200001b8                kPosition
                0x200001bc                kIntegral
                0x200001c0                kDerivative
                0x200001c4                mDegMin
                0x200001c8                mDegMax
                0x200001cc                tickMax
                0x200001d0                tickMin
                0x200001d4                usingPot
                0x200001d8                PWM
 .bss           0x200001dc        0x1 .\CortexM0\ARM_GCC_541\Debug\Motor_Unit_FSM.o
                0x200001dc                PIDConstSetReg
 .bss           0x200001dd        0x4 .\CortexM0\ARM_GCC_541\Debug\PortPSOC_swerve.o
                0x200001dd                latestMessageFull
                0x200001de                latestMessageHead
                0x200001df                latestMessageTail
                0x200001e0                messageReadFlag
 .bss           0x200001e1        0x1 .\CortexM0\ARM_GCC_541\Debug\SwerveMotorFirmware.a(PWM_Motor1.o)
                0x200001e1                PWM_Motor1_initVar
 .bss           0x200001e2        0x1 .\CortexM0\ARM_GCC_541\Debug\SwerveMotorFirmware.a(CAN.o)
                0x200001e2                CAN_initVar
 *fill*         0x200001e3        0x1 
 .bss           0x200001e4        0xa .\CortexM0\ARM_GCC_541\Debug\SwerveMotorFirmware.a(UART.o)
                0x200001e4                UART_initVar
                0x200001e8                UART_customIntrHandler
                0x200001ec                UART_IntrTxMask
 .bss           0x200001ee        0x1 .\CortexM0\ARM_GCC_541\Debug\SwerveMotorFirmware.a(Timer_1.o)
                0x200001ee                Timer_1_initVar
 *fill*         0x200001ef        0x1 
 .bss           0x200001f0       0x15 .\CortexM0\ARM_GCC_541\Debug\SwerveMotorFirmware.a(StripLights.o)
                0x200001f0                StripLights_ledIndex
                0x200001f4                StripLights_row
                0x20000204                StripLights_initvar
 .bss           0x20000205        0x1 .\CortexM0\ARM_GCC_541\Debug\SwerveMotorFirmware.a(PWM_Motor2.o)
                0x20000205                PWM_Motor2_initVar
 *fill*         0x20000206        0x2 
 .bss           0x20000208       0x20 .\CortexM0\ARM_GCC_541\Debug\SwerveMotorFirmware.a(CyLib.o)
                0x20000208                CySysClkImoTrim4
                0x2000020c                CySysClkImoTrim5
                0x20000224                CySysTickInitVar
 .bss           0x20000228       0x28 .\CortexM0\ARM_GCC_541\Debug\SwerveMotorFirmware.a(CyLFClk.o)
 .bss.__malloc_sbrk_start
                0x20000250        0x4 c:/program files (x86)/cypress/psoc creator/4.4/psoc creator/import/gnu/arm/5.4.1/bin/../lib/gcc/arm-none-eabi/5.4.1/../../../../arm-none-eabi/lib/armv6-m\libg_nano.a(lib_a-nano-mallocr.o)
                0x20000250                __malloc_sbrk_start
 .bss.__malloc_free_list
                0x20000254        0x4 c:/program files (x86)/cypress/psoc creator/4.4/psoc creator/import/gnu/arm/5.4.1/bin/../lib/gcc/arm-none-eabi/5.4.1/../../../../arm-none-eabi/lib/armv6-m\libg_nano.a(lib_a-nano-mallocr.o)
                0x20000254                __malloc_free_list
 *(COMMON)
 COMMON         0x20000258       0x80 .\CortexM0\ARM_GCC_541\Debug\main.o
                0x20000258                txData
                0x200002bc                can_send
                0x200002c8                lastStatePinA
                0x200002c9                currStatePinA
                0x200002cc                can_recieve
 COMMON         0x200002d8        0x8 .\CortexM0\ARM_GCC_541\Debug\PositionPID.o
                0x200002d8                mDegPerTick
 COMMON         0x200002e0       0xdc .\CortexM0\ARM_GCC_541\Debug\PortPSOC_swerve.o
                0x200002e0                deviceGroup
                0x200002e4                rxMailbox
                0x200002f4                latestMessage
                0x200003b4                deviceAddress1
                0x200003b8                deviceAddress2
 COMMON         0x200003bc       0x18 .\CortexM0\ARM_GCC_541\Debug\SwerveMotorFirmware.a(StripLights.o)
                0x200003bc                StripLights_ledArray
                0x200003c8                StripLights_DimMask
                0x200003cc                StripLights_DimShift
                0x200003d0                StripLights_refreshComplete
 COMMON         0x200003d4       0x10 .\CortexM0\ARM_GCC_541\Debug\SwerveMotorFirmware.a(StripLights_fonts.o)
                0x200003d4                StripLights_fontX
                0x200003d8                StripLights_fontOffset
                0x200003dc                StripLights_fontPtr
                0x200003e0                StripLights_fontY
 COMMON         0x200003e4       0x1c .\CortexM0\ARM_GCC_541\Debug\SwerveMotorFirmware.a(UART_SPI_UART.o)
                0x200003e4                UART_rxBufferTail
                0x200003e8                UART_rxBufferInternal
                0x200003f9                UART_rxBufferOverflow
                0x200003fc                UART_rxBufferHead
 COMMON         0x20000400        0x4 c:/program files (x86)/cypress/psoc creator/4.4/psoc creator/import/gnu/arm/5.4.1/bin/../lib/gcc/arm-none-eabi/5.4.1/../../../../arm-none-eabi/lib/armv6-m\libg_nano.a(lib_a-reent.o)
                0x20000400                errno
                0x20000408                . = ALIGN (0x8)
 *fill*         0x20000404        0x4 
 *(.ram.b)
                0x20000408                _end = .
                0x20000408                __end = .
                0x20000408                PROVIDE (end, .)
                0x20000408                PROVIDE (__bss_end__, .)
                0x00005a30                __cy_region_init_ram = LOADADDR (.data)
                0x00000098                __cy_region_init_size_ram = (_edata - ADDR (.data))
                0x000002b0                __cy_region_zero_size_ram = (_end - _edata)

.heap           0x20000408       0x80 load address 0x00005ac8
                0x20000408                . = _end
                0x20000488                . = (. + 0x80)
 *fill*         0x20000408       0x80 
                0x20000488                __cy_heap_limit = .

.stack          0x20007800      0x800
                0x20007800                __cy_stack_limit = .
                0x20008000                . = (. + 0x800)
 *fill*         0x20007800      0x800 
                0x00000001                ASSERT ((__cy_stack_limit >= __cy_heap_limit), region RAM overflowed with stack)
                0x00000000                cy_checksum_exclude_size = (CY_APPL_LOADABLE == 0x1)?SIZEOF (.cy_checksum_exclude):0x0
                0x00000001                ASSERT ((cy_checksum_exclude_size <= CY_CHECKSUM_EXCLUDE_SIZE), CY_BOOT: Section .cy_checksum_exclude size exceedes specified limit.)
                0x0003ffc0                cyloadermeta_start = (cy_project_type_bootloader || cy_project_type_app_for_stack_and_copier)?(LENGTH (rom) - CY_METADATA_SIZE):0xf0000000

.cyloadermeta
 *(.cyloadermeta)
                0x0003ffc0                cyloadablemeta_start = cy_project_type_app_for_stack_and_copier?((LENGTH (rom) - CY_FLASH_ROW_SIZE) - CY_METADATA_SIZE):((LENGTH (rom) - (CY_FLASH_ROW_SIZE * (CY_APPL_NUM - 0x1))) - CY_METADATA_SIZE)

.cyloadablemeta
 *(.cyloadablemeta)

.cyflashprotect
                0x90400000       0x80
 *(.cyflashprotect)
 .cyflashprotect
                0x90400000       0x80 .\CortexM0\ARM_GCC_541\Debug\cymetadata.o
                0x90400000                cy_meta_flashprotect

.cymeta         0x90500000        0xc
 *(.cymeta)
 .cymeta        0x90500000        0xc .\CortexM0\ARM_GCC_541\Debug\cymetadata.o
                0x90500000                cy_metadata

.cychipprotect  0x90600000        0x1
 *(.cychipprotect)
 .cychipprotect
                0x90600000        0x1 .\CortexM0\ARM_GCC_541\Debug\cymetadata.o
                0x90600000                cy_meta_chipprotect

.rel.dyn        0x00005ac8        0x0 load address 0x90600004
 .rel.iplt      0x00005ac8        0x0 c:/program files (x86)/cypress/psoc creator/4.4/psoc creator/import/gnu/arm/5.4.1/bin/../lib/gcc/arm-none-eabi/5.4.1/armv6-m/crtbegin.o

.stab
 *(.stab)

.stabstr
 *(.stabstr)

.debug
 *(.debug)

.line
 *(.line)

.debug_srcinfo
 *(.debug_srcinfo)

.debug_sfnames
 *(.debug_sfnames)

.debug_aranges  0x00000000     0x1ab0
 *(.debug_aranges)
 .debug_aranges
                0x00000000       0x70 .\CortexM0\ARM_GCC_541\Debug\main.o
 .debug_aranges
                0x00000070       0x38 .\CortexM0\ARM_GCC_541\Debug\LED_Array.o
 .debug_aranges
                0x000000a8       0x38 .\CortexM0\ARM_GCC_541\Debug\MotorDrive.o
 .debug_aranges
                0x000000e0       0xe0 .\CortexM0\ARM_GCC_541\Debug\PositionPID.o
 .debug_aranges
                0x000001c0       0x38 .\CortexM0\ARM_GCC_541\Debug\Motor_Unit_CAN.o
 .debug_aranges
                0x000001f8       0x78 .\CortexM0\ARM_GCC_541\Debug\Motor_Unit_FSM.o
 .debug_aranges
                0x00000270       0x68 .\CortexM0\ARM_GCC_541\Debug\PortPSOC_swerve.o
 .debug_aranges
                0x000002d8       0xc0 .\CortexM0\ARM_GCC_541\Debug\CANCommon.o
 .debug_aranges
                0x00000398       0x88 .\CortexM0\ARM_GCC_541\Debug\CANGPIO.o
 .debug_aranges
                0x00000420       0x18 .\CortexM0\ARM_GCC_541\Debug\CANLocalization.o
 .debug_aranges
                0x00000438      0x140 .\CortexM0\ARM_GCC_541\Debug\CANMotorUnit.o
 .debug_aranges
                0x00000578       0xa8 .\CortexM0\ARM_GCC_541\Debug\CANPacket.o
 .debug_aranges
                0x00000620       0x40 .\CortexM0\ARM_GCC_541\Debug\CANPower.o
 .debug_aranges
                0x00000660       0x50 .\CortexM0\ARM_GCC_541\Debug\CANScience.o
 .debug_aranges
                0x000006b0       0x48 .\CortexM0\ARM_GCC_541\Debug\cyfitter_cfg.o
 .debug_aranges
                0x000006f8       0x18 .\CortexM0\ARM_GCC_541\Debug\cymetadata.o
 .debug_aranges
                0x00000710       0x48 .\CortexM0\ARM_GCC_541\Debug\Cm0Start.o
 .debug_aranges
                0x00000758       0x48 .\CortexM0\ARM_GCC_541\Debug\SwerveMotorFirmware.a(Limit1.o)
 .debug_aranges
                0x000007a0       0x48 .\CortexM0\ARM_GCC_541\Debug\SwerveMotorFirmware.a(Limit2.o)
 .debug_aranges
                0x000007e8      0x158 .\CortexM0\ARM_GCC_541\Debug\SwerveMotorFirmware.a(PWM_Motor1.o)
 .debug_aranges
                0x00000940       0x80 .\CortexM0\ARM_GCC_541\Debug\SwerveMotorFirmware.a(isr_Limit_1.o)
 .debug_aranges
                0x000009c0       0x48 .\CortexM0\ARM_GCC_541\Debug\SwerveMotorFirmware.a(Pin_Encoder_A.o)
 .debug_aranges
                0x00000a08       0x48 .\CortexM0\ARM_GCC_541\Debug\SwerveMotorFirmware.a(Pin_Encoder_B.o)
 .debug_aranges
                0x00000a50       0x40 .\CortexM0\ARM_GCC_541\Debug\SwerveMotorFirmware.a(Status_Reg_Switches.o)
 .debug_aranges
                0x00000a90       0xe8 .\CortexM0\ARM_GCC_541\Debug\SwerveMotorFirmware.a(CAN.o)
 .debug_aranges
                0x00000b78       0x20 .\CortexM0\ARM_GCC_541\Debug\SwerveMotorFirmware.a(CAN_INT.o)
 .debug_aranges
                0x00000b98       0x50 .\CortexM0\ARM_GCC_541\Debug\SwerveMotorFirmware.a(CAN_TX_RX_func.o)
 .debug_aranges
                0x00000be8       0x68 .\CortexM0\ARM_GCC_541\Debug\SwerveMotorFirmware.a(UART.o)
 .debug_aranges
                0x00000c50       0x90 .\CortexM0\ARM_GCC_541\Debug\SwerveMotorFirmware.a(UART_UART.o)
 .debug_aranges
                0x00000ce0       0x48 .\CortexM0\ARM_GCC_541\Debug\SwerveMotorFirmware.a(Dip1.o)
 .debug_aranges
                0x00000d28       0x48 .\CortexM0\ARM_GCC_541\Debug\SwerveMotorFirmware.a(Dip2.o)
 .debug_aranges
                0x00000d70       0x48 .\CortexM0\ARM_GCC_541\Debug\SwerveMotorFirmware.a(Dip3.o)
 .debug_aranges
                0x00000db8       0x48 .\CortexM0\ARM_GCC_541\Debug\SwerveMotorFirmware.a(Dip4.o)
 .debug_aranges
                0x00000e00       0x90 .\CortexM0\ARM_GCC_541\Debug\SwerveMotorFirmware.a(Timer_1.o)
 .debug_aranges
                0x00000e90       0x80 .\CortexM0\ARM_GCC_541\Debug\SwerveMotorFirmware.a(isr_period.o)
 .debug_aranges
                0x00000f10       0x48 .\CortexM0\ARM_GCC_541\Debug\SwerveMotorFirmware.a(LED_Debug1.o)
 .debug_aranges
                0x00000f58       0x48 .\CortexM0\ARM_GCC_541\Debug\SwerveMotorFirmware.a(LED_Debug2.o)
 .debug_aranges
                0x00000fa0       0x48 .\CortexM0\ARM_GCC_541\Debug\SwerveMotorFirmware.a(LED_CAN.o)
 .debug_aranges
                0x00000fe8       0x48 .\CortexM0\ARM_GCC_541\Debug\SwerveMotorFirmware.a(LED_Error.o)
 .debug_aranges
                0x00001030       0xa0 .\CortexM0\ARM_GCC_541\Debug\SwerveMotorFirmware.a(StripLights.o)
 .debug_aranges
                0x000010d0       0x30 .\CortexM0\ARM_GCC_541\Debug\SwerveMotorFirmware.a(StripLights_fonts.o)
 .debug_aranges
                0x00001100      0x158 .\CortexM0\ARM_GCC_541\Debug\SwerveMotorFirmware.a(PWM_Motor2.o)
 .debug_aranges
                0x00001258       0x48 .\CortexM0\ARM_GCC_541\Debug\SwerveMotorFirmware.a(Motor1Direction.o)
 .debug_aranges
                0x000012a0       0x48 .\CortexM0\ARM_GCC_541\Debug\SwerveMotorFirmware.a(Motor2Direction.o)
 .debug_aranges
                0x000012e8       0x80 .\CortexM0\ARM_GCC_541\Debug\SwerveMotorFirmware.a(StripLights_cisr.o)
 .debug_aranges
                0x00001368       0x80 .\CortexM0\ARM_GCC_541\Debug\SwerveMotorFirmware.a(StripLights_fisr.o)
 .debug_aranges
                0x000013e8      0x270 .\CortexM0\ARM_GCC_541\Debug\SwerveMotorFirmware.a(CyLib.o)
 .debug_aranges
                0x00001658       0x28 .\CortexM0\ARM_GCC_541\Debug\SwerveMotorFirmware.a(cyutils.o)
 .debug_aranges
                0x00001680      0x188 .\CortexM0\ARM_GCC_541\Debug\SwerveMotorFirmware.a(CyLFClk.o)
 .debug_aranges
                0x00001808       0x80 .\CortexM0\ARM_GCC_541\Debug\SwerveMotorFirmware.a(isr_encA.o)
 .debug_aranges
                0x00001888       0x80 .\CortexM0\ARM_GCC_541\Debug\SwerveMotorFirmware.a(isr_encB.o)
 .debug_aranges
                0x00001908       0xa8 .\CortexM0\ARM_GCC_541\Debug\SwerveMotorFirmware.a(ADC_Pot.o)
 .debug_aranges
                0x000019b0       0x20 .\CortexM0\ARM_GCC_541\Debug\SwerveMotorFirmware.a(ADC_Pot_INT.o)
 .debug_aranges
                0x000019d0       0x20 .\CortexM0\ARM_GCC_541\Debug\SwerveMotorFirmware.a(CyBootAsmGnu.o)
 .debug_aranges
                0x000019f0       0x60 .\CortexM0\ARM_GCC_541\Debug\SwerveMotorFirmware.a(UART_SPI_UART.o)
 .debug_aranges
                0x00001a50       0x20 .\CortexM0\ARM_GCC_541\Debug\SwerveMotorFirmware.a(UART_SPI_UART_INT.o)
 .debug_aranges
                0x00001a70       0x40 .\CortexM0\ARM_GCC_541\Debug\SwerveMotorFirmware.a(CyFlash.o)

.debug_pubnames
 *(.debug_pubnames)

.debug_info     0x00000000     0xffc1
 *(.debug_info .gnu.linkonce.wi.*)
 .debug_info    0x00000000      0xaca .\CortexM0\ARM_GCC_541\Debug\main.o
 .debug_info    0x00000aca      0x372 .\CortexM0\ARM_GCC_541\Debug\LED_Array.o
 .debug_info    0x00000e3c      0x29e .\CortexM0\ARM_GCC_541\Debug\MotorDrive.o
 .debug_info    0x000010da      0x634 .\CortexM0\ARM_GCC_541\Debug\PositionPID.o
 .debug_info    0x0000170e      0xe3b .\CortexM0\ARM_GCC_541\Debug\Motor_Unit_CAN.o
 .debug_info    0x00002549      0x1ed .\CortexM0\ARM_GCC_541\Debug\Motor_Unit_FSM.o
 .debug_info    0x00002736      0x66d .\CortexM0\ARM_GCC_541\Debug\PortPSOC_swerve.o
 .debug_info    0x00002da3      0xa46 .\CortexM0\ARM_GCC_541\Debug\CANCommon.o
 .debug_info    0x000037e9      0x60d .\CortexM0\ARM_GCC_541\Debug\CANGPIO.o
 .debug_info    0x00003df6       0x6b .\CortexM0\ARM_GCC_541\Debug\CANLocalization.o
 .debug_info    0x00003e61     0x10ba .\CortexM0\ARM_GCC_541\Debug\CANMotorUnit.o
 .debug_info    0x00004f1b      0x641 .\CortexM0\ARM_GCC_541\Debug\CANPacket.o
 .debug_info    0x0000555c      0x2ff .\CortexM0\ARM_GCC_541\Debug\CANPower.o
 .debug_info    0x0000585b      0x353 .\CortexM0\ARM_GCC_541\Debug\CANScience.o
 .debug_info    0x00005bae      0x417 .\CortexM0\ARM_GCC_541\Debug\cyfitter_cfg.o
 .debug_info    0x00005fc5       0xf8 .\CortexM0\ARM_GCC_541\Debug\cymetadata.o
 .debug_info    0x000060bd      0x3a2 .\CortexM0\ARM_GCC_541\Debug\Cm0Start.o
 .debug_info    0x0000645f      0x19d .\CortexM0\ARM_GCC_541\Debug\SwerveMotorFirmware.a(Limit1.o)
 .debug_info    0x000065fc      0x19d .\CortexM0\ARM_GCC_541\Debug\SwerveMotorFirmware.a(Limit2.o)
 .debug_info    0x00006799      0x90a .\CortexM0\ARM_GCC_541\Debug\SwerveMotorFirmware.a(PWM_Motor1.o)
 .debug_info    0x000070a3      0x305 .\CortexM0\ARM_GCC_541\Debug\SwerveMotorFirmware.a(isr_Limit_1.o)
 .debug_info    0x000073a8      0x19d .\CortexM0\ARM_GCC_541\Debug\SwerveMotorFirmware.a(Pin_Encoder_A.o)
 .debug_info    0x00007545      0x19d .\CortexM0\ARM_GCC_541\Debug\SwerveMotorFirmware.a(Pin_Encoder_B.o)
 .debug_info    0x000076e2      0x17f .\CortexM0\ARM_GCC_541\Debug\SwerveMotorFirmware.a(Status_Reg_Switches.o)
 .debug_info    0x00007861      0x9c6 .\CortexM0\ARM_GCC_541\Debug\SwerveMotorFirmware.a(CAN.o)
 .debug_info    0x00008227       0xa0 .\CortexM0\ARM_GCC_541\Debug\SwerveMotorFirmware.a(CAN_INT.o)
 .debug_info    0x000082c7      0x3c6 .\CortexM0\ARM_GCC_541\Debug\SwerveMotorFirmware.a(CAN_TX_RX_func.o)
 .debug_info    0x0000868d      0x2e9 .\CortexM0\ARM_GCC_541\Debug\SwerveMotorFirmware.a(UART.o)
 .debug_info    0x00008976      0x487 .\CortexM0\ARM_GCC_541\Debug\SwerveMotorFirmware.a(UART_UART.o)
 .debug_info    0x00008dfd      0x19d .\CortexM0\ARM_GCC_541\Debug\SwerveMotorFirmware.a(Dip1.o)
 .debug_info    0x00008f9a      0x19d .\CortexM0\ARM_GCC_541\Debug\SwerveMotorFirmware.a(Dip2.o)
 .debug_info    0x00009137      0x19d .\CortexM0\ARM_GCC_541\Debug\SwerveMotorFirmware.a(Dip3.o)
 .debug_info    0x000092d4      0x19d .\CortexM0\ARM_GCC_541\Debug\SwerveMotorFirmware.a(Dip4.o)
 .debug_info    0x00009471      0x386 .\CortexM0\ARM_GCC_541\Debug\SwerveMotorFirmware.a(Timer_1.o)
 .debug_info    0x000097f7      0x305 .\CortexM0\ARM_GCC_541\Debug\SwerveMotorFirmware.a(isr_period.o)
 .debug_info    0x00009afc      0x19d .\CortexM0\ARM_GCC_541\Debug\SwerveMotorFirmware.a(LED_Debug1.o)
 .debug_info    0x00009c99      0x19d .\CortexM0\ARM_GCC_541\Debug\SwerveMotorFirmware.a(LED_Debug2.o)
 .debug_info    0x00009e36      0x19b .\CortexM0\ARM_GCC_541\Debug\SwerveMotorFirmware.a(LED_CAN.o)
 .debug_info    0x00009fd1      0x19d .\CortexM0\ARM_GCC_541\Debug\SwerveMotorFirmware.a(LED_Error.o)
 .debug_info    0x0000a16e      0xa83 .\CortexM0\ARM_GCC_541\Debug\SwerveMotorFirmware.a(StripLights.o)
 .debug_info    0x0000abf1      0x394 .\CortexM0\ARM_GCC_541\Debug\SwerveMotorFirmware.a(StripLights_fonts.o)
 .debug_info    0x0000af85      0x909 .\CortexM0\ARM_GCC_541\Debug\SwerveMotorFirmware.a(PWM_Motor2.o)
 .debug_info    0x0000b88e      0x19d .\CortexM0\ARM_GCC_541\Debug\SwerveMotorFirmware.a(Motor1Direction.o)
 .debug_info    0x0000ba2b      0x19d .\CortexM0\ARM_GCC_541\Debug\SwerveMotorFirmware.a(Motor2Direction.o)
 .debug_info    0x0000bbc8      0x305 .\CortexM0\ARM_GCC_541\Debug\SwerveMotorFirmware.a(StripLights_cisr.o)
 .debug_info    0x0000becd      0x305 .\CortexM0\ARM_GCC_541\Debug\SwerveMotorFirmware.a(StripLights_fisr.o)
 .debug_info    0x0000c1d2     0x17e4 .\CortexM0\ARM_GCC_541\Debug\SwerveMotorFirmware.a(CyLib.o)
 .debug_info    0x0000d9b6      0x14b .\CortexM0\ARM_GCC_541\Debug\SwerveMotorFirmware.a(cyutils.o)
 .debug_info    0x0000db01     0x1058 .\CortexM0\ARM_GCC_541\Debug\SwerveMotorFirmware.a(CyLFClk.o)
 .debug_info    0x0000eb59      0x305 .\CortexM0\ARM_GCC_541\Debug\SwerveMotorFirmware.a(isr_encA.o)
 .debug_info    0x0000ee5e      0x305 .\CortexM0\ARM_GCC_541\Debug\SwerveMotorFirmware.a(isr_encB.o)
 .debug_info    0x0000f163      0x579 .\CortexM0\ARM_GCC_541\Debug\SwerveMotorFirmware.a(ADC_Pot.o)
 .debug_info    0x0000f6dc       0xcb .\CortexM0\ARM_GCC_541\Debug\SwerveMotorFirmware.a(ADC_Pot_INT.o)
 .debug_info    0x0000f7a7       0xa8 .\CortexM0\ARM_GCC_541\Debug\SwerveMotorFirmware.a(CyBootAsmGnu.o)
 .debug_info    0x0000f84f      0x2df .\CortexM0\ARM_GCC_541\Debug\SwerveMotorFirmware.a(UART_SPI_UART.o)
 .debug_info    0x0000fb2e      0x141 .\CortexM0\ARM_GCC_541\Debug\SwerveMotorFirmware.a(UART_SPI_UART_INT.o)
 .debug_info    0x0000fc6f      0x352 .\CortexM0\ARM_GCC_541\Debug\SwerveMotorFirmware.a(CyFlash.o)

.debug_abbrev   0x00000000     0x4230
 *(.debug_abbrev)
 .debug_abbrev  0x00000000      0x214 .\CortexM0\ARM_GCC_541\Debug\main.o
 .debug_abbrev  0x00000214      0x15d .\CortexM0\ARM_GCC_541\Debug\LED_Array.o
 .debug_abbrev  0x00000371       0xcf .\CortexM0\ARM_GCC_541\Debug\MotorDrive.o
 .debug_abbrev  0x00000440      0x1c6 .\CortexM0\ARM_GCC_541\Debug\PositionPID.o
 .debug_abbrev  0x00000606      0x171 .\CortexM0\ARM_GCC_541\Debug\Motor_Unit_CAN.o
 .debug_abbrev  0x00000777       0xd3 .\CortexM0\ARM_GCC_541\Debug\Motor_Unit_FSM.o
 .debug_abbrev  0x0000084a      0x1ad .\CortexM0\ARM_GCC_541\Debug\PortPSOC_swerve.o
 .debug_abbrev  0x000009f7      0x149 .\CortexM0\ARM_GCC_541\Debug\CANCommon.o
 .debug_abbrev  0x00000b40      0x106 .\CortexM0\ARM_GCC_541\Debug\CANGPIO.o
 .debug_abbrev  0x00000c46       0x26 .\CortexM0\ARM_GCC_541\Debug\CANLocalization.o
 .debug_abbrev  0x00000c6c      0x19d .\CortexM0\ARM_GCC_541\Debug\CANMotorUnit.o
 .debug_abbrev  0x00000e09      0x16f .\CortexM0\ARM_GCC_541\Debug\CANPacket.o
 .debug_abbrev  0x00000f78      0x124 .\CortexM0\ARM_GCC_541\Debug\CANPower.o
 .debug_abbrev  0x0000109c       0xfe .\CortexM0\ARM_GCC_541\Debug\CANScience.o
 .debug_abbrev  0x0000119a      0x1d8 .\CortexM0\ARM_GCC_541\Debug\cyfitter_cfg.o
 .debug_abbrev  0x00001372       0x5d .\CortexM0\ARM_GCC_541\Debug\cymetadata.o
 .debug_abbrev  0x000013cf      0x1d7 .\CortexM0\ARM_GCC_541\Debug\Cm0Start.o
 .debug_abbrev  0x000015a6       0xc8 .\CortexM0\ARM_GCC_541\Debug\SwerveMotorFirmware.a(Limit1.o)
 .debug_abbrev  0x0000166e       0xc8 .\CortexM0\ARM_GCC_541\Debug\SwerveMotorFirmware.a(Limit2.o)
 .debug_abbrev  0x00001736      0x119 .\CortexM0\ARM_GCC_541\Debug\SwerveMotorFirmware.a(PWM_Motor1.o)
 .debug_abbrev  0x0000184f      0x19a .\CortexM0\ARM_GCC_541\Debug\SwerveMotorFirmware.a(isr_Limit_1.o)
 .debug_abbrev  0x000019e9       0xc8 .\CortexM0\ARM_GCC_541\Debug\SwerveMotorFirmware.a(Pin_Encoder_A.o)
 .debug_abbrev  0x00001ab1       0xc8 .\CortexM0\ARM_GCC_541\Debug\SwerveMotorFirmware.a(Pin_Encoder_B.o)
 .debug_abbrev  0x00001b79       0xac .\CortexM0\ARM_GCC_541\Debug\SwerveMotorFirmware.a(Status_Reg_Switches.o)
 .debug_abbrev  0x00001c25      0x186 .\CortexM0\ARM_GCC_541\Debug\SwerveMotorFirmware.a(CAN.o)
 .debug_abbrev  0x00001dab       0x42 .\CortexM0\ARM_GCC_541\Debug\SwerveMotorFirmware.a(CAN_INT.o)
 .debug_abbrev  0x00001ded      0x171 .\CortexM0\ARM_GCC_541\Debug\SwerveMotorFirmware.a(CAN_TX_RX_func.o)
 .debug_abbrev  0x00001f5e      0x118 .\CortexM0\ARM_GCC_541\Debug\SwerveMotorFirmware.a(UART.o)
 .debug_abbrev  0x00002076      0x145 .\CortexM0\ARM_GCC_541\Debug\SwerveMotorFirmware.a(UART_UART.o)
 .debug_abbrev  0x000021bb       0xc8 .\CortexM0\ARM_GCC_541\Debug\SwerveMotorFirmware.a(Dip1.o)
 .debug_abbrev  0x00002283       0xc8 .\CortexM0\ARM_GCC_541\Debug\SwerveMotorFirmware.a(Dip2.o)
 .debug_abbrev  0x0000234b       0xc8 .\CortexM0\ARM_GCC_541\Debug\SwerveMotorFirmware.a(Dip3.o)
 .debug_abbrev  0x00002413       0xc8 .\CortexM0\ARM_GCC_541\Debug\SwerveMotorFirmware.a(Dip4.o)
 .debug_abbrev  0x000024db      0x167 .\CortexM0\ARM_GCC_541\Debug\SwerveMotorFirmware.a(Timer_1.o)
 .debug_abbrev  0x00002642      0x19a .\CortexM0\ARM_GCC_541\Debug\SwerveMotorFirmware.a(isr_period.o)
 .debug_abbrev  0x000027dc       0xc8 .\CortexM0\ARM_GCC_541\Debug\SwerveMotorFirmware.a(LED_Debug1.o)
 .debug_abbrev  0x000028a4       0xc8 .\CortexM0\ARM_GCC_541\Debug\SwerveMotorFirmware.a(LED_Debug2.o)
 .debug_abbrev  0x0000296c       0xc8 .\CortexM0\ARM_GCC_541\Debug\SwerveMotorFirmware.a(LED_CAN.o)
 .debug_abbrev  0x00002a34       0xc8 .\CortexM0\ARM_GCC_541\Debug\SwerveMotorFirmware.a(LED_Error.o)
 .debug_abbrev  0x00002afc      0x1dc .\CortexM0\ARM_GCC_541\Debug\SwerveMotorFirmware.a(StripLights.o)
 .debug_abbrev  0x00002cd8      0x113 .\CortexM0\ARM_GCC_541\Debug\SwerveMotorFirmware.a(StripLights_fonts.o)
 .debug_abbrev  0x00002deb      0x119 .\CortexM0\ARM_GCC_541\Debug\SwerveMotorFirmware.a(PWM_Motor2.o)
 .debug_abbrev  0x00002f04       0xc8 .\CortexM0\ARM_GCC_541\Debug\SwerveMotorFirmware.a(Motor1Direction.o)
 .debug_abbrev  0x00002fcc       0xc8 .\CortexM0\ARM_GCC_541\Debug\SwerveMotorFirmware.a(Motor2Direction.o)
 .debug_abbrev  0x00003094      0x19a .\CortexM0\ARM_GCC_541\Debug\SwerveMotorFirmware.a(StripLights_cisr.o)
 .debug_abbrev  0x0000322e      0x19a .\CortexM0\ARM_GCC_541\Debug\SwerveMotorFirmware.a(StripLights_fisr.o)
 .debug_abbrev  0x000033c8      0x293 .\CortexM0\ARM_GCC_541\Debug\SwerveMotorFirmware.a(CyLib.o)
 .debug_abbrev  0x0000365b       0xc0 .\CortexM0\ARM_GCC_541\Debug\SwerveMotorFirmware.a(cyutils.o)
 .debug_abbrev  0x0000371b      0x248 .\CortexM0\ARM_GCC_541\Debug\SwerveMotorFirmware.a(CyLFClk.o)
 .debug_abbrev  0x00003963      0x19a .\CortexM0\ARM_GCC_541\Debug\SwerveMotorFirmware.a(isr_encA.o)
 .debug_abbrev  0x00003afd      0x19a .\CortexM0\ARM_GCC_541\Debug\SwerveMotorFirmware.a(isr_encB.o)
 .debug_abbrev  0x00003c97      0x184 .\CortexM0\ARM_GCC_541\Debug\SwerveMotorFirmware.a(ADC_Pot.o)
 .debug_abbrev  0x00003e1b       0x65 .\CortexM0\ARM_GCC_541\Debug\SwerveMotorFirmware.a(ADC_Pot_INT.o)
 .debug_abbrev  0x00003e80       0x14 .\CortexM0\ARM_GCC_541\Debug\SwerveMotorFirmware.a(CyBootAsmGnu.o)
 .debug_abbrev  0x00003e94      0x180 .\CortexM0\ARM_GCC_541\Debug\SwerveMotorFirmware.a(UART_SPI_UART.o)
 .debug_abbrev  0x00004014       0x9a .\CortexM0\ARM_GCC_541\Debug\SwerveMotorFirmware.a(UART_SPI_UART_INT.o)
 .debug_abbrev  0x000040ae      0x182 .\CortexM0\ARM_GCC_541\Debug\SwerveMotorFirmware.a(CyFlash.o)

.debug_line     0x00000000     0x670e
 *(.debug_line)
 .debug_line    0x00000000      0x4e3 .\CortexM0\ARM_GCC_541\Debug\main.o
 .debug_line    0x000004e3      0x1ca .\CortexM0\ARM_GCC_541\Debug\LED_Array.o
 .debug_line    0x000006ad      0x217 .\CortexM0\ARM_GCC_541\Debug\MotorDrive.o
 .debug_line    0x000008c4      0x381 .\CortexM0\ARM_GCC_541\Debug\PositionPID.o
 .debug_line    0x00000c45      0x2d5 .\CortexM0\ARM_GCC_541\Debug\Motor_Unit_CAN.o
 .debug_line    0x00000f1a      0x20f .\CortexM0\ARM_GCC_541\Debug\Motor_Unit_FSM.o
 .debug_line    0x00001129      0x2ec .\CortexM0\ARM_GCC_541\Debug\PortPSOC_swerve.o
 .debug_line    0x00001415      0x2f3 .\CortexM0\ARM_GCC_541\Debug\CANCommon.o
 .debug_line    0x00001708      0x24e .\CortexM0\ARM_GCC_541\Debug\CANGPIO.o
 .debug_line    0x00001956       0x1d .\CortexM0\ARM_GCC_541\Debug\CANLocalization.o
 .debug_line    0x00001973      0x417 .\CortexM0\ARM_GCC_541\Debug\CANMotorUnit.o
 .debug_line    0x00001d8a      0x2dc .\CortexM0\ARM_GCC_541\Debug\CANPacket.o
 .debug_line    0x00002066      0x19d .\CortexM0\ARM_GCC_541\Debug\CANPower.o
 .debug_line    0x00002203      0x1c5 .\CortexM0\ARM_GCC_541\Debug\CANScience.o
 .debug_line    0x000023c8      0x1b6 .\CortexM0\ARM_GCC_541\Debug\cyfitter_cfg.o
 .debug_line    0x0000257e      0x141 .\CortexM0\ARM_GCC_541\Debug\cymetadata.o
 .debug_line    0x000026bf      0x236 .\CortexM0\ARM_GCC_541\Debug\Cm0Start.o
 .debug_line    0x000028f5       0xbe .\CortexM0\ARM_GCC_541\Debug\SwerveMotorFirmware.a(Limit1.o)
 .debug_line    0x000029b3       0xbe .\CortexM0\ARM_GCC_541\Debug\SwerveMotorFirmware.a(Limit2.o)
 .debug_line    0x00002a71      0x383 .\CortexM0\ARM_GCC_541\Debug\SwerveMotorFirmware.a(PWM_Motor1.o)
 .debug_line    0x00002df4      0x157 .\CortexM0\ARM_GCC_541\Debug\SwerveMotorFirmware.a(isr_Limit_1.o)
 .debug_line    0x00002f4b       0xc5 .\CortexM0\ARM_GCC_541\Debug\SwerveMotorFirmware.a(Pin_Encoder_A.o)
 .debug_line    0x00003010       0xc5 .\CortexM0\ARM_GCC_541\Debug\SwerveMotorFirmware.a(Pin_Encoder_B.o)
 .debug_line    0x000030d5       0xc2 .\CortexM0\ARM_GCC_541\Debug\SwerveMotorFirmware.a(Status_Reg_Switches.o)
 .debug_line    0x00003197      0x3e7 .\CortexM0\ARM_GCC_541\Debug\SwerveMotorFirmware.a(CAN.o)
 .debug_line    0x0000357e       0x53 .\CortexM0\ARM_GCC_541\Debug\SwerveMotorFirmware.a(CAN_INT.o)
 .debug_line    0x000035d1      0x14c .\CortexM0\ARM_GCC_541\Debug\SwerveMotorFirmware.a(CAN_TX_RX_func.o)
 .debug_line    0x0000371d      0x13c .\CortexM0\ARM_GCC_541\Debug\SwerveMotorFirmware.a(UART.o)
 .debug_line    0x00003859      0x1f5 .\CortexM0\ARM_GCC_541\Debug\SwerveMotorFirmware.a(UART_UART.o)
 .debug_line    0x00003a4e       0xbc .\CortexM0\ARM_GCC_541\Debug\SwerveMotorFirmware.a(Dip1.o)
 .debug_line    0x00003b0a       0xbc .\CortexM0\ARM_GCC_541\Debug\SwerveMotorFirmware.a(Dip2.o)
 .debug_line    0x00003bc6       0xbc .\CortexM0\ARM_GCC_541\Debug\SwerveMotorFirmware.a(Dip3.o)
 .debug_line    0x00003c82       0xbc .\CortexM0\ARM_GCC_541\Debug\SwerveMotorFirmware.a(Dip4.o)
 .debug_line    0x00003d3e      0x17b .\CortexM0\ARM_GCC_541\Debug\SwerveMotorFirmware.a(Timer_1.o)
 .debug_line    0x00003eb9      0x156 .\CortexM0\ARM_GCC_541\Debug\SwerveMotorFirmware.a(isr_period.o)
 .debug_line    0x0000400f       0xc2 .\CortexM0\ARM_GCC_541\Debug\SwerveMotorFirmware.a(LED_Debug1.o)
 .debug_line    0x000040d1       0xc2 .\CortexM0\ARM_GCC_541\Debug\SwerveMotorFirmware.a(LED_Debug2.o)
 .debug_line    0x00004193       0xbe .\CortexM0\ARM_GCC_541\Debug\SwerveMotorFirmware.a(LED_CAN.o)
 .debug_line    0x00004251       0xc1 .\CortexM0\ARM_GCC_541\Debug\SwerveMotorFirmware.a(LED_Error.o)