Archive member included to satisfy reference by file (symbol)

.\CortexM0\ARM_GCC_541\Debug\SwerveMotorFirmware.a(PWM_Motor1.o)
                              .\CortexM0\ARM_GCC_541\Debug\MotorDrive.o (PWM_Motor1_WriteCompare)
.\CortexM0\ARM_GCC_541\Debug\SwerveMotorFirmware.a(isr_Limit_1.o)
                              .\CortexM0\ARM_GCC_541\Debug\main.o (isr_Limit_1_StartEx)
.\CortexM0\ARM_GCC_541\Debug\SwerveMotorFirmware.a(QuadDec.o)
                              .\CortexM0\ARM_GCC_541\Debug\main.o (QuadDec_SetCounter)
.\CortexM0\ARM_GCC_541\Debug\SwerveMotorFirmware.a(CAN.o)
                              .\CortexM0\ARM_GCC_541\Debug\PortPSOC_swerve.o (CAN_GlobalIntEnable)
.\CortexM0\ARM_GCC_541\Debug\SwerveMotorFirmware.a(CAN_INT.o)
                              .\CortexM0\ARM_GCC_541\Debug\SwerveMotorFirmware.a(CAN.o) (CAN_ISR)
.\CortexM0\ARM_GCC_541\Debug\SwerveMotorFirmware.a(CAN_TX_RX_func.o)
                              .\CortexM0\ARM_GCC_541\Debug\PortPSOC_swerve.o (CAN_SendMsg)
.\CortexM0\ARM_GCC_541\Debug\SwerveMotorFirmware.a(UART.o)
                              .\CortexM0\ARM_GCC_541\Debug\main.o (UART_Start)
.\CortexM0\ARM_GCC_541\Debug\SwerveMotorFirmware.a(UART_SPI_UART.o)
                              .\CortexM0\ARM_GCC_541\Debug\DebugMessages.o (UART_SpiUartClearRxBuffer)
.\CortexM0\ARM_GCC_541\Debug\SwerveMotorFirmware.a(UART_UART.o)
                              .\CortexM0\ARM_GCC_541\Debug\SwerveMotorFirmware.a(UART.o) (UART_UartInit)
.\CortexM0\ARM_GCC_541\Debug\SwerveMotorFirmware.a(Can_addr.o)
                              .\CortexM0\ARM_GCC_541\Debug\main.o (Can_addr_Read)
.\CortexM0\ARM_GCC_541\Debug\SwerveMotorFirmware.a(Timer_1.o)
                              .\CortexM0\ARM_GCC_541\Debug\main.o (Timer_1_ReadStatusRegister)
.\CortexM0\ARM_GCC_541\Debug\SwerveMotorFirmware.a(isr_period.o)
                              .\CortexM0\ARM_GCC_541\Debug\main.o (isr_period_StartEx)
.\CortexM0\ARM_GCC_541\Debug\SwerveMotorFirmware.a(LED_Debug1.o)
                              .\CortexM0\ARM_GCC_541\Debug\main.o (LED_Debug1_Write)
.\CortexM0\ARM_GCC_541\Debug\SwerveMotorFirmware.a(LED_Debug2.o)
                              .\CortexM0\ARM_GCC_541\Debug\main.o (LED_Debug2_Write)
.\CortexM0\ARM_GCC_541\Debug\SwerveMotorFirmware.a(LED_CAN.o)
                              .\CortexM0\ARM_GCC_541\Debug\main.o (LED_CAN_Write)
.\CortexM0\ARM_GCC_541\Debug\SwerveMotorFirmware.a(LED_Error.o)
                              .\CortexM0\ARM_GCC_541\Debug\main.o (LED_Error_Write)
.\CortexM0\ARM_GCC_541\Debug\SwerveMotorFirmware.a(StripLights.o)
                              .\CortexM0\ARM_GCC_541\Debug\main.o (StripLights_Trigger)
.\CortexM0\ARM_GCC_541\Debug\SwerveMotorFirmware.a(StripLights_fonts.o)
                              .\CortexM0\ARM_GCC_541\Debug\SwerveMotorFirmware.a(StripLights.o) (StripLights_SetFont)
.\CortexM0\ARM_GCC_541\Debug\SwerveMotorFirmware.a(PWM_Motor2.o)
                              .\CortexM0\ARM_GCC_541\Debug\MotorDrive.o (PWM_Motor2_WriteCompare)
.\CortexM0\ARM_GCC_541\Debug\SwerveMotorFirmware.a(Motor1Direction.o)
                              .\CortexM0\ARM_GCC_541\Debug\MotorDrive.o (Motor1Direction_Write)
.\CortexM0\ARM_GCC_541\Debug\SwerveMotorFirmware.a(Motor2Direction.o)
                              .\CortexM0\ARM_GCC_541\Debug\MotorDrive.o (Motor2Direction_Write)
.\CortexM0\ARM_GCC_541\Debug\SwerveMotorFirmware.a(QuadDec_Cnt16.o)
                              .\CortexM0\ARM_GCC_541\Debug\SwerveMotorFirmware.a(QuadDec.o) (QuadDec_Cnt16_Stop)
.\CortexM0\ARM_GCC_541\Debug\SwerveMotorFirmware.a(StripLights_cisr.o)
                              .\CortexM0\ARM_GCC_541\Debug\SwerveMotorFirmware.a(StripLights.o) (StripLights_cisr_StartEx)
.\CortexM0\ARM_GCC_541\Debug\SwerveMotorFirmware.a(StripLights_fisr.o)
                              .\CortexM0\ARM_GCC_541\Debug\SwerveMotorFirmware.a(StripLights.o) (StripLights_fisr_StartEx)
.\CortexM0\ARM_GCC_541\Debug\SwerveMotorFirmware.a(CyLib.o)
                              .\CortexM0\ARM_GCC_541\Debug\cyfitter_cfg.o (CyIntEnable)
.\CortexM0\ARM_GCC_541\Debug\SwerveMotorFirmware.a(cyutils.o)
                              .\CortexM0\ARM_GCC_541\Debug\SwerveMotorFirmware.a(Timer_1.o) (CySetReg24)
.\CortexM0\ARM_GCC_541\Debug\SwerveMotorFirmware.a(CyLFClk.o)
                              .\CortexM0\ARM_GCC_541\Debug\SwerveMotorFirmware.a(CyLib.o) (CySysClkWcoEnabled)
.\CortexM0\ARM_GCC_541\Debug\SwerveMotorFirmware.a(CyBootAsmGnu.o)
                              .\CortexM0\ARM_GCC_541\Debug\SwerveMotorFirmware.a(CyLib.o) (CyDelayCycles)
.\CortexM0\ARM_GCC_541\Debug\SwerveMotorFirmware.a(UART_SPI_UART_INT.o)
                              .\CortexM0\ARM_GCC_541\Debug\SwerveMotorFirmware.a(UART_UART.o) (UART_SPI_UART_ISR)
.\CortexM0\ARM_GCC_541\Debug\SwerveMotorFirmware.a(CyFlash.o)
                              .\CortexM0\ARM_GCC_541\Debug\SwerveMotorFirmware.a(CyLib.o) (CySysFlashSetWaitCycles)
[...]
Memory Configuration

Name             Origin             Length             Attributes
rom              0x00000000         0x00040000         xr
ram              0x20000000         0x00008000         xrw
*default*        0x00000000         0xffffffff

Linker script and memory map

LOAD c:/program files (x86)/cypress/psoc creator/4.4/psoc creator/import/gnu/arm/5.4.1/bin/../lib/gcc/arm-none-eabi/5.4.1/armv6-m/crti.o
LOAD c:/program files (x86)/cypress/psoc creator/4.4/psoc creator/import/gnu/arm/5.4.1/bin/../lib/gcc/arm-none-eabi/5.4.1/armv6-m/crtbegin.o
LOAD c:/program files (x86)/cypress/psoc creator/4.4/psoc creator/import/gnu/arm/5.4.1/bin/../lib/gcc/arm-none-eabi/5.4.1/../../../../arm-none-eabi/lib/armv6-m/crt0.o
START GROUP
LOAD .\CortexM0\ARM_GCC_541\Debug\main.o
LOAD .\CortexM0\ARM_GCC_541\Debug\DebugMessages.o
LOAD .\CortexM0\ARM_GCC_541\Debug\Initialize_CAN_addr.o
LOAD .\CortexM0\ARM_GCC_541\Debug\LED_Array.o
LOAD .\CortexM0\ARM_GCC_541\Debug\MotorDrive.o
LOAD .\CortexM0\ARM_GCC_541\Debug\PositionPID.o
LOAD .\CortexM0\ARM_GCC_541\Debug\PortPSOC_swerve.o
LOAD .\CortexM0\ARM_GCC_541\Debug\CANCommon.o
LOAD .\CortexM0\ARM_GCC_541\Debug\CANGPIO.o
LOAD .\CortexM0\ARM_GCC_541\Debug\CANLocalization.o
LOAD .\CortexM0\ARM_GCC_541\Debug\CANMotorUnit.o
LOAD .\CortexM0\ARM_GCC_541\Debug\CANPacket.o
LOAD .\CortexM0\ARM_GCC_541\Debug\CANPower.o
LOAD .\CortexM0\ARM_GCC_541\Debug\CANScience.o
LOAD .\CortexM0\ARM_GCC_541\Debug\cyfitter_cfg.o
LOAD .\CortexM0\ARM_GCC_541\Debug\cymetadata.o
LOAD .\CortexM0\ARM_GCC_541\Debug\Cm0Start.o
LOAD .\CortexM0\ARM_GCC_541\Debug\SwerveMotorFirmware.a
END GROUP
START GROUP
LOAD c:/program files (x86)/cypress/psoc creator/4.4/psoc creator/import/gnu/arm/5.4.1/bin/../lib/gcc/arm-none-eabi/5.4.1/armv6-m\libgcc.a
LOAD c:/program files (x86)/cypress/psoc creator/4.4/psoc creator/import/gnu/arm/5.4.1/bin/../lib/gcc/arm-none-eabi/5.4.1/../../../../arm-none-eabi/lib/armv6-m\libg_nano.a
LOAD c:/program files (x86)/cypress/psoc creator/4.4/psoc creator/import/gnu/arm/5.4.1/bin/../lib/gcc/arm-none-eabi/5.4.1/../../../../arm-none-eabi/lib/armv6-m\libc_nano.a
END GROUP
START GROUP
LOAD c:/program files (x86)/cypress/psoc creator/4.4/psoc creator/import/gnu/arm/5.4.1/bin/../lib/gcc/arm-none-eabi/5.4.1/armv6-m\libgcc.a
LOAD c:/program files (x86)/cypress/psoc creator/4.4/psoc creator/import/gnu/arm/5.4.1/bin/../lib/gcc/arm-none-eabi/5.4.1/../../../../arm-none-eabi/lib/armv6-m\libc_nano.a
END GROUP
LOAD c:/program files (x86)/cypress/psoc creator/4.4/psoc creator/import/gnu/arm/5.4.1/bin/../lib/gcc/arm-none-eabi/5.4.1/armv6-m/crtend.o
LOAD c:/program files (x86)/cypress/psoc creator/4.4/psoc creator/import/gnu/arm/5.4.1/bin/../lib/gcc/arm-none-eabi/5.4.1/armv6-m/crtn.o
START GROUP
LOAD c:/program files (x86)/cypress/psoc creator/4.4/psoc creator/import/gnu/arm/5.4.1/bin/../lib/gcc/arm-none-eabi/5.4.1/armv6-m\libgcc.a
LOAD c:/program files (x86)/cypress/psoc creator/4.4/psoc creator/import/gnu/arm/5.4.1/bin/../lib/gcc/arm-none-eabi/5.4.1/../../../../arm-none-eabi/lib/armv6-m\libc.a
LOAD c:/program files (x86)/cypress/psoc creator/4.4/psoc creator/import/gnu/arm/5.4.1/bin/../lib/gcc/arm-none-eabi/5.4.1/../../../../arm-none-eabi/lib/armv6-m\libnosys.a
END GROUP
                0x00000000                CY_APPL_ORIGIN = 0x0
                0x00000100                CY_FLASH_ROW_SIZE = 0x100
                0x00000001                CY_APPL_NUM = 0x1
                0x00000001                CY_APPL_MAX = 0x1
                0x00000040                CY_METADATA_SIZE = 0x40
                0x00000000                CY_APPL_LOADABLE = 0x0
                0x00000000                CY_CHECKSUM_EXCLUDE_SIZE = ALIGN (0x0, CY_FLASH_ROW_SIZE)
                0x00000000                CY_APP_FOR_STACK_AND_COPIER = 0x0
                [!provide]                PROVIDE (__cy_heap_start, _end)
                0x00000001                PROVIDE (__cy_region_num, ((__cy_regions_end - __cy_regions) / 0x10))
                0x20008000                PROVIDE (__cy_stack, (ORIGIN (ram) + LENGTH (ram)))
                [!provide]                PROVIDE (__cy_heap_end, (__cy_stack - 0x800))

.cybootloader   0x00000000        0x0
 *(.cybootloader)
                0x00000000                appl1_start = CY_APPL_ORIGIN?CY_APPL_ORIGIN:ALIGN (CY_FLASH_ROW_SIZE)
                0x0001ff00                appl2_start = (appl1_start + ALIGN ((((LENGTH (rom) - appl1_start) - (0x2 * CY_FLASH_ROW_SIZE)) / 0x2), CY_FLASH_ROW_SIZE))
                0x00000000                appl_start = (CY_APPL_NUM == 0x1)?appl1_start:appl2_start
                0x00000001                cy_project_type_bootloader = (appl_start == 0x0)?0x1:0x0
                0x00000000                cy_project_type_app_for_stack_and_copier = (CY_APP_FOR_STACK_AND_COPIER == 0x1)?0x1:0x0

.text           0x00000000     0x2fee
 CREATE_OBJECT_SYMBOLS
                0x00000000                PROVIDE (__cy_interrupt_vector, RomVectors)
 *(.romvectors)
 .romvectors    0x00000000       0x10 .\CortexM0\ARM_GCC_541\Debug\Cm0Start.o
                0x00000000                RomVectors
                0x00000001                ASSERT ((. != __cy_interrupt_vector), No interrupt vector)
                0x00000001                ASSERT (CY_APPL_ORIGIN?(SIZEOF (.cybootloader) <= CY_APPL_ORIGIN):0x1, Wrong image location)
                0x00000010                PROVIDE (__cy_reset, Reset)
 *(.text.Reset)
 .text.Reset    0x00000010        0x8 .\CortexM0\ARM_GCC_541\Debug\Cm0Start.o
                0x00000010                Reset
                0x00000001                ASSERT ((. != __cy_reset), No reset code)
 *(.psocinit)
 .psocinit      0x00000018      0x2e0 .\CortexM0\ARM_GCC_541\Debug\cyfitter_cfg.o
                0x00000150                cyfitter_cfg
                0x000002f8                . = MAX (., 0x100)
 *(.text .text.* .gnu.linkonce.t.*)
 .text          0x000002f8       0x60 c:/program files (x86)/cypress/psoc creator/4.4/psoc creator/import/gnu/arm/5.4.1/bin/../lib/gcc/arm-none-eabi/5.4.1/armv6-m/crtbegin.o
 .text.Period_Reset_Handler
                0x00000358       0x7c .\CortexM0\ARM_GCC_541\Debug\main.o
                0x00000358                Period_Reset_Handler
 .text.Pin_Limit_Handler
                0x000003d4       0x20 .\CortexM0\ARM_GCC_541\Debug\main.o
                0x000003d4                Pin_Limit_Handler
 .text.Initialize
                0x000003f4       0x78 .\CortexM0\ARM_GCC_541\Debug\main.o
                0x000003f4                Initialize
 .text.main     0x0000046c       0xc4 .\CortexM0\ARM_GCC_541\Debug\main.o
                0x0000046c                main
 .text.InitializeMessage
                0x00000530       0x5c .\CortexM0\ARM_GCC_541\Debug\DebugMessages.o
                0x00000530                InitializeMessage
 .text.StoreUARTBufferToArray
                0x0000058c       0x38 .\CortexM0\ARM_GCC_541\Debug\DebugMessages.o
                0x0000058c                StoreUARTBufferToArray
 .text.ReadNumberFromUART
                0x000005c4       0x18 .\CortexM0\ARM_GCC_541\Debug\DebugMessages.o
                0x000005c4                ReadNumberFromUART
 .text.SetTargetSerial
                0x000005dc       0x44 .\CortexM0\ARM_GCC_541\Debug\DebugMessages.o
                0x000005dc                SetTargetSerial
 .text.SetMotorPWM
                0x00000620       0x40 .\CortexM0\ARM_GCC_541\Debug\DebugMessages.o
                0x00000620                SetMotorPWM
 .text.NeedToImplementMessage
                0x00000660       0x10 .\CortexM0\ARM_GCC_541\Debug\DebugMessages.o
                0x00000660                NeedToImplementMessage
 .text.SelectModeMessage
                0x00000670       0x90 .\CortexM0\ARM_GCC_541\Debug\DebugMessages.o
                0x00000670                SelectModeMessage
 .text.initalize_LEDs
                0x00000700       0x28 .\CortexM0\ARM_GCC_541\Debug\LED_Array.o
                0x00000700                initalize_LEDs
 .text.set_all_LED_Colors
                0x00000728       0x2c .\CortexM0\ARM_GCC_541\Debug\LED_Array.o
                0x00000728                set_all_LED_Colors
 .text.get_color_packet
                0x00000754        0xc .\CortexM0\ARM_GCC_541\Debug\LED_Array.o
                0x00000754                get_color_packet
 .text.set_PWM_M1
                0x00000760       0x58 .\CortexM0\ARM_GCC_541\Debug\MotorDrive.o
                0x00000760                set_PWM_M1
 .text.set_PWM_M2
                0x000007b8       0x58 .\CortexM0\ARM_GCC_541\Debug\MotorDrive.o
                0x000007b8                set_PWM_M2
 .text.InitCAN_swerve
                0x00000810      0x11c .\CortexM0\ARM_GCC_541\Debug\PortPSOC_swerve.o
                0x00000810                InitCAN_swerve
 .text.SendCANPacket
                0x0000092c       0x40 .\CortexM0\ARM_GCC_541\Debug\PortPSOC_swerve.o
                0x0000092c                SendCANPacket
 .text.countAddFIFO
                0x0000096c       0x50 .\CortexM0\ARM_GCC_541\Debug\PortPSOC_swerve.o
                0x0000096c                countAddFIFO
 .text.CAN_FLAG_ISR
                0x000009bc      0x12c .\CortexM0\ARM_GCC_541\Debug\PortPSOC_swerve.o
                0x000009bc                CAN_FLAG_ISR
 .text.AssembleModeSetPacket
                0x00000ae8       0x20 .\CortexM0\ARM_GCC_541\Debug\CANMotorUnit.o
                0x00000ae8                AssembleModeSetPacket
 .text.AssemblePWMDirSetPacket
                0x00000b08       0x28 .\CortexM0\ARM_GCC_541\Debug\CANMotorUnit.o
                0x00000b08                AssemblePWMDirSetPacket
 .text.ConstructCANID
                0x00000b30       0x1c .\CortexM0\ARM_GCC_541\Debug\CANPacket.o
                0x00000b30                ConstructCANID
 .text.WritePacketIDOnly
                0x00000b4c        0x8 .\CortexM0\ARM_GCC_541\Debug\CANPacket.o
                0x00000b4c                WritePacketIDOnly
 .text.PackShortIntoDataMSBFirst
                0x00000b54        0xc .\CortexM0\ARM_GCC_541\Debug\CANPacket.o
                0x00000b54                PackShortIntoDataMSBFirst
 .text.cfg_write_bytes32
                0x00000b60       0x34 .\CortexM0\ARM_GCC_541\Debug\cyfitter_cfg.o
 .text.CYMEMZERO
                0x00000b94        0xc .\CortexM0\ARM_GCC_541\Debug\cyfitter_cfg.o
 .text.SetAnalogRoutingPumps
                0x00000ba0       0x20 .\CortexM0\ARM_GCC_541\Debug\cyfitter_cfg.o
                0x00000ba0                SetAnalogRoutingPumps
 .text.AnalogSetDefault
                0x00000bc0       0x3c .\CortexM0\ARM_GCC_541\Debug\cyfitter_cfg.o
 .text.IntDefaultHandler
                0x00000bfc       0x10 .\CortexM0\ARM_GCC_541\Debug\Cm0Start.o
                0x00000bfc                IntDefaultHandler
 .text._sbrk    0x00000c0c       0x30 .\CortexM0\ARM_GCC_541\Debug\Cm0Start.o
                0x00000c0c                _sbrk
 .text.Start_c  0x00000c3c       0x48 .\CortexM0\ARM_GCC_541\Debug\Cm0Start.o
                0x00000c3c                Start_c
 .text.initialize_psoc
                0x00000c84       0x4c .\CortexM0\ARM_GCC_541\Debug\Cm0Start.o
                0x00000c84                initialize_psoc
 .text.PWM_Motor1_WriteCompare
                0x00000cd0       0x10 .\CortexM0\ARM_GCC_541\Debug\SwerveMotorFirmware.a(PWM_Motor1.o)
                0x00000cd0                PWM_Motor1_WriteCompare
 .text.isr_Limit_1_SetVector
                0x00000ce0        0xc .\CortexM0\ARM_GCC_541\Debug\SwerveMotorFirmware.a(isr_Limit_1.o)
                0x00000ce0                isr_Limit_1_SetVector
 .text.isr_Limit_1_SetPriority
                0x00000cec       0x24 .\CortexM0\ARM_GCC_541\Debug\SwerveMotorFirmware.a(isr_Limit_1.o)
                0x00000cec                isr_Limit_1_SetPriority
 .text.isr_Limit_1_Enable
                0x00000d10        0xc .\CortexM0\ARM_GCC_541\Debug\SwerveMotorFirmware.a(isr_Limit_1.o)
                0x00000d10                isr_Limit_1_Enable
 .text.isr_Limit_1_Disable
                0x00000d1c        0xc .\CortexM0\ARM_GCC_541\Debug\SwerveMotorFirmware.a(isr_Limit_1.o)
                0x00000d1c                isr_Limit_1_Disable
 .text.isr_Limit_1_StartEx
                0x00000d28       0x1c .\CortexM0\ARM_GCC_541\Debug\SwerveMotorFirmware.a(isr_Limit_1.o)
                0x00000d28                isr_Limit_1_StartEx
 .text.QuadDec_SetCounter
                0x00000d44       0x24 .\CortexM0\ARM_GCC_541\Debug\SwerveMotorFirmware.a(QuadDec.o)
                0x00000d44                QuadDec_SetCounter
 .text.QuadDec_GetEvents
                0x00000d68       0x10 .\CortexM0\ARM_GCC_541\Debug\SwerveMotorFirmware.a(QuadDec.o)
                0x00000d68                QuadDec_GetEvents
 .text.QuadDec_SetInterruptMask
                0x00000d78        0xc .\CortexM0\ARM_GCC_541\Debug\SwerveMotorFirmware.a(QuadDec.o)
                0x00000d78                QuadDec_SetInterruptMask
 .text.QuadDec_Enable
                0x00000d84       0x28 .\CortexM0\ARM_GCC_541\Debug\SwerveMotorFirmware.a(QuadDec.o)
                0x00000d84                QuadDec_Enable
 .text.QuadDec_Start
                0x00000dac       0x28 .\CortexM0\ARM_GCC_541\Debug\SwerveMotorFirmware.a(QuadDec.o)
                0x00000dac                QuadDec_Start
 .text.CAN_GlobalIntEnable
                0x00000dd4       0x1c .\CortexM0\ARM_GCC_541\Debug\SwerveMotorFirmware.a(CAN.o)
                0x00000dd4                CAN_GlobalIntEnable
 .text.CAN_Enable
                0x00000df0       0x48 .\CortexM0\ARM_GCC_541\Debug\SwerveMotorFirmware.a(CAN.o)
                0x00000df0                CAN_Enable
 .text.CAN_SetPreScaler
                0x00000e38       0x38 .\CortexM0\ARM_GCC_541\Debug\SwerveMotorFirmware.a(CAN.o)
                0x00000e38                CAN_SetPreScaler
 .text.CAN_SetArbiter
                0x00000e70       0x40 .\CortexM0\ARM_GCC_541\Debug\SwerveMotorFirmware.a(CAN.o)
                0x00000e70                CAN_SetArbiter
 .text.CAN_SetTsegSample
                0x00000eb0       0xa0 .\CortexM0\ARM_GCC_541\Debug\SwerveMotorFirmware.a(CAN.o)
                0x00000eb0                CAN_SetTsegSample
 .text.CAN_SetRestartType
                0x00000f50       0x38 .\CortexM0\ARM_GCC_541\Debug\SwerveMotorFirmware.a(CAN.o)
                0x00000f50                CAN_SetRestartType
 .text.CAN_SetEdgeMode
                0x00000f88       0x38 .\CortexM0\ARM_GCC_541\Debug\SwerveMotorFirmware.a(CAN.o)
                0x00000f88                CAN_SetEdgeMode
 .text.CAN_SetIrqMask
                0x00000fc0       0x1c .\CortexM0\ARM_GCC_541\Debug\SwerveMotorFirmware.a(CAN.o)
                0x00000fc0                CAN_SetIrqMask
 .text.CAN_RxBufConfig
                0x00000fdc       0x98 .\CortexM0\ARM_GCC_541\Debug\SwerveMotorFirmware.a(CAN.o)
                0x00000fdc                CAN_RxBufConfig
 .text.CAN_TxBufConfig
                0x00001074       0x58 .\CortexM0\ARM_GCC_541\Debug\SwerveMotorFirmware.a(CAN.o)
                0x00001074                CAN_TxBufConfig
 .text.CAN_RxTxBuffersConfig
                0x000010cc       0x54 .\CortexM0\ARM_GCC_541\Debug\SwerveMotorFirmware.a(CAN.o)
                0x000010cc                CAN_RxTxBuffersConfig
 .text.CAN_SetSwapDataEndianness
                0x00001120       0x40 .\CortexM0\ARM_GCC_541\Debug\SwerveMotorFirmware.a(CAN.o)
                0x00001120                CAN_SetSwapDataEndianness
 .text.CAN_Init
                0x00001160       0xe8 .\CortexM0\ARM_GCC_541\Debug\SwerveMotorFirmware.a(CAN.o)
                0x00001160                CAN_Init
 .text.CAN_Start
                0x00001248       0x28 .\CortexM0\ARM_GCC_541\Debug\SwerveMotorFirmware.a(CAN.o)
                0x00001248                CAN_Start
 .text.CAN_ISR  0x00001270        0x4 .\CortexM0\ARM_GCC_541\Debug\SwerveMotorFirmware.a(CAN_INT.o)
                0x00001270                CAN_ISR
 .text.CAN_SendMsg
                0x00001274      0x154 .\CortexM0\ARM_GCC_541\Debug\SwerveMotorFirmware.a(CAN_TX_RX_func.o)
                0x00001274                CAN_SendMsg
 .text.UART_ScbEnableIntr
                0x000013c8        0xc .\CortexM0\ARM_GCC_541\Debug\SwerveMotorFirmware.a(UART.o)
 .text.UART_ScbModePostEnable
                0x000013d4        0x8 .\CortexM0\ARM_GCC_541\Debug\SwerveMotorFirmware.a(UART.o)
 .text.UART_Init
                0x000013dc        0x8 .\CortexM0\ARM_GCC_541\Debug\SwerveMotorFirmware.a(UART.o)
                0x000013dc                UART_Init
 .text.UART_Enable
                0x000013e4       0x1c .\CortexM0\ARM_GCC_541\Debug\SwerveMotorFirmware.a(UART.o)
                0x000013e4                UART_Enable
 .text.UART_Start
                0x00001400       0x20 .\CortexM0\ARM_GCC_541\Debug\SwerveMotorFirmware.a(UART.o)
                0x00001400                UART_Start
 .text.UART_SpiUartReadRxData
                0x00001420       0x34 .\CortexM0\ARM_GCC_541\Debug\SwerveMotorFirmware.a(UART_SPI_UART.o)
                0x00001420                UART_SpiUartReadRxData
 .text.UART_SpiUartGetRxBufferSize
                0x00001454       0x28 .\CortexM0\ARM_GCC_541\Debug\SwerveMotorFirmware.a(UART_SPI_UART.o)
                0x00001454                UART_SpiUartGetRxBufferSize
 .text.UART_SpiUartClearRxBuffer
                0x0000147c       0x54 .\CortexM0\ARM_GCC_541\Debug\SwerveMotorFirmware.a(UART_SPI_UART.o)
                0x0000147c                UART_SpiUartClearRxBuffer
 .text.UART_SpiUartWriteTxData
                0x000014d0       0x1c .\CortexM0\ARM_GCC_541\Debug\SwerveMotorFirmware.a(UART_SPI_UART.o)
                0x000014d0                UART_SpiUartWriteTxData
 .text.UART_UartInit
                0x000014ec       0xdc .\CortexM0\ARM_GCC_541\Debug\SwerveMotorFirmware.a(UART_UART.o)
                0x000014ec                UART_UartInit
 .text.UART_UartPostEnable
                0x000015c8       0x24 .\CortexM0\ARM_GCC_541\Debug\SwerveMotorFirmware.a(UART_UART.o)
                0x000015c8                UART_UartPostEnable
 .text.UART_UartGetChar
                0x000015ec       0x2c .\CortexM0\ARM_GCC_541\Debug\SwerveMotorFirmware.a(UART_UART.o)
                0x000015ec                UART_UartGetChar
 .text.UART_UartPutString
                0x00001618       0x18 .\CortexM0\ARM_GCC_541\Debug\SwerveMotorFirmware.a(UART_UART.o)
                0x00001618                UART_UartPutString
 .text.Can_addr_Read
                0x00001630        0xc .\CortexM0\ARM_GCC_541\Debug\SwerveMotorFirmware.a(Can_addr.o)
                0x00001630                Can_addr_Read
 .text.Timer_1_Enable
                0x0000163c       0x14 .\CortexM0\ARM_GCC_541\Debug\SwerveMotorFirmware.a(Timer_1.o)
                0x0000163c                Timer_1_Enable
 .text.Timer_1_SetInterruptMode
                0x00001650        0xc .\CortexM0\ARM_GCC_541\Debug\SwerveMotorFirmware.a(Timer_1.o)
                0x00001650                Timer_1_SetInterruptMode
 .text.Timer_1_ReadStatusRegister
                0x0000165c        0xc .\CortexM0\ARM_GCC_541\Debug\SwerveMotorFirmware.a(Timer_1.o)
                0x0000165c                Timer_1_ReadStatusRegister
 .text.Timer_1_WritePeriod
                0x00001668       0x10 .\CortexM0\ARM_GCC_541\Debug\SwerveMotorFirmware.a(Timer_1.o)
                0x00001668                Timer_1_WritePeriod
 .text.Timer_1_ReadCapture
                0x00001678       0x10 .\CortexM0\ARM_GCC_541\Debug\SwerveMotorFirmware.a(Timer_1.o)
                0x00001678                Timer_1_ReadCapture
 .text.Timer_1_WriteCounter
                0x00001688       0x10 .\CortexM0\ARM_GCC_541\Debug\SwerveMotorFirmware.a(Timer_1.o)
                0x00001688                Timer_1_WriteCounter
 .text.Timer_1_ClearFIFO
                0x00001698       0x14 .\CortexM0\ARM_GCC_541\Debug\SwerveMotorFirmware.a(Timer_1.o)
                0x00001698                Timer_1_ClearFIFO
 .text.Timer_1_Init
                0x000016ac       0x38 .\CortexM0\ARM_GCC_541\Debug\SwerveMotorFirmware.a(Timer_1.o)
                0x000016ac                Timer_1_Init
 .text.Timer_1_Start
                0x000016e4       0x20 .\CortexM0\ARM_GCC_541\Debug\SwerveMotorFirmware.a(Timer_1.o)
                0x000016e4                Timer_1_Start
 .text.isr_period_SetVector
                0x00001704        0xc .\CortexM0\ARM_GCC_541\Debug\SwerveMotorFirmware.a(isr_period.o)
                0x00001704                isr_period_SetVector
 .text.isr_period_SetPriority
                0x00001710       0x20 .\CortexM0\ARM_GCC_541\Debug\SwerveMotorFirmware.a(isr_period.o)
                0x00001710                isr_period_SetPriority
 .text.isr_period_Enable
                0x00001730        0xc .\CortexM0\ARM_GCC_541\Debug\SwerveMotorFirmware.a(isr_period.o)
                0x00001730                isr_period_Enable
 .text.isr_period_Disable
                0x0000173c        0xc .\CortexM0\ARM_GCC_541\Debug\SwerveMotorFirmware.a(isr_period.o)
                0x0000173c                isr_period_Disable
 .text.isr_period_StartEx
                0x00001748       0x1c .\CortexM0\ARM_GCC_541\Debug\SwerveMotorFirmware.a(isr_period.o)
                0x00001748                isr_period_StartEx
 .text.LED_Debug1_Write
                0x00001764       0x18 .\CortexM0\ARM_GCC_541\Debug\SwerveMotorFirmware.a(LED_Debug1.o)
                0x00001764                LED_Debug1_Write
 .text.LED_Debug2_Write
                0x0000177c       0x18 .\CortexM0\ARM_GCC_541\Debug\SwerveMotorFirmware.a(LED_Debug2.o)
                0x0000177c                LED_Debug2_Write
 .text.LED_CAN_Write
                0x00001794       0x18 .\CortexM0\ARM_GCC_541\Debug\SwerveMotorFirmware.a(LED_CAN.o)
                0x00001794                LED_CAN_Write
 .text.LED_Error_Write
                0x000017ac       0x18 .\CortexM0\ARM_GCC_541\Debug\SwerveMotorFirmware.a(LED_Error.o)
                0x000017ac                LED_Error_Write
 .text.StripLights_FISR
                0x000017c4       0x60 .\CortexM0\ARM_GCC_541\Debug\SwerveMotorFirmware.a(StripLights.o)
                0x000017c4                StripLights_FISR
 .text.StripLights_CISR
                0x00001824       0x7c .\CortexM0\ARM_GCC_541\Debug\SwerveMotorFirmware.a(StripLights.o)
                0x00001824                StripLights_CISR
 .text.StripLights_Trigger
                0x000018a0       0x6c .\CortexM0\ARM_GCC_541\Debug\SwerveMotorFirmware.a(StripLights.o)
                0x000018a0                StripLights_Trigger
 .text.StripLights_Ready
                0x0000190c       0x1c .\CortexM0\ARM_GCC_541\Debug\SwerveMotorFirmware.a(StripLights.o)
                0x0000190c                StripLights_Ready
 .text.StripLights_MemClear
                0x00001928       0x28 .\CortexM0\ARM_GCC_541\Debug\SwerveMotorFirmware.a(StripLights.o)
                0x00001928                StripLights_MemClear
 .text.StripLights_Pixel
                0x00001950       0x24 .\CortexM0\ARM_GCC_541\Debug\SwerveMotorFirmware.a(StripLights.o)
                0x00001950                StripLights_Pixel
 .text.StripLights_Dim
                0x00001974       0x78 .\CortexM0\ARM_GCC_541\Debug\SwerveMotorFirmware.a(StripLights.o)
                0x00001974                StripLights_Dim
 .text.StripLights_Start
                0x000019ec       0x7c .\CortexM0\ARM_GCC_541\Debug\SwerveMotorFirmware.a(StripLights.o)
                0x000019ec                StripLights_Start
 .text.StripLights_SetFont
                0x00001a68       0x4c .\CortexM0\ARM_GCC_541\Debug\SwerveMotorFirmware.a(StripLights_fonts.o)
                0x00001a68                StripLights_SetFont
 .text.PWM_Motor2_WriteCompare
                0x00001ab4       0x10 .\CortexM0\ARM_GCC_541\Debug\SwerveMotorFirmware.a(PWM_Motor2.o)
                0x00001ab4                PWM_Motor2_WriteCompare
 .text.Motor1Direction_Write
                0x00001ac4       0x18 .\CortexM0\ARM_GCC_541\Debug\SwerveMotorFirmware.a(Motor1Direction.o)
                0x00001ac4                Motor1Direction_Write
 .text.Motor2Direction_Write
                0x00001adc       0x18 .\CortexM0\ARM_GCC_541\Debug\SwerveMotorFirmware.a(Motor2Direction.o)
                0x00001adc                Motor2Direction_Write
 .text.QuadDec_Cnt16_Enable
                0x00001af4       0x14 .\CortexM0\ARM_GCC_541\Debug\SwerveMotorFirmware.a(QuadDec_Cnt16.o)
                0x00001af4                QuadDec_Cnt16_Enable
 .text.QuadDec_Cnt16_SetInterruptMode
                0x00001b08        0xc .\CortexM0\ARM_GCC_541\Debug\SwerveMotorFirmware.a(QuadDec_Cnt16.o)
                0x00001b08                QuadDec_Cnt16_SetInterruptMode
 .text.QuadDec_Cnt16_ReadStatusRegister
                0x00001b14        0xc .\CortexM0\ARM_GCC_541\Debug\SwerveMotorFirmware.a(QuadDec_Cnt16.o)
                0x00001b14                QuadDec_Cnt16_ReadStatusRegister
 .text.QuadDec_Cnt16_WriteCounter
                0x00001b20        0xc .\CortexM0\ARM_GCC_541\Debug\SwerveMotorFirmware.a(QuadDec_Cnt16.o)
                0x00001b20                QuadDec_Cnt16_WriteCounter
 .text.QuadDec_Cnt16_ReadCapture
                0x00001b2c        0xc .\CortexM0\ARM_GCC_541\Debug\SwerveMotorFirmware.a(QuadDec_Cnt16.o)
                0x00001b2c                QuadDec_Cnt16_ReadCapture
 .text.QuadDec_Cnt16_WritePeriod
                0x00001b38        0xc .\CortexM0\ARM_GCC_541\Debug\SwerveMotorFirmware.a(QuadDec_Cnt16.o)
                0x00001b38                QuadDec_Cnt16_WritePeriod
 .text.QuadDec_Cnt16_WriteCompare
                0x00001b44        0xc .\CortexM0\ARM_GCC_541\Debug\SwerveMotorFirmware.a(QuadDec_Cnt16.o)
                0x00001b44                QuadDec_Cnt16_WriteCompare
 .text.QuadDec_Cnt16_ClearFIFO
                0x00001b50       0x14 .\CortexM0\ARM_GCC_541\Debug\SwerveMotorFirmware.a(QuadDec_Cnt16.o)
                0x00001b50                QuadDec_Cnt16_ClearFIFO
 .text.QuadDec_Cnt16_Init
                0x00001b64       0x58 .\CortexM0\ARM_GCC_541\Debug\SwerveMotorFirmware.a(QuadDec_Cnt16.o)
                0x00001b64                QuadDec_Cnt16_Init
 .text.QuadDec_Cnt16_Start
                0x00001bbc       0x20 .\CortexM0\ARM_GCC_541\Debug\SwerveMotorFirmware.a(QuadDec_Cnt16.o)
                0x00001bbc                QuadDec_Cnt16_Start
 .text.StripLights_cisr_SetVector
                0x00001bdc        0xc .\CortexM0\ARM_GCC_541\Debug\SwerveMotorFirmware.a(StripLights_cisr.o)
                0x00001bdc                StripLights_cisr_SetVector
 .text.StripLights_cisr_SetPriority
                0x00001be8       0x20 .\CortexM0\ARM_GCC_541\Debug\SwerveMotorFirmware.a(StripLights_cisr.o)
                0x00001be8                StripLights_cisr_SetPriority
 .text.StripLights_cisr_Enable
                0x00001c08        0xc .\CortexM0\ARM_GCC_541\Debug\SwerveMotorFirmware.a(StripLights_cisr.o)
                0x00001c08                StripLights_cisr_Enable
 .text.StripLights_cisr_Disable
                0x00001c14        0xc .\CortexM0\ARM_GCC_541\Debug\SwerveMotorFirmware.a(StripLights_cisr.o)
                0x00001c14                StripLights_cisr_Disable
 .text.StripLights_cisr_StartEx
                0x00001c20       0x1c .\CortexM0\ARM_GCC_541\Debug\SwerveMotorFirmware.a(StripLights_cisr.o)
                0x00001c20                StripLights_cisr_StartEx
 .text.StripLights_fisr_SetVector
                0x00001c3c        0xc .\CortexM0\ARM_GCC_541\Debug\SwerveMotorFirmware.a(StripLights_fisr.o)
                0x00001c3c                StripLights_fisr_SetVector
 .text.StripLights_fisr_SetPriority
                0x00001c48       0x24 .\CortexM0\ARM_GCC_541\Debug\SwerveMotorFirmware.a(StripLights_fisr.o)
                0x00001c48                StripLights_fisr_SetPriority
 .text.StripLights_fisr_Enable
                0x00001c6c        0xc .\CortexM0\ARM_GCC_541\Debug\SwerveMotorFirmware.a(StripLights_fisr.o)
                0x00001c6c                StripLights_fisr_Enable
 .text.StripLights_fisr_Disable
                0x00001c78        0xc .\CortexM0\ARM_GCC_541\Debug\SwerveMotorFirmware.a(StripLights_fisr.o)
                0x00001c78                StripLights_fisr_Disable
 .text.StripLights_fisr_StartEx
                0x00001c84       0x1c .\CortexM0\ARM_GCC_541\Debug\SwerveMotorFirmware.a(StripLights_fisr.o)
                0x00001c84                StripLights_fisr_StartEx
 .text.CySysClkImoSetPwrBgTrim5
                0x00001ca0       0x30 .\CortexM0\ARM_GCC_541\Debug\SwerveMotorFirmware.a(CyLib.o)
 .text.CySysClkImoSetImoTrims
                0x00001cd0       0xb0 .\CortexM0\ARM_GCC_541\Debug\SwerveMotorFirmware.a(CyLib.o)
 .text.CySysClkImoDisableWcoLock
                0x00001d80       0x54 .\CortexM0\ARM_GCC_541\Debug\SwerveMotorFirmware.a(CyLib.o)
                0x00001d80                CySysClkImoDisableWcoLock
 .text.CySysClkImoGetWcoLock
                0x00001dd4       0x14 .\CortexM0\ARM_GCC_541\Debug\SwerveMotorFirmware.a(CyLib.o)
                0x00001dd4                CySysClkImoGetWcoLock
 .text.CySysClkImoEnableUsbLock
                0x00001de8       0x44 .\CortexM0\ARM_GCC_541\Debug\SwerveMotorFirmware.a(CyLib.o)
                0x00001de8                CySysClkImoEnableUsbLock
 .text.CySysClkImoDisableUsbLock
                0x00001e2c       0x74 .\CortexM0\ARM_GCC_541\Debug\SwerveMotorFirmware.a(CyLib.o)
                0x00001e2c                CySysClkImoDisableUsbLock
 .text.CySysClkImoGetUsbLock
                0x00001ea0       0x14 .\CortexM0\ARM_GCC_541\Debug\SwerveMotorFirmware.a(CyLib.o)
                0x00001ea0                CySysClkImoGetUsbLock
 .text.CyIntEnable
                0x00001eb4       0x14 .\CortexM0\ARM_GCC_541\Debug\SwerveMotorFirmware.a(CyLib.o)
                0x00001eb4                CyIntEnable
 .text.CyIntDisable
                0x00001ec8       0x14 .\CortexM0\ARM_GCC_541\Debug\SwerveMotorFirmware.a(CyLib.o)
                0x00001ec8                CyIntDisable
 .text.CyHalt   0x00001edc        0x4 .\CortexM0\ARM_GCC_541\Debug\SwerveMotorFirmware.a(CyLib.o)
                0x00001edc                CyHalt
 .text.CyIntSetVector
                0x00001ee0       0x24 .\CortexM0\ARM_GCC_541\Debug\SwerveMotorFirmware.a(CyLib.o)
                0x00001ee0                CyIntSetVector
 .text.CyIntSetPriority
                0x00001f04       0x4c .\CortexM0\ARM_GCC_541\Debug\SwerveMotorFirmware.a(CyLib.o)
                0x00001f04                CyIntSetPriority
 .text.CyDelay  0x00001f50       0x30 .\CortexM0\ARM_GCC_541\Debug\SwerveMotorFirmware.a(CyLib.o)
                0x00001f50                CyDelay
 .text.CySysClkImoEnableWcoLock
                0x00001f80      0x104 .\CortexM0\ARM_GCC_541\Debug\SwerveMotorFirmware.a(CyLib.o)
                0x00001f80                CySysClkImoEnableWcoLock
 .text.CyDelayUs
                0x00002084       0x14 .\CortexM0\ARM_GCC_541\Debug\SwerveMotorFirmware.a(CyLib.o)
                0x00002084                CyDelayUs
 .text.CySysClkWriteImoFreq
                0x00002098      0x1bc .\CortexM0\ARM_GCC_541\Debug\SwerveMotorFirmware.a(CyLib.o)
                0x00002098                CySysClkWriteImoFreq
 .text.CySetReg24
                0x00002254       0x14 .\CortexM0\ARM_GCC_541\Debug\SwerveMotorFirmware.a(cyutils.o)
                0x00002254                CySetReg24
 .text.CyGetReg24
                0x00002268       0x14 .\CortexM0\ARM_GCC_541\Debug\SwerveMotorFirmware.a(cyutils.o)
                0x00002268                CyGetReg24
 .text.CySysWdtLocked
                0x0000227c       0x14 .\CortexM0\ARM_GCC_541\Debug\SwerveMotorFirmware.a(CyLFClk.o)
 .text.CySysClkWcoEnabled
                0x00002290       0x14 .\CortexM0\ARM_GCC_541\Debug\SwerveMotorFirmware.a(CyLFClk.o)
                0x00002290                CySysClkWcoEnabled
 .text.CySysWdtLock
                0x000022a4       0x1c .\CortexM0\ARM_GCC_541\Debug\SwerveMotorFirmware.a(CyLFClk.o)
                0x000022a4                CySysWdtLock
 .text.CySysWdtUnlock
                0x000022c0       0x30 .\CortexM0\ARM_GCC_541\Debug\SwerveMotorFirmware.a(CyLFClk.o)
                0x000022c0                CySysWdtUnlock
 .text.CySysWdtClearInterrupt
                0x000022f0       0x4c .\CortexM0\ARM_GCC_541\Debug\SwerveMotorFirmware.a(CyLFClk.o)
                0x000022f0                CySysWdtClearInterrupt
 .text.CySysWdtIsr
                0x0000233c       0xa4 .\CortexM0\ARM_GCC_541\Debug\SwerveMotorFirmware.a(CyLFClk.o)
                0x0000233c                CySysWdtIsr
 .text          0x000023e0       0x20 .\CortexM0\ARM_GCC_541\Debug\SwerveMotorFirmware.a(CyBootAsmGnu.o)
                0x000023e0                CyDelayCycles
                0x000023f2                CyEnterCriticalSection
                0x000023fa                CyExitCriticalSection
 .text.UART_SPI_UART_ISR
                0x00002400       0x78 .\CortexM0\ARM_GCC_541\Debug\SwerveMotorFirmware.a(UART_SPI_UART_INT.o)
                0x00002400                UART_SPI_UART_ISR
 .text.CySysFlashSetWaitCycles
                0x00002478       0x54 .\CortexM0\ARM_GCC_541\Debug\SwerveMotorFirmware.a(CyFlash.o)
                0x00002478                CySysFlashSetWaitCycles
 .text          0x000024cc      0x114 c:/program files (x86)/cypress/psoc creator/4.4/psoc creator/import/gnu/arm/5.4.1/bin/../lib/gcc/arm-none-eabi/5.4.1/armv6-m\libgcc.a(_udivsi3.o)
                0x000024cc                __aeabi_uidiv
                0x000024cc                __udivsi3
                0x000025d8                __aeabi_uidivmod
 .text          0x000025e0        0x4 c:/program files (x86)/cypress/psoc creator/4.4/psoc creator/import/gnu/arm/5.4.1/bin/../lib/gcc/arm-none-eabi/5.4.1/armv6-m\libgcc.a(_dvmd_tls.o)
                0x000025e0                __aeabi_idiv0
                0x000025e0                __aeabi_ldiv0
 .text.atoi     0x000025e4        0xc c:/program files (x86)/cypress/psoc creator/4.4/psoc creator/import/gnu/arm/5.4.1/bin/../lib/gcc/arm-none-eabi/5.4.1/../../../../arm-none-eabi/lib/armv6-m\libg_nano.a(lib_a-atoi.o)
                0x000025e4                atoi
 .text.__errno  0x000025f0        0xc c:/program files (x86)/cypress/psoc creator/4.4/psoc creator/import/gnu/arm/5.4.1/bin/../lib/gcc/arm-none-eabi/5.4.1/../../../../arm-none-eabi/lib/armv6-m\libg_nano.a(lib_a-errno.o)
                0x000025f0                __errno
 .text.__libc_init_array
                0x000025fc       0x4c c:/program files (x86)/cypress/psoc creator/4.4/psoc creator/import/gnu/arm/5.4.1/bin/../lib/gcc/arm-none-eabi/5.4.1/../../../../arm-none-eabi/lib/armv6-m\libg_nano.a(lib_a-init.o)
                0x000025fc                __libc_init_array
 .text.memcpy   0x00002648       0x12 c:/program files (x86)/cypress/psoc creator/4.4/psoc creator/import/gnu/arm/5.4.1/bin/../lib/gcc/arm-none-eabi/5.4.1/../../../../arm-none-eabi/lib/armv6-m\libg_nano.a(lib_a-memcpy-stub.o)
                0x00002648                memcpy
 .text.memset   0x0000265a       0x10 c:/program files (x86)/cypress/psoc creator/4.4/psoc creator/import/gnu/arm/5.4.1/bin/../lib/gcc/arm-none-eabi/5.4.1/../../../../arm-none-eabi/lib/armv6-m\libg_nano.a(lib_a-memset.o)
                0x0000265a                memset
 *fill*         0x0000266a        0x2 
 .text.sprintf  0x0000266c       0x44 c:/program files (x86)/cypress/psoc creator/4.4/psoc creator/import/gnu/arm/5.4.1/bin/../lib/gcc/arm-none-eabi/5.4.1/../../../../arm-none-eabi/lib/armv6-m\libg_nano.a(lib_a-sprintf.o)
                0x0000266c                siprintf
                0x0000266c                sprintf
 .text._strtol_r
                0x000026b0      0x124 c:/program files (x86)/cypress/psoc creator/4.4/psoc creator/import/gnu/arm/5.4.1/bin/../lib/gcc/arm-none-eabi/5.4.1/../../../../arm-none-eabi/lib/armv6-m\libg_nano.a(lib_a-strtol.o)
                0x000026b0                _strtol_r
 .text.strtol   0x000027d4       0x18 c:/program files (x86)/cypress/psoc creator/4.4/psoc creator/import/gnu/arm/5.4.1/bin/../lib/gcc/arm-none-eabi/5.4.1/../../../../arm-none-eabi/lib/armv6-m\libg_nano.a(lib_a-strtol.o)
                0x000027d4                strtol
 .text.__ssputs_r
                0x000027ec       0xc4 c:/program files (x86)/cypress/psoc creator/4.4/psoc creator/import/gnu/arm/5.4.1/bin/../lib/gcc/arm-none-eabi/5.4.1/../../../../arm-none-eabi/lib/armv6-m\libg_nano.a(lib_a-nano-svfprintf.o)
                0x000027ec                __ssputs_r
 .text._svfprintf_r
                0x000028b0      0x1fc c:/program files (x86)/cypress/psoc creator/4.4/psoc creator/import/gnu/arm/5.4.1/bin/../lib/gcc/arm-none-eabi/5.4.1/../../../../arm-none-eabi/lib/armv6-m\libg_nano.a(lib_a-nano-svfprintf.o)
                0x000028b0                _svfiprintf_r
                0x000028b0                _svfprintf_r
 .text._printf_common
                0x00002aac       0xdc c:/program files (x86)/cypress/psoc creator/4.4/psoc creator/import/gnu/arm/5.4.1/bin/../lib/gcc/arm-none-eabi/5.4.1/../../../../arm-none-eabi/lib/armv6-m\libg_nano.a(lib_a-nano-vfprintf_i.o)
                0x00002aac                _printf_common
 .text._printf_i
                0x00002b88      0x244 c:/program files (x86)/cypress/psoc creator/4.4/psoc creator/import/gnu/arm/5.4.1/bin/../lib/gcc/arm-none-eabi/5.4.1/../../../../arm-none-eabi/lib/armv6-m\libg_nano.a(lib_a-nano-vfprintf_i.o)
                0x00002b88                _printf_i
 .text.memchr   0x00002dcc       0x16 c:/program files (x86)/cypress/psoc creator/4.4/psoc creator/import/gnu/arm/5.4.1/bin/../lib/gcc/arm-none-eabi/5.4.1/../../../../arm-none-eabi/lib/armv6-m\libg_nano.a(lib_a-memchr-stub.o)
                0x00002dcc                memchr
 .text.memmove  0x00002de2       0x2a c:/program files (x86)/cypress/psoc creator/4.4/psoc creator/import/gnu/arm/5.4.1/bin/../lib/gcc/arm-none-eabi/5.4.1/../../../../arm-none-eabi/lib/armv6-m\libg_nano.a(lib_a-memmove.o)
                0x00002de2                memmove
 .text._free_r  0x00002e0c       0x98 c:/program files (x86)/cypress/psoc creator/4.4/psoc creator/import/gnu/arm/5.4.1/bin/../lib/gcc/arm-none-eabi/5.4.1/../../../../arm-none-eabi/lib/armv6-m\libg_nano.a(lib_a-nano-freer.o)
                0x00002e0c                _free_r
 .text._malloc_r
                0x00002ea4       0xc0 c:/program files (x86)/cypress/psoc creator/4.4/psoc creator/import/gnu/arm/5.4.1/bin/../lib/gcc/arm-none-eabi/5.4.1/../../../../arm-none-eabi/lib/armv6-m\libg_nano.a(lib_a-nano-mallocr.o)
                0x00002ea4                _malloc_r
 .text._realloc_r
                0x00002f64       0x4c c:/program files (x86)/cypress/psoc creator/4.4/psoc creator/import/gnu/arm/5.4.1/bin/../lib/gcc/arm-none-eabi/5.4.1/../../../../arm-none-eabi/lib/armv6-m\libg_nano.a(lib_a-nano-reallocr.o)
                0x00002f64                _realloc_r
 .text._sbrk_r  0x00002fb0       0x24 c:/program files (x86)/cypress/psoc creator/4.4/psoc creator/import/gnu/arm/5.4.1/bin/../lib/gcc/arm-none-eabi/5.4.1/../../../../arm-none-eabi/lib/armv6-m\libg_nano.a(lib_a-sbrkr.o)
                0x00002fb0                _sbrk_r
 .text.__malloc_lock
                0x00002fd4        0x2 c:/program files (x86)/cypress/psoc creator/4.4/psoc creator/import/gnu/arm/5.4.1/bin/../lib/gcc/arm-none-eabi/5.4.1/../../../../arm-none-eabi/lib/armv6-m\libg_nano.a(lib_a-mlock.o)
                0x00002fd4                __malloc_lock
 .text.__malloc_unlock
                0x00002fd6        0x2 c:/program files (x86)/cypress/psoc creator/4.4/psoc creator/import/gnu/arm/5.4.1/bin/../lib/gcc/arm-none-eabi/5.4.1/../../../../arm-none-eabi/lib/armv6-m\libg_nano.a(lib_a-mlock.o)
                0x00002fd6                __malloc_unlock
 .text._malloc_usable_size_r
                0x00002fd8       0x16 c:/program files (x86)/cypress/psoc creator/4.4/psoc creator/import/gnu/arm/5.4.1/bin/../lib/gcc/arm-none-eabi/5.4.1/../../../../arm-none-eabi/lib/armv6-m\libg_nano.a(lib_a-nano-msizer.o)
                0x00002fd8                _malloc_usable_size_r
 *(.plt)
 *(.gnu.warning)
 *(.glue_7t)
 .glue_7t       0x00002fee        0x0 linker stubs
 *(.glue_7)
 .glue_7        0x00002fee        0x0 linker stubs
 *(.vfp11_veneer)
 .vfp11_veneer  0x00002fee        0x0 linker stubs
 *(.bootloader)
 *(.ARM.extab* .gnu.linkonce.armextab.*)
 *(.gcc_except_table)

.v4_bx          0x00002ff0        0x0
 .v4_bx         0x00002ff0        0x0 linker stubs

.iplt           0x00002ff0        0x0
 .iplt          0x00002ff0        0x0 c:/program files (x86)/cypress/psoc creator/4.4/psoc creator/import/gnu/arm/5.4.1/bin/../lib/gcc/arm-none-eabi/5.4.1/armv6-m/crtbegin.o

.eh_frame_hdr
 *(.eh_frame_hdr)

.eh_frame       0x00002ff0        0x4
 *(.eh_frame)
 .eh_frame      0x00002ff0        0x0 c:/program files (x86)/cypress/psoc creator/4.4/psoc creator/import/gnu/arm/5.4.1/bin/../lib/gcc/arm-none-eabi/5.4.1/armv6-m/crtbegin.o
 .eh_frame      0x00002ff0        0x4 c:/program files (x86)/cypress/psoc creator/4.4/psoc creator/import/gnu/arm/5.4.1/bin/../lib/gcc/arm-none-eabi/5.4.1/armv6-m/crtend.o
                [!provide]                PROVIDE (__exidx_start, .)

.ARM.exidx
 *(.ARM.exidx* .gnu.linkonce.armexidx.*)
                0x00002ff4                __exidx_end = .

.rodata         0x00002ff4      0xffc
 *(.rodata .rodata.* .gnu.linkonce.r.*)
 .rodata.str1.4
                0x00002ff4      0x39c .\CortexM0\ARM_GCC_541\Debug\DebugMessages.o
                                0x39a (size before relaxing)
 .rodata        0x00003390      0x5a4 .\CortexM0\ARM_GCC_541\Debug\cyfitter_cfg.o
 .rodata        0x00003934      0x160 .\CortexM0\ARM_GCC_541\Debug\SwerveMotorFirmware.a(CAN.o)
 .rodata        0x00003a94      0x1e0 .\CortexM0\ARM_GCC_541\Debug\SwerveMotorFirmware.a(StripLights.o)
                0x00003a94                StripLights_CLUT
 .rodata        0x00003c74      0x1e0 .\CortexM0\ARM_GCC_541\Debug\SwerveMotorFirmware.a(StripLights_fonts.o)
                0x00003c74                StripLights_Font5x7
 .rodata        0x00003e54       0x2e .\CortexM0\ARM_GCC_541\Debug\SwerveMotorFirmware.a(CyLib.o)
                0x00003e54                cyImoFreqMhz2Reg
 .rodata.str1.1
                0x00003e82        0x2 c:/program files (x86)/cypress/psoc creator/4.4/psoc creator/import/gnu/arm/5.4.1/bin/../lib/gcc/arm-none-eabi/5.4.1/../../../../arm-none-eabi/lib/armv6-m\libg_nano.a(lib_a-impure.o)
 .rodata._ctype_
                0x00003e84      0x101 c:/program files (x86)/cypress/psoc creator/4.4/psoc creator/import/gnu/arm/5.4.1/bin/../lib/gcc/arm-none-eabi/5.4.1/../../../../arm-none-eabi/lib/armv6-m\libg_nano.a(lib_a-ctype_.o)
                0x00003e84                _ctype_
 .rodata.str1.1
                0x00003f85       0x11 c:/program files (x86)/cypress/psoc creator/4.4/psoc creator/import/gnu/arm/5.4.1/bin/../lib/gcc/arm-none-eabi/5.4.1/../../../../arm-none-eabi/lib/armv6-m\libg_nano.a(lib_a-nano-svfprintf.o)
 .rodata.str1.1
                0x00003f96       0x22 c:/program files (x86)/cypress/psoc creator/4.4/psoc creator/import/gnu/arm/5.4.1/bin/../lib/gcc/arm-none-eabi/5.4.1/../../../../arm-none-eabi/lib/armv6-m\libg_nano.a(lib_a-nano-vfprintf_i.o)
                0x00003fb8                . = ALIGN (0x4)
 *(.init)
 .init          0x00003fb8        0x4 c:/program files (x86)/cypress/psoc creator/4.4/psoc creator/import/gnu/arm/5.4.1/bin/../lib/gcc/arm-none-eabi/5.4.1/armv6-m/crti.o
                0x00003fb8                _init
 .init          0x00003fbc        0x8 c:/program files (x86)/cypress/psoc creator/4.4/psoc creator/import/gnu/arm/5.4.1/bin/../lib/gcc/arm-none-eabi/5.4.1/armv6-m/crtn.o
                0x00003fc4                . = ALIGN (0x4)
                0x00003fc4                __preinit_array_start = .
 *(.preinit_array)
                0x00003fc4                __preinit_array_end = .
                0x00003fc4                . = ALIGN (0x4)
                0x00003fc4                __init_array_start = .
 *(SORT(.init_array.*))
 *(.init_array)
 .init_array    0x00003fc4        0x4 c:/program files (x86)/cypress/psoc creator/4.4/psoc creator/import/gnu/arm/5.4.1/bin/../lib/gcc/arm-none-eabi/5.4.1/armv6-m/crtbegin.o
 .init_array    0x00003fc8        0x4 .\CortexM0\ARM_GCC_541\Debug\Cm0Start.o
                0x00003fcc                __init_array_end = .
                0x00003fcc                . = ALIGN (0x4)
 *(.fini)
 .fini          0x00003fcc        0x4 c:/program files (x86)/cypress/psoc creator/4.4/psoc creator/import/gnu/arm/5.4.1/bin/../lib/gcc/arm-none-eabi/5.4.1/armv6-m/crti.o
                0x00003fcc                _fini
 .fini          0x00003fd0        0x8 c:/program files (x86)/cypress/psoc creator/4.4/psoc creator/import/gnu/arm/5.4.1/bin/../lib/gcc/arm-none-eabi/5.4.1/armv6-m/crtn.o
                0x00003fd8                . = ALIGN (0x4)
                0x00003fd8                __fini_array_start = .
 *(.fini_array)
 .fini_array    0x00003fd8        0x4 c:/program files (x86)/cypress/psoc creator/4.4/psoc creator/import/gnu/arm/5.4.1/bin/../lib/gcc/arm-none-eabi/5.4.1/armv6-m/crtbegin.o
 *(SORT(.fini_array.*))
                0x00003fdc                __fini_array_end = .
                0x00003fdc                . = ALIGN (0x4)
 *crtbegin.o(.ctors)
 *(EXCLUDE_FILE(*crtend.o) .ctors)
 *(SORT(.ctors.*))
 *crtend.o(.ctors)
                0x00003fdc                . = ALIGN (0x4)
 *crtbegin.o(.dtors)
 *(EXCLUDE_FILE(*crtend.o) .dtors)
 *(SORT(.dtors.*))
 *crtend.o(.dtors)
                0x00003fdc                . = ALIGN (0x4)
                0x00003fdc                __cy_regions = .
                0x00003fdc        0x4 LONG 0x3ff0 __cy_region_init_ram
                0x00003fe0        0x4 LONG 0x200000c0 __cy_region_start_data
                0x00003fe4        0x4 LONG 0x90 __cy_region_init_size_ram
                0x00003fe8        0x4 LONG 0x228 __cy_region_zero_size_ram
                0x00003fec                __cy_regions_end = .
                0x00003ff0                . = ALIGN (0x8)
 *fill*         0x00003fec        0x4 
                0x00003ff0                _etext = .

.cy_checksum_exclude
                0x00003ff0        0x0
 *(.cy_checksum_exclude)

.ramvectors     0x20000000       0xc0
                0x20000000                __cy_region_start_ram = .
 *(.ramvectors)
 .ramvectors    0x20000000       0xc0 .\CortexM0\ARM_GCC_541\Debug\Cm0Start.o
                0x20000000                CyRamVectors

.noinit
 *(.noinit)

.data           0x200000c0       0x90 load address 0x00003ff0
                0x200000c0                __cy_region_start_data = .
 *(.jcr)
 .jcr           0x200000c0        0x0 c:/program files (x86)/cypress/psoc creator/4.4/psoc creator/import/gnu/arm/5.4.1/bin/../lib/gcc/arm-none-eabi/5.4.1/armv6-m/crtbegin.o
 .jcr           0x200000c0        0x4 c:/program files (x86)/cypress/psoc creator/4.4/psoc creator/import/gnu/arm/5.4.1/bin/../lib/gcc/arm-none-eabi/5.4.1/armv6-m/crtend.o
 *(.got.plt)
 *(.got)
 *(.shdata)
 *(.data .data.* .gnu.linkonce.d.*)
 .data          0x200000c4        0x1 .\CortexM0\ARM_GCC_541\Debug\main.o
                0x200000c4                mode
 *fill*         0x200000c5        0x3 
 .data          0x200000c8        0x4 .\CortexM0\ARM_GCC_541\Debug\Cm0Start.o
 .data          0x200000cc       0x14 .\CortexM0\ARM_GCC_541\Debug\SwerveMotorFirmware.a(CyLib.o)
                0x200000cc                CySysClkPumpConfig
                0x200000d0                cydelay32kMs
                0x200000d4                cydelayFreqKhz
                0x200000d8                cydelayFreqMhz
                0x200000dc                cydelayFreqHz
 .data          0x200000e0        0x8 .\CortexM0\ARM_GCC_541\Debug\SwerveMotorFirmware.a(CyLFClk.o)
 .data.impure_data
                0x200000e8       0x60 c:/program files (x86)/cypress/psoc creator/4.4/psoc creator/import/gnu/arm/5.4.1/bin/../lib/gcc/arm-none-eabi/5.4.1/../../../../arm-none-eabi/lib/armv6-m\libg_nano.a(lib_a-impure.o)
 .data._impure_ptr
                0x20000148        0x4 c:/program files (x86)/cypress/psoc creator/4.4/psoc creator/import/gnu/arm/5.4.1/bin/../lib/gcc/arm-none-eabi/5.4.1/../../../../arm-none-eabi/lib/armv6-m\libg_nano.a(lib_a-impure.o)
                0x20000148                _impure_ptr
 .data.__ctype_ptr__
                0x2000014c        0x4 c:/program files (x86)/cypress/psoc creator/4.4/psoc creator/import/gnu/arm/5.4.1/bin/../lib/gcc/arm-none-eabi/5.4.1/../../../../arm-none-eabi/lib/armv6-m\libg_nano.a(lib_a-ctype_.o)
                0x2000014c                __ctype_ptr__
                0x20000150                . = ALIGN (0x8)
 *(.ram)
                0x20000150                _edata = .

.igot.plt       0x20000150        0x0 load address 0x00004080
 .igot.plt      0x20000150        0x0 c:/program files (x86)/cypress/psoc creator/4.4/psoc creator/import/gnu/arm/5.4.1/bin/../lib/gcc/arm-none-eabi/5.4.1/armv6-m/crtbegin.o

.bss            0x20000150      0x228 load address 0x00004080
                0x20000150                PROVIDE (__bss_start__, .)
 *(.shbss)
 *(.bss .bss.* .gnu.linkonce.b.*)
 .bss           0x20000150       0x1c c:/program files (x86)/cypress/psoc creator/4.4/psoc creator/import/gnu/arm/5.4.1/bin/../lib/gcc/arm-none-eabi/5.4.1/armv6-m/crtbegin.o
 .bss           0x2000016c        0x5 .\CortexM0\ARM_GCC_541\Debug\main.o
                0x2000016c                invalidate
                0x2000016d                time_LED
                0x2000016e                send_animation
                0x2000016f                address
                0x20000170                drive
 .bss           0x20000171        0x4 .\CortexM0\ARM_GCC_541\Debug\PortPSOC_swerve.o
                0x20000171                latestMessageFull
                0x20000172                latestMessageHead
                0x20000173                latestMessageTail
                0x20000174                messageReadFlag
 .bss           0x20000175        0x1 .\CortexM0\ARM_GCC_541\Debug\SwerveMotorFirmware.a(QuadDec.o)
                0x20000175                QuadDec_initVar
 .bss           0x20000176        0x1 .\CortexM0\ARM_GCC_541\Debug\SwerveMotorFirmware.a(CAN.o)
                0x20000176                CAN_initVar
 *fill*         0x20000177        0x1 
 .bss           0x20000178        0xa .\CortexM0\ARM_GCC_541\Debug\SwerveMotorFirmware.a(UART.o)
                0x20000178                UART_initVar
                0x2000017c                UART_customIntrHandler
                0x20000180                UART_IntrTxMask
 .bss           0x20000182        0x1 .\CortexM0\ARM_GCC_541\Debug\SwerveMotorFirmware.a(Timer_1.o)
                0x20000182                Timer_1_initVar
 *fill*         0x20000183        0x1 
 .bss           0x20000184       0x15 .\CortexM0\ARM_GCC_541\Debug\SwerveMotorFirmware.a(StripLights.o)
                0x20000184                StripLights_ledIndex
                0x20000188                StripLights_row
                0x20000198                StripLights_initvar
 .bss           0x20000199        0x1 .\CortexM0\ARM_GCC_541\Debug\SwerveMotorFirmware.a(QuadDec_Cnt16.o)
                0x20000199                QuadDec_Cnt16_initVar
 *fill*         0x2000019a        0x2 
 .bss           0x2000019c       0x20 .\CortexM0\ARM_GCC_541\Debug\SwerveMotorFirmware.a(CyLib.o)
                0x2000019c                CySysClkImoTrim4
                0x200001a0                CySysClkImoTrim5
                0x200001b8                CySysTickInitVar
 .bss           0x200001bc       0x28 .\CortexM0\ARM_GCC_541\Debug\SwerveMotorFirmware.a(CyLFClk.o)
 .bss.__malloc_sbrk_start
                0x200001e4        0x4 c:/program files (x86)/cypress/psoc creator/4.4/psoc creator/import/gnu/arm/5.4.1/bin/../lib/gcc/arm-none-eabi/5.4.1/../../../../arm-none-eabi/lib/armv6-m\libg_nano.a(lib_a-nano-mallocr.o)
                0x200001e4                __malloc_sbrk_start
 .bss.__malloc_free_list
                0x200001e8        0x4 c:/program files (x86)/cypress/psoc creator/4.4/psoc creator/import/gnu/arm/5.4.1/bin/../lib/gcc/arm-none-eabi/5.4.1/../../../../arm-none-eabi/lib/armv6-m\libg_nano.a(lib_a-nano-mallocr.o)
                0x200001e8                __malloc_free_list
 *(COMMON)
 COMMON         0x200001ec       0x78 .\CortexM0\ARM_GCC_541\Debug\main.o
                0x200001ec                txData
                0x20000250                rxMailbox
                0x20000260                test
 COMMON         0x20000264       0xcc .\CortexM0\ARM_GCC_541\Debug\PortPSOC_swerve.o
                0x20000264                deviceGroup
                0x20000268                deviceAddressA
                0x2000026c                latestMessage
                0x2000032c                deviceAddressB
 COMMON         0x20000330       0x1c .\CortexM0\ARM_GCC_541\Debug\SwerveMotorFirmware.a(UART_SPI_UART.o)
                0x20000330                UART_rxBufferTail
                0x20000334                UART_rxBufferInternal
                0x20000345                UART_rxBufferOverflow
                0x20000348                UART_rxBufferHead
 COMMON         0x2000034c       0x18 .\CortexM0\ARM_GCC_541\Debug\SwerveMotorFirmware.a(StripLights.o)
                0x2000034c                StripLights_ledArray
                0x20000358                StripLights_DimMask
                0x2000035c                StripLights_DimShift
                0x20000360                StripLights_refreshComplete
 COMMON         0x20000364       0x10 .\CortexM0\ARM_GCC_541\Debug\SwerveMotorFirmware.a(StripLights_fonts.o)
                0x20000364                StripLights_fontX
                0x20000368                StripLights_fontOffset
                0x2000036c                StripLights_fontPtr
                0x20000370                StripLights_fontY
 COMMON         0x20000374        0x4 c:/program files (x86)/cypress/psoc creator/4.4/psoc creator/import/gnu/arm/5.4.1/bin/../lib/gcc/arm-none-eabi/5.4.1/../../../../arm-none-eabi/lib/armv6-m\libg_nano.a(lib_a-reent.o)
                0x20000374                errno
                0x20000378                . = ALIGN (0x8)
 *(.ram.b)
                0x20000378                _end = .
                0x20000378                __end = .
                0x20000378                PROVIDE (end, .)
                0x20000378                PROVIDE (__bss_end__, .)
                0x00003ff0                __cy_region_init_ram = LOADADDR (.data)
                0x00000090                __cy_region_init_size_ram = (_edata - ADDR (.data))
                0x00000228                __cy_region_zero_size_ram = (_end - _edata)

.heap           0x20000378       0x80 load address 0x00004080
                0x20000378                . = _end
                0x200003f8                . = (. + 0x80)
 *fill*         0x20000378       0x80 
                0x200003f8                __cy_heap_limit = .

.stack          0x20007800      0x800
                0x20007800                __cy_stack_limit = .
                0x20008000                . = (. + 0x800)
 *fill*         0x20007800      0x800 
                0x00000001                ASSERT ((__cy_stack_limit >= __cy_heap_limit), region RAM overflowed with stack)
                0x00000000                cy_checksum_exclude_size = (CY_APPL_LOADABLE == 0x1)?SIZEOF (.cy_checksum_exclude):0x0
                0x00000001                ASSERT ((cy_checksum_exclude_size <= CY_CHECKSUM_EXCLUDE_SIZE), CY_BOOT: Section .cy_checksum_exclude size exceedes specified limit.)
                0x0003ffc0                cyloadermeta_start = (cy_project_type_bootloader || cy_project_type_app_for_stack_and_copier)?(LENGTH (rom) - CY_METADATA_SIZE):0xf0000000

.cyloadermeta
 *(.cyloadermeta)
                0x0003ffc0                cyloadablemeta_start = cy_project_type_app_for_stack_and_copier?((LENGTH (rom) - CY_FLASH_ROW_SIZE) - CY_METADATA_SIZE):((LENGTH (rom) - (CY_FLASH_ROW_SIZE * (CY_APPL_NUM - 0x1))) - CY_METADATA_SIZE)

.cyloadablemeta
 *(.cyloadablemeta)

.cyflashprotect
                0x90400000       0x80
 *(.cyflashprotect)
 .cyflashprotect
                0x90400000       0x80 .\CortexM0\ARM_GCC_541\Debug\cymetadata.o
                0x90400000                cy_meta_flashprotect

.cymeta         0x90500000        0xc
 *(.cymeta)
 .cymeta        0x90500000        0xc .\CortexM0\ARM_GCC_541\Debug\cymetadata.o
                0x90500000                cy_metadata

.cychipprotect  0x90600000        0x1
 *(.cychipprotect)
 .cychipprotect
                0x90600000        0x1 .\CortexM0\ARM_GCC_541\Debug\cymetadata.o
                0x90600000                cy_meta_chipprotect

.rel.dyn        0x00004080        0x0 load address 0x90600004
 .rel.iplt      0x00004080        0x0 c:/program files (x86)/cypress/psoc creator/4.4/psoc creator/import/gnu/arm/5.4.1/bin/../lib/gcc/arm-none-eabi/5.4.1/armv6-m/crtbegin.o

.stab
 *(.stab)

.stabstr
 *(.stabstr)

.debug
 *(.debug)

.line
 *(.line)

.debug_srcinfo
 *(.debug_srcinfo)

.debug_sfnames
 *(.debug_sfnames)

.debug_aranges  0x00000000     0x15d0
 *(.debug_aranges)
 .debug_aranges
                0x00000000       0x40 .\CortexM0\ARM_GCC_541\Debug\main.o
 .debug_aranges
                0x00000040       0x50 .\CortexM0\ARM_GCC_541\Debug\DebugMessages.o
 .debug_aranges
                0x00000090       0x38 .\CortexM0\ARM_GCC_541\Debug\LED_Array.o
 .debug_aranges
                0x000000c8       0x28 .\CortexM0\ARM_GCC_541\Debug\MotorDrive.o
 .debug_aranges
                0x000000f0       0x68 .\CortexM0\ARM_GCC_541\Debug\PortPSOC_swerve.o
 .debug_aranges
                0x00000158       0xc0 .\CortexM0\ARM_GCC_541\Debug\CANCommon.o
 .debug_aranges
                0x00000218       0x88 .\CortexM0\ARM_GCC_541\Debug\CANGPIO.o
 .debug_aranges
                0x000002a0       0x18 .\CortexM0\ARM_GCC_541\Debug\CANLocalization.o
 .debug_aranges
                0x000002b8      0x110 .\CortexM0\ARM_GCC_541\Debug\CANMotorUnit.o
 .debug_aranges
                0x000003c8       0xa8 .\CortexM0\ARM_GCC_541\Debug\CANPacket.o
 .debug_aranges
                0x00000470       0x40 .\CortexM0\ARM_GCC_541\Debug\CANPower.o
 .debug_aranges
                0x000004b0       0x50 .\CortexM0\ARM_GCC_541\Debug\CANScience.o
 .debug_aranges
                0x00000500       0x48 .\CortexM0\ARM_GCC_541\Debug\cyfitter_cfg.o
 .debug_aranges
                0x00000548       0x18 .\CortexM0\ARM_GCC_541\Debug\cymetadata.o
 .debug_aranges
                0x00000560       0x48 .\CortexM0\ARM_GCC_541\Debug\Cm0Start.o
 .debug_aranges
                0x000005a8      0x158 .\CortexM0\ARM_GCC_541\Debug\SwerveMotorFirmware.a(PWM_Motor1.o)
 .debug_aranges
                0x00000700       0x80 .\CortexM0\ARM_GCC_541\Debug\SwerveMotorFirmware.a(isr_Limit_1.o)
 .debug_aranges
                0x00000780       0x60 .\CortexM0\ARM_GCC_541\Debug\SwerveMotorFirmware.a(QuadDec.o)
 .debug_aranges
                0x000007e0       0xe8 .\CortexM0\ARM_GCC_541\Debug\SwerveMotorFirmware.a(CAN.o)
 .debug_aranges
                0x000008c8       0x20 .\CortexM0\ARM_GCC_541\Debug\SwerveMotorFirmware.a(CAN_INT.o)
 .debug_aranges
                0x000008e8       0x30 .\CortexM0\ARM_GCC_541\Debug\SwerveMotorFirmware.a(CAN_TX_RX_func.o)
 .debug_aranges
                0x00000918       0x68 .\CortexM0\ARM_GCC_541\Debug\SwerveMotorFirmware.a(UART.o)
 .debug_aranges
                0x00000980       0x60 .\CortexM0\ARM_GCC_541\Debug\SwerveMotorFirmware.a(UART_SPI_UART.o)
 .debug_aranges
                0x000009e0       0x90 .\CortexM0\ARM_GCC_541\Debug\SwerveMotorFirmware.a(UART_UART.o)
 .debug_aranges
                0x00000a70       0x40 .\CortexM0\ARM_GCC_541\Debug\SwerveMotorFirmware.a(Can_addr.o)
 .debug_aranges
                0x00000ab0       0x90 .\CortexM0\ARM_GCC_541\Debug\SwerveMotorFirmware.a(Timer_1.o)
 .debug_aranges
                0x00000b40       0x80 .\CortexM0\ARM_GCC_541\Debug\SwerveMotorFirmware.a(isr_period.o)
 .debug_aranges
                0x00000bc0       0x48 .\CortexM0\ARM_GCC_541\Debug\SwerveMotorFirmware.a(LED_Debug1.o)
 .debug_aranges
                0x00000c08       0x48 .\CortexM0\ARM_GCC_541\Debug\SwerveMotorFirmware.a(LED_Debug2.o)
 .debug_aranges
                0x00000c50       0x48 .\CortexM0\ARM_GCC_541\Debug\SwerveMotorFirmware.a(LED_CAN.o)
 .debug_aranges
                0x00000c98       0x48 .\CortexM0\ARM_GCC_541\Debug\SwerveMotorFirmware.a(LED_Error.o)
 .debug_aranges
                0x00000ce0       0xa0 .\CortexM0\ARM_GCC_541\Debug\SwerveMotorFirmware.a(StripLights.o)
 .debug_aranges
                0x00000d80       0x30 .\CortexM0\ARM_GCC_541\Debug\SwerveMotorFirmware.a(StripLights_fonts.o)
 .debug_aranges
                0x00000db0      0x158 .\CortexM0\ARM_GCC_541\Debug\SwerveMotorFirmware.a(PWM_Motor2.o)
 .debug_aranges
                0x00000f08       0x48 .\CortexM0\ARM_GCC_541\Debug\SwerveMotorFirmware.a(Motor1Direction.o)
 .debug_aranges
                0x00000f50       0x48 .\CortexM0\ARM_GCC_541\Debug\SwerveMotorFirmware.a(Motor2Direction.o)
 .debug_aranges
                0x00000f98       0x98 .\CortexM0\ARM_GCC_541\Debug\SwerveMotorFirmware.a(QuadDec_Cnt16.o)
 .debug_aranges
                0x00001030       0x80 .\CortexM0\ARM_GCC_541\Debug\SwerveMotorFirmware.a(StripLights_cisr.o)
 .debug_aranges
                0x000010b0       0x80 .\CortexM0\ARM_GCC_541\Debug\SwerveMotorFirmware.a(StripLights_fisr.o)
 .debug_aranges
                0x00001130      0x270 .\CortexM0\ARM_GCC_541\Debug\SwerveMotorFirmware.a(CyLib.o)
 .debug_aranges
                0x000013a0       0x28 .\CortexM0\ARM_GCC_541\Debug\SwerveMotorFirmware.a(cyutils.o)
 .debug_aranges
                0x000013c8      0x188 .\CortexM0\ARM_GCC_541\Debug\SwerveMotorFirmware.a(CyLFClk.o)
 .debug_aranges
                0x00001550       0x20 .\CortexM0\ARM_GCC_541\Debug\SwerveMotorFirmware.a(CyBootAsmGnu.o)
 .debug_aranges
                0x00001570       0x20 .\CortexM0\ARM_GCC_541\Debug\SwerveMotorFirmware.a(UART_SPI_UART_INT.o)
 .debug_aranges
                0x00001590       0x40 .\CortexM0\ARM_GCC_541\Debug\SwerveMotorFirmware.a(CyFlash.o)

.debug_pubnames
 *(.debug_pubnames)

.debug_info     0x00000000     0xd4c5
 *(.debug_info .gnu.linkonce.wi.*)
 .debug_info    0x00000000      0x72b .\CortexM0\ARM_GCC_541\Debug\main.o
 .debug_info    0x0000072b      0x501 .\CortexM0\ARM_GCC_541\Debug\DebugMessages.o
 .debug_info    0x00000c2c      0x372 .\CortexM0\ARM_GCC_541\Debug\LED_Array.o
 .debug_info    0x00000f9e      0x22c .\CortexM0\ARM_GCC_541\Debug\MotorDrive.o
 .debug_info    0x000011ca      0x695 .\CortexM0\ARM_GCC_541\Debug\PortPSOC_swerve.o
 .debug_info    0x0000185f      0xa46 .\CortexM0\ARM_GCC_541\Debug\CANCommon.o
 .debug_info    0x000022a5      0x60d .\CortexM0\ARM_GCC_541\Debug\CANGPIO.o
 .debug_info    0x000028b2       0x6b .\CortexM0\ARM_GCC_541\Debug\CANLocalization.o
 .debug_info    0x0000291d      0xe62 .\CortexM0\ARM_GCC_541\Debug\CANMotorUnit.o
 .debug_info    0x0000377f      0x641 .\CortexM0\ARM_GCC_541\Debug\CANPacket.o
 .debug_info    0x00003dc0      0x2ff .\CortexM0\ARM_GCC_541\Debug\CANPower.o
 .debug_info    0x000040bf      0x353 .\CortexM0\ARM_GCC_541\Debug\CANScience.o
 .debug_info    0x00004412      0x417 .\CortexM0\ARM_GCC_541\Debug\cyfitter_cfg.o
 .debug_info    0x00004829       0xf8 .\CortexM0\ARM_GCC_541\Debug\cymetadata.o
 .debug_info    0x00004921      0x3a2 .\CortexM0\ARM_GCC_541\Debug\Cm0Start.o
 .debug_info    0x00004cc3      0x909 .\CortexM0\ARM_GCC_541\Debug\SwerveMotorFirmware.a(PWM_Motor1.o)
 .debug_info    0x000055cc      0x305 .\CortexM0\ARM_GCC_541\Debug\SwerveMotorFirmware.a(isr_Limit_1.o)
 .debug_info    0x000058d1      0x2d4 .\CortexM0\ARM_GCC_541\Debug\SwerveMotorFirmware.a(QuadDec.o)
 .debug_info    0x00005ba5      0x9c6 .\CortexM0\ARM_GCC_541\Debug\SwerveMotorFirmware.a(CAN.o)
 .debug_info    0x0000656b       0xa0 .\CortexM0\ARM_GCC_541\Debug\SwerveMotorFirmware.a(CAN_INT.o)
 .debug_info    0x0000660b      0x37e .\CortexM0\ARM_GCC_541\Debug\SwerveMotorFirmware.a(CAN_TX_RX_func.o)
 .debug_info    0x00006989      0x2e9 .\CortexM0\ARM_GCC_541\Debug\SwerveMotorFirmware.a(UART.o)
 .debug_info    0x00006c72      0x2df .\CortexM0\ARM_GCC_541\Debug\SwerveMotorFirmware.a(UART_SPI_UART.o)
 .debug_info    0x00006f51      0x487 .\CortexM0\ARM_GCC_541\Debug\SwerveMotorFirmware.a(UART_UART.o)
 .debug_info    0x000073d8      0x17f .\CortexM0\ARM_GCC_541\Debug\SwerveMotorFirmware.a(Can_addr.o)
 .debug_info    0x00007557      0x386 .\CortexM0\ARM_GCC_541\Debug\SwerveMotorFirmware.a(Timer_1.o)
 .debug_info    0x000078dd      0x305 .\CortexM0\ARM_GCC_541\Debug\SwerveMotorFirmware.a(isr_period.o)
 .debug_info    0x00007be2      0x19d .\CortexM0\ARM_GCC_541\Debug\SwerveMotorFirmware.a(LED_Debug1.o)
 .debug_info    0x00007d7f      0x19d .\CortexM0\ARM_GCC_541\Debug\SwerveMotorFirmware.a(LED_Debug2.o)
 .debug_info    0x00007f1c      0x19b .\CortexM0\ARM_GCC_541\Debug\SwerveMotorFirmware.a(LED_CAN.o)
 .debug_info    0x000080b7      0x19d .\CortexM0\ARM_GCC_541\Debug\SwerveMotorFirmware.a(LED_Error.o)
 .debug_info    0x00008254      0xa83 .\CortexM0\ARM_GCC_541\Debug\SwerveMotorFirmware.a(StripLights.o)
 .debug_info    0x00008cd7      0x394 .\CortexM0\ARM_GCC_541\Debug\SwerveMotorFirmware.a(StripLights_fonts.o)
 .debug_info    0x0000906b      0x908 .\CortexM0\ARM_GCC_541\Debug\SwerveMotorFirmware.a(PWM_Motor2.o)
 .debug_info    0x00009973      0x19d .\CortexM0\ARM_GCC_541\Debug\SwerveMotorFirmware.a(Motor1Direction.o)
 .debug_info    0x00009b10      0x19d .\CortexM0\ARM_GCC_541\Debug\SwerveMotorFirmware.a(Motor2Direction.o)
 .debug_info    0x00009cad      0x345 .\CortexM0\ARM_GCC_541\Debug\SwerveMotorFirmware.a(QuadDec_Cnt16.o)
 .debug_info    0x00009ff2      0x305 .\CortexM0\ARM_GCC_541\Debug\SwerveMotorFirmware.a(StripLights_cisr.o)
 .debug_info    0x0000a2f7      0x305 .\CortexM0\ARM_GCC_541\Debug\SwerveMotorFirmware.a(StripLights_fisr.o)
 .debug_info    0x0000a5fc     0x17e4 .\CortexM0\ARM_GCC_541\Debug\SwerveMotorFirmware.a(CyLib.o)
 .debug_info    0x0000bde0      0x14b .\CortexM0\ARM_GCC_541\Debug\SwerveMotorFirmware.a(cyutils.o)
 .debug_info    0x0000bf2b     0x1058 .\CortexM0\ARM_GCC_541\Debug\SwerveMotorFirmware.a(CyLFClk.o)
 .debug_info    0x0000cf83       0xaf .\CortexM0\ARM_GCC_541\Debug\SwerveMotorFirmware.a(CyBootAsmGnu.o)
 .debug_info    0x0000d032      0x141 .\CortexM0\ARM_GCC_541\Debug\SwerveMotorFirmware.a(UART_SPI_UART_INT.o)
 .debug_info    0x0000d173      0x352 .\CortexM0\ARM_GCC_541\Debug\SwerveMotorFirmware.a(CyFlash.o)

.debug_abbrev   0x00000000     0x35e0
 *(.debug_abbrev)
 .debug_abbrev  0x00000000      0x1bb .\CortexM0\ARM_GCC_541\Debug\main.o
 .debug_abbrev  0x000001bb      0x13a .\CortexM0\ARM_GCC_541\Debug\DebugMessages.o
 .debug_abbrev  0x000002f5      0x15d .\CortexM0\ARM_GCC_541\Debug\LED_Array.o
 .debug_abbrev  0x00000452       0xc4 .\CortexM0\ARM_GCC_541\Debug\MotorDrive.o
 .debug_abbrev  0x00000516      0x1ad .\CortexM0\ARM_GCC_541\Debug\PortPSOC_swerve.o
 .debug_abbrev  0x000006c3      0x149 .\CortexM0\ARM_GCC_541\Debug\CANCommon.o
 .debug_abbrev  0x0000080c      0x106 .\CortexM0\ARM_GCC_541\Debug\CANGPIO.o
 .debug_abbrev  0x00000912       0x26 .\CortexM0\ARM_GCC_541\Debug\CANLocalization.o
 .debug_abbrev  0x00000938      0x18e .\CortexM0\ARM_GCC_541\Debug\CANMotorUnit.o
 .debug_abbrev  0x00000ac6      0x16f .\CortexM0\ARM_GCC_541\Debug\CANPacket.o
 .debug_abbrev  0x00000c35      0x124 .\CortexM0\ARM_GCC_541\Debug\CANPower.o
 .debug_abbrev  0x00000d59       0xfe .\CortexM0\ARM_GCC_541\Debug\CANScience.o
 .debug_abbrev  0x00000e57      0x1d8 .\CortexM0\ARM_GCC_541\Debug\cyfitter_cfg.o
 .debug_abbrev  0x0000102f       0x5d .\CortexM0\ARM_GCC_541\Debug\cymetadata.o
 .debug_abbrev  0x0000108c      0x1d7 .\CortexM0\ARM_GCC_541\Debug\Cm0Start.o
 .debug_abbrev  0x00001263      0x119 .\CortexM0\ARM_GCC_541\Debug\SwerveMotorFirmware.a(PWM_Motor1.o)
 .debug_abbrev  0x0000137c      0x19a .\CortexM0\ARM_GCC_541\Debug\SwerveMotorFirmware.a(isr_Limit_1.o)
 .debug_abbrev  0x00001516      0x151 .\CortexM0\ARM_GCC_541\Debug\SwerveMotorFirmware.a(QuadDec.o)
 .debug_abbrev  0x00001667      0x186 .\CortexM0\ARM_GCC_541\Debug\SwerveMotorFirmware.a(CAN.o)
 .debug_abbrev  0x000017ed       0x42 .\CortexM0\ARM_GCC_541\Debug\SwerveMotorFirmware.a(CAN_INT.o)
 .debug_abbrev  0x0000182f      0x159 .\CortexM0\ARM_GCC_541\Debug\SwerveMotorFirmware.a(CAN_TX_RX_func.o)
 .debug_abbrev  0x00001988      0x118 .\CortexM0\ARM_GCC_541\Debug\SwerveMotorFirmware.a(UART.o)
 .debug_abbrev  0x00001aa0      0x180 .\CortexM0\ARM_GCC_541\Debug\SwerveMotorFirmware.a(UART_SPI_UART.o)
 .debug_abbrev  0x00001c20      0x145 .\CortexM0\ARM_GCC_541\Debug\SwerveMotorFirmware.a(UART_UART.o)
 .debug_abbrev  0x00001d65       0xac .\CortexM0\ARM_GCC_541\Debug\SwerveMotorFirmware.a(Can_addr.o)
 .debug_abbrev  0x00001e11      0x167 .\CortexM0\ARM_GCC_541\Debug\SwerveMotorFirmware.a(Timer_1.o)
 .debug_abbrev  0x00001f78      0x19a .\CortexM0\ARM_GCC_541\Debug\SwerveMotorFirmware.a(isr_period.o)
 .debug_abbrev  0x00002112       0xc8 .\CortexM0\ARM_GCC_541\Debug\SwerveMotorFirmware.a(LED_Debug1.o)
 .debug_abbrev  0x000021da       0xc8 .\CortexM0\ARM_GCC_541\Debug\SwerveMotorFirmware.a(LED_Debug2.o)
 .debug_abbrev  0x000022a2       0xc8 .\CortexM0\ARM_GCC_541\Debug\SwerveMotorFirmware.a(LED_CAN.o)
 .debug_abbrev  0x0000236a       0xc8 .\CortexM0\ARM_GCC_541\Debug\SwerveMotorFirmware.a(LED_Error.o)
 .debug_abbrev  0x00002432      0x1dc .\CortexM0\ARM_GCC_541\Debug\SwerveMotorFirmware.a(StripLights.o)
 .debug_abbrev  0x0000260e      0x113 .\CortexM0\ARM_GCC_541\Debug\SwerveMotorFirmware.a(StripLights_fonts.o)
 .debug_abbrev  0x00002721      0x119 .\CortexM0\ARM_GCC_541\Debug\SwerveMotorFirmware.a(PWM_Motor2.o)
 .debug_abbrev  0x0000283a       0xc8 .\CortexM0\ARM_GCC_541\Debug\SwerveMotorFirmware.a(Motor1Direction.o)
 .debug_abbrev  0x00002902       0xc8 .\CortexM0\ARM_GCC_541\Debug\SwerveMotorFirmware.a(Motor2Direction.o)
 .debug_abbrev  0x000029ca      0x117 .\CortexM0\ARM_GCC_541\Debug\SwerveMotorFirmware.a(QuadDec_Cnt16.o)
 .debug_abbrev  0x00002ae1      0x19a .\CortexM0\ARM_GCC_541\Debug\SwerveMotorFirmware.a(StripLights_cisr.o)
 .debug_abbrev  0x00002c7b      0x19a .\CortexM0\ARM_GCC_541\Debug\SwerveMotorFirmware.a(StripLights_fisr.o)
 .debug_abbrev  0x00002e15      0x293 .\CortexM0\ARM_GCC_541\Debug\SwerveMotorFirmware.a(CyLib.o)
 .debug_abbrev  0x000030a8       0xc0 .\CortexM0\ARM_GCC_541\Debug\SwerveMotorFirmware.a(cyutils.o)
 .debug_abbrev  0x00003168      0x248 .\CortexM0\ARM_GCC_541\Debug\SwerveMotorFirmware.a(CyLFClk.o)
 .debug_abbrev  0x000033b0       0x14 .\CortexM0\ARM_GCC_541\Debug\SwerveMotorFirmware.a(CyBootAsmGnu.o)
 .debug_abbrev  0x000033c4       0x9a .\CortexM0\ARM_GCC_541\Debug\SwerveMotorFirmware.a(UART_SPI_UART_INT.o)
 .debug_abbrev  0x0000345e      0x182 .\CortexM0\ARM_GCC_541\Debug\SwerveMotorFirmware.a(CyFlash.o)

.debug_line     0x00000000     0x567b
 *(.debug_line)
 .debug_line    0x00000000      0x3a2 .\CortexM0\ARM_GCC_541\Debug\main.o
 .debug_line    0x000003a2      0x2b1 .\CortexM0\ARM_GCC_541\Debug\DebugMessages.o
 .debug_line    0x00000653        0x0 .\CortexM0\ARM_GCC_541\Debug\Initialize_CAN_addr.o
 .debug_line    0x00000653      0x1ca .\CortexM0\ARM_GCC_541\Debug\LED_Array.o
 .debug_line    0x0000081d      0x1fa .\CortexM0\ARM_GCC_541\Debug\MotorDrive.o
 .debug_line    0x00000a17        0x0 .\CortexM0\ARM_GCC_541\Debug\PositionPID.o
 .debug_line    0x00000a17      0x2fa .\CortexM0\ARM_GCC_541\Debug\PortPSOC_swerve.o
 .debug_line    0x00000d11      0x2f3 .\CortexM0\ARM_GCC_541\Debug\CANCommon.o
 .debug_line    0x00001004      0x24e .\CortexM0\ARM_GCC_541\Debug\CANGPIO.o
 .debug_line    0x00001252       0x1d .\CortexM0\ARM_GCC_541\Debug\CANLocalization.o
 .debug_line    0x0000126f      0x3a1 .\CortexM0\ARM_GCC_541\Debug\CANMotorUnit.o
 .debug_line    0x00001610      0x2dc .\CortexM0\ARM_GCC_541\Debug\CANPacket.o
 .debug_line    0x000018ec      0x19d .\CortexM0\ARM_GCC_541\Debug\CANPower.o
 .debug_line    0x00001a89      0x1c5 .\CortexM0\ARM_GCC_541\Debug\CANScience.o
 .debug_line    0x00001c4e      0x1b7 .\CortexM0\ARM_GCC_541\Debug\cyfitter_cfg.o
 .debug_line    0x00001e05      0x141 .\CortexM0\ARM_GCC_541\Debug\cymetadata.o
 .debug_line    0x00001f46      0x236 .\CortexM0\ARM_GCC_541\Debug\Cm0Start.o
 .debug_line    0x0000217c      0x383 .\CortexM0\ARM_GCC_541\Debug\SwerveMotorFirmware.a(PWM_Motor1.o)
 .debug_line    0x000024ff      0x157 .\CortexM0\ARM_GCC_541\Debug\SwerveMotorFirmware.a(isr_Limit_1.o)
 .debug_line    0x00002656      0x123 .\CortexM0\ARM_GCC_541\Debug\SwerveMotorFirmware.a(QuadDec.o)
 .debug_line    0x00002779      0x3e7 .\CortexM0\ARM_GCC_541\Debug\SwerveMotorFirmware.a(CAN.o)
 .debug_line    0x00002b60       0x53 .\CortexM0\ARM_GCC_541\Debug\SwerveMotorFirmware.a(CAN_INT.o)
 .debug_line    0x00002bb3       0xfc .\CortexM0\ARM_GCC_541\Debug\SwerveMotorFirmware.a(CAN_TX_RX_func.o)
 .debug_line    0x00002caf      0x13c .\CortexM0\ARM_GCC_541\Debug\SwerveMotorFirmware.a(UART.o)
 .debug_line    0x00002deb      0x137 .\CortexM0\ARM_GCC_541\Debug\SwerveMotorFirmware.a(UART_SPI_UART.o)
 .debug_line    0x00002f22      0x1f5 .\CortexM0\ARM_GCC_541\Debug\SwerveMotorFirmware.a(UART_UART.o)
 .debug_line    0x00003117       0xb7 .\CortexM0\ARM_GCC_541\Debug\SwerveMotorFirmware.a(Can_addr.o)
 .debug_line    0x000031ce      0x17b .\CortexM0\ARM_GCC_541\Debug\SwerveMotorFirmware.a(Timer_1.o)
 .debug_line    0x00003349      0x156 .\CortexM0\ARM_GCC_541\Debug\SwerveMotorFirmware.a(isr_period.o)
 .debug_line    0x0000349f       0xc2 .\CortexM0\ARM_GCC_541\Debug\SwerveMotorFirmware.a(LED_Debug1.o)
 .debug_line    0x00003561       0xc2 .\CortexM0\ARM_GCC_541\Debug\SwerveMotorFirmware.a(LED_Debug2.o)
 .debug_line    0x00003623       0xbe .\CortexM0\ARM_GCC_541\Debug\SwerveMotorFirmware.a(LED_CAN.o)
 .debug_line    0x000036e1       0xc1 .\CortexM0\ARM_GCC_541\Debug\SwerveMotorFirmware.a(LED_Error.o)
 .debug_line    0x000037a2      0x2d8 .\CortexM0\ARM_GCC_541\Debug\SwerveMotorFirmware.a(StripLights.o)
 .debug_line    0x00003a7a       0xf5 .\CortexM0\ARM_GCC_541\Debug\SwerveMotorFirmware.a(StripLights_fonts.o)
 .debug_line    0x00003b6f      0x383 .\CortexM0\ARM_GCC_541\Debug\SwerveMotorFirmware.a(PWM_Motor2.o)
 .debug_line    0x00003ef2       0xc7 .\CortexM0\ARM_GCC_541\Debug\SwerveMotorFirmware.a(Motor1Direction.o)
 .debug_line    0x00003fb9       0xc7 .\CortexM0\ARM_GCC_541\Debug\SwerveMotorFirmware.a(Motor2Direction.o)
 .debug_line    0x00004080      0x196 .\CortexM0\ARM_GCC_541\Debug\SwerveMotorFirmware.a(QuadDec_Cnt16.o)
 .debug_line    0x00004216      0x158 .\CortexM0\ARM_GCC_541\Debug\SwerveMotorFirmware.a(StripLights_cisr.o)
 .debug_line    0x0000436e      0x15c .\CortexM0\ARM_GCC_541\Debug\SwerveMotorFirmware.a(StripLights_fisr.o)
 .debug_line    0x000044ca      0x8ef .\CortexM0\ARM_GCC_541\Debug\SwerveMotorFirmware.a(CyLib.o)
 .debug_line    0x00004db9       0x74 .\CortexM0\ARM_GCC_541\Debug\SwerveMotorFirmware.a(cyutils.o)
 .debug_line    0x00004e2d      0x5d1 .\CortexM0\ARM_GCC_541\Debug\SwerveMotorFirmware.a(CyLFClk.o)
 .debug_line    0x000053fe       0x68 .\CortexM0\ARM_GCC_541\Debug\SwerveMotorFirmware.a(CyBootAsmGnu.o)
 .debug_line    0x00005466       0xa2 .\CortexM0\ARM_GCC_541\Debug\SwerveMotorFirmware.a(UART_SPI_UART_INT.o)
 .debug_line    0x00005508      0x173 .\CortexM0\ARM_GCC_541\Debug\SwerveMotorFirmware.a(CyFlash.o)

.debug_frame    0x00000000     0x3c50
 *(.debug_frame)
 .debug_frame   0x00000000       0xac .\CortexM0\ARM_GCC_541\Debug\main.o
 .debug_frame   0x000000ac       0xe0 .\CortexM0\ARM_GCC_541\Debug\DebugMessages.o
 .debug_frame   0x0000018c       0x90 .\CortexM0\ARM_GCC_541\Debug\LED_Array.o
 .debug_frame   0x0000021c       0x48 .\CortexM0\ARM_GCC_541\Debug\MotorDrive.o
 .debug_frame   0x00000264      0x104 .\CortexM0\ARM_GCC_541\Debug\PortPSOC_swerve.o
 .debug_frame   0x00000368      0x27c .\CortexM0\ARM_GCC_541\Debug\CANCommon.o
 .debug_frame   0x000005e4      0x178 .\CortexM0\ARM_GCC_541\Debug\CANGPIO.o
 .debug_frame   0x0000075c      0x360 .\CortexM0\ARM_GCC_541\Debug\CANMotorUnit.o
 .debug_frame   0x00000abc      0x1a4 .\CortexM0\ARM_GCC_541\Debug\CANPacket.o
 .debug_frame   0x00000c60       0x8c .\CortexM0\ARM_GCC_541\Debug\CANPower.o
 .debug_frame   0x00000cec       0xb0 .\CortexM0\ARM_GCC_541\Debug\CANScience.o
 .debug_frame   0x00000d9c       0xb4 .\CortexM0\ARM_GCC_541\Debug\cyfitter_cfg.o
 .debug_frame   0x00000e50       0xbc .\CortexM0\ARM_GCC_541\Debug\Cm0Start.o
 .debug_frame   0x00000f0c      0x3a0 .\CortexM0\ARM_GCC_541\Debug\SwerveMotorFirmware.a(PWM_Motor1.o)
 .debug_frame   0x000012ac      0x110 .\CortexM0\ARM_GCC_541\Debug\SwerveMotorFirmware.a(isr_Limit_1.o)
 .debug_frame   0x000013bc       0xdc .\CortexM0\ARM_GCC_541\Debug\SwerveMotorFirmware.a(QuadDec.o)
 .debug_frame   0x00001498      0x238 .\CortexM0\ARM_GCC_541\Debug\SwerveMotorFirmware.a(CAN.o)
 .debug_frame   0x000016d0       0x20 .\CortexM0\ARM_GCC_541\Debug\SwerveMotorFirmware.a(CAN_INT.o)
 .debug_frame   0x000016f0       0x60 .\CortexM0\ARM_GCC_541\Debug\SwerveMotorFirmware.a(CAN_TX_RX_func.o)
 .debug_frame   0x00001750      0x104 .\CortexM0\ARM_GCC_541\Debug\SwerveMotorFirmware.a(UART.o)
 .debug_frame   0x00001854       0xbc .\CortexM0\ARM_GCC_541\Debug\SwerveMotorFirmware.a(UART_SPI_UART.o)
 .debug_frame   0x00001910      0x154 .\CortexM0\ARM_GCC_541\Debug\SwerveMotorFirmware.a(UART_UART.o)
 .debug_frame   0x00001a64       0x78 .\CortexM0\ARM_GCC_541\Debug\SwerveMotorFirmware.a(Can_addr.o)
 .debug_frame   0x00001adc      0x160 .\CortexM0\ARM_GCC_541\Debug\SwerveMotorFirmware.a(Timer_1.o)
 .debug_frame   0x00001c3c      0x110 .\CortexM0\ARM_GCC_541\Debug\SwerveMotorFirmware.a(isr_period.o)
 .debug_frame   0x00001d4c       0x70 .\CortexM0\ARM_GCC_541\Debug\SwerveMotorFirmware.a(LED_Debug1.o)
 .debug_frame   0x00001dbc       0x70 .\CortexM0\ARM_GCC_541\Debug\SwerveMotorFirmware.a(LED_Debug2.o)
 .debug_frame   0x00001e2c       0x70 .\CortexM0\ARM_GCC_541\Debug\SwerveMotorFirmware.a(LED_CAN.o)
 .debug_frame   0x00001e9c       0x70 .\CortexM0\ARM_GCC_541\Debug\SwerveMotorFirmware.a(LED_Error.o)
 .debug_frame   0x00001f0c      0x1d0 .\CortexM0\ARM_GCC_541\Debug\SwerveMotorFirmware.a(StripLights.o)
 .debug_frame   0x000020dc       0x84 .\CortexM0\ARM_GCC_541\Debug\SwerveMotorFirmware.a(StripLights_fonts.o)
 .debug_frame   0x00002160      0x3a0 .\CortexM0\ARM_GCC_541\Debug\SwerveMotorFirmware.a(PWM_Motor2.o)
 .debug_frame   0x00002500       0x70 .\CortexM0\ARM_GCC_541\Debug\SwerveMotorFirmware.a(Motor1Direction.o)
 .debug_frame   0x00002570       0x70 .\CortexM0\ARM_GCC_541\Debug\SwerveMotorFirmware.a(Motor2Direction.o)
 .debug_frame   0x000025e0      0x134 .\CortexM0\ARM_GCC_541\Debug\SwerveMotorFirmware.a(QuadDec_Cnt16.o)
 .debug_frame   0x00002714      0x110 .\CortexM0\ARM_GCC_541\Debug\SwerveMotorFirmware.a(StripLights_cisr.o)
 .debug_frame   0x00002824      0x110 .\CortexM0\ARM_GCC_541\Debug\SwerveMotorFirmware.a(StripLights_fisr.o)
 .debug_frame   0x00002934      0x718 .\CortexM0\ARM_GCC_541\Debug\SwerveMotorFirmware.a(CyLib.o)
 .debug_frame   0x0000304c       0x30 .\CortexM0\ARM_GCC_541\Debug\SwerveMotorFirmware.a(cyutils.o)
 .debug_frame   0x0000307c      0x4a4 .\CortexM0\ARM_GCC_541\Debug\SwerveMotorFirmware.a(CyLFClk.o)
 .debug_frame   0x00003520       0x2c .\CortexM0\ARM_GCC_541\Debug\SwerveMotorFirmware.a(UART_SPI_UART_INT.o)
 .debug_frame   0x0000354c       0x90 .\CortexM0\ARM_GCC_541\Debug\SwerveMotorFirmware.a(CyFlash.o)
 .debug_frame   0x000035dc       0x20 c:/program files (x86)/cypress/psoc creator/4.4/psoc creator/import/gnu/arm/5.4.1/bin/../lib/gcc/arm-none-eabi/5.4.1/armv6-m\libgcc.a(_udivsi3.o)
 .debug_frame   0x000035fc       0x20 c:/program files (x86)/cypress/psoc creator/4.4/psoc creator/import/gnu/arm/5.4.1/bin/../lib/gcc/arm-none-eabi/5.4.1/armv6-m\libgcc.a(_divsi3.o)
 .debug_frame   0x0000361c       0x2c c:/program files (x86)/cypress/psoc creator/4.4/psoc creator/import/gnu/arm/5.4.1/bin/../lib/gcc/arm-none-eabi/5.4.1/armv6-m\libgcc.a(_fixunsdfsi.o)
 .debug_frame   0x00003648       0x3c c:/program files (x86)/cypress/psoc creator/4.4/psoc creator/import/gnu/arm/5.4.1/bin/../lib/gcc/arm-none-eabi/5.4.1/armv6-m\libgcc.a(adddf3.o)
 .debug_frame   0x00003684       0x3c c:/program files (x86)/cypress/psoc creator/4.4/psoc creator/import/gnu/arm/5.4.1/bin/../lib/gcc/arm-none-eabi/5.4.1/armv6-m\libgcc.a(divdf3.o)
 .debug_frame   0x000036c0       0x3c c:/program files (x86)/cypress/psoc creator/4.4/psoc creator/import/gnu/arm/5.4.1/bin/../lib/gcc/arm-none-eabi/5.4.1/armv6-m\libgcc.a(muldf3.o)
 .debug_frame   0x000036fc       0x38 c:/program files (x86)/cypress/psoc creator/4.4/psoc creator/import/gnu/arm/5.4.1/bin/../lib/gcc/arm-none-eabi/5.4.1/armv6-m\libgcc.a(subdf3.o)
 .debug_frame   0x00003734       0x2c c:/program files (x86)/cypress/psoc creator/4.4/psoc creator/import/gnu/arm/5.4.1/bin/../lib/gcc/arm-none-eabi/5.4.1/armv6-m\libgcc.a(fixdfsi.o)
 .debug_frame   0x00003760       0x2c c:/program files (x86)/cypress/psoc creator/4.4/psoc creator/import/gnu/arm/5.4.1/bin/../lib/gcc/arm-none-eabi/5.4.1/armv6-m\libgcc.a(floatsidf.o)
 .debug_frame   0x0000378c       0x2c c:/program files (x86)/cypress/psoc creator/4.4/psoc creator/import/gnu/arm/5.4.1/bin/../lib/gcc/arm-none-eabi/5.4.1/armv6-m\libgcc.a(floatunsidf.o)
 .debug_frame   0x000037b8       0x38 c:/program files (x86)/cypress/psoc creator/4.4/psoc creator/import/gnu/arm/5.4.1/bin/../lib/gcc/arm-none-eabi/5.4.1/armv6-m\libgcc.a(eqdf2.o)
 .debug_frame   0x000037f0       0x38 c:/program files (x86)/cypress/psoc creator/4.4/psoc creator/import/gnu/arm/5.4.1/bin/../lib/gcc/arm-none-eabi/5.4.1/armv6-m\libgcc.a(gedf2.o)
 .debug_frame   0x00003828       0x38 c:/program files (x86)/cypress/psoc creator/4.4/psoc creator/import/gnu/arm/5.4.1/bin/../lib/gcc/arm-none-eabi/5.4.1/armv6-m\libgcc.a(ledf2.o)
 .debug_frame   0x00003860       0x40 c:/program files (x86)/cypress/psoc creator/4.4/psoc creator/import/gnu/arm/5.4.1/bin/../lib/gcc/arm-none-eabi/5.4.1/../../../../arm-none-eabi/lib/armv6-m\libg_nano.a(lib_a-atoi.o)
 .debug_frame   0x000038a0       0x20 c:/program files (x86)/cypress/psoc creator/4.4/psoc creator/import/gnu/arm/5.4.1/bin/../lib/gcc/arm-none-eabi/5.4.1/../../../../arm-none-eabi/lib/armv6-m\libg_nano.a(lib_a-errno.o)
 .debug_frame   0x000038c0       0x28 c:/program files (x86)/cypress/psoc creator/4.4/psoc creator/import/gnu/arm/5.4.1/bin/../lib/gcc/arm-none-eabi/5.4.1/../../../../arm-none-eabi/lib/armv6-m\libg_nano.a(lib_a-exit.o)
 .debug_frame   0x000038e8       0x2c c:/program files (x86)/cypress/psoc creator/4.4/psoc creator/import/gnu/arm/5.4.1/bin/../lib/gcc/arm-none-eabi/5.4.1/../../../../arm-none-eabi/lib/armv6-m\libg_nano.a(lib_a-init.o)
 .debug_frame   0x00003914       0x28 c:/program files (x86)/cypress/psoc creator/4.4/psoc creator/import/gnu/arm/5.4.1/bin/../lib/gcc/arm-none-eabi/5.4.1/../../../../arm-none-eabi/lib/armv6-m\libg_nano.a(lib_a-memcpy-stub.o)
 .debug_frame   0x0000393c       0x20 c:/program files (x86)/cypress/psoc creator/4.4/psoc creator/import/gnu/arm/5.4.1/bin/../lib/gcc/arm-none-eabi/5.4.1/../../../../arm-none-eabi/lib/armv6-m\libg_nano.a(lib_a-memset.o)
 .debug_frame   0x0000395c       0x50 c:/program files (x86)/cypress/psoc creator/4.4/psoc creator/import/gnu/arm/5.4.1/bin/../lib/gcc/arm-none-eabi/5.4.1/../../../../arm-none-eabi/lib/armv6-m\libg_nano.a(lib_a-sprintf.o)
 .debug_frame   0x000039ac       0x48 c:/program files (x86)/cypress/psoc creator/4.4/psoc creator/import/gnu/arm/5.4.1/bin/../lib/gcc/arm-none-eabi/5.4.1/../../../../arm-none-eabi/lib/armv6-m\libg_nano.a(lib_a-strtol.o)
 .debug_frame   0x000039f4       0x74 c:/program files (x86)/cypress/psoc creator/4.4/psoc creator/import/gnu/arm/5.4.1/bin/../lib/gcc/arm-none-eabi/5.4.1/../../../../arm-none-eabi/lib/armv6-m\libg_nano.a(lib_a-nano-svfprintf.o)
 .debug_frame   0x00003a68       0x54 c:/program files (x86)/cypress/psoc creator/4.4/psoc creator/import/gnu/arm/5.4.1/bin/../lib/gcc/arm-none-eabi/5.4.1/../../../../arm-none-eabi/lib/armv6-m\libg_nano.a(lib_a-nano-vfprintf_i.o)
 .debug_frame   0x00003abc       0x20 c:/program files (x86)/cypress/psoc creator/4.4/psoc creator/import/gnu/arm/5.4.1/bin/../lib/gcc/arm-none-eabi/5.4.1/../../../../arm-none-eabi/lib/armv6-m\libg_nano.a(lib_a-memchr-stub.o)
 .debug_frame   0x00003adc       0x28 c:/program files (x86)/cypress/psoc creator/4.4/psoc creator/import/gnu/arm/5.4.1/bin/../lib/gcc/arm-none-eabi/5.4.1/../../../../arm-none-eabi/lib/armv6-m\libg_nano.a(lib_a-memmove.o)
 .debug_frame   0x00003b04       0x2c c:/program files (x86)/cypress/psoc creator/4.4/psoc creator/import/gnu/arm/5.4.1/bin/../lib/gcc/arm-none-eabi/5.4.1/../../../../arm-none-eabi/lib/armv6-m\libg_nano.a(lib_a-nano-freer.o)
 .debug_frame   0x00003b30       0x2c c:/program files (x86)/cypress/psoc creator/4.4/psoc creator/import/gnu/arm/5.4.1/bin/../lib/gcc/arm-none-eabi/5.4.1/../../../../arm-none-eabi/lib/armv6-m\libg_nano.a(lib_a-nano-mallocr.o)
 .debug_frame   0x00003b5c       0x30 c:/program files (x86)/cypress/psoc creator/4.4/psoc creator/import/gnu/arm/5.4.1/bin/../lib/gcc/arm-none-eabi/5.4.1/../../../../arm-none-eabi/lib/armv6-m\libg_nano.a(lib_a-nano-reallocr.o)
 .debug_frame   0x00003b8c       0x2c c:/program files (x86)/cypress/psoc creator/4.4/psoc creator/import/gnu/arm/5.4.1/bin/../lib/gcc/arm-none-eabi/5.4.1/../../../../arm-none-eabi/lib/armv6-m\libg_nano.a(lib_a-sbrkr.o)
 .debug_frame   0x00003bb8       0x30 c:/program files (x86)/cypress/psoc creator/4.4/psoc creator/import/gnu/arm/5.4.1/bin/../lib/gcc/arm-none-eabi/5.4.1/../../../../arm-none-eabi/lib/armv6-m\libg_nano.a(lib_a-mlock.o)
 .debug_frame   0x00003be8       0x20 c:/program files (x86)/cypress/psoc creator/4.4/psoc creator/import/gnu/arm/5.4.1/bin/../lib/gcc/arm-none-eabi/5.4.1/../../../../arm-none-eabi/lib/armv6-m\libg_nano.a(lib_a-nano-msizer.o)
 .debug_frame   0x00003c08       0x48 c:/program files (x86)/cypress/psoc creator/4.4/psoc creator/import/gnu/arm/5.4.1/bin/../lib/gcc/arm-none-eabi/5.4.1/../../../../arm-none-eabi/lib/armv6-m\libg_nano.a(lib_a-reent.o)

.debug_str      0x00000000     0x4a33
 *(.debug_str)
 .debug_str     0x00000000      0x481 .\CortexM0\ARM_GCC_541\Debug\main.o
                                0x4e9 (size before relaxing)
 .debug_str     0x00000481       0xa9 .\CortexM0\ARM_GCC_541\Debug\DebugMessages.o
                                0x2d8 (size before relaxing)
 .debug_str     0x0000052a       0x16 .\CortexM0\ARM_GCC_541\Debug\Initialize_CAN_addr.o
                                0x105 (size before relaxing)
 .debug_str     0x00000540       0xb2 .\CortexM0\ARM_GCC_541\Debug\LED_Array.o
                                0x2fb (size before relaxing)
 .debug_str     0x000005f2       0x87 .\CortexM0\ARM_GCC_541\Debug\MotorDrive.o
                                0x25a (size before relaxing)
 .debug_str     0x00000679        0xe .\CortexM0\ARM_GCC_541\Debug\PositionPID.o
                                 0xfd (size before relaxing)
 .debug_str     0x00000687      0x255 .\CortexM0\ARM_GCC_541\Debug\PortPSOC_swerve.o
                                0x4b6 (size before relaxing)
 .debug_str     0x000008dc      0x3d8 .\CortexM0\ARM_GCC_541\Debug\CANCommon.o
                                0x5c2 (size before relaxing)
 .debug_str     0x00000cb4      0x202 .\CortexM0\ARM_GCC_541\Debug\CANGPIO.o
                                0x44b (size before relaxing)
 .debug_str     0x00000eb6       0x1c .\CortexM0\ARM_GCC_541\Debug\CANLocalization.o
                                0x198 (size before relaxing)
 .debug_str     0x00000ed2      0x366 .\CortexM0\ARM_GCC_541\Debug\CANMotorUnit.o
                                0x637 (size before relaxing)
 .debug_str     0x00001238      0x16e .\CortexM0\ARM_GCC_541\Debug\CANPacket.o
                                0x44a (size before relaxing)
 .debug_str     0x000013a6       0xbc .\CortexM0\ARM_GCC_541\Debug\CANPower.o
                                0x330 (size before relaxing)
 .debug_str     0x00001462      0x123 .\CortexM0\ARM_GCC_541\Debug\CANScience.o
                                0x352 (size before relaxing)
 .debug_str     0x00001585      0x13e .\CortexM0\ARM_GCC_541\Debug\cyfitter_cfg.o
                                0x322 (size before relaxing)
 .debug_str     0x000016c3       0x59 .\CortexM0\ARM_GCC_541\Debug\cymetadata.o
                                0x1e7 (size before relaxing)
 .debug_str     0x0000171c      0x134 .\CortexM0\ARM_GCC_541\Debug\Cm0Start.o
                                0x320 (size before relaxing)
 .debug_str     0x00001850      0x4ca .\CortexM0\ARM_GCC_541\Debug\SwerveMotorFirmware.a(PWM_Motor1.o)
                                0x6a2 (size before relaxing)
 .debug_str     0x00001d1a      0x135 .\CortexM0\ARM_GCC_541\Debug\SwerveMotorFirmware.a(isr_Limit_1.o)
                                0x35d (size before relaxing)
 .debug_str     0x00001e4f      0x114 .\CortexM0\ARM_GCC_541\Debug\SwerveMotorFirmware.a(QuadDec.o)
                                0x33c (size before relaxing)
 .debug_str     0x00001f63      0x2d2 .\CortexM0\ARM_GCC_541\Debug\SwerveMotorFirmware.a(CAN.o)
                                0x555 (size before relaxing)
 .debug_str     0x00002235       0x29 .\CortexM0\ARM_GCC_541\Debug\SwerveMotorFirmware.a(CAN_INT.o)
                                0x1c3 (size before relaxing)
 .debug_str     0x0000225e       0x69 .\CortexM0\ARM_GCC_541\Debug\SwerveMotorFirmware.a(CAN_TX_RX_func.o)
                                0x2e8 (size before relaxing)
 .debug_str     0x000022c7      0x157 .\CortexM0\ARM_GCC_541\Debug\SwerveMotorFirmware.a(UART.o)
                                0x32f (size before relaxing)
 .debug_str     0x0000241e      0x174 .\CortexM0\ARM_GCC_541\Debug\SwerveMotorFirmware.a(UART_SPI_UART.o)
                                0x366 (size before relaxing)
 .debug_str     0x00002592      0x16f .\CortexM0\ARM_GCC_541\Debug\SwerveMotorFirmware.a(UART_UART.o)
                                0x460 (size before relaxing)
 .debug_str     0x00002701       0x7a .\CortexM0\ARM_GCC_541\Debug\SwerveMotorFirmware.a(Can_addr.o)
                                0x26e (size before relaxing)
 .debug_str     0x0000277b      0x185 .\CortexM0\ARM_GCC_541\Debug\SwerveMotorFirmware.a(Timer_1.o)
                                0x394 (size before relaxing)
 .debug_str     0x00002900      0x119 .\CortexM0\ARM_GCC_541\Debug\SwerveMotorFirmware.a(isr_period.o)
                                0x34f (size before relaxing)
 .debug_str     0x00002a19       0xb4 .\CortexM0\ARM_GCC_541\Debug\SwerveMotorFirmware.a(LED_Debug1.o)
                                0x278 (size before relaxing)
 .debug_str     0x00002acd       0x99 .\CortexM0\ARM_GCC_541\Debug\SwerveMotorFirmware.a(LED_Debug2.o)
                                0x278 (size before relaxing)
 .debug_str     0x00002b66       0x87 .\CortexM0\ARM_GCC_541\Debug\SwerveMotorFirmware.a(LED_CAN.o)
                                0x263 (size before relaxing)
 .debug_str     0x00002bed       0x93 .\CortexM0\ARM_GCC_541\Debug\SwerveMotorFirmware.a(LED_Error.o)
                                0x271 (size before relaxing)
 .debug_str     0x00002c80      0x24d .\CortexM0\ARM_GCC_541\Debug\SwerveMotorFirmware.a(StripLights.o)
                                0x485 (size before relaxing)
 .debug_str     0x00002ecd       0xee .\CortexM0\ARM_GCC_541\Debug\SwerveMotorFirmware.a(StripLights_fonts.o)
                                0x2f0 (size before relaxing)
 .debug_str     0x00002fbb      0x3e1 .\CortexM0\ARM_GCC_541\Debug\SwerveMotorFirmware.a(PWM_Motor2.o)
                                0x6a2 (size before relaxing)
 .debug_str     0x0000339c       0xb7 .\CortexM0\ARM_GCC_541\Debug\SwerveMotorFirmware.a(Motor1Direction.o)
                                0x29b (size before relaxing)
 .debug_str     0x00003453       0xb7 .\CortexM0\ARM_GCC_541\Debug\SwerveMotorFirmware.a(Motor2Direction.o)
                                0x29b (size before relaxing)
 .debug_str     0x0000350a      0x1b5 .\CortexM0\ARM_GCC_541\Debug\SwerveMotorFirmware.a(QuadDec_Cnt16.o)
                                0x40f (size before relaxing)
 .debug_str     0x000036bf      0x167 .\CortexM0\ARM_GCC_541\Debug\SwerveMotorFirmware.a(StripLights_cisr.o)
                                0x3a3 (size before relaxing)
 .debug_str     0x00003826      0x167 .\CortexM0\ARM_GCC_541\Debug\SwerveMotorFirmware.a(StripLights_fisr.o)
                                0x3a3 (size before relaxing)
 .debug_str     0x0000398d      0x8b7 .\CortexM0\ARM_GCC_541\Debug\SwerveMotorFirmware.a(CyLib.o)
                                0xb67 (size before relaxing)
 .debug_str     0x00004244       0x2e .\CortexM0\ARM_GCC_541\Debug\SwerveMotorFirmware.a(cyutils.o)
                                0x1dc (size before relaxing)
 .debug_str     0x00004272      0x6d9 .\CortexM0\ARM_GCC_541\Debug\SwerveMotorFirmware.a(CyLFClk.o)
                                0x93c (size before relaxing)
 .debug_str     0x0000494b       0x3d .\CortexM0\ARM_GCC_541\Debug\SwerveMotorFirmware.a(UART_SPI_UART_INT.o)
                                0x266 (size before relaxing)
 .debug_str     0x00004988       0xab .\CortexM0\ARM_GCC_541\Debug\SwerveMotorFirmware.a(CyFlash.o)
                                0x2cf (size before relaxing)

.debug_loc      0x00000000     0x837e
 *(.debug_loc)
 .debug_loc     0x00000000       0x77 .\CortexM0\ARM_GCC_541\Debug\main.o
 .debug_loc     0x00000077      0x131 .\CortexM0\ARM_GCC_541\Debug\DebugMessages.o
 .debug_loc     0x000001a8      0x33e .\CortexM0\ARM_GCC_541\Debug\LED_Array.o
 .debug_loc     0x000004e6      0x1a4 .\CortexM0\ARM_GCC_541\Debug\MotorDrive.o
 .debug_loc     0x0000068a      0x13e .\CortexM0\ARM_GCC_541\Debug\PortPSOC_swerve.o
 .debug_loc     0x000007c8      0x926 .\CortexM0\ARM_GCC_541\Debug\CANCommon.o
 .debug_loc     0x000010ee      0x620 .\CortexM0\ARM_GCC_541\Debug\CANGPIO.o
 .debug_loc     0x0000170e      0xd32 .\CortexM0\ARM_GCC_541\Debug\CANMotorUnit.o
 .debug_loc     0x00002440      0x540 .\CortexM0\ARM_GCC_541\Debug\CANPacket.o
 .debug_loc     0x00002980      0x1bb .\CortexM0\ARM_GCC_541\Debug\CANPower.o
 .debug_loc     0x00002b3b      0x289 .\CortexM0\ARM_GCC_541\Debug\CANScience.o
 .debug_loc     0x00002dc4      0x136 .\CortexM0\ARM_GCC_541\Debug\cyfitter_cfg.o
 .debug_loc     0x00002efa      0x14f .\CortexM0\ARM_GCC_541\Debug\Cm0Start.o
 .debug_loc     0x00003049      0x547 .\CortexM0\ARM_GCC_541\Debug\SwerveMotorFirmware.a(PWM_Motor1.o)
 .debug_loc     0x00003590       0x82 .\CortexM0\ARM_GCC_541\Debug\SwerveMotorFirmware.a(isr_Limit_1.o)
 .debug_loc     0x00003612       0xa0 .\CortexM0\ARM_GCC_541\Debug\SwerveMotorFirmware.a(QuadDec.o)
 .debug_loc     0x000036b2      0xa5e .\CortexM0\ARM_GCC_541\Debug\SwerveMotorFirmware.a(CAN.o)