Archive member included to satisfy reference by file (symbol)

.\CortexM0\ARM_GCC_541\Debug\SwerveMotorFirmware.a(PWM_Motor1.o)
                              .\CortexM0\ARM_GCC_541\Debug\MotorDrive.o (PWM_Motor1_WriteCompare)
.\CortexM0\ARM_GCC_541\Debug\SwerveMotorFirmware.a(isr_Limit_1.o)
                              .\CortexM0\ARM_GCC_541\Debug\main.o (isr_Limit_1_StartEx)
.\CortexM0\ARM_GCC_541\Debug\SwerveMotorFirmware.a(QuadDec.o)
                              .\CortexM0\ARM_GCC_541\Debug\PositionPID.o (QuadDec_GetCounter)
.\CortexM0\ARM_GCC_541\Debug\SwerveMotorFirmware.a(Status_Reg_Switches.o)
                              .\CortexM0\ARM_GCC_541\Debug\main.o (Status_Reg_Switches_Read)
.\CortexM0\ARM_GCC_541\Debug\SwerveMotorFirmware.a(CAN.o)
                              .\CortexM0\ARM_GCC_541\Debug\PortPSOC_swerve.o (CAN_GlobalIntEnable)
.\CortexM0\ARM_GCC_541\Debug\SwerveMotorFirmware.a(CAN_INT.o)
                              .\CortexM0\ARM_GCC_541\Debug\SwerveMotorFirmware.a(CAN.o) (CAN_ISR)
.\CortexM0\ARM_GCC_541\Debug\SwerveMotorFirmware.a(CAN_TX_RX_func.o)
                              .\CortexM0\ARM_GCC_541\Debug\PortPSOC_swerve.o (CAN_SendMsg)
.\CortexM0\ARM_GCC_541\Debug\SwerveMotorFirmware.a(UART.o)
                              .\CortexM0\ARM_GCC_541\Debug\main.o (UART_Start)
.\CortexM0\ARM_GCC_541\Debug\SwerveMotorFirmware.a(UART_UART.o)
                              .\CortexM0\ARM_GCC_541\Debug\SwerveMotorFirmware.a(UART.o) (UART_UartInit)
.\CortexM0\ARM_GCC_541\Debug\SwerveMotorFirmware.a(Dip1.o)
                              .\CortexM0\ARM_GCC_541\Debug\main.o (Dip1_Read)
.\CortexM0\ARM_GCC_541\Debug\SwerveMotorFirmware.a(Dip2.o)
                              .\CortexM0\ARM_GCC_541\Debug\main.o (Dip2_Read)
.\CortexM0\ARM_GCC_541\Debug\SwerveMotorFirmware.a(Dip3.o)
                              .\CortexM0\ARM_GCC_541\Debug\main.o (Dip3_Read)
.\CortexM0\ARM_GCC_541\Debug\SwerveMotorFirmware.a(Dip4.o)
                              .\CortexM0\ARM_GCC_541\Debug\main.o (Dip4_Read)
.\CortexM0\ARM_GCC_541\Debug\SwerveMotorFirmware.a(Timer_1.o)
                              .\CortexM0\ARM_GCC_541\Debug\main.o (Timer_1_ReadStatusRegister)
.\CortexM0\ARM_GCC_541\Debug\SwerveMotorFirmware.a(isr_period.o)
                              .\CortexM0\ARM_GCC_541\Debug\main.o (isr_period_StartEx)
.\CortexM0\ARM_GCC_541\Debug\SwerveMotorFirmware.a(LED_Debug1.o)
                              .\CortexM0\ARM_GCC_541\Debug\main.o (LED_Debug1_Write)
.\CortexM0\ARM_GCC_541\Debug\SwerveMotorFirmware.a(LED_Debug2.o)
                              .\CortexM0\ARM_GCC_541\Debug\main.o (LED_Debug2_Write)
.\CortexM0\ARM_GCC_541\Debug\SwerveMotorFirmware.a(LED_CAN.o)
                              .\CortexM0\ARM_GCC_541\Debug\main.o (LED_CAN_Write)
.\CortexM0\ARM_GCC_541\Debug\SwerveMotorFirmware.a(LED_Error.o)
                              .\CortexM0\ARM_GCC_541\Debug\main.o (LED_Error_Write)
.\CortexM0\ARM_GCC_541\Debug\SwerveMotorFirmware.a(StripLights.o)
                              .\CortexM0\ARM_GCC_541\Debug\LED_Array.o (StripLights_Trigger)
.\CortexM0\ARM_GCC_541\Debug\SwerveMotorFirmware.a(StripLights_fonts.o)
                              .\CortexM0\ARM_GCC_541\Debug\SwerveMotorFirmware.a(StripLights.o) (StripLights_SetFont)
.\CortexM0\ARM_GCC_541\Debug\SwerveMotorFirmware.a(PWM_Motor2.o)
                              .\CortexM0\ARM_GCC_541\Debug\MotorDrive.o (PWM_Motor2_WriteCompare)
.\CortexM0\ARM_GCC_541\Debug\SwerveMotorFirmware.a(Motor1Direction.o)
                              .\CortexM0\ARM_GCC_541\Debug\MotorDrive.o (Motor1Direction_Write)
.\CortexM0\ARM_GCC_541\Debug\SwerveMotorFirmware.a(Motor2Direction.o)
                              .\CortexM0\ARM_GCC_541\Debug\MotorDrive.o (Motor2Direction_Write)
.\CortexM0\ARM_GCC_541\Debug\SwerveMotorFirmware.a(QuadDec_Cnt16.o)
                              .\CortexM0\ARM_GCC_541\Debug\SwerveMotorFirmware.a(QuadDec.o) (QuadDec_Cnt16_Stop)
.\CortexM0\ARM_GCC_541\Debug\SwerveMotorFirmware.a(StripLights_cisr.o)
                              .\CortexM0\ARM_GCC_541\Debug\SwerveMotorFirmware.a(StripLights.o) (StripLights_cisr_StartEx)
.\CortexM0\ARM_GCC_541\Debug\SwerveMotorFirmware.a(StripLights_fisr.o)
                              .\CortexM0\ARM_GCC_541\Debug\SwerveMotorFirmware.a(StripLights.o) (StripLights_fisr_StartEx)
.\CortexM0\ARM_GCC_541\Debug\SwerveMotorFirmware.a(CyLib.o)
                              .\CortexM0\ARM_GCC_541\Debug\cyfitter_cfg.o (CyIntEnable)
.\CortexM0\ARM_GCC_541\Debug\SwerveMotorFirmware.a(cyutils.o)
                              .\CortexM0\ARM_GCC_541\Debug\SwerveMotorFirmware.a(Timer_1.o) (CySetReg24)
.\CortexM0\ARM_GCC_541\Debug\SwerveMotorFirmware.a(CyLFClk.o)
                              .\CortexM0\ARM_GCC_541\Debug\SwerveMotorFirmware.a(CyLib.o) (CySysClkWcoEnabled)
.\CortexM0\ARM_GCC_541\Debug\SwerveMotorFirmware.a(CyBootAsmGnu.o)
[...]
Memory Configuration

Name             Origin             Length             Attributes
rom              0x00000000         0x00040000         xr
ram              0x20000000         0x00008000         xrw
*default*        0x00000000         0xffffffff

Linker script and memory map

LOAD c:/program files (x86)/cypress/psoc creator/4.4/psoc creator/import/gnu/arm/5.4.1/bin/../lib/gcc/arm-none-eabi/5.4.1/armv6-m/crti.o
LOAD c:/program files (x86)/cypress/psoc creator/4.4/psoc creator/import/gnu/arm/5.4.1/bin/../lib/gcc/arm-none-eabi/5.4.1/armv6-m/crtbegin.o
LOAD c:/program files (x86)/cypress/psoc creator/4.4/psoc creator/import/gnu/arm/5.4.1/bin/../lib/gcc/arm-none-eabi/5.4.1/../../../../arm-none-eabi/lib/armv6-m/crt0.o
START GROUP
LOAD .\CortexM0\ARM_GCC_541\Debug\main.o
LOAD .\CortexM0\ARM_GCC_541\Debug\LED_Array.o
LOAD .\CortexM0\ARM_GCC_541\Debug\MotorDrive.o
LOAD .\CortexM0\ARM_GCC_541\Debug\PositionPID.o
LOAD .\CortexM0\ARM_GCC_541\Debug\Motor_Unit_CAN.o
LOAD .\CortexM0\ARM_GCC_541\Debug\Motor_Unit_FSM.o
LOAD .\CortexM0\ARM_GCC_541\Debug\PortPSOC_swerve.o
LOAD .\CortexM0\ARM_GCC_541\Debug\CANCommon.o
LOAD .\CortexM0\ARM_GCC_541\Debug\CANGPIO.o
LOAD .\CortexM0\ARM_GCC_541\Debug\CANLocalization.o
LOAD .\CortexM0\ARM_GCC_541\Debug\CANMotorUnit.o
LOAD .\CortexM0\ARM_GCC_541\Debug\CANPacket.o
LOAD .\CortexM0\ARM_GCC_541\Debug\CANPower.o
LOAD .\CortexM0\ARM_GCC_541\Debug\CANScience.o
LOAD .\CortexM0\ARM_GCC_541\Debug\cyfitter_cfg.o
LOAD .\CortexM0\ARM_GCC_541\Debug\cymetadata.o
LOAD .\CortexM0\ARM_GCC_541\Debug\Cm0Start.o
LOAD .\CortexM0\ARM_GCC_541\Debug\SwerveMotorFirmware.a
END GROUP
START GROUP
LOAD c:/program files (x86)/cypress/psoc creator/4.4/psoc creator/import/gnu/arm/5.4.1/bin/../lib/gcc/arm-none-eabi/5.4.1/armv6-m\libgcc.a
LOAD c:/program files (x86)/cypress/psoc creator/4.4/psoc creator/import/gnu/arm/5.4.1/bin/../lib/gcc/arm-none-eabi/5.4.1/../../../../arm-none-eabi/lib/armv6-m\libg_nano.a
LOAD c:/program files (x86)/cypress/psoc creator/4.4/psoc creator/import/gnu/arm/5.4.1/bin/../lib/gcc/arm-none-eabi/5.4.1/../../../../arm-none-eabi/lib/armv6-m\libc_nano.a
END GROUP
START GROUP
LOAD c:/program files (x86)/cypress/psoc creator/4.4/psoc creator/import/gnu/arm/5.4.1/bin/../lib/gcc/arm-none-eabi/5.4.1/armv6-m\libgcc.a
LOAD c:/program files (x86)/cypress/psoc creator/4.4/psoc creator/import/gnu/arm/5.4.1/bin/../lib/gcc/arm-none-eabi/5.4.1/../../../../arm-none-eabi/lib/armv6-m\libc_nano.a
END GROUP
LOAD c:/program files (x86)/cypress/psoc creator/4.4/psoc creator/import/gnu/arm/5.4.1/bin/../lib/gcc/arm-none-eabi/5.4.1/armv6-m/crtend.o
LOAD c:/program files (x86)/cypress/psoc creator/4.4/psoc creator/import/gnu/arm/5.4.1/bin/../lib/gcc/arm-none-eabi/5.4.1/armv6-m/crtn.o
START GROUP
LOAD c:/program files (x86)/cypress/psoc creator/4.4/psoc creator/import/gnu/arm/5.4.1/bin/../lib/gcc/arm-none-eabi/5.4.1/armv6-m\libgcc.a
LOAD c:/program files (x86)/cypress/psoc creator/4.4/psoc creator/import/gnu/arm/5.4.1/bin/../lib/gcc/arm-none-eabi/5.4.1/../../../../arm-none-eabi/lib/armv6-m\libc.a
LOAD c:/program files (x86)/cypress/psoc creator/4.4/psoc creator/import/gnu/arm/5.4.1/bin/../lib/gcc/arm-none-eabi/5.4.1/../../../../arm-none-eabi/lib/armv6-m\libnosys.a
END GROUP
                0x00000000                CY_APPL_ORIGIN = 0x0
                0x00000100                CY_FLASH_ROW_SIZE = 0x100
                0x00000001                CY_APPL_NUM = 0x1
                0x00000001                CY_APPL_MAX = 0x1
                0x00000040                CY_METADATA_SIZE = 0x40
                0x00000000                CY_APPL_LOADABLE = 0x0
                0x00000000                CY_CHECKSUM_EXCLUDE_SIZE = ALIGN (0x0, CY_FLASH_ROW_SIZE)
                0x00000000                CY_APP_FOR_STACK_AND_COPIER = 0x0
                [!provide]                PROVIDE (__cy_heap_start, _end)
                0x00000001                PROVIDE (__cy_region_num, ((__cy_regions_end - __cy_regions) / 0x10))
                0x20008000                PROVIDE (__cy_stack, (ORIGIN (ram) + LENGTH (ram)))
                [!provide]                PROVIDE (__cy_heap_end, (__cy_stack - 0x800))

.cybootloader   0x00000000        0x0
 *(.cybootloader)
                0x00000000                appl1_start = CY_APPL_ORIGIN?CY_APPL_ORIGIN:ALIGN (CY_FLASH_ROW_SIZE)
                0x0001ff00                appl2_start = (appl1_start + ALIGN ((((LENGTH (rom) - appl1_start) - (0x2 * CY_FLASH_ROW_SIZE)) / 0x2), CY_FLASH_ROW_SIZE))
                0x00000000                appl_start = (CY_APPL_NUM == 0x1)?appl1_start:appl2_start
                0x00000001                cy_project_type_bootloader = (appl_start == 0x0)?0x1:0x0
                0x00000000                cy_project_type_app_for_stack_and_copier = (CY_APP_FOR_STACK_AND_COPIER == 0x1)?0x1:0x0

.text           0x00000000     0x3976
 CREATE_OBJECT_SYMBOLS
                0x00000000                PROVIDE (__cy_interrupt_vector, RomVectors)
 *(.romvectors)
 .romvectors    0x00000000       0x10 .\CortexM0\ARM_GCC_541\Debug\Cm0Start.o
                0x00000000                RomVectors
                0x00000001                ASSERT ((. != __cy_interrupt_vector), No interrupt vector)
                0x00000001                ASSERT (CY_APPL_ORIGIN?(SIZEOF (.cybootloader) <= CY_APPL_ORIGIN):0x1, Wrong image location)
                0x00000010                PROVIDE (__cy_reset, Reset)
 *(.text.Reset)
 .text.Reset    0x00000010        0x8 .\CortexM0\ARM_GCC_541\Debug\Cm0Start.o
                0x00000010                Reset
                0x00000001                ASSERT ((. != __cy_reset), No reset code)
 *(.psocinit)
 .psocinit      0x00000018      0x2f8 .\CortexM0\ARM_GCC_541\Debug\cyfitter_cfg.o
                0x00000154                cyfitter_cfg
                0x00000310                . = MAX (., 0x100)
 *(.text .text.* .gnu.linkonce.t.*)
 .text          0x00000310       0x60 c:/program files (x86)/cypress/psoc creator/4.4/psoc creator/import/gnu/arm/5.4.1/bin/../lib/gcc/arm-none-eabi/5.4.1/armv6-m/crtbegin.o
 .text.Period_Reset_Handler
                0x00000370       0x8c .\CortexM0\ARM_GCC_541\Debug\main.o
                0x00000370                Period_Reset_Handler
 .text.Pin_Limit_Handler
                0x000003fc       0x40 .\CortexM0\ARM_GCC_541\Debug\main.o
                0x000003fc                Pin_Limit_Handler
 .text.ReadCAN  0x0000043c       0x30 .\CortexM0\ARM_GCC_541\Debug\main.o
                0x0000043c                ReadCAN
 .text.DisplayErrorCode
                0x0000046c       0x50 .\CortexM0\ARM_GCC_541\Debug\main.o
                0x0000046c                DisplayErrorCode
 .text.getSerialAddress
                0x000004bc       0x38 .\CortexM0\ARM_GCC_541\Debug\main.o
                0x000004bc                getSerialAddress
 .text.Initialize
                0x000004f4       0x9c .\CortexM0\ARM_GCC_541\Debug\main.o
                0x000004f4                Initialize
 .text.main     0x00000590       0xa8 .\CortexM0\ARM_GCC_541\Debug\main.o
                0x00000590                main
 .text.initalize_LEDs
                0x00000638       0x28 .\CortexM0\ARM_GCC_541\Debug\LED_Array.o
                0x00000638                initalize_LEDs
 .text.get_color_packet
                0x00000660        0xc .\CortexM0\ARM_GCC_541\Debug\LED_Array.o
                0x00000660                get_color_packet
 .text.set_PWM_M1
                0x0000066c       0x58 .\CortexM0\ARM_GCC_541\Debug\MotorDrive.o
                0x0000066c                set_PWM_M1
 .text.set_PWM_M2
                0x000006c4       0x58 .\CortexM0\ARM_GCC_541\Debug\MotorDrive.o
                0x000006c4                set_PWM_M2
 .text.GetCurrentPWM_M2
                0x0000071c        0xc .\CortexM0\ARM_GCC_541\Debug\MotorDrive.o
                0x0000071c                GetCurrentPWM_M2
 .text.ClearPIDProgress
                0x00000728       0x10 .\CortexM0\ARM_GCC_541\Debug\PositionPID.o
                0x00000728                ClearPIDProgress
 .text.DisablePID
                0x00000738        0xc .\CortexM0\ARM_GCC_541\Debug\PositionPID.o
                0x00000738                DisablePID
 .text.EnablePID
                0x00000744        0xc .\CortexM0\ARM_GCC_541\Debug\PositionPID.o
                0x00000744                EnablePID
 .text.PIDIsEnabled
                0x00000750        0xc .\CortexM0\ARM_GCC_541\Debug\PositionPID.o
                0x00000750                PIDIsEnabled
 .text.SetkPosition
                0x0000075c        0xc .\CortexM0\ARM_GCC_541\Debug\PositionPID.o
                0x0000075c                SetkPosition
 .text.SetkIntegral
                0x00000768        0xc .\CortexM0\ARM_GCC_541\Debug\PositionPID.o
                0x00000768                SetkIntegral
 .text.SetkDerivative
                0x00000774        0xc .\CortexM0\ARM_GCC_541\Debug\PositionPID.o
                0x00000774                SetkDerivative
 .text.SetkPPJR
                0x00000780        0xc .\CortexM0\ARM_GCC_541\Debug\PositionPID.o
                0x00000780                SetkPPJR
 .text.SetMaxPIDPWM
                0x0000078c        0xc .\CortexM0\ARM_GCC_541\Debug\PositionPID.o
                0x0000078c                SetMaxPIDPWM
 .text.GetMaxPIDPWM
                0x00000798        0xc .\CortexM0\ARM_GCC_541\Debug\PositionPID.o
                0x00000798                GetMaxPIDPWM
 .text.GetEncoderValWithFlip
                0x000007a4       0x14 .\CortexM0\ARM_GCC_541\Debug\PositionPID.o
                0x000007a4                GetEncoderValWithFlip
 .text.InitializePID
                0x000007b8       0x24 .\CortexM0\ARM_GCC_541\Debug\PositionPID.o
                0x000007b8                InitializePID
 .text.SetEncoderDirDefault
                0x000007dc        0xc .\CortexM0\ARM_GCC_541\Debug\PositionPID.o
                0x000007dc                SetEncoderDirDefault
 .text.SetEncoderDirReverse
                0x000007e8        0xc .\CortexM0\ARM_GCC_541\Debug\PositionPID.o
                0x000007e8                SetEncoderDirReverse
 .text.CurrentPositionMiliDegree
                0x000007f4       0x24 .\CortexM0\ARM_GCC_541\Debug\PositionPID.o
                0x000007f4                CurrentPositionMiliDegree
 .text.MiliDegreesToTicks
                0x00000818       0x18 .\CortexM0\ARM_GCC_541\Debug\PositionPID.o
                0x00000818                MiliDegreesToTicks
 .text.Position_PID
                0x00000830       0x84 .\CortexM0\ARM_GCC_541\Debug\PositionPID.o
                0x00000830                Position_PID
 .text.SetPosition
                0x000008b4       0x68 .\CortexM0\ARM_GCC_541\Debug\PositionPID.o
                0x000008b4                SetPosition
 .text.SendEncoderData
                0x0000091c       0x24 .\CortexM0\ARM_GCC_541\Debug\Motor_Unit_CAN.o
                0x0000091c                SendEncoderData
 .text.NextStateFromCAN
                0x00000940      0x400 .\CortexM0\ARM_GCC_541\Debug\Motor_Unit_CAN.o
                0x00000940                NextStateFromCAN
 .text.GotoUninitState
                0x00000d40       0x14 .\CortexM0\ARM_GCC_541\Debug\Motor_Unit_FSM.o
                0x00000d40                GotoUninitState
 .text.SetStateTo
                0x00000d54        0xc .\CortexM0\ARM_GCC_541\Debug\Motor_Unit_FSM.o
                0x00000d54                SetStateTo
 .text.SetModeTo
                0x00000d60        0xc .\CortexM0\ARM_GCC_541\Debug\Motor_Unit_FSM.o
                0x00000d60                SetModeTo
 .text.GetState
                0x00000d6c        0xc .\CortexM0\ARM_GCC_541\Debug\Motor_Unit_FSM.o
                0x00000d6c                GetState
 .text.GetMode  0x00000d78        0xc .\CortexM0\ARM_GCC_541\Debug\Motor_Unit_FSM.o
                0x00000d78                GetMode
 .text.PositionConstIsSet
                0x00000d84       0x10 .\CortexM0\ARM_GCC_541\Debug\Motor_Unit_FSM.o
                0x00000d84                PositionConstIsSet
 .text.IntegralConstIsSet
                0x00000d94       0x10 .\CortexM0\ARM_GCC_541\Debug\Motor_Unit_FSM.o
                0x00000d94                IntegralConstIsSet
 .text.DerivativeConstIsSet
                0x00000da4       0x10 .\CortexM0\ARM_GCC_541\Debug\Motor_Unit_FSM.o
                0x00000da4                DerivativeConstIsSet
 .text.PPJRConstIsSet
                0x00000db4       0x10 .\CortexM0\ARM_GCC_541\Debug\Motor_Unit_FSM.o
                0x00000db4                PPJRConstIsSet
 .text.PIDconstsSet
                0x00000dc4       0x14 .\CortexM0\ARM_GCC_541\Debug\Motor_Unit_FSM.o
                0x00000dc4                PIDconstsSet
 .text.InitCAN_swerve
                0x00000dd8      0x11c .\CortexM0\ARM_GCC_541\Debug\PortPSOC_swerve.o
                0x00000dd8                InitCAN_swerve
 .text.SendCANPacket
                0x00000ef4       0x40 .\CortexM0\ARM_GCC_541\Debug\PortPSOC_swerve.o
                0x00000ef4                SendCANPacket
 .text.getLocalDeviceSerial
                0x00000f34        0xc .\CortexM0\ARM_GCC_541\Debug\PortPSOC_swerve.o
                0x00000f34                getLocalDeviceSerial
 .text.getLocalDeviceGroup
                0x00000f40        0xc .\CortexM0\ARM_GCC_541\Debug\PortPSOC_swerve.o
                0x00000f40                getLocalDeviceGroup
 .text.getChipType
                0x00000f4c        0x4 .\CortexM0\ARM_GCC_541\Debug\PortPSOC_swerve.o
                0x00000f4c                getChipType
 .text.FIFOSize
                0x00000f50       0x48 .\CortexM0\ARM_GCC_541\Debug\PortPSOC_swerve.o
                0x00000f50                FIFOSize
 .text.countAddFIFO
                0x00000f98       0x50 .\CortexM0\ARM_GCC_541\Debug\PortPSOC_swerve.o
                0x00000f98                countAddFIFO
 .text.CAN_FLAG_ISR
                0x00000fe8      0x12c .\CortexM0\ARM_GCC_541\Debug\PortPSOC_swerve.o
                0x00000fe8                CAN_FLAG_ISR
 .text.countRemoveFIFO
                0x00001114       0x28 .\CortexM0\ARM_GCC_541\Debug\PortPSOC_swerve.o
                0x00001114                countRemoveFIFO
 .text.PollAndReceiveCANPacket
                0x0000113c       0x4c .\CortexM0\ARM_GCC_541\Debug\PortPSOC_swerve.o
                0x0000113c                PollAndReceiveCANPacket
 .text.AssembleChipTypeReportPacket
                0x00001188       0x24 .\CortexM0\ARM_GCC_541\Debug\CANCommon.o
                0x00001188                AssembleChipTypeReportPacket
 .text.AssembleTelemetryReportPacket
                0x000011ac       0x2c .\CortexM0\ARM_GCC_541\Debug\CANCommon.o
                0x000011ac                AssembleTelemetryReportPacket
 .text.GetModeFromPacket
                0x000011d8        0x4 .\CortexM0\ARM_GCC_541\Debug\CANMotorUnit.o
                0x000011d8                GetModeFromPacket
 .text.GetPWMFromPacket
                0x000011dc       0x10 .\CortexM0\ARM_GCC_541\Debug\CANMotorUnit.o
                0x000011dc                GetPWMFromPacket
 .text.GetPIDTargetFromPacket
                0x000011ec       0x10 .\CortexM0\ARM_GCC_541\Debug\CANMotorUnit.o
                0x000011ec                GetPIDTargetFromPacket
 .text.GetPFromPacket
                0x000011fc       0x10 .\CortexM0\ARM_GCC_541\Debug\CANMotorUnit.o
                0x000011fc                GetPFromPacket
 .text.GetIFromPacket
                0x0000120c       0x10 .\CortexM0\ARM_GCC_541\Debug\CANMotorUnit.o
                0x0000120c                GetIFromPacket
 .text.GetDFromPacket
                0x0000121c       0x10 .\CortexM0\ARM_GCC_541\Debug\CANMotorUnit.o
                0x0000121c                GetDFromPacket
 .text.AssembleLimitSwitchAlertPacket
                0x0000122c       0x20 .\CortexM0\ARM_GCC_541\Debug\CANMotorUnit.o
                0x0000122c                AssembleLimitSwitchAlertPacket
 .text.GetEncoderPPJRFromPacket
                0x0000124c       0x10 .\CortexM0\ARM_GCC_541\Debug\CANMotorUnit.o
                0x0000124c                GetEncoderPPJRFromPacket
 .text.GetEncoderDirectionFromPacket
                0x0000125c        0x8 .\CortexM0\ARM_GCC_541\Debug\CANMotorUnit.o
                0x0000125c                GetEncoderDirectionFromPacket
 .text.GetEncoderZeroFromPacket
                0x00001264        0x8 .\CortexM0\ARM_GCC_541\Debug\CANMotorUnit.o
                0x00001264                GetEncoderZeroFromPacket
 .text.GetMaxPIDPWMFromPacket
                0x0000126c       0x10 .\CortexM0\ARM_GCC_541\Debug\CANMotorUnit.o
                0x0000126c                GetMaxPIDPWMFromPacket
 .text.ConstructCANID
                0x0000127c       0x1c .\CortexM0\ARM_GCC_541\Debug\CANPacket.o
                0x0000127c                ConstructCANID
 .text.WriteSenderSerialAndPacketID
                0x00001298       0x18 .\CortexM0\ARM_GCC_541\Debug\CANPacket.o
                0x00001298                WriteSenderSerialAndPacketID
 .text.GetDeviceSerialNumber
                0x000012b0        0x8 .\CortexM0\ARM_GCC_541\Debug\CANPacket.o
                0x000012b0                GetDeviceSerialNumber
 .text.GetSenderDeviceSerialNumber
                0x000012b8        0x4 .\CortexM0\ARM_GCC_541\Debug\CANPacket.o
                0x000012b8                GetSenderDeviceSerialNumber
 .text.GetSenderDeviceGroupCode
                0x000012bc        0x4 .\CortexM0\ARM_GCC_541\Debug\CANPacket.o
                0x000012bc                GetSenderDeviceGroupCode
 .text.PackIntIntoDataMSBFirst
                0x000012c0       0x18 .\CortexM0\ARM_GCC_541\Debug\CANPacket.o
                0x000012c0                PackIntIntoDataMSBFirst
 .text.DecodeBytesToIntMSBFirst
                0x000012d8       0x44 .\CortexM0\ARM_GCC_541\Debug\CANPacket.o
                0x000012d8                DecodeBytesToIntMSBFirst
 .text.cfg_write_bytes32
                0x0000131c       0x34 .\CortexM0\ARM_GCC_541\Debug\cyfitter_cfg.o
 .text.CYMEMZERO
                0x00001350        0xc .\CortexM0\ARM_GCC_541\Debug\cyfitter_cfg.o
 .text.SetAnalogRoutingPumps
                0x0000135c       0x20 .\CortexM0\ARM_GCC_541\Debug\cyfitter_cfg.o
                0x0000135c                SetAnalogRoutingPumps
 .text.AnalogSetDefault
                0x0000137c       0x3c .\CortexM0\ARM_GCC_541\Debug\cyfitter_cfg.o
 .text.IntDefaultHandler
                0x000013b8       0x10 .\CortexM0\ARM_GCC_541\Debug\Cm0Start.o
                0x000013b8                IntDefaultHandler
 .text._sbrk    0x000013c8       0x30 .\CortexM0\ARM_GCC_541\Debug\Cm0Start.o
                0x000013c8                _sbrk
 .text.Start_c  0x000013f8       0x48 .\CortexM0\ARM_GCC_541\Debug\Cm0Start.o
                0x000013f8                Start_c
 .text.initialize_psoc
                0x00001440       0x4c .\CortexM0\ARM_GCC_541\Debug\Cm0Start.o
                0x00001440                initialize_psoc
 .text.PWM_Motor1_WriteCounter
                0x0000148c       0x10 .\CortexM0\ARM_GCC_541\Debug\SwerveMotorFirmware.a(PWM_Motor1.o)
                0x0000148c                PWM_Motor1_WriteCounter
 .text.PWM_Motor1_WritePeriod
                0x0000149c       0x10 .\CortexM0\ARM_GCC_541\Debug\SwerveMotorFirmware.a(PWM_Motor1.o)
                0x0000149c                PWM_Motor1_WritePeriod
 .text.PWM_Motor1_WriteCompare
                0x000014ac       0x10 .\CortexM0\ARM_GCC_541\Debug\SwerveMotorFirmware.a(PWM_Motor1.o)
                0x000014ac                PWM_Motor1_WriteCompare
 .text.PWM_Motor1_TriggerCommand
                0x000014bc       0x1c .\CortexM0\ARM_GCC_541\Debug\SwerveMotorFirmware.a(PWM_Motor1.o)
                0x000014bc                PWM_Motor1_TriggerCommand
 .text.PWM_Motor1_Enable
                0x000014d8       0x24 .\CortexM0\ARM_GCC_541\Debug\SwerveMotorFirmware.a(PWM_Motor1.o)
                0x000014d8                PWM_Motor1_Enable
 .text.PWM_Motor1_SetInterruptMode
                0x000014fc        0xc .\CortexM0\ARM_GCC_541\Debug\SwerveMotorFirmware.a(PWM_Motor1.o)
                0x000014fc                PWM_Motor1_SetInterruptMode
 .text.PWM_Motor1_Init
                0x00001508       0x44 .\CortexM0\ARM_GCC_541\Debug\SwerveMotorFirmware.a(PWM_Motor1.o)
                0x00001508                PWM_Motor1_Init
 .text.PWM_Motor1_Start
                0x0000154c       0x20 .\CortexM0\ARM_GCC_541\Debug\SwerveMotorFirmware.a(PWM_Motor1.o)
                0x0000154c                PWM_Motor1_Start
 .text.isr_Limit_1_SetVector
                0x0000156c        0xc .\CortexM0\ARM_GCC_541\Debug\SwerveMotorFirmware.a(isr_Limit_1.o)
                0x0000156c                isr_Limit_1_SetVector
 .text.isr_Limit_1_SetPriority
                0x00001578       0x24 .\CortexM0\ARM_GCC_541\Debug\SwerveMotorFirmware.a(isr_Limit_1.o)
                0x00001578                isr_Limit_1_SetPriority
 .text.isr_Limit_1_Enable
                0x0000159c        0xc .\CortexM0\ARM_GCC_541\Debug\SwerveMotorFirmware.a(isr_Limit_1.o)
                0x0000159c                isr_Limit_1_Enable
 .text.isr_Limit_1_Disable
                0x000015a8        0xc .\CortexM0\ARM_GCC_541\Debug\SwerveMotorFirmware.a(isr_Limit_1.o)
                0x000015a8                isr_Limit_1_Disable
 .text.isr_Limit_1_StartEx
                0x000015b4       0x1c .\CortexM0\ARM_GCC_541\Debug\SwerveMotorFirmware.a(isr_Limit_1.o)
                0x000015b4                isr_Limit_1_StartEx
 .text.QuadDec_GetCounter
                0x000015d0       0x14 .\CortexM0\ARM_GCC_541\Debug\SwerveMotorFirmware.a(QuadDec.o)
                0x000015d0                QuadDec_GetCounter
 .text.QuadDec_SetCounter
                0x000015e4       0x24 .\CortexM0\ARM_GCC_541\Debug\SwerveMotorFirmware.a(QuadDec.o)
                0x000015e4                QuadDec_SetCounter
 .text.QuadDec_GetEvents
                0x00001608       0x10 .\CortexM0\ARM_GCC_541\Debug\SwerveMotorFirmware.a(QuadDec.o)
                0x00001608                QuadDec_GetEvents
 .text.QuadDec_SetInterruptMask
                0x00001618        0xc .\CortexM0\ARM_GCC_541\Debug\SwerveMotorFirmware.a(QuadDec.o)
                0x00001618                QuadDec_SetInterruptMask
 .text.QuadDec_Enable
                0x00001624       0x28 .\CortexM0\ARM_GCC_541\Debug\SwerveMotorFirmware.a(QuadDec.o)
                0x00001624                QuadDec_Enable
 .text.QuadDec_Start
                0x0000164c       0x28 .\CortexM0\ARM_GCC_541\Debug\SwerveMotorFirmware.a(QuadDec.o)
                0x0000164c                QuadDec_Start
 .text.Status_Reg_Switches_Read
                0x00001674        0xc .\CortexM0\ARM_GCC_541\Debug\SwerveMotorFirmware.a(Status_Reg_Switches.o)
                0x00001674                Status_Reg_Switches_Read
 .text.Status_Reg_Switches_InterruptEnable
                0x00001680       0x1c .\CortexM0\ARM_GCC_541\Debug\SwerveMotorFirmware.a(Status_Reg_Switches.o)
                0x00001680                Status_Reg_Switches_InterruptEnable
 .text.CAN_GlobalIntEnable
                0x0000169c       0x1c .\CortexM0\ARM_GCC_541\Debug\SwerveMotorFirmware.a(CAN.o)
                0x0000169c                CAN_GlobalIntEnable
 .text.CAN_Enable
                0x000016b8       0x48 .\CortexM0\ARM_GCC_541\Debug\SwerveMotorFirmware.a(CAN.o)
                0x000016b8                CAN_Enable
 .text.CAN_SetPreScaler
                0x00001700       0x38 .\CortexM0\ARM_GCC_541\Debug\SwerveMotorFirmware.a(CAN.o)
                0x00001700                CAN_SetPreScaler
 .text.CAN_SetArbiter
                0x00001738       0x40 .\CortexM0\ARM_GCC_541\Debug\SwerveMotorFirmware.a(CAN.o)
                0x00001738                CAN_SetArbiter
 .text.CAN_SetTsegSample
                0x00001778       0xa0 .\CortexM0\ARM_GCC_541\Debug\SwerveMotorFirmware.a(CAN.o)
                0x00001778                CAN_SetTsegSample
 .text.CAN_SetRestartType
                0x00001818       0x38 .\CortexM0\ARM_GCC_541\Debug\SwerveMotorFirmware.a(CAN.o)
                0x00001818                CAN_SetRestartType
 .text.CAN_SetEdgeMode
                0x00001850       0x38 .\CortexM0\ARM_GCC_541\Debug\SwerveMotorFirmware.a(CAN.o)
                0x00001850                CAN_SetEdgeMode
 .text.CAN_SetIrqMask
                0x00001888       0x1c .\CortexM0\ARM_GCC_541\Debug\SwerveMotorFirmware.a(CAN.o)
                0x00001888                CAN_SetIrqMask
 .text.CAN_RxBufConfig
                0x000018a4       0x98 .\CortexM0\ARM_GCC_541\Debug\SwerveMotorFirmware.a(CAN.o)
                0x000018a4                CAN_RxBufConfig
 .text.CAN_TxBufConfig
                0x0000193c       0x58 .\CortexM0\ARM_GCC_541\Debug\SwerveMotorFirmware.a(CAN.o)
                0x0000193c                CAN_TxBufConfig
 .text.CAN_RxTxBuffersConfig
                0x00001994       0x54 .\CortexM0\ARM_GCC_541\Debug\SwerveMotorFirmware.a(CAN.o)
                0x00001994                CAN_RxTxBuffersConfig
 .text.CAN_SetSwapDataEndianness
                0x000019e8       0x40 .\CortexM0\ARM_GCC_541\Debug\SwerveMotorFirmware.a(CAN.o)
                0x000019e8                CAN_SetSwapDataEndianness
 .text.CAN_Init
                0x00001a28       0xe8 .\CortexM0\ARM_GCC_541\Debug\SwerveMotorFirmware.a(CAN.o)
                0x00001a28                CAN_Init
 .text.CAN_Start
                0x00001b10       0x28 .\CortexM0\ARM_GCC_541\Debug\SwerveMotorFirmware.a(CAN.o)
                0x00001b10                CAN_Start
 .text.CAN_ISR  0x00001b38        0x4 .\CortexM0\ARM_GCC_541\Debug\SwerveMotorFirmware.a(CAN_INT.o)
                0x00001b38                CAN_ISR
 .text.CAN_SendMsg
                0x00001b3c      0x154 .\CortexM0\ARM_GCC_541\Debug\SwerveMotorFirmware.a(CAN_TX_RX_func.o)
                0x00001b3c                CAN_SendMsg
 .text.UART_ScbEnableIntr
                0x00001c90        0xc .\CortexM0\ARM_GCC_541\Debug\SwerveMotorFirmware.a(UART.o)
 .text.UART_ScbModePostEnable
                0x00001c9c        0x8 .\CortexM0\ARM_GCC_541\Debug\SwerveMotorFirmware.a(UART.o)
 .text.UART_Init
                0x00001ca4        0x8 .\CortexM0\ARM_GCC_541\Debug\SwerveMotorFirmware.a(UART.o)
                0x00001ca4                UART_Init
 .text.UART_Enable
                0x00001cac       0x1c .\CortexM0\ARM_GCC_541\Debug\SwerveMotorFirmware.a(UART.o)
                0x00001cac                UART_Enable
 .text.UART_Start
                0x00001cc8       0x20 .\CortexM0\ARM_GCC_541\Debug\SwerveMotorFirmware.a(UART.o)
                0x00001cc8                UART_Start
 .text.UART_UartInit
                0x00001ce8       0xdc .\CortexM0\ARM_GCC_541\Debug\SwerveMotorFirmware.a(UART_UART.o)
                0x00001ce8                UART_UartInit
 .text.UART_UartPostEnable
                0x00001dc4       0x24 .\CortexM0\ARM_GCC_541\Debug\SwerveMotorFirmware.a(UART_UART.o)
                0x00001dc4                UART_UartPostEnable
 .text.UART_UartPutString
                0x00001de8       0x18 .\CortexM0\ARM_GCC_541\Debug\SwerveMotorFirmware.a(UART_UART.o)
                0x00001de8                UART_UartPutString
 .text.Dip1_Read
                0x00001e00       0x10 .\CortexM0\ARM_GCC_541\Debug\SwerveMotorFirmware.a(Dip1.o)
                0x00001e00                Dip1_Read
 .text.Dip2_Read
                0x00001e10       0x10 .\CortexM0\ARM_GCC_541\Debug\SwerveMotorFirmware.a(Dip2.o)
                0x00001e10                Dip2_Read
 .text.Dip3_Read
                0x00001e20       0x10 .\CortexM0\ARM_GCC_541\Debug\SwerveMotorFirmware.a(Dip3.o)
                0x00001e20                Dip3_Read
 .text.Dip4_Read
                0x00001e30       0x10 .\CortexM0\ARM_GCC_541\Debug\SwerveMotorFirmware.a(Dip4.o)
                0x00001e30                Dip4_Read
 .text.Timer_1_Enable
                0x00001e40       0x14 .\CortexM0\ARM_GCC_541\Debug\SwerveMotorFirmware.a(Timer_1.o)
                0x00001e40                Timer_1_Enable
 .text.Timer_1_SetInterruptMode
                0x00001e54        0xc .\CortexM0\ARM_GCC_541\Debug\SwerveMotorFirmware.a(Timer_1.o)
                0x00001e54                Timer_1_SetInterruptMode
 .text.Timer_1_ReadStatusRegister
                0x00001e60        0xc .\CortexM0\ARM_GCC_541\Debug\SwerveMotorFirmware.a(Timer_1.o)
                0x00001e60                Timer_1_ReadStatusRegister
 .text.Timer_1_WritePeriod
                0x00001e6c       0x10 .\CortexM0\ARM_GCC_541\Debug\SwerveMotorFirmware.a(Timer_1.o)
                0x00001e6c                Timer_1_WritePeriod
 .text.Timer_1_ReadCapture
                0x00001e7c       0x10 .\CortexM0\ARM_GCC_541\Debug\SwerveMotorFirmware.a(Timer_1.o)
                0x00001e7c                Timer_1_ReadCapture
 .text.Timer_1_WriteCounter
                0x00001e8c       0x10 .\CortexM0\ARM_GCC_541\Debug\SwerveMotorFirmware.a(Timer_1.o)
                0x00001e8c                Timer_1_WriteCounter
 .text.Timer_1_ClearFIFO
                0x00001e9c       0x14 .\CortexM0\ARM_GCC_541\Debug\SwerveMotorFirmware.a(Timer_1.o)
                0x00001e9c                Timer_1_ClearFIFO
 .text.Timer_1_Init
                0x00001eb0       0x38 .\CortexM0\ARM_GCC_541\Debug\SwerveMotorFirmware.a(Timer_1.o)
                0x00001eb0                Timer_1_Init
 .text.Timer_1_Start
                0x00001ee8       0x20 .\CortexM0\ARM_GCC_541\Debug\SwerveMotorFirmware.a(Timer_1.o)
                0x00001ee8                Timer_1_Start
 .text.isr_period_SetVector
                0x00001f08        0xc .\CortexM0\ARM_GCC_541\Debug\SwerveMotorFirmware.a(isr_period.o)
                0x00001f08                isr_period_SetVector
 .text.isr_period_SetPriority
                0x00001f14       0x20 .\CortexM0\ARM_GCC_541\Debug\SwerveMotorFirmware.a(isr_period.o)
                0x00001f14                isr_period_SetPriority
 .text.isr_period_Enable
                0x00001f34        0xc .\CortexM0\ARM_GCC_541\Debug\SwerveMotorFirmware.a(isr_period.o)
                0x00001f34                isr_period_Enable
 .text.isr_period_Disable
                0x00001f40        0xc .\CortexM0\ARM_GCC_541\Debug\SwerveMotorFirmware.a(isr_period.o)
                0x00001f40                isr_period_Disable
 .text.isr_period_StartEx
                0x00001f4c       0x1c .\CortexM0\ARM_GCC_541\Debug\SwerveMotorFirmware.a(isr_period.o)
                0x00001f4c                isr_period_StartEx
 .text.LED_Debug1_Write
                0x00001f68       0x18 .\CortexM0\ARM_GCC_541\Debug\SwerveMotorFirmware.a(LED_Debug1.o)
                0x00001f68                LED_Debug1_Write
 .text.LED_Debug2_Write
                0x00001f80       0x18 .\CortexM0\ARM_GCC_541\Debug\SwerveMotorFirmware.a(LED_Debug2.o)
                0x00001f80                LED_Debug2_Write
 .text.LED_CAN_Write
                0x00001f98       0x18 .\CortexM0\ARM_GCC_541\Debug\SwerveMotorFirmware.a(LED_CAN.o)
                0x00001f98                LED_CAN_Write
 .text.LED_Error_Write
                0x00001fb0       0x18 .\CortexM0\ARM_GCC_541\Debug\SwerveMotorFirmware.a(LED_Error.o)
                0x00001fb0                LED_Error_Write
 .text.StripLights_FISR
                0x00001fc8       0x60 .\CortexM0\ARM_GCC_541\Debug\SwerveMotorFirmware.a(StripLights.o)
                0x00001fc8                StripLights_FISR
 .text.StripLights_CISR
                0x00002028       0x7c .\CortexM0\ARM_GCC_541\Debug\SwerveMotorFirmware.a(StripLights.o)
                0x00002028                StripLights_CISR
 .text.StripLights_Trigger
                0x000020a4       0x6c .\CortexM0\ARM_GCC_541\Debug\SwerveMotorFirmware.a(StripLights.o)
                0x000020a4                StripLights_Trigger
 .text.StripLights_MemClear
                0x00002110       0x28 .\CortexM0\ARM_GCC_541\Debug\SwerveMotorFirmware.a(StripLights.o)
                0x00002110                StripLights_MemClear
 .text.StripLights_DisplayClear
                0x00002138       0x10 .\CortexM0\ARM_GCC_541\Debug\SwerveMotorFirmware.a(StripLights.o)
                0x00002138                StripLights_DisplayClear
 .text.StripLights_Pixel
                0x00002148       0x24 .\CortexM0\ARM_GCC_541\Debug\SwerveMotorFirmware.a(StripLights.o)
                0x00002148                StripLights_Pixel
 .text.StripLights_Dim
                0x0000216c       0x78 .\CortexM0\ARM_GCC_541\Debug\SwerveMotorFirmware.a(StripLights.o)
                0x0000216c                StripLights_Dim
 .text.StripLights_Start
                0x000021e4       0x7c .\CortexM0\ARM_GCC_541\Debug\SwerveMotorFirmware.a(StripLights.o)
                0x000021e4                StripLights_Start
 .text.StripLights_SetFont
                0x00002260       0x4c .\CortexM0\ARM_GCC_541\Debug\SwerveMotorFirmware.a(StripLights_fonts.o)
                0x00002260                StripLights_SetFont
 .text.PWM_Motor2_WriteCounter
                0x000022ac       0x10 .\CortexM0\ARM_GCC_541\Debug\SwerveMotorFirmware.a(PWM_Motor2.o)
                0x000022ac                PWM_Motor2_WriteCounter
 .text.PWM_Motor2_WritePeriod
                0x000022bc       0x10 .\CortexM0\ARM_GCC_541\Debug\SwerveMotorFirmware.a(PWM_Motor2.o)
                0x000022bc                PWM_Motor2_WritePeriod
 .text.PWM_Motor2_WriteCompare
                0x000022cc       0x10 .\CortexM0\ARM_GCC_541\Debug\SwerveMotorFirmware.a(PWM_Motor2.o)
                0x000022cc                PWM_Motor2_WriteCompare
 .text.PWM_Motor2_TriggerCommand
                0x000022dc       0x1c .\CortexM0\ARM_GCC_541\Debug\SwerveMotorFirmware.a(PWM_Motor2.o)
                0x000022dc                PWM_Motor2_TriggerCommand
 .text.PWM_Motor2_Enable
                0x000022f8       0x24 .\CortexM0\ARM_GCC_541\Debug\SwerveMotorFirmware.a(PWM_Motor2.o)
                0x000022f8                PWM_Motor2_Enable
 .text.PWM_Motor2_SetInterruptMode
                0x0000231c        0xc .\CortexM0\ARM_GCC_541\Debug\SwerveMotorFirmware.a(PWM_Motor2.o)
                0x0000231c                PWM_Motor2_SetInterruptMode
 .text.PWM_Motor2_Init
                0x00002328       0x44 .\CortexM0\ARM_GCC_541\Debug\SwerveMotorFirmware.a(PWM_Motor2.o)
                0x00002328                PWM_Motor2_Init
 .text.PWM_Motor2_Start
                0x0000236c       0x20 .\CortexM0\ARM_GCC_541\Debug\SwerveMotorFirmware.a(PWM_Motor2.o)
                0x0000236c                PWM_Motor2_Start
 .text.Motor1Direction_Write
                0x0000238c       0x18 .\CortexM0\ARM_GCC_541\Debug\SwerveMotorFirmware.a(Motor1Direction.o)
                0x0000238c                Motor1Direction_Write
 .text.Motor2Direction_Write
                0x000023a4       0x18 .\CortexM0\ARM_GCC_541\Debug\SwerveMotorFirmware.a(Motor2Direction.o)
                0x000023a4                Motor2Direction_Write
 .text.QuadDec_Cnt16_Enable
                0x000023bc       0x14 .\CortexM0\ARM_GCC_541\Debug\SwerveMotorFirmware.a(QuadDec_Cnt16.o)
                0x000023bc                QuadDec_Cnt16_Enable
 .text.QuadDec_Cnt16_SetInterruptMode
                0x000023d0        0xc .\CortexM0\ARM_GCC_541\Debug\SwerveMotorFirmware.a(QuadDec_Cnt16.o)
                0x000023d0                QuadDec_Cnt16_SetInterruptMode
 .text.QuadDec_Cnt16_ReadStatusRegister
                0x000023dc        0xc .\CortexM0\ARM_GCC_541\Debug\SwerveMotorFirmware.a(QuadDec_Cnt16.o)
                0x000023dc                QuadDec_Cnt16_ReadStatusRegister
 .text.QuadDec_Cnt16_WriteCounter
                0x000023e8        0xc .\CortexM0\ARM_GCC_541\Debug\SwerveMotorFirmware.a(QuadDec_Cnt16.o)
                0x000023e8                QuadDec_Cnt16_WriteCounter
 .text.QuadDec_Cnt16_ReadCounter
                0x000023f4       0x14 .\CortexM0\ARM_GCC_541\Debug\SwerveMotorFirmware.a(QuadDec_Cnt16.o)
                0x000023f4                QuadDec_Cnt16_ReadCounter
 .text.QuadDec_Cnt16_ReadCapture
                0x00002408        0xc .\CortexM0\ARM_GCC_541\Debug\SwerveMotorFirmware.a(QuadDec_Cnt16.o)
                0x00002408                QuadDec_Cnt16_ReadCapture
 .text.QuadDec_Cnt16_WritePeriod
                0x00002414        0xc .\CortexM0\ARM_GCC_541\Debug\SwerveMotorFirmware.a(QuadDec_Cnt16.o)
                0x00002414                QuadDec_Cnt16_WritePeriod
 .text.QuadDec_Cnt16_WriteCompare
                0x00002420        0xc .\CortexM0\ARM_GCC_541\Debug\SwerveMotorFirmware.a(QuadDec_Cnt16.o)
                0x00002420                QuadDec_Cnt16_WriteCompare
 .text.QuadDec_Cnt16_ClearFIFO
                0x0000242c       0x14 .\CortexM0\ARM_GCC_541\Debug\SwerveMotorFirmware.a(QuadDec_Cnt16.o)
                0x0000242c                QuadDec_Cnt16_ClearFIFO
 .text.QuadDec_Cnt16_Init
                0x00002440       0x58 .\CortexM0\ARM_GCC_541\Debug\SwerveMotorFirmware.a(QuadDec_Cnt16.o)
                0x00002440                QuadDec_Cnt16_Init
 .text.QuadDec_Cnt16_Start
                0x00002498       0x20 .\CortexM0\ARM_GCC_541\Debug\SwerveMotorFirmware.a(QuadDec_Cnt16.o)
                0x00002498                QuadDec_Cnt16_Start
 .text.StripLights_cisr_SetVector
                0x000024b8        0xc .\CortexM0\ARM_GCC_541\Debug\SwerveMotorFirmware.a(StripLights_cisr.o)
                0x000024b8                StripLights_cisr_SetVector
 .text.StripLights_cisr_SetPriority
                0x000024c4       0x20 .\CortexM0\ARM_GCC_541\Debug\SwerveMotorFirmware.a(StripLights_cisr.o)
                0x000024c4                StripLights_cisr_SetPriority
 .text.StripLights_cisr_Enable
                0x000024e4        0xc .\CortexM0\ARM_GCC_541\Debug\SwerveMotorFirmware.a(StripLights_cisr.o)
                0x000024e4                StripLights_cisr_Enable
 .text.StripLights_cisr_Disable
                0x000024f0        0xc .\CortexM0\ARM_GCC_541\Debug\SwerveMotorFirmware.a(StripLights_cisr.o)
                0x000024f0                StripLights_cisr_Disable
 .text.StripLights_cisr_StartEx
                0x000024fc       0x1c .\CortexM0\ARM_GCC_541\Debug\SwerveMotorFirmware.a(StripLights_cisr.o)
                0x000024fc                StripLights_cisr_StartEx
 .text.StripLights_fisr_SetVector
                0x00002518        0xc .\CortexM0\ARM_GCC_541\Debug\SwerveMotorFirmware.a(StripLights_fisr.o)
                0x00002518                StripLights_fisr_SetVector
 .text.StripLights_fisr_SetPriority
                0x00002524       0x24 .\CortexM0\ARM_GCC_541\Debug\SwerveMotorFirmware.a(StripLights_fisr.o)
                0x00002524                StripLights_fisr_SetPriority
 .text.StripLights_fisr_Enable
                0x00002548        0xc .\CortexM0\ARM_GCC_541\Debug\SwerveMotorFirmware.a(StripLights_fisr.o)
                0x00002548                StripLights_fisr_Enable
 .text.StripLights_fisr_Disable
                0x00002554        0xc .\CortexM0\ARM_GCC_541\Debug\SwerveMotorFirmware.a(StripLights_fisr.o)
                0x00002554                StripLights_fisr_Disable
 .text.StripLights_fisr_StartEx
                0x00002560       0x1c .\CortexM0\ARM_GCC_541\Debug\SwerveMotorFirmware.a(StripLights_fisr.o)
                0x00002560                StripLights_fisr_StartEx
 .text.CySysClkImoSetPwrBgTrim5
                0x0000257c       0x30 .\CortexM0\ARM_GCC_541\Debug\SwerveMotorFirmware.a(CyLib.o)
 .text.CySysClkImoSetImoTrims
                0x000025ac       0xb0 .\CortexM0\ARM_GCC_541\Debug\SwerveMotorFirmware.a(CyLib.o)
 .text.CySysClkImoDisableWcoLock
                0x0000265c       0x54 .\CortexM0\ARM_GCC_541\Debug\SwerveMotorFirmware.a(CyLib.o)
                0x0000265c                CySysClkImoDisableWcoLock
 .text.CySysClkImoGetWcoLock
                0x000026b0       0x14 .\CortexM0\ARM_GCC_541\Debug\SwerveMotorFirmware.a(CyLib.o)
                0x000026b0                CySysClkImoGetWcoLock
 .text.CySysClkImoEnableUsbLock
                0x000026c4       0x44 .\CortexM0\ARM_GCC_541\Debug\SwerveMotorFirmware.a(CyLib.o)
                0x000026c4                CySysClkImoEnableUsbLock
 .text.CySysClkImoDisableUsbLock
                0x00002708       0x74 .\CortexM0\ARM_GCC_541\Debug\SwerveMotorFirmware.a(CyLib.o)
                0x00002708                CySysClkImoDisableUsbLock
 .text.CySysClkImoGetUsbLock
                0x0000277c       0x14 .\CortexM0\ARM_GCC_541\Debug\SwerveMotorFirmware.a(CyLib.o)
                0x0000277c                CySysClkImoGetUsbLock
 .text.CyIntEnable
                0x00002790       0x14 .\CortexM0\ARM_GCC_541\Debug\SwerveMotorFirmware.a(CyLib.o)
                0x00002790                CyIntEnable
 .text.CyIntDisable
                0x000027a4       0x14 .\CortexM0\ARM_GCC_541\Debug\SwerveMotorFirmware.a(CyLib.o)
                0x000027a4                CyIntDisable
 .text.CyHalt   0x000027b8        0x4 .\CortexM0\ARM_GCC_541\Debug\SwerveMotorFirmware.a(CyLib.o)
                0x000027b8                CyHalt
 .text.CyIntSetVector
                0x000027bc       0x24 .\CortexM0\ARM_GCC_541\Debug\SwerveMotorFirmware.a(CyLib.o)
                0x000027bc                CyIntSetVector
 .text.CyIntSetPriority
                0x000027e0       0x4c .\CortexM0\ARM_GCC_541\Debug\SwerveMotorFirmware.a(CyLib.o)
                0x000027e0                CyIntSetPriority
 .text.CyDelay  0x0000282c       0x30 .\CortexM0\ARM_GCC_541\Debug\SwerveMotorFirmware.a(CyLib.o)
                0x0000282c                CyDelay
 .text.CySysClkImoEnableWcoLock
                0x0000285c      0x104 .\CortexM0\ARM_GCC_541\Debug\SwerveMotorFirmware.a(CyLib.o)
                0x0000285c                CySysClkImoEnableWcoLock
 .text.CyDelayUs
                0x00002960       0x14 .\CortexM0\ARM_GCC_541\Debug\SwerveMotorFirmware.a(CyLib.o)
                0x00002960                CyDelayUs
 .text.CySysClkWriteImoFreq
                0x00002974      0x1bc .\CortexM0\ARM_GCC_541\Debug\SwerveMotorFirmware.a(CyLib.o)
                0x00002974                CySysClkWriteImoFreq
 .text.CySetReg24
                0x00002b30       0x14 .\CortexM0\ARM_GCC_541\Debug\SwerveMotorFirmware.a(cyutils.o)
                0x00002b30                CySetReg24
 .text.CyGetReg24
                0x00002b44       0x14 .\CortexM0\ARM_GCC_541\Debug\SwerveMotorFirmware.a(cyutils.o)
                0x00002b44                CyGetReg24
 .text.CySysWdtLocked
                0x00002b58       0x14 .\CortexM0\ARM_GCC_541\Debug\SwerveMotorFirmware.a(CyLFClk.o)
 .text.CySysClkWcoEnabled
                0x00002b6c       0x14 .\CortexM0\ARM_GCC_541\Debug\SwerveMotorFirmware.a(CyLFClk.o)
                0x00002b6c                CySysClkWcoEnabled
 .text.CySysWdtLock
                0x00002b80       0x1c .\CortexM0\ARM_GCC_541\Debug\SwerveMotorFirmware.a(CyLFClk.o)
                0x00002b80                CySysWdtLock
 .text.CySysWdtUnlock
                0x00002b9c       0x30 .\CortexM0\ARM_GCC_541\Debug\SwerveMotorFirmware.a(CyLFClk.o)
                0x00002b9c                CySysWdtUnlock
 .text.CySysWdtClearInterrupt
                0x00002bcc       0x4c .\CortexM0\ARM_GCC_541\Debug\SwerveMotorFirmware.a(CyLFClk.o)
                0x00002bcc                CySysWdtClearInterrupt
 .text.CySysWdtIsr
                0x00002c18       0xa4 .\CortexM0\ARM_GCC_541\Debug\SwerveMotorFirmware.a(CyLFClk.o)
                0x00002c18                CySysWdtIsr
 *fill*         0x00002cbc        0x4 
 .text          0x00002cc0       0x20 .\CortexM0\ARM_GCC_541\Debug\SwerveMotorFirmware.a(CyBootAsmGnu.o)
                0x00002cc0                CyDelayCycles
                0x00002cd2                CyEnterCriticalSection
                0x00002cda                CyExitCriticalSection
 .text.UART_SpiUartWriteTxData
                0x00002ce0       0x1c .\CortexM0\ARM_GCC_541\Debug\SwerveMotorFirmware.a(UART_SPI_UART.o)
                0x00002ce0                UART_SpiUartWriteTxData
 .text.UART_SPI_UART_ISR
                0x00002cfc       0x78 .\CortexM0\ARM_GCC_541\Debug\SwerveMotorFirmware.a(UART_SPI_UART_INT.o)
                0x00002cfc                UART_SPI_UART_ISR
 .text.CySysFlashSetWaitCycles
                0x00002d74       0x54 .\CortexM0\ARM_GCC_541\Debug\SwerveMotorFirmware.a(CyFlash.o)
                0x00002d74                CySysFlashSetWaitCycles
 .text          0x00002dc8      0x114 c:/program files (x86)/cypress/psoc creator/4.4/psoc creator/import/gnu/arm/5.4.1/bin/../lib/gcc/arm-none-eabi/5.4.1/armv6-m\libgcc.a(_udivsi3.o)
                0x00002dc8                __aeabi_uidiv
                0x00002dc8                __udivsi3
                0x00002ed4                __aeabi_uidivmod
 .text          0x00002edc      0x1d4 c:/program files (x86)/cypress/psoc creator/4.4/psoc creator/import/gnu/arm/5.4.1/bin/../lib/gcc/arm-none-eabi/5.4.1/armv6-m\libgcc.a(_divsi3.o)
                0x00002edc                __divsi3
                0x00002edc                __aeabi_idiv
                0x000030a8                __aeabi_idivmod
 .text          0x000030b0        0x4 c:/program files (x86)/cypress/psoc creator/4.4/psoc creator/import/gnu/arm/5.4.1/bin/../lib/gcc/arm-none-eabi/5.4.1/armv6-m\libgcc.a(_dvmd_tls.o)
                0x000030b0                __aeabi_idiv0
                0x000030b0                __aeabi_ldiv0
 .text.__errno  0x000030b4        0xc c:/program files (x86)/cypress/psoc creator/4.4/psoc creator/import/gnu/arm/5.4.1/bin/../lib/gcc/arm-none-eabi/5.4.1/../../../../arm-none-eabi/lib/armv6-m\libg_nano.a(lib_a-errno.o)
                0x000030b4                __errno
 .text.__libc_init_array
                0x000030c0       0x4c c:/program files (x86)/cypress/psoc creator/4.4/psoc creator/import/gnu/arm/5.4.1/bin/../lib/gcc/arm-none-eabi/5.4.1/../../../../arm-none-eabi/lib/armv6-m\libg_nano.a(lib_a-init.o)
                0x000030c0                __libc_init_array
 .text.memcpy   0x0000310c       0x12 c:/program files (x86)/cypress/psoc creator/4.4/psoc creator/import/gnu/arm/5.4.1/bin/../lib/gcc/arm-none-eabi/5.4.1/../../../../arm-none-eabi/lib/armv6-m\libg_nano.a(lib_a-memcpy-stub.o)
                0x0000310c                memcpy
 .text.memset   0x0000311e       0x10 c:/program files (x86)/cypress/psoc creator/4.4/psoc creator/import/gnu/arm/5.4.1/bin/../lib/gcc/arm-none-eabi/5.4.1/../../../../arm-none-eabi/lib/armv6-m\libg_nano.a(lib_a-memset.o)
                0x0000311e                memset
 *fill*         0x0000312e        0x2 
 .text.sprintf  0x00003130       0x44 c:/program files (x86)/cypress/psoc creator/4.4/psoc creator/import/gnu/arm/5.4.1/bin/../lib/gcc/arm-none-eabi/5.4.1/../../../../arm-none-eabi/lib/armv6-m\libg_nano.a(lib_a-sprintf.o)
                0x00003130                siprintf
                0x00003130                sprintf
 .text.__ssputs_r
                0x00003174       0xc4 c:/program files (x86)/cypress/psoc creator/4.4/psoc creator/import/gnu/arm/5.4.1/bin/../lib/gcc/arm-none-eabi/5.4.1/../../../../arm-none-eabi/lib/armv6-m\libg_nano.a(lib_a-nano-svfprintf.o)
                0x00003174                __ssputs_r
 .text._svfprintf_r
                0x00003238      0x1fc c:/program files (x86)/cypress/psoc creator/4.4/psoc creator/import/gnu/arm/5.4.1/bin/../lib/gcc/arm-none-eabi/5.4.1/../../../../arm-none-eabi/lib/armv6-m\libg_nano.a(lib_a-nano-svfprintf.o)
                0x00003238                _svfiprintf_r
                0x00003238                _svfprintf_r
 .text._printf_common
                0x00003434       0xdc c:/program files (x86)/cypress/psoc creator/4.4/psoc creator/import/gnu/arm/5.4.1/bin/../lib/gcc/arm-none-eabi/5.4.1/../../../../arm-none-eabi/lib/armv6-m\libg_nano.a(lib_a-nano-vfprintf_i.o)
                0x00003434                _printf_common
 .text._printf_i
                0x00003510      0x244 c:/program files (x86)/cypress/psoc creator/4.4/psoc creator/import/gnu/arm/5.4.1/bin/../lib/gcc/arm-none-eabi/5.4.1/../../../../arm-none-eabi/lib/armv6-m\libg_nano.a(lib_a-nano-vfprintf_i.o)
                0x00003510                _printf_i
 .text.memchr   0x00003754       0x16 c:/program files (x86)/cypress/psoc creator/4.4/psoc creator/import/gnu/arm/5.4.1/bin/../lib/gcc/arm-none-eabi/5.4.1/../../../../arm-none-eabi/lib/armv6-m\libg_nano.a(lib_a-memchr-stub.o)
                0x00003754                memchr
 .text.memmove  0x0000376a       0x2a c:/program files (x86)/cypress/psoc creator/4.4/psoc creator/import/gnu/arm/5.4.1/bin/../lib/gcc/arm-none-eabi/5.4.1/../../../../arm-none-eabi/lib/armv6-m\libg_nano.a(lib_a-memmove.o)
                0x0000376a                memmove
 .text._free_r  0x00003794       0x98 c:/program files (x86)/cypress/psoc creator/4.4/psoc creator/import/gnu/arm/5.4.1/bin/../lib/gcc/arm-none-eabi/5.4.1/../../../../arm-none-eabi/lib/armv6-m\libg_nano.a(lib_a-nano-freer.o)
                0x00003794                _free_r
 .text._malloc_r
                0x0000382c       0xc0 c:/program files (x86)/cypress/psoc creator/4.4/psoc creator/import/gnu/arm/5.4.1/bin/../lib/gcc/arm-none-eabi/5.4.1/../../../../arm-none-eabi/lib/armv6-m\libg_nano.a(lib_a-nano-mallocr.o)
                0x0000382c                _malloc_r
 .text._realloc_r
                0x000038ec       0x4c c:/program files (x86)/cypress/psoc creator/4.4/psoc creator/import/gnu/arm/5.4.1/bin/../lib/gcc/arm-none-eabi/5.4.1/../../../../arm-none-eabi/lib/armv6-m\libg_nano.a(lib_a-nano-reallocr.o)
                0x000038ec                _realloc_r
 .text._sbrk_r  0x00003938       0x24 c:/program files (x86)/cypress/psoc creator/4.4/psoc creator/import/gnu/arm/5.4.1/bin/../lib/gcc/arm-none-eabi/5.4.1/../../../../arm-none-eabi/lib/armv6-m\libg_nano.a(lib_a-sbrkr.o)
                0x00003938                _sbrk_r
 .text.__malloc_lock
                0x0000395c        0x2 c:/program files (x86)/cypress/psoc creator/4.4/psoc creator/import/gnu/arm/5.4.1/bin/../lib/gcc/arm-none-eabi/5.4.1/../../../../arm-none-eabi/lib/armv6-m\libg_nano.a(lib_a-mlock.o)
                0x0000395c                __malloc_lock
 .text.__malloc_unlock
                0x0000395e        0x2 c:/program files (x86)/cypress/psoc creator/4.4/psoc creator/import/gnu/arm/5.4.1/bin/../lib/gcc/arm-none-eabi/5.4.1/../../../../arm-none-eabi/lib/armv6-m\libg_nano.a(lib_a-mlock.o)
                0x0000395e                __malloc_unlock
 .text._malloc_usable_size_r
                0x00003960       0x16 c:/program files (x86)/cypress/psoc creator/4.4/psoc creator/import/gnu/arm/5.4.1/bin/../lib/gcc/arm-none-eabi/5.4.1/../../../../arm-none-eabi/lib/armv6-m\libg_nano.a(lib_a-nano-msizer.o)
                0x00003960                _malloc_usable_size_r
 *(.plt)
 *(.gnu.warning)
 *(.glue_7t)
 .glue_7t       0x00003976        0x0 linker stubs
 *(.glue_7)
 .glue_7        0x00003976        0x0 linker stubs
 *(.vfp11_veneer)
 .vfp11_veneer  0x00003976        0x0 linker stubs
 *(.bootloader)
 *(.ARM.extab* .gnu.linkonce.armextab.*)
 *(.gcc_except_table)

.v4_bx          0x00003978        0x0
 .v4_bx         0x00003978        0x0 linker stubs

.iplt           0x00003978        0x0
 .iplt          0x00003978        0x0 c:/program files (x86)/cypress/psoc creator/4.4/psoc creator/import/gnu/arm/5.4.1/bin/../lib/gcc/arm-none-eabi/5.4.1/armv6-m/crtbegin.o

.eh_frame_hdr
 *(.eh_frame_hdr)

.eh_frame       0x00003978        0x4
 *(.eh_frame)
 .eh_frame      0x00003978        0x0 c:/program files (x86)/cypress/psoc creator/4.4/psoc creator/import/gnu/arm/5.4.1/bin/../lib/gcc/arm-none-eabi/5.4.1/armv6-m/crtbegin.o
 .eh_frame      0x00003978        0x4 c:/program files (x86)/cypress/psoc creator/4.4/psoc creator/import/gnu/arm/5.4.1/bin/../lib/gcc/arm-none-eabi/5.4.1/armv6-m/crtend.o
                [!provide]                PROVIDE (__exidx_start, .)

.ARM.exidx
 *(.ARM.exidx* .gnu.linkonce.armexidx.*)
                0x0000397c                __exidx_end = .

.rodata         0x0000397c      0xbac
 *(.rodata .rodata.* .gnu.linkonce.r.*)
 .rodata.str1.4
                0x0000397c       0x30 .\CortexM0\ARM_GCC_541\Debug\main.o
 .rodata        0x000039ac      0x5c0 .\CortexM0\ARM_GCC_541\Debug\cyfitter_cfg.o
 .rodata        0x00003f6c      0x160 .\CortexM0\ARM_GCC_541\Debug\SwerveMotorFirmware.a(CAN.o)
 .rodata        0x000040cc      0x1e0 .\CortexM0\ARM_GCC_541\Debug\SwerveMotorFirmware.a(StripLights.o)
                0x000040cc                StripLights_CLUT
 .rodata        0x000042ac      0x1e0 .\CortexM0\ARM_GCC_541\Debug\SwerveMotorFirmware.a(StripLights_fonts.o)
                0x000042ac                StripLights_Font5x7
 .rodata        0x0000448c       0x2e .\CortexM0\ARM_GCC_541\Debug\SwerveMotorFirmware.a(CyLib.o)
                0x0000448c                cyImoFreqMhz2Reg
 .rodata.str1.1
                0x000044ba        0x2 c:/program files (x86)/cypress/psoc creator/4.4/psoc creator/import/gnu/arm/5.4.1/bin/../lib/gcc/arm-none-eabi/5.4.1/../../../../arm-none-eabi/lib/armv6-m\libg_nano.a(lib_a-impure.o)
 .rodata.str1.1
                0x000044bc       0x11 c:/program files (x86)/cypress/psoc creator/4.4/psoc creator/import/gnu/arm/5.4.1/bin/../lib/gcc/arm-none-eabi/5.4.1/../../../../arm-none-eabi/lib/armv6-m\libg_nano.a(lib_a-nano-svfprintf.o)
 .rodata.str1.1
                0x000044cd       0x22 c:/program files (x86)/cypress/psoc creator/4.4/psoc creator/import/gnu/arm/5.4.1/bin/../lib/gcc/arm-none-eabi/5.4.1/../../../../arm-none-eabi/lib/armv6-m\libg_nano.a(lib_a-nano-vfprintf_i.o)
                0x000044f0                . = ALIGN (0x4)
 *fill*         0x000044ef        0x1 
 *(.init)
 .init          0x000044f0        0x4 c:/program files (x86)/cypress/psoc creator/4.4/psoc creator/import/gnu/arm/5.4.1/bin/../lib/gcc/arm-none-eabi/5.4.1/armv6-m/crti.o
                0x000044f0                _init
 .init          0x000044f4        0x8 c:/program files (x86)/cypress/psoc creator/4.4/psoc creator/import/gnu/arm/5.4.1/bin/../lib/gcc/arm-none-eabi/5.4.1/armv6-m/crtn.o
                0x000044fc                . = ALIGN (0x4)
                0x000044fc                __preinit_array_start = .
 *(.preinit_array)
                0x000044fc                __preinit_array_end = .
                0x000044fc                . = ALIGN (0x4)
                0x000044fc                __init_array_start = .
 *(SORT(.init_array.*))
 *(.init_array)
 .init_array    0x000044fc        0x4 c:/program files (x86)/cypress/psoc creator/4.4/psoc creator/import/gnu/arm/5.4.1/bin/../lib/gcc/arm-none-eabi/5.4.1/armv6-m/crtbegin.o
 .init_array    0x00004500        0x4 .\CortexM0\ARM_GCC_541\Debug\Cm0Start.o
                0x00004504                __init_array_end = .
                0x00004504                . = ALIGN (0x4)
 *(.fini)
 .fini          0x00004504        0x4 c:/program files (x86)/cypress/psoc creator/4.4/psoc creator/import/gnu/arm/5.4.1/bin/../lib/gcc/arm-none-eabi/5.4.1/armv6-m/crti.o
                0x00004504                _fini
 .fini          0x00004508        0x8 c:/program files (x86)/cypress/psoc creator/4.4/psoc creator/import/gnu/arm/5.4.1/bin/../lib/gcc/arm-none-eabi/5.4.1/armv6-m/crtn.o
                0x00004510                . = ALIGN (0x4)
                0x00004510                __fini_array_start = .
 *(.fini_array)
 .fini_array    0x00004510        0x4 c:/program files (x86)/cypress/psoc creator/4.4/psoc creator/import/gnu/arm/5.4.1/bin/../lib/gcc/arm-none-eabi/5.4.1/armv6-m/crtbegin.o
 *(SORT(.fini_array.*))
                0x00004514                __fini_array_end = .
                0x00004514                . = ALIGN (0x4)
 *crtbegin.o(.ctors)
 *(EXCLUDE_FILE(*crtend.o) .ctors)
 *(SORT(.ctors.*))
 *crtend.o(.ctors)
                0x00004514                . = ALIGN (0x4)
 *crtbegin.o(.dtors)
 *(EXCLUDE_FILE(*crtend.o) .dtors)
 *(SORT(.dtors.*))
 *crtend.o(.dtors)
                0x00004514                . = ALIGN (0x4)
                0x00004514                __cy_regions = .
                0x00004514        0x4 LONG 0x4528 __cy_region_init_ram
                0x00004518        0x4 LONG 0x200000c0 __cy_region_start_data
                0x0000451c        0x4 LONG 0x98 __cy_region_init_size_ram
                0x00004520        0x4 LONG 0x280 __cy_region_zero_size_ram
                0x00004524                __cy_regions_end = .
                0x00004528                . = ALIGN (0x8)
 *fill*         0x00004524        0x4 
                0x00004528                _etext = .

.cy_checksum_exclude
                0x00004528        0x0
 *(.cy_checksum_exclude)

.ramvectors     0x20000000       0xc0
                0x20000000                __cy_region_start_ram = .
 *(.ramvectors)
 .ramvectors    0x20000000       0xc0 .\CortexM0\ARM_GCC_541\Debug\Cm0Start.o
                0x20000000                CyRamVectors

.noinit
 *(.noinit)

.data           0x200000c0       0x98 load address 0x00004528
                0x200000c0                __cy_region_start_data = .
 *(.jcr)
 .jcr           0x200000c0        0x0 c:/program files (x86)/cypress/psoc creator/4.4/psoc creator/import/gnu/arm/5.4.1/bin/../lib/gcc/arm-none-eabi/5.4.1/armv6-m/crtbegin.o
 .jcr           0x200000c0        0x4 c:/program files (x86)/cypress/psoc creator/4.4/psoc creator/import/gnu/arm/5.4.1/bin/../lib/gcc/arm-none-eabi/5.4.1/armv6-m/crtend.o
 *(.got.plt)
 *(.got)
 *(.shdata)
 *(.data .data.* .gnu.linkonce.d.*)
 .data          0x200000c4        0xc .\CortexM0\ARM_GCC_541\Debug\PositionPID.o
                0x200000c4                maxPWM
                0x200000c8                flipEncoder
                0x200000cc                integralClamp
 .data          0x200000d0        0x2 .\CortexM0\ARM_GCC_541\Debug\Motor_Unit_FSM.o
                0x200000d0                motorUnitMode
                0x200000d1                motorUnitState
 *fill*         0x200000d2        0x2 
 .data          0x200000d4        0x4 .\CortexM0\ARM_GCC_541\Debug\Cm0Start.o
 .data          0x200000d8       0x14 .\CortexM0\ARM_GCC_541\Debug\SwerveMotorFirmware.a(CyLib.o)
                0x200000d8                CySysClkPumpConfig
                0x200000dc                cydelay32kMs
                0x200000e0                cydelayFreqKhz
                0x200000e4                cydelayFreqMhz
                0x200000e8                cydelayFreqHz
 .data          0x200000ec        0x8 .\CortexM0\ARM_GCC_541\Debug\SwerveMotorFirmware.a(CyLFClk.o)
 .data.impure_data
                0x200000f4       0x60 c:/program files (x86)/cypress/psoc creator/4.4/psoc creator/import/gnu/arm/5.4.1/bin/../lib/gcc/arm-none-eabi/5.4.1/../../../../arm-none-eabi/lib/armv6-m\libg_nano.a(lib_a-impure.o)
 .data._impure_ptr
                0x20000154        0x4 c:/program files (x86)/cypress/psoc creator/4.4/psoc creator/import/gnu/arm/5.4.1/bin/../lib/gcc/arm-none-eabi/5.4.1/../../../../arm-none-eabi/lib/armv6-m\libg_nano.a(lib_a-impure.o)
                0x20000154                _impure_ptr
                0x20000158                . = ALIGN (0x8)
 *(.ram)
                0x20000158                _edata = .

.igot.plt       0x20000158        0x0 load address 0x000045c0
 .igot.plt      0x20000158        0x0 c:/program files (x86)/cypress/psoc creator/4.4/psoc creator/import/gnu/arm/5.4.1/bin/../lib/gcc/arm-none-eabi/5.4.1/armv6-m/crtbegin.o

.bss            0x20000158      0x280 load address 0x000045c0
                0x20000158                PROVIDE (__bss_start__, .)
 *(.shbss)
 *(.bss .bss.* .gnu.linkonce.b.*)
 .bss           0x20000158       0x1c c:/program files (x86)/cypress/psoc creator/4.4/psoc creator/import/gnu/arm/5.4.1/bin/../lib/gcc/arm-none-eabi/5.4.1/armv6-m/crtbegin.o
 .bss           0x20000174       0x18 .\CortexM0\ARM_GCC_541\Debug\main.o
                0x20000174                CAN_time_LED
                0x20000175                CAN_check_delay
                0x20000176                ERRORTimeLED
                0x20000177                encoderTimeOut
                0x20000178                ignoreLimSw_M2
                0x20000179                address
                0x2000017a                nextPWM_M1
                0x2000017c                ignoreLimSw_M1
                0x2000017e                nextPWM_M2
                0x20000180                millidegreeTarget_M2
                0x20000184                drive
                0x20000188                millidegreeTarget_M1
 .bss           0x2000018c        0xc .\CortexM0\ARM_GCC_541\Debug\MotorDrive.o
                0x2000018c                invalidate
                0x20000190                currPWM_Drive
                0x20000194                currPWM_Swivel
 .bss           0x20000198       0x22 .\CortexM0\ARM_GCC_541\Debug\PositionPID.o
                0x20000198                integral
                0x2000019c                lastPosition
                0x200001a0                enabledPID
                0x200001a4                kPosition
                0x200001a8                kIntegral
                0x200001ac                kDerivative
                0x200001b0                kPPJR
                0x200001b4                PWM
                0x200001b8                complete
                0x200001b9                usingPot
 .bss           0x200001ba        0x1 .\CortexM0\ARM_GCC_541\Debug\Motor_Unit_FSM.o
                0x200001ba                PIDConstSetReg
 .bss           0x200001bb        0x4 .\CortexM0\ARM_GCC_541\Debug\PortPSOC_swerve.o
                0x200001bb                latestMessageFull
                0x200001bc                latestMessageHead
                0x200001bd                latestMessageTail
                0x200001be                messageReadFlag
 .bss           0x200001bf        0x1 .\CortexM0\ARM_GCC_541\Debug\SwerveMotorFirmware.a(PWM_Motor1.o)
                0x200001bf                PWM_Motor1_initVar
 .bss           0x200001c0        0x1 .\CortexM0\ARM_GCC_541\Debug\SwerveMotorFirmware.a(QuadDec.o)
                0x200001c0                QuadDec_initVar
 .bss           0x200001c1        0x1 .\CortexM0\ARM_GCC_541\Debug\SwerveMotorFirmware.a(CAN.o)
                0x200001c1                CAN_initVar
 *fill*         0x200001c2        0x2 
 .bss           0x200001c4        0xa .\CortexM0\ARM_GCC_541\Debug\SwerveMotorFirmware.a(UART.o)
                0x200001c4                UART_initVar
                0x200001c8                UART_customIntrHandler
                0x200001cc                UART_IntrTxMask
 .bss           0x200001ce        0x1 .\CortexM0\ARM_GCC_541\Debug\SwerveMotorFirmware.a(Timer_1.o)
                0x200001ce                Timer_1_initVar
 *fill*         0x200001cf        0x1 
 .bss           0x200001d0       0x15 .\CortexM0\ARM_GCC_541\Debug\SwerveMotorFirmware.a(StripLights.o)
                0x200001d0                StripLights_ledIndex
                0x200001d4                StripLights_row
                0x200001e4                StripLights_initvar
 .bss           0x200001e5        0x1 .\CortexM0\ARM_GCC_541\Debug\SwerveMotorFirmware.a(PWM_Motor2.o)
                0x200001e5                PWM_Motor2_initVar
 .bss           0x200001e6        0x1 .\CortexM0\ARM_GCC_541\Debug\SwerveMotorFirmware.a(QuadDec_Cnt16.o)
                0x200001e6                QuadDec_Cnt16_initVar
 *fill*         0x200001e7        0x1 
 .bss           0x200001e8       0x20 .\CortexM0\ARM_GCC_541\Debug\SwerveMotorFirmware.a(CyLib.o)
                0x200001e8                CySysClkImoTrim4
                0x200001ec                CySysClkImoTrim5
                0x20000204                CySysTickInitVar
 .bss           0x20000208       0x28 .\CortexM0\ARM_GCC_541\Debug\SwerveMotorFirmware.a(CyLFClk.o)
 .bss.__malloc_sbrk_start
                0x20000230        0x4 c:/program files (x86)/cypress/psoc creator/4.4/psoc creator/import/gnu/arm/5.4.1/bin/../lib/gcc/arm-none-eabi/5.4.1/../../../../arm-none-eabi/lib/armv6-m\libg_nano.a(lib_a-nano-mallocr.o)
                0x20000230                __malloc_sbrk_start
 .bss.__malloc_free_list
                0x20000234        0x4 c:/program files (x86)/cypress/psoc creator/4.4/psoc creator/import/gnu/arm/5.4.1/bin/../lib/gcc/arm-none-eabi/5.4.1/../../../../arm-none-eabi/lib/armv6-m\libg_nano.a(lib_a-nano-mallocr.o)
                0x20000234                __malloc_free_list
 *(COMMON)
 COMMON         0x20000238       0x7c .\CortexM0\ARM_GCC_541\Debug\main.o
                0x20000238                txData
                0x2000029c                can_send
                0x200002a8                can_recieve
 COMMON         0x200002b4       0xdc .\CortexM0\ARM_GCC_541\Debug\PortPSOC_swerve.o
                0x200002b4                deviceGroup
                0x200002b8                rxMailbox
                0x200002c8                deviceAddressA
                0x200002cc                latestMessage
                0x2000038c                deviceAddressB
 COMMON         0x20000390       0x18 .\CortexM0\ARM_GCC_541\Debug\SwerveMotorFirmware.a(StripLights.o)
                0x20000390                StripLights_ledArray
                0x2000039c                StripLights_DimMask
                0x200003a0                StripLights_DimShift
                0x200003a4                StripLights_refreshComplete
 COMMON         0x200003a8       0x10 .\CortexM0\ARM_GCC_541\Debug\SwerveMotorFirmware.a(StripLights_fonts.o)
                0x200003a8                StripLights_fontX
                0x200003ac                StripLights_fontOffset
                0x200003b0                StripLights_fontPtr
                0x200003b4                StripLights_fontY
 COMMON         0x200003b8       0x1c .\CortexM0\ARM_GCC_541\Debug\SwerveMotorFirmware.a(UART_SPI_UART.o)
                0x200003b8                UART_rxBufferTail
                0x200003bc                UART_rxBufferInternal
                0x200003cd                UART_rxBufferOverflow
                0x200003d0                UART_rxBufferHead
 COMMON         0x200003d4        0x4 c:/program files (x86)/cypress/psoc creator/4.4/psoc creator/import/gnu/arm/5.4.1/bin/../lib/gcc/arm-none-eabi/5.4.1/../../../../arm-none-eabi/lib/armv6-m\libg_nano.a(lib_a-reent.o)
                0x200003d4                errno
                0x200003d8                . = ALIGN (0x8)
 *(.ram.b)
                0x200003d8                _end = .
                0x200003d8                __end = .
                0x200003d8                PROVIDE (end, .)
                0x200003d8                PROVIDE (__bss_end__, .)
                0x00004528                __cy_region_init_ram = LOADADDR (.data)
                0x00000098                __cy_region_init_size_ram = (_edata - ADDR (.data))
                0x00000280                __cy_region_zero_size_ram = (_end - _edata)

.heap           0x200003d8       0x80 load address 0x000045c0
                0x200003d8                . = _end
                0x20000458                . = (. + 0x80)
 *fill*         0x200003d8       0x80 
                0x20000458                __cy_heap_limit = .

.stack          0x20007800      0x800
                0x20007800                __cy_stack_limit = .
                0x20008000                . = (. + 0x800)
 *fill*         0x20007800      0x800 
                0x00000001                ASSERT ((__cy_stack_limit >= __cy_heap_limit), region RAM overflowed with stack)
                0x00000000                cy_checksum_exclude_size = (CY_APPL_LOADABLE == 0x1)?SIZEOF (.cy_checksum_exclude):0x0
                0x00000001                ASSERT ((cy_checksum_exclude_size <= CY_CHECKSUM_EXCLUDE_SIZE), CY_BOOT: Section .cy_checksum_exclude size exceedes specified limit.)
                0x0003ffc0                cyloadermeta_start = (cy_project_type_bootloader || cy_project_type_app_for_stack_and_copier)?(LENGTH (rom) - CY_METADATA_SIZE):0xf0000000

.cyloadermeta
 *(.cyloadermeta)
                0x0003ffc0                cyloadablemeta_start = cy_project_type_app_for_stack_and_copier?((LENGTH (rom) - CY_FLASH_ROW_SIZE) - CY_METADATA_SIZE):((LENGTH (rom) - (CY_FLASH_ROW_SIZE * (CY_APPL_NUM - 0x1))) - CY_METADATA_SIZE)

.cyloadablemeta
 *(.cyloadablemeta)

.cyflashprotect
                0x90400000       0x80
 *(.cyflashprotect)
 .cyflashprotect
                0x90400000       0x80 .\CortexM0\ARM_GCC_541\Debug\cymetadata.o
                0x90400000                cy_meta_flashprotect

.cymeta         0x90500000        0xc
 *(.cymeta)
 .cymeta        0x90500000        0xc .\CortexM0\ARM_GCC_541\Debug\cymetadata.o
                0x90500000                cy_metadata

.cychipprotect  0x90600000        0x1
 *(.cychipprotect)
 .cychipprotect
                0x90600000        0x1 .\CortexM0\ARM_GCC_541\Debug\cymetadata.o
                0x90600000                cy_meta_chipprotect

.rel.dyn        0x000045c0        0x0 load address 0x90600004
 .rel.iplt      0x000045c0        0x0 c:/program files (x86)/cypress/psoc creator/4.4/psoc creator/import/gnu/arm/5.4.1/bin/../lib/gcc/arm-none-eabi/5.4.1/armv6-m/crtbegin.o

.stab
 *(.stab)

.stabstr
 *(.stabstr)

.debug
 *(.debug)

.line
 *(.line)

.debug_srcinfo
 *(.debug_srcinfo)

.debug_sfnames
 *(.debug_sfnames)

.debug_aranges  0x00000000     0x1830
 *(.debug_aranges)
 .debug_aranges
                0x00000000       0x58 .\CortexM0\ARM_GCC_541\Debug\main.o
 .debug_aranges
                0x00000058       0x38 .\CortexM0\ARM_GCC_541\Debug\LED_Array.o
 .debug_aranges
                0x00000090       0x38 .\CortexM0\ARM_GCC_541\Debug\MotorDrive.o
 .debug_aranges
                0x000000c8       0xc8 .\CortexM0\ARM_GCC_541\Debug\PositionPID.o
 .debug_aranges
                0x00000190       0x28 .\CortexM0\ARM_GCC_541\Debug\Motor_Unit_CAN.o
 .debug_aranges
                0x000001b8       0x78 .\CortexM0\ARM_GCC_541\Debug\Motor_Unit_FSM.o
 .debug_aranges
                0x00000230       0x68 .\CortexM0\ARM_GCC_541\Debug\PortPSOC_swerve.o
 .debug_aranges
                0x00000298       0xc0 .\CortexM0\ARM_GCC_541\Debug\CANCommon.o
 .debug_aranges
                0x00000358       0x88 .\CortexM0\ARM_GCC_541\Debug\CANGPIO.o
 .debug_aranges
                0x000003e0       0x18 .\CortexM0\ARM_GCC_541\Debug\CANLocalization.o
 .debug_aranges
                0x000003f8      0x110 .\CortexM0\ARM_GCC_541\Debug\CANMotorUnit.o
 .debug_aranges
                0x00000508       0xa8 .\CortexM0\ARM_GCC_541\Debug\CANPacket.o
 .debug_aranges
                0x000005b0       0x40 .\CortexM0\ARM_GCC_541\Debug\CANPower.o
 .debug_aranges
                0x000005f0       0x50 .\CortexM0\ARM_GCC_541\Debug\CANScience.o
 .debug_aranges
                0x00000640       0x48 .\CortexM0\ARM_GCC_541\Debug\cyfitter_cfg.o
 .debug_aranges
                0x00000688       0x18 .\CortexM0\ARM_GCC_541\Debug\cymetadata.o
 .debug_aranges
                0x000006a0       0x48 .\CortexM0\ARM_GCC_541\Debug\Cm0Start.o
 .debug_aranges
                0x000006e8      0x158 .\CortexM0\ARM_GCC_541\Debug\SwerveMotorFirmware.a(PWM_Motor1.o)
 .debug_aranges
                0x00000840       0x80 .\CortexM0\ARM_GCC_541\Debug\SwerveMotorFirmware.a(isr_Limit_1.o)
 .debug_aranges
                0x000008c0       0x60 .\CortexM0\ARM_GCC_541\Debug\SwerveMotorFirmware.a(QuadDec.o)
 .debug_aranges
                0x00000920       0x40 .\CortexM0\ARM_GCC_541\Debug\SwerveMotorFirmware.a(Status_Reg_Switches.o)
 .debug_aranges
                0x00000960       0xe8 .\CortexM0\ARM_GCC_541\Debug\SwerveMotorFirmware.a(CAN.o)
 .debug_aranges
                0x00000a48       0x20 .\CortexM0\ARM_GCC_541\Debug\SwerveMotorFirmware.a(CAN_INT.o)
 .debug_aranges
                0x00000a68       0x30 .\CortexM0\ARM_GCC_541\Debug\SwerveMotorFirmware.a(CAN_TX_RX_func.o)
 .debug_aranges
                0x00000a98       0x68 .\CortexM0\ARM_GCC_541\Debug\SwerveMotorFirmware.a(UART.o)
 .debug_aranges
                0x00000b00       0x90 .\CortexM0\ARM_GCC_541\Debug\SwerveMotorFirmware.a(UART_UART.o)
 .debug_aranges
                0x00000b90       0x48 .\CortexM0\ARM_GCC_541\Debug\SwerveMotorFirmware.a(Dip1.o)
 .debug_aranges
                0x00000bd8       0x48 .\CortexM0\ARM_GCC_541\Debug\SwerveMotorFirmware.a(Dip2.o)
 .debug_aranges
                0x00000c20       0x48 .\CortexM0\ARM_GCC_541\Debug\SwerveMotorFirmware.a(Dip3.o)
 .debug_aranges
                0x00000c68       0x48 .\CortexM0\ARM_GCC_541\Debug\SwerveMotorFirmware.a(Dip4.o)
 .debug_aranges
                0x00000cb0       0x90 .\CortexM0\ARM_GCC_541\Debug\SwerveMotorFirmware.a(Timer_1.o)
 .debug_aranges
                0x00000d40       0x80 .\CortexM0\ARM_GCC_541\Debug\SwerveMotorFirmware.a(isr_period.o)
 .debug_aranges
                0x00000dc0       0x48 .\CortexM0\ARM_GCC_541\Debug\SwerveMotorFirmware.a(LED_Debug1.o)
 .debug_aranges
                0x00000e08       0x48 .\CortexM0\ARM_GCC_541\Debug\SwerveMotorFirmware.a(LED_Debug2.o)
 .debug_aranges
                0x00000e50       0x48 .\CortexM0\ARM_GCC_541\Debug\SwerveMotorFirmware.a(LED_CAN.o)
 .debug_aranges
                0x00000e98       0x48 .\CortexM0\ARM_GCC_541\Debug\SwerveMotorFirmware.a(LED_Error.o)
 .debug_aranges
                0x00000ee0       0xa0 .\CortexM0\ARM_GCC_541\Debug\SwerveMotorFirmware.a(StripLights.o)
 .debug_aranges
                0x00000f80       0x30 .\CortexM0\ARM_GCC_541\Debug\SwerveMotorFirmware.a(StripLights_fonts.o)
 .debug_aranges
                0x00000fb0      0x158 .\CortexM0\ARM_GCC_541\Debug\SwerveMotorFirmware.a(PWM_Motor2.o)
 .debug_aranges
                0x00001108       0x48 .\CortexM0\ARM_GCC_541\Debug\SwerveMotorFirmware.a(Motor1Direction.o)
 .debug_aranges
                0x00001150       0x48 .\CortexM0\ARM_GCC_541\Debug\SwerveMotorFirmware.a(Motor2Direction.o)
 .debug_aranges
                0x00001198       0x98 .\CortexM0\ARM_GCC_541\Debug\SwerveMotorFirmware.a(QuadDec_Cnt16.o)
 .debug_aranges
                0x00001230       0x80 .\CortexM0\ARM_GCC_541\Debug\SwerveMotorFirmware.a(StripLights_cisr.o)
 .debug_aranges
                0x000012b0       0x80 .\CortexM0\ARM_GCC_541\Debug\SwerveMotorFirmware.a(StripLights_fisr.o)
 .debug_aranges
                0x00001330      0x270 .\CortexM0\ARM_GCC_541\Debug\SwerveMotorFirmware.a(CyLib.o)
 .debug_aranges
                0x000015a0       0x28 .\CortexM0\ARM_GCC_541\Debug\SwerveMotorFirmware.a(cyutils.o)
 .debug_aranges
                0x000015c8      0x188 .\CortexM0\ARM_GCC_541\Debug\SwerveMotorFirmware.a(CyLFClk.o)
 .debug_aranges
                0x00001750       0x20 .\CortexM0\ARM_GCC_541\Debug\SwerveMotorFirmware.a(CyBootAsmGnu.o)
 .debug_aranges
                0x00001770       0x60 .\CortexM0\ARM_GCC_541\Debug\SwerveMotorFirmware.a(UART_SPI_UART.o)
 .debug_aranges
                0x000017d0       0x20 .\CortexM0\ARM_GCC_541\Debug\SwerveMotorFirmware.a(UART_SPI_UART_INT.o)
 .debug_aranges
                0x000017f0       0x40 .\CortexM0\ARM_GCC_541\Debug\SwerveMotorFirmware.a(CyFlash.o)

.debug_pubnames
 *(.debug_pubnames)

.debug_info     0x00000000     0xecac
 *(.debug_info .gnu.linkonce.wi.*)
 .debug_info    0x00000000      0x981 .\CortexM0\ARM_GCC_541\Debug\main.o
 .debug_info    0x00000981      0x372 .\CortexM0\ARM_GCC_541\Debug\LED_Array.o
 .debug_info    0x00000cf3      0x29e .\CortexM0\ARM_GCC_541\Debug\MotorDrive.o
 .debug_info    0x00000f91      0x59a .\CortexM0\ARM_GCC_541\Debug\PositionPID.o
 .debug_info    0x0000152b      0xc0b .\CortexM0\ARM_GCC_541\Debug\Motor_Unit_CAN.o
 .debug_info    0x00002136      0x1ed .\CortexM0\ARM_GCC_541\Debug\Motor_Unit_FSM.o
 .debug_info    0x00002323      0x695 .\CortexM0\ARM_GCC_541\Debug\PortPSOC_swerve.o
 .debug_info    0x000029b8      0xa46 .\CortexM0\ARM_GCC_541\Debug\CANCommon.o
 .debug_info    0x000033fe      0x60d .\CortexM0\ARM_GCC_541\Debug\CANGPIO.o
 .debug_info    0x00003a0b       0x6b .\CortexM0\ARM_GCC_541\Debug\CANLocalization.o
 .debug_info    0x00003a76      0xe62 .\CortexM0\ARM_GCC_541\Debug\CANMotorUnit.o
 .debug_info    0x000048d8      0x641 .\CortexM0\ARM_GCC_541\Debug\CANPacket.o
 .debug_info    0x00004f19      0x2ff .\CortexM0\ARM_GCC_541\Debug\CANPower.o
 .debug_info    0x00005218      0x353 .\CortexM0\ARM_GCC_541\Debug\CANScience.o
 .debug_info    0x0000556b      0x417 .\CortexM0\ARM_GCC_541\Debug\cyfitter_cfg.o
 .debug_info    0x00005982       0xf8 .\CortexM0\ARM_GCC_541\Debug\cymetadata.o
 .debug_info    0x00005a7a      0x3a2 .\CortexM0\ARM_GCC_541\Debug\Cm0Start.o
 .debug_info    0x00005e1c      0x909 .\CortexM0\ARM_GCC_541\Debug\SwerveMotorFirmware.a(PWM_Motor1.o)
 .debug_info    0x00006725      0x305 .\CortexM0\ARM_GCC_541\Debug\SwerveMotorFirmware.a(isr_Limit_1.o)
 .debug_info    0x00006a2a      0x2d4 .\CortexM0\ARM_GCC_541\Debug\SwerveMotorFirmware.a(QuadDec.o)
 .debug_info    0x00006cfe      0x17f .\CortexM0\ARM_GCC_541\Debug\SwerveMotorFirmware.a(Status_Reg_Switches.o)
 .debug_info    0x00006e7d      0x9c6 .\CortexM0\ARM_GCC_541\Debug\SwerveMotorFirmware.a(CAN.o)
 .debug_info    0x00007843       0xa0 .\CortexM0\ARM_GCC_541\Debug\SwerveMotorFirmware.a(CAN_INT.o)
 .debug_info    0x000078e3      0x37e .\CortexM0\ARM_GCC_541\Debug\SwerveMotorFirmware.a(CAN_TX_RX_func.o)
 .debug_info    0x00007c61      0x2e9 .\CortexM0\ARM_GCC_541\Debug\SwerveMotorFirmware.a(UART.o)
 .debug_info    0x00007f4a      0x487 .\CortexM0\ARM_GCC_541\Debug\SwerveMotorFirmware.a(UART_UART.o)
 .debug_info    0x000083d1      0x19d .\CortexM0\ARM_GCC_541\Debug\SwerveMotorFirmware.a(Dip1.o)
 .debug_info    0x0000856e      0x19d .\CortexM0\ARM_GCC_541\Debug\SwerveMotorFirmware.a(Dip2.o)
 .debug_info    0x0000870b      0x19d .\CortexM0\ARM_GCC_541\Debug\SwerveMotorFirmware.a(Dip3.o)
 .debug_info    0x000088a8      0x19d .\CortexM0\ARM_GCC_541\Debug\SwerveMotorFirmware.a(Dip4.o)
 .debug_info    0x00008a45      0x386 .\CortexM0\ARM_GCC_541\Debug\SwerveMotorFirmware.a(Timer_1.o)
 .debug_info    0x00008dcb      0x305 .\CortexM0\ARM_GCC_541\Debug\SwerveMotorFirmware.a(isr_period.o)
 .debug_info    0x000090d0      0x19d .\CortexM0\ARM_GCC_541\Debug\SwerveMotorFirmware.a(LED_Debug1.o)
 .debug_info    0x0000926d      0x19d .\CortexM0\ARM_GCC_541\Debug\SwerveMotorFirmware.a(LED_Debug2.o)
 .debug_info    0x0000940a      0x19b .\CortexM0\ARM_GCC_541\Debug\SwerveMotorFirmware.a(LED_CAN.o)
 .debug_info    0x000095a5      0x19d .\CortexM0\ARM_GCC_541\Debug\SwerveMotorFirmware.a(LED_Error.o)
 .debug_info    0x00009742      0xa83 .\CortexM0\ARM_GCC_541\Debug\SwerveMotorFirmware.a(StripLights.o)
 .debug_info    0x0000a1c5      0x394 .\CortexM0\ARM_GCC_541\Debug\SwerveMotorFirmware.a(StripLights_fonts.o)
 .debug_info    0x0000a559      0x908 .\CortexM0\ARM_GCC_541\Debug\SwerveMotorFirmware.a(PWM_Motor2.o)
 .debug_info    0x0000ae61      0x19d .\CortexM0\ARM_GCC_541\Debug\SwerveMotorFirmware.a(Motor1Direction.o)
 .debug_info    0x0000affe      0x19d .\CortexM0\ARM_GCC_541\Debug\SwerveMotorFirmware.a(Motor2Direction.o)
 .debug_info    0x0000b19b      0x345 .\CortexM0\ARM_GCC_541\Debug\SwerveMotorFirmware.a(QuadDec_Cnt16.o)
 .debug_info    0x0000b4e0      0x305 .\CortexM0\ARM_GCC_541\Debug\SwerveMotorFirmware.a(StripLights_cisr.o)
 .debug_info    0x0000b7e5      0x305 .\CortexM0\ARM_GCC_541\Debug\SwerveMotorFirmware.a(StripLights_fisr.o)
 .debug_info    0x0000baea     0x17e4 .\CortexM0\ARM_GCC_541\Debug\SwerveMotorFirmware.a(CyLib.o)
 .debug_info    0x0000d2ce      0x14b .\CortexM0\ARM_GCC_541\Debug\SwerveMotorFirmware.a(cyutils.o)
 .debug_info    0x0000d419     0x1058 .\CortexM0\ARM_GCC_541\Debug\SwerveMotorFirmware.a(CyLFClk.o)
 .debug_info    0x0000e471       0xc9 .\CortexM0\ARM_GCC_541\Debug\SwerveMotorFirmware.a(CyBootAsmGnu.o)
 .debug_info    0x0000e53a      0x2df .\CortexM0\ARM_GCC_541\Debug\SwerveMotorFirmware.a(UART_SPI_UART.o)
 .debug_info    0x0000e819      0x141 .\CortexM0\ARM_GCC_541\Debug\SwerveMotorFirmware.a(UART_SPI_UART_INT.o)
 .debug_info    0x0000e95a      0x352 .\CortexM0\ARM_GCC_541\Debug\SwerveMotorFirmware.a(CyFlash.o)

.debug_abbrev   0x00000000     0x3ba3
 *(.debug_abbrev)
 .debug_abbrev  0x00000000      0x1e2 .\CortexM0\ARM_GCC_541\Debug\main.o
 .debug_abbrev  0x000001e2      0x15d .\CortexM0\ARM_GCC_541\Debug\LED_Array.o
 .debug_abbrev  0x0000033f       0xcf .\CortexM0\ARM_GCC_541\Debug\MotorDrive.o
 .debug_abbrev  0x0000040e      0x1b9 .\CortexM0\ARM_GCC_541\Debug\PositionPID.o
 .debug_abbrev  0x000005c7      0x11f .\CortexM0\ARM_GCC_541\Debug\Motor_Unit_CAN.o
 .debug_abbrev  0x000006e6       0xd3 .\CortexM0\ARM_GCC_541\Debug\Motor_Unit_FSM.o
 .debug_abbrev  0x000007b9      0x1ad .\CortexM0\ARM_GCC_541\Debug\PortPSOC_swerve.o
 .debug_abbrev  0x00000966      0x149 .\CortexM0\ARM_GCC_541\Debug\CANCommon.o
 .debug_abbrev  0x00000aaf      0x106 .\CortexM0\ARM_GCC_541\Debug\CANGPIO.o
 .debug_abbrev  0x00000bb5       0x26 .\CortexM0\ARM_GCC_541\Debug\CANLocalization.o
 .debug_abbrev  0x00000bdb      0x18e .\CortexM0\ARM_GCC_541\Debug\CANMotorUnit.o
 .debug_abbrev  0x00000d69      0x16f .\CortexM0\ARM_GCC_541\Debug\CANPacket.o
 .debug_abbrev  0x00000ed8      0x124 .\CortexM0\ARM_GCC_541\Debug\CANPower.o
 .debug_abbrev  0x00000ffc       0xfe .\CortexM0\ARM_GCC_541\Debug\CANScience.o
 .debug_abbrev  0x000010fa      0x1d8 .\CortexM0\ARM_GCC_541\Debug\cyfitter_cfg.o
 .debug_abbrev  0x000012d2       0x5d .\CortexM0\ARM_GCC_541\Debug\cymetadata.o
 .debug_abbrev  0x0000132f      0x1d7 .\CortexM0\ARM_GCC_541\Debug\Cm0Start.o
 .debug_abbrev  0x00001506      0x119 .\CortexM0\ARM_GCC_541\Debug\SwerveMotorFirmware.a(PWM_Motor1.o)
 .debug_abbrev  0x0000161f      0x19a .\CortexM0\ARM_GCC_541\Debug\SwerveMotorFirmware.a(isr_Limit_1.o)
 .debug_abbrev  0x000017b9      0x151 .\CortexM0\ARM_GCC_541\Debug\SwerveMotorFirmware.a(QuadDec.o)
 .debug_abbrev  0x0000190a       0xac .\CortexM0\ARM_GCC_541\Debug\SwerveMotorFirmware.a(Status_Reg_Switches.o)
 .debug_abbrev  0x000019b6      0x186 .\CortexM0\ARM_GCC_541\Debug\SwerveMotorFirmware.a(CAN.o)
 .debug_abbrev  0x00001b3c       0x42 .\CortexM0\ARM_GCC_541\Debug\SwerveMotorFirmware.a(CAN_INT.o)
 .debug_abbrev  0x00001b7e      0x159 .\CortexM0\ARM_GCC_541\Debug\SwerveMotorFirmware.a(CAN_TX_RX_func.o)
 .debug_abbrev  0x00001cd7      0x118 .\CortexM0\ARM_GCC_541\Debug\SwerveMotorFirmware.a(UART.o)
 .debug_abbrev  0x00001def      0x145 .\CortexM0\ARM_GCC_541\Debug\SwerveMotorFirmware.a(UART_UART.o)
 .debug_abbrev  0x00001f34       0xc8 .\CortexM0\ARM_GCC_541\Debug\SwerveMotorFirmware.a(Dip1.o)
 .debug_abbrev  0x00001ffc       0xc8 .\CortexM0\ARM_GCC_541\Debug\SwerveMotorFirmware.a(Dip2.o)
 .debug_abbrev  0x000020c4       0xc8 .\CortexM0\ARM_GCC_541\Debug\SwerveMotorFirmware.a(Dip3.o)
 .debug_abbrev  0x0000218c       0xc8 .\CortexM0\ARM_GCC_541\Debug\SwerveMotorFirmware.a(Dip4.o)
 .debug_abbrev  0x00002254      0x167 .\CortexM0\ARM_GCC_541\Debug\SwerveMotorFirmware.a(Timer_1.o)
 .debug_abbrev  0x000023bb      0x19a .\CortexM0\ARM_GCC_541\Debug\SwerveMotorFirmware.a(isr_period.o)
 .debug_abbrev  0x00002555       0xc8 .\CortexM0\ARM_GCC_541\Debug\SwerveMotorFirmware.a(LED_Debug1.o)
 .debug_abbrev  0x0000261d       0xc8 .\CortexM0\ARM_GCC_541\Debug\SwerveMotorFirmware.a(LED_Debug2.o)
 .debug_abbrev  0x000026e5       0xc8 .\CortexM0\ARM_GCC_541\Debug\SwerveMotorFirmware.a(LED_CAN.o)
 .debug_abbrev  0x000027ad       0xc8 .\CortexM0\ARM_GCC_541\Debug\SwerveMotorFirmware.a(LED_Error.o)
 .debug_abbrev  0x00002875      0x1dc .\CortexM0\ARM_GCC_541\Debug\SwerveMotorFirmware.a(StripLights.o)
 .debug_abbrev  0x00002a51      0x113 .\CortexM0\ARM_GCC_541\Debug\SwerveMotorFirmware.a(StripLights_fonts.o)
 .debug_abbrev  0x00002b64      0x119 .\CortexM0\ARM_GCC_541\Debug\SwerveMotorFirmware.a(PWM_Motor2.o)
 .debug_abbrev  0x00002c7d       0xc8 .\CortexM0\ARM_GCC_541\Debug\SwerveMotorFirmware.a(Motor1Direction.o)
 .debug_abbrev  0x00002d45       0xc8 .\CortexM0\ARM_GCC_541\Debug\SwerveMotorFirmware.a(Motor2Direction.o)
 .debug_abbrev  0x00002e0d      0x117 .\CortexM0\ARM_GCC_541\Debug\SwerveMotorFirmware.a(QuadDec_Cnt16.o)
 .debug_abbrev  0x00002f24      0x19a .\CortexM0\ARM_GCC_541\Debug\SwerveMotorFirmware.a(StripLights_cisr.o)
 .debug_abbrev  0x000030be      0x19a .\CortexM0\ARM_GCC_541\Debug\SwerveMotorFirmware.a(StripLights_fisr.o)
 .debug_abbrev  0x00003258      0x293 .\CortexM0\ARM_GCC_541\Debug\SwerveMotorFirmware.a(CyLib.o)
 .debug_abbrev  0x000034eb       0xc0 .\CortexM0\ARM_GCC_541\Debug\SwerveMotorFirmware.a(cyutils.o)
 .debug_abbrev  0x000035ab      0x248 .\CortexM0\ARM_GCC_541\Debug\SwerveMotorFirmware.a(CyLFClk.o)
 .debug_abbrev  0x000037f3       0x14 .\CortexM0\ARM_GCC_541\Debug\SwerveMotorFirmware.a(CyBootAsmGnu.o)
 .debug_abbrev  0x00003807      0x180 .\CortexM0\ARM_GCC_541\Debug\SwerveMotorFirmware.a(UART_SPI_UART.o)
 .debug_abbrev  0x00003987       0x9a .\CortexM0\ARM_GCC_541\Debug\SwerveMotorFirmware.a(UART_SPI_UART_INT.o)
 .debug_abbrev  0x00003a21      0x182 .\CortexM0\ARM_GCC_541\Debug\SwerveMotorFirmware.a(CyFlash.o)

.debug_line     0x00000000     0x5f72
 *(.debug_line)
 .debug_line    0x00000000      0x44d .\CortexM0\ARM_GCC_541\Debug\main.o
 .debug_line    0x0000044d      0x1ca .\CortexM0\ARM_GCC_541\Debug\LED_Array.o
 .debug_line    0x00000617      0x215 .\CortexM0\ARM_GCC_541\Debug\MotorDrive.o
 .debug_line    0x0000082c      0x327 .\CortexM0\ARM_GCC_541\Debug\PositionPID.o
 .debug_line    0x00000b53      0x2af .\CortexM0\ARM_GCC_541\Debug\Motor_Unit_CAN.o
 .debug_line    0x00000e02      0x20f .\CortexM0\ARM_GCC_541\Debug\Motor_Unit_FSM.o
 .debug_line    0x00001011      0x2fa .\CortexM0\ARM_GCC_541\Debug\PortPSOC_swerve.o
 .debug_line    0x0000130b      0x2f3 .\CortexM0\ARM_GCC_541\Debug\CANCommon.o
 .debug_line    0x000015fe      0x24e .\CortexM0\ARM_GCC_541\Debug\CANGPIO.o
 .debug_line    0x0000184c       0x1d .\CortexM0\ARM_GCC_541\Debug\CANLocalization.o
 .debug_line    0x00001869      0x3a1 .\CortexM0\ARM_GCC_541\Debug\CANMotorUnit.o
 .debug_line    0x00001c0a      0x2dc .\CortexM0\ARM_GCC_541\Debug\CANPacket.o
 .debug_line    0x00001ee6      0x19d .\CortexM0\ARM_GCC_541\Debug\CANPower.o
 .debug_line    0x00002083      0x1c5 .\CortexM0\ARM_GCC_541\Debug\CANScience.o
 .debug_line    0x00002248      0x1b9 .\CortexM0\ARM_GCC_541\Debug\cyfitter_cfg.o
 .debug_line    0x00002401      0x141 .\CortexM0\ARM_GCC_541\Debug\cymetadata.o
 .debug_line    0x00002542      0x236 .\CortexM0\ARM_GCC_541\Debug\Cm0Start.o
 .debug_line    0x00002778      0x383 .\CortexM0\ARM_GCC_541\Debug\SwerveMotorFirmware.a(PWM_Motor1.o)
 .debug_line    0x00002afb      0x157 .\CortexM0\ARM_GCC_541\Debug\SwerveMotorFirmware.a(isr_Limit_1.o)
 .debug_line    0x00002c52      0x123 .\CortexM0\ARM_GCC_541\Debug\SwerveMotorFirmware.a(QuadDec.o)
 .debug_line    0x00002d75       0xc2 .\CortexM0\ARM_GCC_541\Debug\SwerveMotorFirmware.a(Status_Reg_Switches.o)
 .debug_line    0x00002e37      0x3e7 .\CortexM0\ARM_GCC_541\Debug\SwerveMotorFirmware.a(CAN.o)
 .debug_line    0x0000321e       0x53 .\CortexM0\ARM_GCC_541\Debug\SwerveMotorFirmware.a(CAN_INT.o)
 .debug_line    0x00003271       0xfc .\CortexM0\ARM_GCC_541\Debug\SwerveMotorFirmware.a(CAN_TX_RX_func.o)
 .debug_line    0x0000336d      0x13c .\CortexM0\ARM_GCC_541\Debug\SwerveMotorFirmware.a(UART.o)
 .debug_line    0x000034a9      0x1f5 .\CortexM0\ARM_GCC_541\Debug\SwerveMotorFirmware.a(UART_UART.o)
 .debug_line    0x0000369e       0xbc .\CortexM0\ARM_GCC_541\Debug\SwerveMotorFirmware.a(Dip1.o)
 .debug_line    0x0000375a       0xbc .\CortexM0\ARM_GCC_541\Debug\SwerveMotorFirmware.a(Dip2.o)
 .debug_line    0x00003816       0xbc .\CortexM0\ARM_GCC_541\Debug\SwerveMotorFirmware.a(Dip3.o)
 .debug_line    0x000038d2       0xbc .\CortexM0\ARM_GCC_541\Debug\SwerveMotorFirmware.a(Dip4.o)
 .debug_line    0x0000398e      0x17b .\CortexM0\ARM_GCC_541\Debug\SwerveMotorFirmware.a(Timer_1.o)
 .debug_line    0x00003b09      0x156 .\CortexM0\ARM_GCC_541\Debug\SwerveMotorFirmware.a(isr_period.o)
 .debug_line    0x00003c5f       0xc2 .\CortexM0\ARM_GCC_541\Debug\SwerveMotorFirmware.a(LED_Debug1.o)
 .debug_line    0x00003d21       0xc2 .\CortexM0\ARM_GCC_541\Debug\SwerveMotorFirmware.a(LED_Debug2.o)
 .debug_line    0x00003de3       0xbe .\CortexM0\ARM_GCC_541\Debug\SwerveMotorFirmware.a(LED_CAN.o)
 .debug_line    0x00003ea1       0xc1 .\CortexM0\ARM_GCC_541\Debug\SwerveMotorFirmware.a(LED_Error.o)
 .debug_line    0x00003f62      0x2d8 .\CortexM0\ARM_GCC_541\Debug\SwerveMotorFirmware.a(StripLights.o)
 .debug_line    0x0000423a       0xf5 .\CortexM0\ARM_GCC_541\Debug\SwerveMotorFirmware.a(StripLights_fonts.o)
 .debug_line    0x0000432f      0x383 .\CortexM0\ARM_GCC_541\Debug\SwerveMotorFirmware.a(PWM_Motor2.o)
 .debug_line    0x000046b2       0xc7 .\CortexM0\ARM_GCC_541\Debug\SwerveMotorFirmware.a(Motor1Direction.o)
 .debug_line    0x00004779       0xc7 .\CortexM0\ARM_GCC_541\Debug\SwerveMotorFirmware.a(Motor2Direction.o)
 .debug_line    0x00004840      0x196 .\CortexM0\ARM_GCC_541\Debug\SwerveMotorFirmware.a(QuadDec_Cnt16.o)
 .debug_line    0x000049d6      0x158 .\CortexM0\ARM_GCC_541\Debug\SwerveMotorFirmware.a(StripLights_cisr.o)
 .debug_line    0x00004b2e      0x15c .\CortexM0\ARM_GCC_541\Debug\SwerveMotorFirmware.a(StripLights_fisr.o)
 .debug_line    0x00004c8a      0x8ef .\CortexM0\ARM_GCC_541\Debug\SwerveMotorFirmware.a(CyLib.o)
 .debug_line    0x00005579       0x74 .\CortexM0\ARM_GCC_541\Debug\SwerveMotorFirmware.a(cyutils.o)
 .debug_line    0x000055ed      0x5d1 .\CortexM0\ARM_GCC_541\Debug\SwerveMotorFirmware.a(CyLFClk.o)
 .debug_line    0x00005bbe       0x68 .\CortexM0\ARM_GCC_541\Debug\SwerveMotorFirmware.a(CyBootAsmGnu.o)
 .debug_line    0x00005c26      0x137 .\CortexM0\ARM_GCC_541\Debug\SwerveMotorFirmware.a(UART_SPI_UART.o)
 .debug_line    0x00005d5d       0xa2 .\CortexM0\ARM_GCC_541\Debug\SwerveMotorFirmware.a(UART_SPI_UART_INT.o)
 .debug_line    0x00005dff      0x173 .\CortexM0\ARM_GCC_541\Debug\SwerveMotorFirmware.a(CyFlash.o)

.debug_frame    0x00000000     0x4014
 *(.debug_frame)
 .debug_frame   0x00000000      0x100 .\CortexM0\ARM_GCC_541\Debug\main.o
 .debug_frame   0x00000100       0x90 .\CortexM0\ARM_GCC_541\Debug\LED_Array.o
 .debug_frame   0x00000190       0x68 .\CortexM0\ARM_GCC_541\Debug\MotorDrive.o
 .debug_frame   0x000001f8      0x1c8 .\CortexM0\ARM_GCC_541\Debug\PositionPID.o
 .debug_frame   0x000003c0       0x54 .\CortexM0\ARM_GCC_541\Debug\Motor_Unit_CAN.o
 .debug_frame   0x00000414       0xdc .\CortexM0\ARM_GCC_541\Debug\Motor_Unit_FSM.o
 .debug_frame   0x000004f0      0x104 .\CortexM0\ARM_GCC_541\Debug\PortPSOC_swerve.o
 .debug_frame   0x000005f4      0x27c .\CortexM0\ARM_GCC_541\Debug\CANCommon.o
 .debug_frame   0x00000870      0x178 .\CortexM0\ARM_GCC_541\Debug\CANGPIO.o
 .debug_frame   0x000009e8      0x360 .\CortexM0\ARM_GCC_541\Debug\CANMotorUnit.o
 .debug_frame   0x00000d48      0x1a4 .\CortexM0\ARM_GCC_541\Debug\CANPacket.o
 .debug_frame   0x00000eec       0x8c .\CortexM0\ARM_GCC_541\Debug\CANPower.o
 .debug_frame   0x00000f78       0xb0 .\CortexM0\ARM_GCC_541\Debug\CANScience.o
 .debug_frame   0x00001028       0xb4 .\CortexM0\ARM_GCC_541\Debug\cyfitter_cfg.o
 .debug_frame   0x000010dc       0xbc .\CortexM0\ARM_GCC_541\Debug\Cm0Start.o
 .debug_frame   0x00001198      0x3a0 .\CortexM0\ARM_GCC_541\Debug\SwerveMotorFirmware.a(PWM_Motor1.o)
 .debug_frame   0x00001538      0x110 .\CortexM0\ARM_GCC_541\Debug\SwerveMotorFirmware.a(isr_Limit_1.o)
 .debug_frame   0x00001648       0xdc .\CortexM0\ARM_GCC_541\Debug\SwerveMotorFirmware.a(QuadDec.o)
 .debug_frame   0x00001724       0x78 .\CortexM0\ARM_GCC_541\Debug\SwerveMotorFirmware.a(Status_Reg_Switches.o)
 .debug_frame   0x0000179c      0x238 .\CortexM0\ARM_GCC_541\Debug\SwerveMotorFirmware.a(CAN.o)
 .debug_frame   0x000019d4       0x20 .\CortexM0\ARM_GCC_541\Debug\SwerveMotorFirmware.a(CAN_INT.o)
 .debug_frame   0x000019f4       0x60 .\CortexM0\ARM_GCC_541\Debug\SwerveMotorFirmware.a(CAN_TX_RX_func.o)
 .debug_frame   0x00001a54      0x104 .\CortexM0\ARM_GCC_541\Debug\SwerveMotorFirmware.a(UART.o)
 .debug_frame   0x00001b58      0x154 .\CortexM0\ARM_GCC_541\Debug\SwerveMotorFirmware.a(UART_UART.o)
 .debug_frame   0x00001cac       0x70 .\CortexM0\ARM_GCC_541\Debug\SwerveMotorFirmware.a(Dip1.o)
 .debug_frame   0x00001d1c       0x70 .\CortexM0\ARM_GCC_541\Debug\SwerveMotorFirmware.a(Dip2.o)
 .debug_frame   0x00001d8c       0x70 .\CortexM0\ARM_GCC_541\Debug\SwerveMotorFirmware.a(Dip3.o)
 .debug_frame   0x00001dfc       0x70 .\CortexM0\ARM_GCC_541\Debug\SwerveMotorFirmware.a(Dip4.o)
 .debug_frame   0x00001e6c      0x160 .\CortexM0\ARM_GCC_541\Debug\SwerveMotorFirmware.a(Timer_1.o)
 .debug_frame   0x00001fcc      0x110 .\CortexM0\ARM_GCC_541\Debug\SwerveMotorFirmware.a(isr_period.o)
 .debug_frame   0x000020dc       0x70 .\CortexM0\ARM_GCC_541\Debug\SwerveMotorFirmware.a(LED_Debug1.o)
 .debug_frame   0x0000214c       0x70 .\CortexM0\ARM_GCC_541\Debug\SwerveMotorFirmware.a(LED_Debug2.o)
 .debug_frame   0x000021bc       0x70 .\CortexM0\ARM_GCC_541\Debug\SwerveMotorFirmware.a(LED_CAN.o)
 .debug_frame   0x0000222c       0x70 .\CortexM0\ARM_GCC_541\Debug\SwerveMotorFirmware.a(LED_Error.o)
 .debug_frame   0x0000229c      0x1d0 .\CortexM0\ARM_GCC_541\Debug\SwerveMotorFirmware.a(StripLights.o)
 .debug_frame   0x0000246c       0x84 .\CortexM0\ARM_GCC_541\Debug\SwerveMotorFirmware.a(StripLights_fonts.o)
 .debug_frame   0x000024f0      0x3a0 .\CortexM0\ARM_GCC_541\Debug\SwerveMotorFirmware.a(PWM_Motor2.o)
 .debug_frame   0x00002890       0x70 .\CortexM0\ARM_GCC_541\Debug\SwerveMotorFirmware.a(Motor1Direction.o)
 .debug_frame   0x00002900       0x70 .\CortexM0\ARM_GCC_541\Debug\SwerveMotorFirmware.a(Motor2Direction.o)
 .debug_frame   0x00002970      0x134 .\CortexM0\ARM_GCC_541\Debug\SwerveMotorFirmware.a(QuadDec_Cnt16.o)
 .debug_frame   0x00002aa4      0x110 .\CortexM0\ARM_GCC_541\Debug\SwerveMotorFirmware.a(StripLights_cisr.o)
 .debug_frame   0x00002bb4      0x110 .\CortexM0\ARM_GCC_541\Debug\SwerveMotorFirmware.a(StripLights_fisr.o)
 .debug_frame   0x00002cc4      0x718 .\CortexM0\ARM_GCC_541\Debug\SwerveMotorFirmware.a(CyLib.o)
 .debug_frame   0x000033dc       0x30 .\CortexM0\ARM_GCC_541\Debug\SwerveMotorFirmware.a(cyutils.o)
 .debug_frame   0x0000340c      0x4a4 .\CortexM0\ARM_GCC_541\Debug\SwerveMotorFirmware.a(CyLFClk.o)
 .debug_frame   0x000038b0       0xbc .\CortexM0\ARM_GCC_541\Debug\SwerveMotorFirmware.a(UART_SPI_UART.o)
 .debug_frame   0x0000396c       0x2c .\CortexM0\ARM_GCC_541\Debug\SwerveMotorFirmware.a(UART_SPI_UART_INT.o)
 .debug_frame   0x00003998       0x90 .\CortexM0\ARM_GCC_541\Debug\SwerveMotorFirmware.a(CyFlash.o)
 .debug_frame   0x00003a28       0x20 c:/program files (x86)/cypress/psoc creator/4.4/psoc creator/import/gnu/arm/5.4.1/bin/../lib/gcc/arm-none-eabi/5.4.1/armv6-m\libgcc.a(_udivsi3.o)
 .debug_frame   0x00003a48       0x20 c:/program files (x86)/cypress/psoc creator/4.4/psoc creator/import/gnu/arm/5.4.1/bin/../lib/gcc/arm-none-eabi/5.4.1/armv6-m\libgcc.a(_divsi3.o)