Archive member included to satisfy reference by file (symbol)

.\CortexM0\ARM_GCC_541\Debug\SwerveMotorFirmware.a(PWM_Motor1.o)
                              .\CortexM0\ARM_GCC_541\Debug\MotorDrive.o (PWM_Motor1_WriteCompare)
.\CortexM0\ARM_GCC_541\Debug\SwerveMotorFirmware.a(isr_Limit_1.o)
                              .\CortexM0\ARM_GCC_541\Debug\main.o (isr_Limit_1_StartEx)
.\CortexM0\ARM_GCC_541\Debug\SwerveMotorFirmware.a(QuadDec.o)
                              .\CortexM0\ARM_GCC_541\Debug\main.o (QuadDec_SetCounter)
.\CortexM0\ARM_GCC_541\Debug\SwerveMotorFirmware.a(CAN.o)
                              .\CortexM0\ARM_GCC_541\Debug\PortPSOC_swerve.o (CAN_GlobalIntEnable)
.\CortexM0\ARM_GCC_541\Debug\SwerveMotorFirmware.a(CAN_INT.o)
                              .\CortexM0\ARM_GCC_541\Debug\SwerveMotorFirmware.a(CAN.o) (CAN_ISR)
.\CortexM0\ARM_GCC_541\Debug\SwerveMotorFirmware.a(CAN_TX_RX_func.o)
                              .\CortexM0\ARM_GCC_541\Debug\PortPSOC_swerve.o (CAN_SendMsg)
.\CortexM0\ARM_GCC_541\Debug\SwerveMotorFirmware.a(UART.o)
                              .\CortexM0\ARM_GCC_541\Debug\main.o (UART_Start)
.\CortexM0\ARM_GCC_541\Debug\SwerveMotorFirmware.a(UART_SPI_UART.o)
                              .\CortexM0\ARM_GCC_541\Debug\DebugMessages.o (UART_SpiUartClearRxBuffer)
.\CortexM0\ARM_GCC_541\Debug\SwerveMotorFirmware.a(UART_UART.o)
                              .\CortexM0\ARM_GCC_541\Debug\SwerveMotorFirmware.a(UART.o) (UART_UartInit)
.\CortexM0\ARM_GCC_541\Debug\SwerveMotorFirmware.a(Dip1.o)
                              .\CortexM0\ARM_GCC_541\Debug\main.o (Dip1_Read)
.\CortexM0\ARM_GCC_541\Debug\SwerveMotorFirmware.a(Dip2.o)
                              .\CortexM0\ARM_GCC_541\Debug\main.o (Dip2_Read)
.\CortexM0\ARM_GCC_541\Debug\SwerveMotorFirmware.a(Dip3.o)
                              .\CortexM0\ARM_GCC_541\Debug\main.o (Dip3_Read)
.\CortexM0\ARM_GCC_541\Debug\SwerveMotorFirmware.a(Dip4.o)
                              .\CortexM0\ARM_GCC_541\Debug\main.o (Dip4_Read)
.\CortexM0\ARM_GCC_541\Debug\SwerveMotorFirmware.a(Timer_1.o)
                              .\CortexM0\ARM_GCC_541\Debug\main.o (Timer_1_ReadStatusRegister)
.\CortexM0\ARM_GCC_541\Debug\SwerveMotorFirmware.a(isr_period.o)
                              .\CortexM0\ARM_GCC_541\Debug\main.o (isr_period_StartEx)
.\CortexM0\ARM_GCC_541\Debug\SwerveMotorFirmware.a(LED_Debug1.o)
                              .\CortexM0\ARM_GCC_541\Debug\main.o (LED_Debug1_Write)
.\CortexM0\ARM_GCC_541\Debug\SwerveMotorFirmware.a(LED_Debug2.o)
                              .\CortexM0\ARM_GCC_541\Debug\main.o (LED_Debug2_Write)
.\CortexM0\ARM_GCC_541\Debug\SwerveMotorFirmware.a(LED_CAN.o)
                              .\CortexM0\ARM_GCC_541\Debug\main.o (LED_CAN_Write)
.\CortexM0\ARM_GCC_541\Debug\SwerveMotorFirmware.a(LED_Error.o)
                              .\CortexM0\ARM_GCC_541\Debug\main.o (LED_Error_Write)
.\CortexM0\ARM_GCC_541\Debug\SwerveMotorFirmware.a(StripLights.o)
                              .\CortexM0\ARM_GCC_541\Debug\main.o (StripLights_Trigger)
.\CortexM0\ARM_GCC_541\Debug\SwerveMotorFirmware.a(StripLights_fonts.o)
                              .\CortexM0\ARM_GCC_541\Debug\SwerveMotorFirmware.a(StripLights.o) (StripLights_SetFont)
.\CortexM0\ARM_GCC_541\Debug\SwerveMotorFirmware.a(PWM_Motor2.o)
                              .\CortexM0\ARM_GCC_541\Debug\MotorDrive.o (PWM_Motor2_WriteCompare)
.\CortexM0\ARM_GCC_541\Debug\SwerveMotorFirmware.a(Motor1Direction.o)
                              .\CortexM0\ARM_GCC_541\Debug\MotorDrive.o (Motor1Direction_Write)
.\CortexM0\ARM_GCC_541\Debug\SwerveMotorFirmware.a(Motor2Direction.o)
                              .\CortexM0\ARM_GCC_541\Debug\MotorDrive.o (Motor2Direction_Write)
.\CortexM0\ARM_GCC_541\Debug\SwerveMotorFirmware.a(QuadDec_Cnt16.o)
                              .\CortexM0\ARM_GCC_541\Debug\SwerveMotorFirmware.a(QuadDec.o) (QuadDec_Cnt16_Stop)
.\CortexM0\ARM_GCC_541\Debug\SwerveMotorFirmware.a(StripLights_cisr.o)
                              .\CortexM0\ARM_GCC_541\Debug\SwerveMotorFirmware.a(StripLights.o) (StripLights_cisr_StartEx)
.\CortexM0\ARM_GCC_541\Debug\SwerveMotorFirmware.a(StripLights_fisr.o)
                              .\CortexM0\ARM_GCC_541\Debug\SwerveMotorFirmware.a(StripLights.o) (StripLights_fisr_StartEx)
.\CortexM0\ARM_GCC_541\Debug\SwerveMotorFirmware.a(CyLib.o)
                              .\CortexM0\ARM_GCC_541\Debug\cyfitter_cfg.o (CyIntEnable)
.\CortexM0\ARM_GCC_541\Debug\SwerveMotorFirmware.a(cyutils.o)
                              .\CortexM0\ARM_GCC_541\Debug\SwerveMotorFirmware.a(Timer_1.o) (CySetReg24)
.\CortexM0\ARM_GCC_541\Debug\SwerveMotorFirmware.a(CyLFClk.o)
                              .\CortexM0\ARM_GCC_541\Debug\SwerveMotorFirmware.a(CyLib.o) (CySysClkWcoEnabled)
.\CortexM0\ARM_GCC_541\Debug\SwerveMotorFirmware.a(CyBootAsmGnu.o)
[...]
Memory Configuration

Name             Origin             Length             Attributes
rom              0x00000000         0x00040000         xr
ram              0x20000000         0x00008000         xrw
*default*        0x00000000         0xffffffff

Linker script and memory map

LOAD c:/program files (x86)/cypress/psoc creator/4.4/psoc creator/import/gnu/arm/5.4.1/bin/../lib/gcc/arm-none-eabi/5.4.1/armv6-m/crti.o
LOAD c:/program files (x86)/cypress/psoc creator/4.4/psoc creator/import/gnu/arm/5.4.1/bin/../lib/gcc/arm-none-eabi/5.4.1/armv6-m/crtbegin.o
LOAD c:/program files (x86)/cypress/psoc creator/4.4/psoc creator/import/gnu/arm/5.4.1/bin/../lib/gcc/arm-none-eabi/5.4.1/../../../../arm-none-eabi/lib/armv6-m/crt0.o
START GROUP
LOAD .\CortexM0\ARM_GCC_541\Debug\main.o
LOAD .\CortexM0\ARM_GCC_541\Debug\DebugMessages.o
LOAD .\CortexM0\ARM_GCC_541\Debug\Initialize_CAN_addr.o
LOAD .\CortexM0\ARM_GCC_541\Debug\LED_Array.o
LOAD .\CortexM0\ARM_GCC_541\Debug\MotorDrive.o
LOAD .\CortexM0\ARM_GCC_541\Debug\PositionPID.o
LOAD .\CortexM0\ARM_GCC_541\Debug\PortPSOC_swerve.o
LOAD .\CortexM0\ARM_GCC_541\Debug\CANCommon.o
LOAD .\CortexM0\ARM_GCC_541\Debug\CANGPIO.o
LOAD .\CortexM0\ARM_GCC_541\Debug\CANLocalization.o
LOAD .\CortexM0\ARM_GCC_541\Debug\CANMotorUnit.o
LOAD .\CortexM0\ARM_GCC_541\Debug\CANPacket.o
LOAD .\CortexM0\ARM_GCC_541\Debug\CANPower.o
LOAD .\CortexM0\ARM_GCC_541\Debug\CANScience.o
LOAD .\CortexM0\ARM_GCC_541\Debug\cyfitter_cfg.o
LOAD .\CortexM0\ARM_GCC_541\Debug\cymetadata.o
LOAD .\CortexM0\ARM_GCC_541\Debug\Cm0Start.o
LOAD .\CortexM0\ARM_GCC_541\Debug\SwerveMotorFirmware.a
END GROUP
START GROUP
LOAD c:/program files (x86)/cypress/psoc creator/4.4/psoc creator/import/gnu/arm/5.4.1/bin/../lib/gcc/arm-none-eabi/5.4.1/armv6-m\libgcc.a
LOAD c:/program files (x86)/cypress/psoc creator/4.4/psoc creator/import/gnu/arm/5.4.1/bin/../lib/gcc/arm-none-eabi/5.4.1/../../../../arm-none-eabi/lib/armv6-m\libg_nano.a
LOAD c:/program files (x86)/cypress/psoc creator/4.4/psoc creator/import/gnu/arm/5.4.1/bin/../lib/gcc/arm-none-eabi/5.4.1/../../../../arm-none-eabi/lib/armv6-m\libc_nano.a
END GROUP
START GROUP
LOAD c:/program files (x86)/cypress/psoc creator/4.4/psoc creator/import/gnu/arm/5.4.1/bin/../lib/gcc/arm-none-eabi/5.4.1/armv6-m\libgcc.a
LOAD c:/program files (x86)/cypress/psoc creator/4.4/psoc creator/import/gnu/arm/5.4.1/bin/../lib/gcc/arm-none-eabi/5.4.1/../../../../arm-none-eabi/lib/armv6-m\libc_nano.a
END GROUP
LOAD c:/program files (x86)/cypress/psoc creator/4.4/psoc creator/import/gnu/arm/5.4.1/bin/../lib/gcc/arm-none-eabi/5.4.1/armv6-m/crtend.o
LOAD c:/program files (x86)/cypress/psoc creator/4.4/psoc creator/import/gnu/arm/5.4.1/bin/../lib/gcc/arm-none-eabi/5.4.1/armv6-m/crtn.o
START GROUP
LOAD c:/program files (x86)/cypress/psoc creator/4.4/psoc creator/import/gnu/arm/5.4.1/bin/../lib/gcc/arm-none-eabi/5.4.1/armv6-m\libgcc.a
LOAD c:/program files (x86)/cypress/psoc creator/4.4/psoc creator/import/gnu/arm/5.4.1/bin/../lib/gcc/arm-none-eabi/5.4.1/../../../../arm-none-eabi/lib/armv6-m\libc.a
LOAD c:/program files (x86)/cypress/psoc creator/4.4/psoc creator/import/gnu/arm/5.4.1/bin/../lib/gcc/arm-none-eabi/5.4.1/../../../../arm-none-eabi/lib/armv6-m\libnosys.a
END GROUP
                0x00000000                CY_APPL_ORIGIN = 0x0
                0x00000100                CY_FLASH_ROW_SIZE = 0x100
                0x00000001                CY_APPL_NUM = 0x1
                0x00000001                CY_APPL_MAX = 0x1
                0x00000040                CY_METADATA_SIZE = 0x40
                0x00000000                CY_APPL_LOADABLE = 0x0
                0x00000000                CY_CHECKSUM_EXCLUDE_SIZE = ALIGN (0x0, CY_FLASH_ROW_SIZE)
                0x00000000                CY_APP_FOR_STACK_AND_COPIER = 0x0
                [!provide]                PROVIDE (__cy_heap_start, _end)
                0x00000001                PROVIDE (__cy_region_num, ((__cy_regions_end - __cy_regions) / 0x10))
                0x20008000                PROVIDE (__cy_stack, (ORIGIN (ram) + LENGTH (ram)))
                [!provide]                PROVIDE (__cy_heap_end, (__cy_stack - 0x800))

.cybootloader   0x00000000        0x0
 *(.cybootloader)
                0x00000000                appl1_start = CY_APPL_ORIGIN?CY_APPL_ORIGIN:ALIGN (CY_FLASH_ROW_SIZE)
                0x0001ff00                appl2_start = (appl1_start + ALIGN ((((LENGTH (rom) - appl1_start) - (0x2 * CY_FLASH_ROW_SIZE)) / 0x2), CY_FLASH_ROW_SIZE))
                0x00000000                appl_start = (CY_APPL_NUM == 0x1)?appl1_start:appl2_start
                0x00000001                cy_project_type_bootloader = (appl_start == 0x0)?0x1:0x0
                0x00000000                cy_project_type_app_for_stack_and_copier = (CY_APP_FOR_STACK_AND_COPIER == 0x1)?0x1:0x0

.text           0x00000000     0x305e
 CREATE_OBJECT_SYMBOLS
                0x00000000                PROVIDE (__cy_interrupt_vector, RomVectors)
 *(.romvectors)
 .romvectors    0x00000000       0x10 .\CortexM0\ARM_GCC_541\Debug\Cm0Start.o
                0x00000000                RomVectors
                0x00000001                ASSERT ((. != __cy_interrupt_vector), No interrupt vector)
                0x00000001                ASSERT (CY_APPL_ORIGIN?(SIZEOF (.cybootloader) <= CY_APPL_ORIGIN):0x1, Wrong image location)
                0x00000010                PROVIDE (__cy_reset, Reset)
 *(.text.Reset)
 .text.Reset    0x00000010        0x8 .\CortexM0\ARM_GCC_541\Debug\Cm0Start.o
                0x00000010                Reset
                0x00000001                ASSERT ((. != __cy_reset), No reset code)
 *(.psocinit)
 .psocinit      0x00000018      0x2e0 .\CortexM0\ARM_GCC_541\Debug\cyfitter_cfg.o
                0x00000150                cyfitter_cfg
                0x000002f8                . = MAX (., 0x100)
 *(.text .text.* .gnu.linkonce.t.*)
 .text          0x000002f8       0x60 c:/program files (x86)/cypress/psoc creator/4.4/psoc creator/import/gnu/arm/5.4.1/bin/../lib/gcc/arm-none-eabi/5.4.1/armv6-m/crtbegin.o
 .text.Period_Reset_Handler
                0x00000358       0x7c .\CortexM0\ARM_GCC_541\Debug\main.o
                0x00000358                Period_Reset_Handler
 .text.Pin_Limit_Handler
                0x000003d4       0x20 .\CortexM0\ARM_GCC_541\Debug\main.o
                0x000003d4                Pin_Limit_Handler
 .text.getSerialAddress
                0x000003f4       0x38 .\CortexM0\ARM_GCC_541\Debug\main.o
                0x000003f4                getSerialAddress
 .text.Initialize
                0x0000042c       0x7c .\CortexM0\ARM_GCC_541\Debug\main.o
                0x0000042c                Initialize
 .text.main     0x000004a8       0xc4 .\CortexM0\ARM_GCC_541\Debug\main.o
                0x000004a8                main
 .text.InitializeMessage
                0x0000056c       0x5c .\CortexM0\ARM_GCC_541\Debug\DebugMessages.o
                0x0000056c                InitializeMessage
 .text.StoreUARTBufferToArray
                0x000005c8       0x38 .\CortexM0\ARM_GCC_541\Debug\DebugMessages.o
                0x000005c8                StoreUARTBufferToArray
 .text.ReadNumberFromUART
                0x00000600       0x18 .\CortexM0\ARM_GCC_541\Debug\DebugMessages.o
                0x00000600                ReadNumberFromUART
 .text.SetTargetSerial
                0x00000618       0x44 .\CortexM0\ARM_GCC_541\Debug\DebugMessages.o
                0x00000618                SetTargetSerial
 .text.SetMotorPWM
                0x0000065c       0x40 .\CortexM0\ARM_GCC_541\Debug\DebugMessages.o
                0x0000065c                SetMotorPWM
 .text.NeedToImplementMessage
                0x0000069c       0x10 .\CortexM0\ARM_GCC_541\Debug\DebugMessages.o
                0x0000069c                NeedToImplementMessage
 .text.SelectModeMessage
                0x000006ac       0x90 .\CortexM0\ARM_GCC_541\Debug\DebugMessages.o
                0x000006ac                SelectModeMessage
 .text.initalize_LEDs
                0x0000073c       0x28 .\CortexM0\ARM_GCC_541\Debug\LED_Array.o
                0x0000073c                initalize_LEDs
 .text.set_all_LED_Colors
                0x00000764       0x2c .\CortexM0\ARM_GCC_541\Debug\LED_Array.o
                0x00000764                set_all_LED_Colors
 .text.get_color_packet
                0x00000790        0xc .\CortexM0\ARM_GCC_541\Debug\LED_Array.o
                0x00000790                get_color_packet
 .text.set_PWM_M1
                0x0000079c       0x58 .\CortexM0\ARM_GCC_541\Debug\MotorDrive.o
                0x0000079c                set_PWM_M1
 .text.set_PWM_M2
                0x000007f4       0x58 .\CortexM0\ARM_GCC_541\Debug\MotorDrive.o
                0x000007f4                set_PWM_M2
 .text.InitCAN_swerve
                0x0000084c      0x11c .\CortexM0\ARM_GCC_541\Debug\PortPSOC_swerve.o
                0x0000084c                InitCAN_swerve
 .text.SendCANPacket
                0x00000968       0x40 .\CortexM0\ARM_GCC_541\Debug\PortPSOC_swerve.o
                0x00000968                SendCANPacket
 .text.countAddFIFO
                0x000009a8       0x50 .\CortexM0\ARM_GCC_541\Debug\PortPSOC_swerve.o
                0x000009a8                countAddFIFO
 .text.CAN_FLAG_ISR
                0x000009f8      0x12c .\CortexM0\ARM_GCC_541\Debug\PortPSOC_swerve.o
                0x000009f8                CAN_FLAG_ISR
 .text.AssembleModeSetPacket
                0x00000b24       0x20 .\CortexM0\ARM_GCC_541\Debug\CANMotorUnit.o
                0x00000b24                AssembleModeSetPacket
 .text.AssemblePWMDirSetPacket
                0x00000b44       0x28 .\CortexM0\ARM_GCC_541\Debug\CANMotorUnit.o
                0x00000b44                AssemblePWMDirSetPacket
 .text.ConstructCANID
                0x00000b6c       0x1c .\CortexM0\ARM_GCC_541\Debug\CANPacket.o
                0x00000b6c                ConstructCANID
 .text.WritePacketIDOnly
                0x00000b88        0x8 .\CortexM0\ARM_GCC_541\Debug\CANPacket.o
                0x00000b88                WritePacketIDOnly
 .text.PackShortIntoDataMSBFirst
                0x00000b90        0xc .\CortexM0\ARM_GCC_541\Debug\CANPacket.o
                0x00000b90                PackShortIntoDataMSBFirst
 .text.cfg_write_bytes32
                0x00000b9c       0x34 .\CortexM0\ARM_GCC_541\Debug\cyfitter_cfg.o
 .text.CYMEMZERO
                0x00000bd0        0xc .\CortexM0\ARM_GCC_541\Debug\cyfitter_cfg.o
 .text.SetAnalogRoutingPumps
                0x00000bdc       0x20 .\CortexM0\ARM_GCC_541\Debug\cyfitter_cfg.o
                0x00000bdc                SetAnalogRoutingPumps
 .text.AnalogSetDefault
                0x00000bfc       0x3c .\CortexM0\ARM_GCC_541\Debug\cyfitter_cfg.o
 .text.IntDefaultHandler
                0x00000c38       0x10 .\CortexM0\ARM_GCC_541\Debug\Cm0Start.o
                0x00000c38                IntDefaultHandler
 .text._sbrk    0x00000c48       0x30 .\CortexM0\ARM_GCC_541\Debug\Cm0Start.o
                0x00000c48                _sbrk
 .text.Start_c  0x00000c78       0x48 .\CortexM0\ARM_GCC_541\Debug\Cm0Start.o
                0x00000c78                Start_c
 .text.initialize_psoc
                0x00000cc0       0x4c .\CortexM0\ARM_GCC_541\Debug\Cm0Start.o
                0x00000cc0                initialize_psoc
 .text.PWM_Motor1_WriteCompare
                0x00000d0c       0x10 .\CortexM0\ARM_GCC_541\Debug\SwerveMotorFirmware.a(PWM_Motor1.o)
                0x00000d0c                PWM_Motor1_WriteCompare
 .text.isr_Limit_1_SetVector
                0x00000d1c        0xc .\CortexM0\ARM_GCC_541\Debug\SwerveMotorFirmware.a(isr_Limit_1.o)
                0x00000d1c                isr_Limit_1_SetVector
 .text.isr_Limit_1_SetPriority
                0x00000d28       0x24 .\CortexM0\ARM_GCC_541\Debug\SwerveMotorFirmware.a(isr_Limit_1.o)
                0x00000d28                isr_Limit_1_SetPriority
 .text.isr_Limit_1_Enable
                0x00000d4c        0xc .\CortexM0\ARM_GCC_541\Debug\SwerveMotorFirmware.a(isr_Limit_1.o)
                0x00000d4c                isr_Limit_1_Enable
 .text.isr_Limit_1_Disable
                0x00000d58        0xc .\CortexM0\ARM_GCC_541\Debug\SwerveMotorFirmware.a(isr_Limit_1.o)
                0x00000d58                isr_Limit_1_Disable
 .text.isr_Limit_1_StartEx
                0x00000d64       0x1c .\CortexM0\ARM_GCC_541\Debug\SwerveMotorFirmware.a(isr_Limit_1.o)
                0x00000d64                isr_Limit_1_StartEx
 .text.QuadDec_SetCounter
                0x00000d80       0x24 .\CortexM0\ARM_GCC_541\Debug\SwerveMotorFirmware.a(QuadDec.o)
                0x00000d80                QuadDec_SetCounter
 .text.QuadDec_GetEvents
                0x00000da4       0x10 .\CortexM0\ARM_GCC_541\Debug\SwerveMotorFirmware.a(QuadDec.o)
                0x00000da4                QuadDec_GetEvents
 .text.QuadDec_SetInterruptMask
                0x00000db4        0xc .\CortexM0\ARM_GCC_541\Debug\SwerveMotorFirmware.a(QuadDec.o)
                0x00000db4                QuadDec_SetInterruptMask
 .text.QuadDec_Enable
                0x00000dc0       0x28 .\CortexM0\ARM_GCC_541\Debug\SwerveMotorFirmware.a(QuadDec.o)
                0x00000dc0                QuadDec_Enable
 .text.QuadDec_Start
                0x00000de8       0x28 .\CortexM0\ARM_GCC_541\Debug\SwerveMotorFirmware.a(QuadDec.o)
                0x00000de8                QuadDec_Start
 .text.CAN_GlobalIntEnable
                0x00000e10       0x1c .\CortexM0\ARM_GCC_541\Debug\SwerveMotorFirmware.a(CAN.o)
                0x00000e10                CAN_GlobalIntEnable
 .text.CAN_Enable
                0x00000e2c       0x48 .\CortexM0\ARM_GCC_541\Debug\SwerveMotorFirmware.a(CAN.o)
                0x00000e2c                CAN_Enable
 .text.CAN_SetPreScaler
                0x00000e74       0x38 .\CortexM0\ARM_GCC_541\Debug\SwerveMotorFirmware.a(CAN.o)
                0x00000e74                CAN_SetPreScaler
 .text.CAN_SetArbiter
                0x00000eac       0x40 .\CortexM0\ARM_GCC_541\Debug\SwerveMotorFirmware.a(CAN.o)
                0x00000eac                CAN_SetArbiter
 .text.CAN_SetTsegSample
                0x00000eec       0xa0 .\CortexM0\ARM_GCC_541\Debug\SwerveMotorFirmware.a(CAN.o)
                0x00000eec                CAN_SetTsegSample
 .text.CAN_SetRestartType
                0x00000f8c       0x38 .\CortexM0\ARM_GCC_541\Debug\SwerveMotorFirmware.a(CAN.o)
                0x00000f8c                CAN_SetRestartType
 .text.CAN_SetEdgeMode
                0x00000fc4       0x38 .\CortexM0\ARM_GCC_541\Debug\SwerveMotorFirmware.a(CAN.o)
                0x00000fc4                CAN_SetEdgeMode
 .text.CAN_SetIrqMask
                0x00000ffc       0x1c .\CortexM0\ARM_GCC_541\Debug\SwerveMotorFirmware.a(CAN.o)
                0x00000ffc                CAN_SetIrqMask
 .text.CAN_RxBufConfig
                0x00001018       0x98 .\CortexM0\ARM_GCC_541\Debug\SwerveMotorFirmware.a(CAN.o)
                0x00001018                CAN_RxBufConfig
 .text.CAN_TxBufConfig
                0x000010b0       0x58 .\CortexM0\ARM_GCC_541\Debug\SwerveMotorFirmware.a(CAN.o)
                0x000010b0                CAN_TxBufConfig
 .text.CAN_RxTxBuffersConfig
                0x00001108       0x54 .\CortexM0\ARM_GCC_541\Debug\SwerveMotorFirmware.a(CAN.o)
                0x00001108                CAN_RxTxBuffersConfig
 .text.CAN_SetSwapDataEndianness
                0x0000115c       0x40 .\CortexM0\ARM_GCC_541\Debug\SwerveMotorFirmware.a(CAN.o)
                0x0000115c                CAN_SetSwapDataEndianness
 .text.CAN_Init
                0x0000119c       0xe8 .\CortexM0\ARM_GCC_541\Debug\SwerveMotorFirmware.a(CAN.o)
                0x0000119c                CAN_Init
 .text.CAN_Start
                0x00001284       0x28 .\CortexM0\ARM_GCC_541\Debug\SwerveMotorFirmware.a(CAN.o)
                0x00001284                CAN_Start
 .text.CAN_ISR  0x000012ac        0x4 .\CortexM0\ARM_GCC_541\Debug\SwerveMotorFirmware.a(CAN_INT.o)
                0x000012ac                CAN_ISR
 .text.CAN_SendMsg
                0x000012b0      0x154 .\CortexM0\ARM_GCC_541\Debug\SwerveMotorFirmware.a(CAN_TX_RX_func.o)
                0x000012b0                CAN_SendMsg
 .text.UART_ScbEnableIntr
                0x00001404        0xc .\CortexM0\ARM_GCC_541\Debug\SwerveMotorFirmware.a(UART.o)
 .text.UART_ScbModePostEnable
                0x00001410        0x8 .\CortexM0\ARM_GCC_541\Debug\SwerveMotorFirmware.a(UART.o)
 .text.UART_Init
                0x00001418        0x8 .\CortexM0\ARM_GCC_541\Debug\SwerveMotorFirmware.a(UART.o)
                0x00001418                UART_Init
 .text.UART_Enable
                0x00001420       0x1c .\CortexM0\ARM_GCC_541\Debug\SwerveMotorFirmware.a(UART.o)
                0x00001420                UART_Enable
 .text.UART_Start
                0x0000143c       0x20 .\CortexM0\ARM_GCC_541\Debug\SwerveMotorFirmware.a(UART.o)
                0x0000143c                UART_Start
 .text.UART_SpiUartReadRxData
                0x0000145c       0x34 .\CortexM0\ARM_GCC_541\Debug\SwerveMotorFirmware.a(UART_SPI_UART.o)
                0x0000145c                UART_SpiUartReadRxData
 .text.UART_SpiUartGetRxBufferSize
                0x00001490       0x28 .\CortexM0\ARM_GCC_541\Debug\SwerveMotorFirmware.a(UART_SPI_UART.o)
                0x00001490                UART_SpiUartGetRxBufferSize
 .text.UART_SpiUartClearRxBuffer
                0x000014b8       0x54 .\CortexM0\ARM_GCC_541\Debug\SwerveMotorFirmware.a(UART_SPI_UART.o)
                0x000014b8                UART_SpiUartClearRxBuffer
 .text.UART_SpiUartWriteTxData
                0x0000150c       0x1c .\CortexM0\ARM_GCC_541\Debug\SwerveMotorFirmware.a(UART_SPI_UART.o)
                0x0000150c                UART_SpiUartWriteTxData
 .text.UART_UartInit
                0x00001528       0xdc .\CortexM0\ARM_GCC_541\Debug\SwerveMotorFirmware.a(UART_UART.o)
                0x00001528                UART_UartInit
 .text.UART_UartPostEnable
                0x00001604       0x24 .\CortexM0\ARM_GCC_541\Debug\SwerveMotorFirmware.a(UART_UART.o)
                0x00001604                UART_UartPostEnable
 .text.UART_UartGetChar
                0x00001628       0x2c .\CortexM0\ARM_GCC_541\Debug\SwerveMotorFirmware.a(UART_UART.o)
                0x00001628                UART_UartGetChar
 .text.UART_UartPutString
                0x00001654       0x18 .\CortexM0\ARM_GCC_541\Debug\SwerveMotorFirmware.a(UART_UART.o)
                0x00001654                UART_UartPutString
 .text.Dip1_Read
                0x0000166c       0x10 .\CortexM0\ARM_GCC_541\Debug\SwerveMotorFirmware.a(Dip1.o)
                0x0000166c                Dip1_Read
 .text.Dip2_Read
                0x0000167c       0x10 .\CortexM0\ARM_GCC_541\Debug\SwerveMotorFirmware.a(Dip2.o)
                0x0000167c                Dip2_Read
 .text.Dip3_Read
                0x0000168c       0x10 .\CortexM0\ARM_GCC_541\Debug\SwerveMotorFirmware.a(Dip3.o)
                0x0000168c                Dip3_Read
 .text.Dip4_Read
                0x0000169c       0x10 .\CortexM0\ARM_GCC_541\Debug\SwerveMotorFirmware.a(Dip4.o)
                0x0000169c                Dip4_Read
 .text.Timer_1_Enable
                0x000016ac       0x14 .\CortexM0\ARM_GCC_541\Debug\SwerveMotorFirmware.a(Timer_1.o)
                0x000016ac                Timer_1_Enable
 .text.Timer_1_SetInterruptMode
                0x000016c0        0xc .\CortexM0\ARM_GCC_541\Debug\SwerveMotorFirmware.a(Timer_1.o)
                0x000016c0                Timer_1_SetInterruptMode
 .text.Timer_1_ReadStatusRegister
                0x000016cc        0xc .\CortexM0\ARM_GCC_541\Debug\SwerveMotorFirmware.a(Timer_1.o)
                0x000016cc                Timer_1_ReadStatusRegister
 .text.Timer_1_WritePeriod
                0x000016d8       0x10 .\CortexM0\ARM_GCC_541\Debug\SwerveMotorFirmware.a(Timer_1.o)
                0x000016d8                Timer_1_WritePeriod
 .text.Timer_1_ReadCapture
                0x000016e8       0x10 .\CortexM0\ARM_GCC_541\Debug\SwerveMotorFirmware.a(Timer_1.o)
                0x000016e8                Timer_1_ReadCapture
 .text.Timer_1_WriteCounter
                0x000016f8       0x10 .\CortexM0\ARM_GCC_541\Debug\SwerveMotorFirmware.a(Timer_1.o)
                0x000016f8                Timer_1_WriteCounter
 .text.Timer_1_ClearFIFO
                0x00001708       0x14 .\CortexM0\ARM_GCC_541\Debug\SwerveMotorFirmware.a(Timer_1.o)
                0x00001708                Timer_1_ClearFIFO
 .text.Timer_1_Init
                0x0000171c       0x38 .\CortexM0\ARM_GCC_541\Debug\SwerveMotorFirmware.a(Timer_1.o)
                0x0000171c                Timer_1_Init
 .text.Timer_1_Start
                0x00001754       0x20 .\CortexM0\ARM_GCC_541\Debug\SwerveMotorFirmware.a(Timer_1.o)
                0x00001754                Timer_1_Start
 .text.isr_period_SetVector
                0x00001774        0xc .\CortexM0\ARM_GCC_541\Debug\SwerveMotorFirmware.a(isr_period.o)
                0x00001774                isr_period_SetVector
 .text.isr_period_SetPriority
                0x00001780       0x20 .\CortexM0\ARM_GCC_541\Debug\SwerveMotorFirmware.a(isr_period.o)
                0x00001780                isr_period_SetPriority
 .text.isr_period_Enable
                0x000017a0        0xc .\CortexM0\ARM_GCC_541\Debug\SwerveMotorFirmware.a(isr_period.o)
                0x000017a0                isr_period_Enable
 .text.isr_period_Disable
                0x000017ac        0xc .\CortexM0\ARM_GCC_541\Debug\SwerveMotorFirmware.a(isr_period.o)
                0x000017ac                isr_period_Disable
 .text.isr_period_StartEx
                0x000017b8       0x1c .\CortexM0\ARM_GCC_541\Debug\SwerveMotorFirmware.a(isr_period.o)
                0x000017b8                isr_period_StartEx
 .text.LED_Debug1_Write
                0x000017d4       0x18 .\CortexM0\ARM_GCC_541\Debug\SwerveMotorFirmware.a(LED_Debug1.o)
                0x000017d4                LED_Debug1_Write
 .text.LED_Debug2_Write
                0x000017ec       0x18 .\CortexM0\ARM_GCC_541\Debug\SwerveMotorFirmware.a(LED_Debug2.o)
                0x000017ec                LED_Debug2_Write
 .text.LED_CAN_Write
                0x00001804       0x18 .\CortexM0\ARM_GCC_541\Debug\SwerveMotorFirmware.a(LED_CAN.o)
                0x00001804                LED_CAN_Write
 .text.LED_Error_Write
                0x0000181c       0x18 .\CortexM0\ARM_GCC_541\Debug\SwerveMotorFirmware.a(LED_Error.o)
                0x0000181c                LED_Error_Write
 .text.StripLights_FISR
                0x00001834       0x60 .\CortexM0\ARM_GCC_541\Debug\SwerveMotorFirmware.a(StripLights.o)
                0x00001834                StripLights_FISR
 .text.StripLights_CISR
                0x00001894       0x7c .\CortexM0\ARM_GCC_541\Debug\SwerveMotorFirmware.a(StripLights.o)
                0x00001894                StripLights_CISR
 .text.StripLights_Trigger
                0x00001910       0x6c .\CortexM0\ARM_GCC_541\Debug\SwerveMotorFirmware.a(StripLights.o)
                0x00001910                StripLights_Trigger
 .text.StripLights_Ready
                0x0000197c       0x1c .\CortexM0\ARM_GCC_541\Debug\SwerveMotorFirmware.a(StripLights.o)
                0x0000197c                StripLights_Ready
 .text.StripLights_MemClear
                0x00001998       0x28 .\CortexM0\ARM_GCC_541\Debug\SwerveMotorFirmware.a(StripLights.o)
                0x00001998                StripLights_MemClear
 .text.StripLights_Pixel
                0x000019c0       0x24 .\CortexM0\ARM_GCC_541\Debug\SwerveMotorFirmware.a(StripLights.o)
                0x000019c0                StripLights_Pixel
 .text.StripLights_Dim
                0x000019e4       0x78 .\CortexM0\ARM_GCC_541\Debug\SwerveMotorFirmware.a(StripLights.o)
                0x000019e4                StripLights_Dim
 .text.StripLights_Start
                0x00001a5c       0x7c .\CortexM0\ARM_GCC_541\Debug\SwerveMotorFirmware.a(StripLights.o)
                0x00001a5c                StripLights_Start
 .text.StripLights_SetFont
                0x00001ad8       0x4c .\CortexM0\ARM_GCC_541\Debug\SwerveMotorFirmware.a(StripLights_fonts.o)
                0x00001ad8                StripLights_SetFont
 .text.PWM_Motor2_WriteCompare
                0x00001b24       0x10 .\CortexM0\ARM_GCC_541\Debug\SwerveMotorFirmware.a(PWM_Motor2.o)
                0x00001b24                PWM_Motor2_WriteCompare
 .text.Motor1Direction_Write
                0x00001b34       0x18 .\CortexM0\ARM_GCC_541\Debug\SwerveMotorFirmware.a(Motor1Direction.o)
                0x00001b34                Motor1Direction_Write
 .text.Motor2Direction_Write
                0x00001b4c       0x18 .\CortexM0\ARM_GCC_541\Debug\SwerveMotorFirmware.a(Motor2Direction.o)
                0x00001b4c                Motor2Direction_Write
 .text.QuadDec_Cnt16_Enable
                0x00001b64       0x14 .\CortexM0\ARM_GCC_541\Debug\SwerveMotorFirmware.a(QuadDec_Cnt16.o)
                0x00001b64                QuadDec_Cnt16_Enable
 .text.QuadDec_Cnt16_SetInterruptMode
                0x00001b78        0xc .\CortexM0\ARM_GCC_541\Debug\SwerveMotorFirmware.a(QuadDec_Cnt16.o)
                0x00001b78                QuadDec_Cnt16_SetInterruptMode
 .text.QuadDec_Cnt16_ReadStatusRegister
                0x00001b84        0xc .\CortexM0\ARM_GCC_541\Debug\SwerveMotorFirmware.a(QuadDec_Cnt16.o)
                0x00001b84                QuadDec_Cnt16_ReadStatusRegister
 .text.QuadDec_Cnt16_WriteCounter
                0x00001b90        0xc .\CortexM0\ARM_GCC_541\Debug\SwerveMotorFirmware.a(QuadDec_Cnt16.o)
                0x00001b90                QuadDec_Cnt16_WriteCounter
 .text.QuadDec_Cnt16_ReadCapture
                0x00001b9c        0xc .\CortexM0\ARM_GCC_541\Debug\SwerveMotorFirmware.a(QuadDec_Cnt16.o)
                0x00001b9c                QuadDec_Cnt16_ReadCapture
 .text.QuadDec_Cnt16_WritePeriod
                0x00001ba8        0xc .\CortexM0\ARM_GCC_541\Debug\SwerveMotorFirmware.a(QuadDec_Cnt16.o)
                0x00001ba8                QuadDec_Cnt16_WritePeriod
 .text.QuadDec_Cnt16_WriteCompare
                0x00001bb4        0xc .\CortexM0\ARM_GCC_541\Debug\SwerveMotorFirmware.a(QuadDec_Cnt16.o)
                0x00001bb4                QuadDec_Cnt16_WriteCompare
 .text.QuadDec_Cnt16_ClearFIFO
                0x00001bc0       0x14 .\CortexM0\ARM_GCC_541\Debug\SwerveMotorFirmware.a(QuadDec_Cnt16.o)
                0x00001bc0                QuadDec_Cnt16_ClearFIFO
 .text.QuadDec_Cnt16_Init
                0x00001bd4       0x58 .\CortexM0\ARM_GCC_541\Debug\SwerveMotorFirmware.a(QuadDec_Cnt16.o)
                0x00001bd4                QuadDec_Cnt16_Init
 .text.QuadDec_Cnt16_Start
                0x00001c2c       0x20 .\CortexM0\ARM_GCC_541\Debug\SwerveMotorFirmware.a(QuadDec_Cnt16.o)
                0x00001c2c                QuadDec_Cnt16_Start
 .text.StripLights_cisr_SetVector
                0x00001c4c        0xc .\CortexM0\ARM_GCC_541\Debug\SwerveMotorFirmware.a(StripLights_cisr.o)
                0x00001c4c                StripLights_cisr_SetVector
 .text.StripLights_cisr_SetPriority
                0x00001c58       0x20 .\CortexM0\ARM_GCC_541\Debug\SwerveMotorFirmware.a(StripLights_cisr.o)
                0x00001c58                StripLights_cisr_SetPriority
 .text.StripLights_cisr_Enable
                0x00001c78        0xc .\CortexM0\ARM_GCC_541\Debug\SwerveMotorFirmware.a(StripLights_cisr.o)
                0x00001c78                StripLights_cisr_Enable
 .text.StripLights_cisr_Disable
                0x00001c84        0xc .\CortexM0\ARM_GCC_541\Debug\SwerveMotorFirmware.a(StripLights_cisr.o)
                0x00001c84                StripLights_cisr_Disable
 .text.StripLights_cisr_StartEx
                0x00001c90       0x1c .\CortexM0\ARM_GCC_541\Debug\SwerveMotorFirmware.a(StripLights_cisr.o)
                0x00001c90                StripLights_cisr_StartEx
 .text.StripLights_fisr_SetVector
                0x00001cac        0xc .\CortexM0\ARM_GCC_541\Debug\SwerveMotorFirmware.a(StripLights_fisr.o)
                0x00001cac                StripLights_fisr_SetVector
 .text.StripLights_fisr_SetPriority
                0x00001cb8       0x24 .\CortexM0\ARM_GCC_541\Debug\SwerveMotorFirmware.a(StripLights_fisr.o)
                0x00001cb8                StripLights_fisr_SetPriority
 .text.StripLights_fisr_Enable
                0x00001cdc        0xc .\CortexM0\ARM_GCC_541\Debug\SwerveMotorFirmware.a(StripLights_fisr.o)
                0x00001cdc                StripLights_fisr_Enable
 .text.StripLights_fisr_Disable
                0x00001ce8        0xc .\CortexM0\ARM_GCC_541\Debug\SwerveMotorFirmware.a(StripLights_fisr.o)
                0x00001ce8                StripLights_fisr_Disable
 .text.StripLights_fisr_StartEx
                0x00001cf4       0x1c .\CortexM0\ARM_GCC_541\Debug\SwerveMotorFirmware.a(StripLights_fisr.o)
                0x00001cf4                StripLights_fisr_StartEx
 .text.CySysClkImoSetPwrBgTrim5
                0x00001d10       0x30 .\CortexM0\ARM_GCC_541\Debug\SwerveMotorFirmware.a(CyLib.o)
 .text.CySysClkImoSetImoTrims
                0x00001d40       0xb0 .\CortexM0\ARM_GCC_541\Debug\SwerveMotorFirmware.a(CyLib.o)
 .text.CySysClkImoDisableWcoLock
                0x00001df0       0x54 .\CortexM0\ARM_GCC_541\Debug\SwerveMotorFirmware.a(CyLib.o)
                0x00001df0                CySysClkImoDisableWcoLock
 .text.CySysClkImoGetWcoLock
                0x00001e44       0x14 .\CortexM0\ARM_GCC_541\Debug\SwerveMotorFirmware.a(CyLib.o)
                0x00001e44                CySysClkImoGetWcoLock
 .text.CySysClkImoEnableUsbLock
                0x00001e58       0x44 .\CortexM0\ARM_GCC_541\Debug\SwerveMotorFirmware.a(CyLib.o)
                0x00001e58                CySysClkImoEnableUsbLock
 .text.CySysClkImoDisableUsbLock
                0x00001e9c       0x74 .\CortexM0\ARM_GCC_541\Debug\SwerveMotorFirmware.a(CyLib.o)
                0x00001e9c                CySysClkImoDisableUsbLock
 .text.CySysClkImoGetUsbLock
                0x00001f10       0x14 .\CortexM0\ARM_GCC_541\Debug\SwerveMotorFirmware.a(CyLib.o)
                0x00001f10                CySysClkImoGetUsbLock
 .text.CyIntEnable
                0x00001f24       0x14 .\CortexM0\ARM_GCC_541\Debug\SwerveMotorFirmware.a(CyLib.o)
                0x00001f24                CyIntEnable
 .text.CyIntDisable
                0x00001f38       0x14 .\CortexM0\ARM_GCC_541\Debug\SwerveMotorFirmware.a(CyLib.o)
                0x00001f38                CyIntDisable
 .text.CyHalt   0x00001f4c        0x4 .\CortexM0\ARM_GCC_541\Debug\SwerveMotorFirmware.a(CyLib.o)
                0x00001f4c                CyHalt
 .text.CyIntSetVector
                0x00001f50       0x24 .\CortexM0\ARM_GCC_541\Debug\SwerveMotorFirmware.a(CyLib.o)
                0x00001f50                CyIntSetVector
 .text.CyIntSetPriority
                0x00001f74       0x4c .\CortexM0\ARM_GCC_541\Debug\SwerveMotorFirmware.a(CyLib.o)
                0x00001f74                CyIntSetPriority
 .text.CyDelay  0x00001fc0       0x30 .\CortexM0\ARM_GCC_541\Debug\SwerveMotorFirmware.a(CyLib.o)
                0x00001fc0                CyDelay
 .text.CySysClkImoEnableWcoLock
                0x00001ff0      0x104 .\CortexM0\ARM_GCC_541\Debug\SwerveMotorFirmware.a(CyLib.o)
                0x00001ff0                CySysClkImoEnableWcoLock
 .text.CyDelayUs
                0x000020f4       0x14 .\CortexM0\ARM_GCC_541\Debug\SwerveMotorFirmware.a(CyLib.o)
                0x000020f4                CyDelayUs
 .text.CySysClkWriteImoFreq
                0x00002108      0x1bc .\CortexM0\ARM_GCC_541\Debug\SwerveMotorFirmware.a(CyLib.o)
                0x00002108                CySysClkWriteImoFreq
 .text.CySetReg24
                0x000022c4       0x14 .\CortexM0\ARM_GCC_541\Debug\SwerveMotorFirmware.a(cyutils.o)
                0x000022c4                CySetReg24
 .text.CyGetReg24
                0x000022d8       0x14 .\CortexM0\ARM_GCC_541\Debug\SwerveMotorFirmware.a(cyutils.o)
                0x000022d8                CyGetReg24
 .text.CySysWdtLocked
                0x000022ec       0x14 .\CortexM0\ARM_GCC_541\Debug\SwerveMotorFirmware.a(CyLFClk.o)
 .text.CySysClkWcoEnabled
                0x00002300       0x14 .\CortexM0\ARM_GCC_541\Debug\SwerveMotorFirmware.a(CyLFClk.o)
                0x00002300                CySysClkWcoEnabled
 .text.CySysWdtLock
                0x00002314       0x1c .\CortexM0\ARM_GCC_541\Debug\SwerveMotorFirmware.a(CyLFClk.o)
                0x00002314                CySysWdtLock
 .text.CySysWdtUnlock
                0x00002330       0x30 .\CortexM0\ARM_GCC_541\Debug\SwerveMotorFirmware.a(CyLFClk.o)
                0x00002330                CySysWdtUnlock
 .text.CySysWdtClearInterrupt
                0x00002360       0x4c .\CortexM0\ARM_GCC_541\Debug\SwerveMotorFirmware.a(CyLFClk.o)
                0x00002360                CySysWdtClearInterrupt
 .text.CySysWdtIsr
                0x000023ac       0xa4 .\CortexM0\ARM_GCC_541\Debug\SwerveMotorFirmware.a(CyLFClk.o)
                0x000023ac                CySysWdtIsr
 .text          0x00002450       0x20 .\CortexM0\ARM_GCC_541\Debug\SwerveMotorFirmware.a(CyBootAsmGnu.o)
                0x00002450                CyDelayCycles
                0x00002462                CyEnterCriticalSection
                0x0000246a                CyExitCriticalSection
 .text.UART_SPI_UART_ISR
                0x00002470       0x78 .\CortexM0\ARM_GCC_541\Debug\SwerveMotorFirmware.a(UART_SPI_UART_INT.o)
                0x00002470                UART_SPI_UART_ISR
 .text.CySysFlashSetWaitCycles
                0x000024e8       0x54 .\CortexM0\ARM_GCC_541\Debug\SwerveMotorFirmware.a(CyFlash.o)
                0x000024e8                CySysFlashSetWaitCycles
 .text          0x0000253c      0x114 c:/program files (x86)/cypress/psoc creator/4.4/psoc creator/import/gnu/arm/5.4.1/bin/../lib/gcc/arm-none-eabi/5.4.1/armv6-m\libgcc.a(_udivsi3.o)
                0x0000253c                __aeabi_uidiv
                0x0000253c                __udivsi3
                0x00002648                __aeabi_uidivmod
 .text          0x00002650        0x4 c:/program files (x86)/cypress/psoc creator/4.4/psoc creator/import/gnu/arm/5.4.1/bin/../lib/gcc/arm-none-eabi/5.4.1/armv6-m\libgcc.a(_dvmd_tls.o)
                0x00002650                __aeabi_idiv0
                0x00002650                __aeabi_ldiv0
 .text.atoi     0x00002654        0xc c:/program files (x86)/cypress/psoc creator/4.4/psoc creator/import/gnu/arm/5.4.1/bin/../lib/gcc/arm-none-eabi/5.4.1/../../../../arm-none-eabi/lib/armv6-m\libg_nano.a(lib_a-atoi.o)
                0x00002654                atoi
 .text.__errno  0x00002660        0xc c:/program files (x86)/cypress/psoc creator/4.4/psoc creator/import/gnu/arm/5.4.1/bin/../lib/gcc/arm-none-eabi/5.4.1/../../../../arm-none-eabi/lib/armv6-m\libg_nano.a(lib_a-errno.o)
                0x00002660                __errno
 .text.__libc_init_array
                0x0000266c       0x4c c:/program files (x86)/cypress/psoc creator/4.4/psoc creator/import/gnu/arm/5.4.1/bin/../lib/gcc/arm-none-eabi/5.4.1/../../../../arm-none-eabi/lib/armv6-m\libg_nano.a(lib_a-init.o)
                0x0000266c                __libc_init_array
 .text.memcpy   0x000026b8       0x12 c:/program files (x86)/cypress/psoc creator/4.4/psoc creator/import/gnu/arm/5.4.1/bin/../lib/gcc/arm-none-eabi/5.4.1/../../../../arm-none-eabi/lib/armv6-m\libg_nano.a(lib_a-memcpy-stub.o)
                0x000026b8                memcpy
 .text.memset   0x000026ca       0x10 c:/program files (x86)/cypress/psoc creator/4.4/psoc creator/import/gnu/arm/5.4.1/bin/../lib/gcc/arm-none-eabi/5.4.1/../../../../arm-none-eabi/lib/armv6-m\libg_nano.a(lib_a-memset.o)
                0x000026ca                memset
 *fill*         0x000026da        0x2 
 .text.sprintf  0x000026dc       0x44 c:/program files (x86)/cypress/psoc creator/4.4/psoc creator/import/gnu/arm/5.4.1/bin/../lib/gcc/arm-none-eabi/5.4.1/../../../../arm-none-eabi/lib/armv6-m\libg_nano.a(lib_a-sprintf.o)
                0x000026dc                siprintf
                0x000026dc                sprintf
 .text._strtol_r
                0x00002720      0x124 c:/program files (x86)/cypress/psoc creator/4.4/psoc creator/import/gnu/arm/5.4.1/bin/../lib/gcc/arm-none-eabi/5.4.1/../../../../arm-none-eabi/lib/armv6-m\libg_nano.a(lib_a-strtol.o)
                0x00002720                _strtol_r
 .text.strtol   0x00002844       0x18 c:/program files (x86)/cypress/psoc creator/4.4/psoc creator/import/gnu/arm/5.4.1/bin/../lib/gcc/arm-none-eabi/5.4.1/../../../../arm-none-eabi/lib/armv6-m\libg_nano.a(lib_a-strtol.o)
                0x00002844                strtol
 .text.__ssputs_r
                0x0000285c       0xc4 c:/program files (x86)/cypress/psoc creator/4.4/psoc creator/import/gnu/arm/5.4.1/bin/../lib/gcc/arm-none-eabi/5.4.1/../../../../arm-none-eabi/lib/armv6-m\libg_nano.a(lib_a-nano-svfprintf.o)
                0x0000285c                __ssputs_r
 .text._svfprintf_r
                0x00002920      0x1fc c:/program files (x86)/cypress/psoc creator/4.4/psoc creator/import/gnu/arm/5.4.1/bin/../lib/gcc/arm-none-eabi/5.4.1/../../../../arm-none-eabi/lib/armv6-m\libg_nano.a(lib_a-nano-svfprintf.o)
                0x00002920                _svfiprintf_r
                0x00002920                _svfprintf_r
 .text._printf_common
                0x00002b1c       0xdc c:/program files (x86)/cypress/psoc creator/4.4/psoc creator/import/gnu/arm/5.4.1/bin/../lib/gcc/arm-none-eabi/5.4.1/../../../../arm-none-eabi/lib/armv6-m\libg_nano.a(lib_a-nano-vfprintf_i.o)
                0x00002b1c                _printf_common
 .text._printf_i
                0x00002bf8      0x244 c:/program files (x86)/cypress/psoc creator/4.4/psoc creator/import/gnu/arm/5.4.1/bin/../lib/gcc/arm-none-eabi/5.4.1/../../../../arm-none-eabi/lib/armv6-m\libg_nano.a(lib_a-nano-vfprintf_i.o)
                0x00002bf8                _printf_i
 .text.memchr   0x00002e3c       0x16 c:/program files (x86)/cypress/psoc creator/4.4/psoc creator/import/gnu/arm/5.4.1/bin/../lib/gcc/arm-none-eabi/5.4.1/../../../../arm-none-eabi/lib/armv6-m\libg_nano.a(lib_a-memchr-stub.o)
                0x00002e3c                memchr
 .text.memmove  0x00002e52       0x2a c:/program files (x86)/cypress/psoc creator/4.4/psoc creator/import/gnu/arm/5.4.1/bin/../lib/gcc/arm-none-eabi/5.4.1/../../../../arm-none-eabi/lib/armv6-m\libg_nano.a(lib_a-memmove.o)
                0x00002e52                memmove
 .text._free_r  0x00002e7c       0x98 c:/program files (x86)/cypress/psoc creator/4.4/psoc creator/import/gnu/arm/5.4.1/bin/../lib/gcc/arm-none-eabi/5.4.1/../../../../arm-none-eabi/lib/armv6-m\libg_nano.a(lib_a-nano-freer.o)
                0x00002e7c                _free_r
 .text._malloc_r
                0x00002f14       0xc0 c:/program files (x86)/cypress/psoc creator/4.4/psoc creator/import/gnu/arm/5.4.1/bin/../lib/gcc/arm-none-eabi/5.4.1/../../../../arm-none-eabi/lib/armv6-m\libg_nano.a(lib_a-nano-mallocr.o)
                0x00002f14                _malloc_r
 .text._realloc_r
                0x00002fd4       0x4c c:/program files (x86)/cypress/psoc creator/4.4/psoc creator/import/gnu/arm/5.4.1/bin/../lib/gcc/arm-none-eabi/5.4.1/../../../../arm-none-eabi/lib/armv6-m\libg_nano.a(lib_a-nano-reallocr.o)
                0x00002fd4                _realloc_r
 .text._sbrk_r  0x00003020       0x24 c:/program files (x86)/cypress/psoc creator/4.4/psoc creator/import/gnu/arm/5.4.1/bin/../lib/gcc/arm-none-eabi/5.4.1/../../../../arm-none-eabi/lib/armv6-m\libg_nano.a(lib_a-sbrkr.o)
                0x00003020                _sbrk_r
 .text.__malloc_lock
                0x00003044        0x2 c:/program files (x86)/cypress/psoc creator/4.4/psoc creator/import/gnu/arm/5.4.1/bin/../lib/gcc/arm-none-eabi/5.4.1/../../../../arm-none-eabi/lib/armv6-m\libg_nano.a(lib_a-mlock.o)
                0x00003044                __malloc_lock
 .text.__malloc_unlock
                0x00003046        0x2 c:/program files (x86)/cypress/psoc creator/4.4/psoc creator/import/gnu/arm/5.4.1/bin/../lib/gcc/arm-none-eabi/5.4.1/../../../../arm-none-eabi/lib/armv6-m\libg_nano.a(lib_a-mlock.o)
                0x00003046                __malloc_unlock
 .text._malloc_usable_size_r
                0x00003048       0x16 c:/program files (x86)/cypress/psoc creator/4.4/psoc creator/import/gnu/arm/5.4.1/bin/../lib/gcc/arm-none-eabi/5.4.1/../../../../arm-none-eabi/lib/armv6-m\libg_nano.a(lib_a-nano-msizer.o)
                0x00003048                _malloc_usable_size_r
 *(.plt)
 *(.gnu.warning)
 *(.glue_7t)
 .glue_7t       0x0000305e        0x0 linker stubs
 *(.glue_7)
 .glue_7        0x0000305e        0x0 linker stubs
 *(.vfp11_veneer)
 .vfp11_veneer  0x0000305e        0x0 linker stubs
 *(.bootloader)
 *(.ARM.extab* .gnu.linkonce.armextab.*)
 *(.gcc_except_table)

.v4_bx          0x00003060        0x0
 .v4_bx         0x00003060        0x0 linker stubs

.iplt           0x00003060        0x0
 .iplt          0x00003060        0x0 c:/program files (x86)/cypress/psoc creator/4.4/psoc creator/import/gnu/arm/5.4.1/bin/../lib/gcc/arm-none-eabi/5.4.1/armv6-m/crtbegin.o

.eh_frame_hdr
 *(.eh_frame_hdr)

.eh_frame       0x00003060        0x4
 *(.eh_frame)
 .eh_frame      0x00003060        0x0 c:/program files (x86)/cypress/psoc creator/4.4/psoc creator/import/gnu/arm/5.4.1/bin/../lib/gcc/arm-none-eabi/5.4.1/armv6-m/crtbegin.o
 .eh_frame      0x00003060        0x4 c:/program files (x86)/cypress/psoc creator/4.4/psoc creator/import/gnu/arm/5.4.1/bin/../lib/gcc/arm-none-eabi/5.4.1/armv6-m/crtend.o
                [!provide]                PROVIDE (__exidx_start, .)

.ARM.exidx
 *(.ARM.exidx* .gnu.linkonce.armexidx.*)
                0x00003064                __exidx_end = .

.rodata         0x00003064      0xffc
 *(.rodata .rodata.* .gnu.linkonce.r.*)
 .rodata.str1.4
                0x00003064      0x39c .\CortexM0\ARM_GCC_541\Debug\DebugMessages.o
                                0x39a (size before relaxing)
 .rodata        0x00003400      0x5a4 .\CortexM0\ARM_GCC_541\Debug\cyfitter_cfg.o
 .rodata        0x000039a4      0x160 .\CortexM0\ARM_GCC_541\Debug\SwerveMotorFirmware.a(CAN.o)
 .rodata        0x00003b04      0x1e0 .\CortexM0\ARM_GCC_541\Debug\SwerveMotorFirmware.a(StripLights.o)
                0x00003b04                StripLights_CLUT
 .rodata        0x00003ce4      0x1e0 .\CortexM0\ARM_GCC_541\Debug\SwerveMotorFirmware.a(StripLights_fonts.o)
                0x00003ce4                StripLights_Font5x7
 .rodata        0x00003ec4       0x2e .\CortexM0\ARM_GCC_541\Debug\SwerveMotorFirmware.a(CyLib.o)
                0x00003ec4                cyImoFreqMhz2Reg
 .rodata.str1.1
                0x00003ef2        0x2 c:/program files (x86)/cypress/psoc creator/4.4/psoc creator/import/gnu/arm/5.4.1/bin/../lib/gcc/arm-none-eabi/5.4.1/../../../../arm-none-eabi/lib/armv6-m\libg_nano.a(lib_a-impure.o)
 .rodata._ctype_
                0x00003ef4      0x101 c:/program files (x86)/cypress/psoc creator/4.4/psoc creator/import/gnu/arm/5.4.1/bin/../lib/gcc/arm-none-eabi/5.4.1/../../../../arm-none-eabi/lib/armv6-m\libg_nano.a(lib_a-ctype_.o)
                0x00003ef4                _ctype_
 .rodata.str1.1
                0x00003ff5       0x11 c:/program files (x86)/cypress/psoc creator/4.4/psoc creator/import/gnu/arm/5.4.1/bin/../lib/gcc/arm-none-eabi/5.4.1/../../../../arm-none-eabi/lib/armv6-m\libg_nano.a(lib_a-nano-svfprintf.o)
 .rodata.str1.1
                0x00004006       0x22 c:/program files (x86)/cypress/psoc creator/4.4/psoc creator/import/gnu/arm/5.4.1/bin/../lib/gcc/arm-none-eabi/5.4.1/../../../../arm-none-eabi/lib/armv6-m\libg_nano.a(lib_a-nano-vfprintf_i.o)
                0x00004028                . = ALIGN (0x4)
 *(.init)
 .init          0x00004028        0x4 c:/program files (x86)/cypress/psoc creator/4.4/psoc creator/import/gnu/arm/5.4.1/bin/../lib/gcc/arm-none-eabi/5.4.1/armv6-m/crti.o
                0x00004028                _init
 .init          0x0000402c        0x8 c:/program files (x86)/cypress/psoc creator/4.4/psoc creator/import/gnu/arm/5.4.1/bin/../lib/gcc/arm-none-eabi/5.4.1/armv6-m/crtn.o
                0x00004034                . = ALIGN (0x4)
                0x00004034                __preinit_array_start = .
 *(.preinit_array)
                0x00004034                __preinit_array_end = .
                0x00004034                . = ALIGN (0x4)
                0x00004034                __init_array_start = .
 *(SORT(.init_array.*))
 *(.init_array)
 .init_array    0x00004034        0x4 c:/program files (x86)/cypress/psoc creator/4.4/psoc creator/import/gnu/arm/5.4.1/bin/../lib/gcc/arm-none-eabi/5.4.1/armv6-m/crtbegin.o
 .init_array    0x00004038        0x4 .\CortexM0\ARM_GCC_541\Debug\Cm0Start.o
                0x0000403c                __init_array_end = .
                0x0000403c                . = ALIGN (0x4)
 *(.fini)
 .fini          0x0000403c        0x4 c:/program files (x86)/cypress/psoc creator/4.4/psoc creator/import/gnu/arm/5.4.1/bin/../lib/gcc/arm-none-eabi/5.4.1/armv6-m/crti.o
                0x0000403c                _fini
 .fini          0x00004040        0x8 c:/program files (x86)/cypress/psoc creator/4.4/psoc creator/import/gnu/arm/5.4.1/bin/../lib/gcc/arm-none-eabi/5.4.1/armv6-m/crtn.o
                0x00004048                . = ALIGN (0x4)
                0x00004048                __fini_array_start = .
 *(.fini_array)
 .fini_array    0x00004048        0x4 c:/program files (x86)/cypress/psoc creator/4.4/psoc creator/import/gnu/arm/5.4.1/bin/../lib/gcc/arm-none-eabi/5.4.1/armv6-m/crtbegin.o
 *(SORT(.fini_array.*))
                0x0000404c                __fini_array_end = .
                0x0000404c                . = ALIGN (0x4)
 *crtbegin.o(.ctors)
 *(EXCLUDE_FILE(*crtend.o) .ctors)
 *(SORT(.ctors.*))
 *crtend.o(.ctors)
                0x0000404c                . = ALIGN (0x4)
 *crtbegin.o(.dtors)
 *(EXCLUDE_FILE(*crtend.o) .dtors)
 *(SORT(.dtors.*))
 *crtend.o(.dtors)
                0x0000404c                . = ALIGN (0x4)
                0x0000404c                __cy_regions = .
                0x0000404c        0x4 LONG 0x4060 __cy_region_init_ram
                0x00004050        0x4 LONG 0x200000c0 __cy_region_start_data
                0x00004054        0x4 LONG 0x90 __cy_region_init_size_ram
                0x00004058        0x4 LONG 0x228 __cy_region_zero_size_ram
                0x0000405c                __cy_regions_end = .
                0x00004060                . = ALIGN (0x8)
 *fill*         0x0000405c        0x4 
                0x00004060                _etext = .

.cy_checksum_exclude
                0x00004060        0x0
 *(.cy_checksum_exclude)

.ramvectors     0x20000000       0xc0
                0x20000000                __cy_region_start_ram = .
 *(.ramvectors)
 .ramvectors    0x20000000       0xc0 .\CortexM0\ARM_GCC_541\Debug\Cm0Start.o
                0x20000000                CyRamVectors

.noinit
 *(.noinit)

.data           0x200000c0       0x90 load address 0x00004060
                0x200000c0                __cy_region_start_data = .
 *(.jcr)
 .jcr           0x200000c0        0x0 c:/program files (x86)/cypress/psoc creator/4.4/psoc creator/import/gnu/arm/5.4.1/bin/../lib/gcc/arm-none-eabi/5.4.1/armv6-m/crtbegin.o
 .jcr           0x200000c0        0x4 c:/program files (x86)/cypress/psoc creator/4.4/psoc creator/import/gnu/arm/5.4.1/bin/../lib/gcc/arm-none-eabi/5.4.1/armv6-m/crtend.o
 *(.got.plt)
 *(.got)
 *(.shdata)
 *(.data .data.* .gnu.linkonce.d.*)
 .data          0x200000c4        0x1 .\CortexM0\ARM_GCC_541\Debug\main.o
                0x200000c4                mode
 *fill*         0x200000c5        0x3 
 .data          0x200000c8        0x4 .\CortexM0\ARM_GCC_541\Debug\Cm0Start.o
 .data          0x200000cc       0x14 .\CortexM0\ARM_GCC_541\Debug\SwerveMotorFirmware.a(CyLib.o)
                0x200000cc                CySysClkPumpConfig
                0x200000d0                cydelay32kMs
                0x200000d4                cydelayFreqKhz
                0x200000d8                cydelayFreqMhz
                0x200000dc                cydelayFreqHz
 .data          0x200000e0        0x8 .\CortexM0\ARM_GCC_541\Debug\SwerveMotorFirmware.a(CyLFClk.o)
 .data.impure_data
                0x200000e8       0x60 c:/program files (x86)/cypress/psoc creator/4.4/psoc creator/import/gnu/arm/5.4.1/bin/../lib/gcc/arm-none-eabi/5.4.1/../../../../arm-none-eabi/lib/armv6-m\libg_nano.a(lib_a-impure.o)
 .data._impure_ptr
                0x20000148        0x4 c:/program files (x86)/cypress/psoc creator/4.4/psoc creator/import/gnu/arm/5.4.1/bin/../lib/gcc/arm-none-eabi/5.4.1/../../../../arm-none-eabi/lib/armv6-m\libg_nano.a(lib_a-impure.o)
                0x20000148                _impure_ptr
 .data.__ctype_ptr__
                0x2000014c        0x4 c:/program files (x86)/cypress/psoc creator/4.4/psoc creator/import/gnu/arm/5.4.1/bin/../lib/gcc/arm-none-eabi/5.4.1/../../../../arm-none-eabi/lib/armv6-m\libg_nano.a(lib_a-ctype_.o)
                0x2000014c                __ctype_ptr__
                0x20000150                . = ALIGN (0x8)
 *(.ram)
                0x20000150                _edata = .

.igot.plt       0x20000150        0x0 load address 0x000040f0
 .igot.plt      0x20000150        0x0 c:/program files (x86)/cypress/psoc creator/4.4/psoc creator/import/gnu/arm/5.4.1/bin/../lib/gcc/arm-none-eabi/5.4.1/armv6-m/crtbegin.o

.bss            0x20000150      0x228 load address 0x000040f0
                0x20000150                PROVIDE (__bss_start__, .)
 *(.shbss)
 *(.bss .bss.* .gnu.linkonce.b.*)
 .bss           0x20000150       0x1c c:/program files (x86)/cypress/psoc creator/4.4/psoc creator/import/gnu/arm/5.4.1/bin/../lib/gcc/arm-none-eabi/5.4.1/armv6-m/crtbegin.o
 .bss           0x2000016c        0x5 .\CortexM0\ARM_GCC_541\Debug\main.o
                0x2000016c                invalidate
                0x2000016d                time_LED
                0x2000016e                send_animation
                0x2000016f                address
                0x20000170                drive
 .bss           0x20000171        0x4 .\CortexM0\ARM_GCC_541\Debug\PortPSOC_swerve.o
                0x20000171                latestMessageFull
                0x20000172                latestMessageHead
                0x20000173                latestMessageTail
                0x20000174                messageReadFlag
 .bss           0x20000175        0x1 .\CortexM0\ARM_GCC_541\Debug\SwerveMotorFirmware.a(QuadDec.o)
                0x20000175                QuadDec_initVar
 .bss           0x20000176        0x1 .\CortexM0\ARM_GCC_541\Debug\SwerveMotorFirmware.a(CAN.o)
                0x20000176                CAN_initVar
 *fill*         0x20000177        0x1 
 .bss           0x20000178        0xa .\CortexM0\ARM_GCC_541\Debug\SwerveMotorFirmware.a(UART.o)
                0x20000178                UART_initVar
                0x2000017c                UART_customIntrHandler
                0x20000180                UART_IntrTxMask
 .bss           0x20000182        0x1 .\CortexM0\ARM_GCC_541\Debug\SwerveMotorFirmware.a(Timer_1.o)
                0x20000182                Timer_1_initVar
 *fill*         0x20000183        0x1 
 .bss           0x20000184       0x15 .\CortexM0\ARM_GCC_541\Debug\SwerveMotorFirmware.a(StripLights.o)
                0x20000184                StripLights_ledIndex
                0x20000188                StripLights_row
                0x20000198                StripLights_initvar
 .bss           0x20000199        0x1 .\CortexM0\ARM_GCC_541\Debug\SwerveMotorFirmware.a(QuadDec_Cnt16.o)
                0x20000199                QuadDec_Cnt16_initVar
 *fill*         0x2000019a        0x2 
 .bss           0x2000019c       0x20 .\CortexM0\ARM_GCC_541\Debug\SwerveMotorFirmware.a(CyLib.o)
                0x2000019c                CySysClkImoTrim4
                0x200001a0                CySysClkImoTrim5
                0x200001b8                CySysTickInitVar
 .bss           0x200001bc       0x28 .\CortexM0\ARM_GCC_541\Debug\SwerveMotorFirmware.a(CyLFClk.o)
 .bss.__malloc_sbrk_start
                0x200001e4        0x4 c:/program files (x86)/cypress/psoc creator/4.4/psoc creator/import/gnu/arm/5.4.1/bin/../lib/gcc/arm-none-eabi/5.4.1/../../../../arm-none-eabi/lib/armv6-m\libg_nano.a(lib_a-nano-mallocr.o)
                0x200001e4                __malloc_sbrk_start
 .bss.__malloc_free_list
                0x200001e8        0x4 c:/program files (x86)/cypress/psoc creator/4.4/psoc creator/import/gnu/arm/5.4.1/bin/../lib/gcc/arm-none-eabi/5.4.1/../../../../arm-none-eabi/lib/armv6-m\libg_nano.a(lib_a-nano-mallocr.o)
                0x200001e8                __malloc_free_list
 *(COMMON)
 COMMON         0x200001ec       0x78 .\CortexM0\ARM_GCC_541\Debug\main.o
                0x200001ec                txData
                0x20000250                rxMailbox
                0x20000260                test
 COMMON         0x20000264       0xcc .\CortexM0\ARM_GCC_541\Debug\PortPSOC_swerve.o
                0x20000264                deviceGroup
                0x20000268                deviceAddressA
                0x2000026c                latestMessage
                0x2000032c                deviceAddressB
 COMMON         0x20000330       0x1c .\CortexM0\ARM_GCC_541\Debug\SwerveMotorFirmware.a(UART_SPI_UART.o)
                0x20000330                UART_rxBufferTail
                0x20000334                UART_rxBufferInternal
                0x20000345                UART_rxBufferOverflow
                0x20000348                UART_rxBufferHead
 COMMON         0x2000034c       0x18 .\CortexM0\ARM_GCC_541\Debug\SwerveMotorFirmware.a(StripLights.o)
                0x2000034c                StripLights_ledArray
                0x20000358                StripLights_DimMask
                0x2000035c                StripLights_DimShift
                0x20000360                StripLights_refreshComplete
 COMMON         0x20000364       0x10 .\CortexM0\ARM_GCC_541\Debug\SwerveMotorFirmware.a(StripLights_fonts.o)
                0x20000364                StripLights_fontX
                0x20000368                StripLights_fontOffset
                0x2000036c                StripLights_fontPtr
                0x20000370                StripLights_fontY
 COMMON         0x20000374        0x4 c:/program files (x86)/cypress/psoc creator/4.4/psoc creator/import/gnu/arm/5.4.1/bin/../lib/gcc/arm-none-eabi/5.4.1/../../../../arm-none-eabi/lib/armv6-m\libg_nano.a(lib_a-reent.o)
                0x20000374                errno
                0x20000378                . = ALIGN (0x8)
 *(.ram.b)
                0x20000378                _end = .
                0x20000378                __end = .
                0x20000378                PROVIDE (end, .)
                0x20000378                PROVIDE (__bss_end__, .)
                0x00004060                __cy_region_init_ram = LOADADDR (.data)
                0x00000090                __cy_region_init_size_ram = (_edata - ADDR (.data))
                0x00000228                __cy_region_zero_size_ram = (_end - _edata)

.heap           0x20000378       0x80 load address 0x000040f0
                0x20000378                . = _end
                0x200003f8                . = (. + 0x80)
 *fill*         0x20000378       0x80 
                0x200003f8                __cy_heap_limit = .

.stack          0x20007800      0x800
                0x20007800                __cy_stack_limit = .
                0x20008000                . = (. + 0x800)
 *fill*         0x20007800      0x800 
                0x00000001                ASSERT ((__cy_stack_limit >= __cy_heap_limit), region RAM overflowed with stack)
                0x00000000                cy_checksum_exclude_size = (CY_APPL_LOADABLE == 0x1)?SIZEOF (.cy_checksum_exclude):0x0
                0x00000001                ASSERT ((cy_checksum_exclude_size <= CY_CHECKSUM_EXCLUDE_SIZE), CY_BOOT: Section .cy_checksum_exclude size exceedes specified limit.)
                0x0003ffc0                cyloadermeta_start = (cy_project_type_bootloader || cy_project_type_app_for_stack_and_copier)?(LENGTH (rom) - CY_METADATA_SIZE):0xf0000000

.cyloadermeta
 *(.cyloadermeta)
                0x0003ffc0                cyloadablemeta_start = cy_project_type_app_for_stack_and_copier?((LENGTH (rom) - CY_FLASH_ROW_SIZE) - CY_METADATA_SIZE):((LENGTH (rom) - (CY_FLASH_ROW_SIZE * (CY_APPL_NUM - 0x1))) - CY_METADATA_SIZE)

.cyloadablemeta
 *(.cyloadablemeta)

.cyflashprotect
                0x90400000       0x80
 *(.cyflashprotect)
 .cyflashprotect
                0x90400000       0x80 .\CortexM0\ARM_GCC_541\Debug\cymetadata.o
                0x90400000                cy_meta_flashprotect

.cymeta         0x90500000        0xc
 *(.cymeta)
 .cymeta        0x90500000        0xc .\CortexM0\ARM_GCC_541\Debug\cymetadata.o
                0x90500000                cy_metadata

.cychipprotect  0x90600000        0x1
 *(.cychipprotect)
 .cychipprotect
                0x90600000        0x1 .\CortexM0\ARM_GCC_541\Debug\cymetadata.o
                0x90600000                cy_meta_chipprotect

.rel.dyn        0x000040f0        0x0 load address 0x90600004
 .rel.iplt      0x000040f0        0x0 c:/program files (x86)/cypress/psoc creator/4.4/psoc creator/import/gnu/arm/5.4.1/bin/../lib/gcc/arm-none-eabi/5.4.1/armv6-m/crtbegin.o

.stab
 *(.stab)

.stabstr
 *(.stabstr)

.debug
 *(.debug)

.line
 *(.line)

.debug_srcinfo
 *(.debug_srcinfo)

.debug_sfnames
 *(.debug_sfnames)

.debug_aranges  0x00000000     0x16b8
 *(.debug_aranges)
 .debug_aranges
                0x00000000       0x48 .\CortexM0\ARM_GCC_541\Debug\main.o
 .debug_aranges
                0x00000048       0x50 .\CortexM0\ARM_GCC_541\Debug\DebugMessages.o
 .debug_aranges
                0x00000098       0x38 .\CortexM0\ARM_GCC_541\Debug\LED_Array.o
 .debug_aranges
                0x000000d0       0x28 .\CortexM0\ARM_GCC_541\Debug\MotorDrive.o
 .debug_aranges
                0x000000f8       0x68 .\CortexM0\ARM_GCC_541\Debug\PortPSOC_swerve.o
 .debug_aranges
                0x00000160       0xc0 .\CortexM0\ARM_GCC_541\Debug\CANCommon.o
 .debug_aranges
                0x00000220       0x88 .\CortexM0\ARM_GCC_541\Debug\CANGPIO.o
 .debug_aranges
                0x000002a8       0x18 .\CortexM0\ARM_GCC_541\Debug\CANLocalization.o
 .debug_aranges
                0x000002c0      0x110 .\CortexM0\ARM_GCC_541\Debug\CANMotorUnit.o
 .debug_aranges
                0x000003d0       0xa8 .\CortexM0\ARM_GCC_541\Debug\CANPacket.o
 .debug_aranges
                0x00000478       0x40 .\CortexM0\ARM_GCC_541\Debug\CANPower.o
 .debug_aranges
                0x000004b8       0x50 .\CortexM0\ARM_GCC_541\Debug\CANScience.o
 .debug_aranges
                0x00000508       0x48 .\CortexM0\ARM_GCC_541\Debug\cyfitter_cfg.o
 .debug_aranges
                0x00000550       0x18 .\CortexM0\ARM_GCC_541\Debug\cymetadata.o
 .debug_aranges
                0x00000568       0x48 .\CortexM0\ARM_GCC_541\Debug\Cm0Start.o
 .debug_aranges
                0x000005b0      0x158 .\CortexM0\ARM_GCC_541\Debug\SwerveMotorFirmware.a(PWM_Motor1.o)
 .debug_aranges
                0x00000708       0x80 .\CortexM0\ARM_GCC_541\Debug\SwerveMotorFirmware.a(isr_Limit_1.o)
 .debug_aranges
                0x00000788       0x60 .\CortexM0\ARM_GCC_541\Debug\SwerveMotorFirmware.a(QuadDec.o)
 .debug_aranges
                0x000007e8       0xe8 .\CortexM0\ARM_GCC_541\Debug\SwerveMotorFirmware.a(CAN.o)
 .debug_aranges
                0x000008d0       0x20 .\CortexM0\ARM_GCC_541\Debug\SwerveMotorFirmware.a(CAN_INT.o)
 .debug_aranges
                0x000008f0       0x30 .\CortexM0\ARM_GCC_541\Debug\SwerveMotorFirmware.a(CAN_TX_RX_func.o)
 .debug_aranges
                0x00000920       0x68 .\CortexM0\ARM_GCC_541\Debug\SwerveMotorFirmware.a(UART.o)
 .debug_aranges
                0x00000988       0x60 .\CortexM0\ARM_GCC_541\Debug\SwerveMotorFirmware.a(UART_SPI_UART.o)
 .debug_aranges
                0x000009e8       0x90 .\CortexM0\ARM_GCC_541\Debug\SwerveMotorFirmware.a(UART_UART.o)
 .debug_aranges
                0x00000a78       0x48 .\CortexM0\ARM_GCC_541\Debug\SwerveMotorFirmware.a(Dip1.o)
 .debug_aranges
                0x00000ac0       0x48 .\CortexM0\ARM_GCC_541\Debug\SwerveMotorFirmware.a(Dip2.o)
 .debug_aranges
                0x00000b08       0x48 .\CortexM0\ARM_GCC_541\Debug\SwerveMotorFirmware.a(Dip3.o)
 .debug_aranges
                0x00000b50       0x48 .\CortexM0\ARM_GCC_541\Debug\SwerveMotorFirmware.a(Dip4.o)
 .debug_aranges
                0x00000b98       0x90 .\CortexM0\ARM_GCC_541\Debug\SwerveMotorFirmware.a(Timer_1.o)
 .debug_aranges
                0x00000c28       0x80 .\CortexM0\ARM_GCC_541\Debug\SwerveMotorFirmware.a(isr_period.o)
 .debug_aranges
                0x00000ca8       0x48 .\CortexM0\ARM_GCC_541\Debug\SwerveMotorFirmware.a(LED_Debug1.o)
 .debug_aranges
                0x00000cf0       0x48 .\CortexM0\ARM_GCC_541\Debug\SwerveMotorFirmware.a(LED_Debug2.o)
 .debug_aranges
                0x00000d38       0x48 .\CortexM0\ARM_GCC_541\Debug\SwerveMotorFirmware.a(LED_CAN.o)
 .debug_aranges
                0x00000d80       0x48 .\CortexM0\ARM_GCC_541\Debug\SwerveMotorFirmware.a(LED_Error.o)
 .debug_aranges
                0x00000dc8       0xa0 .\CortexM0\ARM_GCC_541\Debug\SwerveMotorFirmware.a(StripLights.o)
 .debug_aranges
                0x00000e68       0x30 .\CortexM0\ARM_GCC_541\Debug\SwerveMotorFirmware.a(StripLights_fonts.o)
 .debug_aranges
                0x00000e98      0x158 .\CortexM0\ARM_GCC_541\Debug\SwerveMotorFirmware.a(PWM_Motor2.o)
 .debug_aranges
                0x00000ff0       0x48 .\CortexM0\ARM_GCC_541\Debug\SwerveMotorFirmware.a(Motor1Direction.o)
 .debug_aranges
                0x00001038       0x48 .\CortexM0\ARM_GCC_541\Debug\SwerveMotorFirmware.a(Motor2Direction.o)
 .debug_aranges
                0x00001080       0x98 .\CortexM0\ARM_GCC_541\Debug\SwerveMotorFirmware.a(QuadDec_Cnt16.o)
 .debug_aranges
                0x00001118       0x80 .\CortexM0\ARM_GCC_541\Debug\SwerveMotorFirmware.a(StripLights_cisr.o)
 .debug_aranges
                0x00001198       0x80 .\CortexM0\ARM_GCC_541\Debug\SwerveMotorFirmware.a(StripLights_fisr.o)
 .debug_aranges
                0x00001218      0x270 .\CortexM0\ARM_GCC_541\Debug\SwerveMotorFirmware.a(CyLib.o)
 .debug_aranges
                0x00001488       0x28 .\CortexM0\ARM_GCC_541\Debug\SwerveMotorFirmware.a(cyutils.o)
 .debug_aranges
                0x000014b0      0x188 .\CortexM0\ARM_GCC_541\Debug\SwerveMotorFirmware.a(CyLFClk.o)
 .debug_aranges
                0x00001638       0x20 .\CortexM0\ARM_GCC_541\Debug\SwerveMotorFirmware.a(CyBootAsmGnu.o)
 .debug_aranges
                0x00001658       0x20 .\CortexM0\ARM_GCC_541\Debug\SwerveMotorFirmware.a(UART_SPI_UART_INT.o)
 .debug_aranges
                0x00001678       0x40 .\CortexM0\ARM_GCC_541\Debug\SwerveMotorFirmware.a(CyFlash.o)

.debug_pubnames
 *(.debug_pubnames)

.debug_info     0x00000000     0xda22
 *(.debug_info .gnu.linkonce.wi.*)
 .debug_info    0x00000000      0x793 .\CortexM0\ARM_GCC_541\Debug\main.o
 .debug_info    0x00000793      0x501 .\CortexM0\ARM_GCC_541\Debug\DebugMessages.o
 .debug_info    0x00000c94      0x372 .\CortexM0\ARM_GCC_541\Debug\LED_Array.o
 .debug_info    0x00001006      0x22c .\CortexM0\ARM_GCC_541\Debug\MotorDrive.o
 .debug_info    0x00001232      0x695 .\CortexM0\ARM_GCC_541\Debug\PortPSOC_swerve.o
 .debug_info    0x000018c7      0xa46 .\CortexM0\ARM_GCC_541\Debug\CANCommon.o
 .debug_info    0x0000230d      0x60d .\CortexM0\ARM_GCC_541\Debug\CANGPIO.o
 .debug_info    0x0000291a       0x6b .\CortexM0\ARM_GCC_541\Debug\CANLocalization.o
 .debug_info    0x00002985      0xe62 .\CortexM0\ARM_GCC_541\Debug\CANMotorUnit.o
 .debug_info    0x000037e7      0x641 .\CortexM0\ARM_GCC_541\Debug\CANPacket.o
 .debug_info    0x00003e28      0x2ff .\CortexM0\ARM_GCC_541\Debug\CANPower.o
 .debug_info    0x00004127      0x353 .\CortexM0\ARM_GCC_541\Debug\CANScience.o
 .debug_info    0x0000447a      0x417 .\CortexM0\ARM_GCC_541\Debug\cyfitter_cfg.o
 .debug_info    0x00004891       0xf8 .\CortexM0\ARM_GCC_541\Debug\cymetadata.o
 .debug_info    0x00004989      0x3a2 .\CortexM0\ARM_GCC_541\Debug\Cm0Start.o
 .debug_info    0x00004d2b      0x909 .\CortexM0\ARM_GCC_541\Debug\SwerveMotorFirmware.a(PWM_Motor1.o)
 .debug_info    0x00005634      0x305 .\CortexM0\ARM_GCC_541\Debug\SwerveMotorFirmware.a(isr_Limit_1.o)
 .debug_info    0x00005939      0x2d4 .\CortexM0\ARM_GCC_541\Debug\SwerveMotorFirmware.a(QuadDec.o)
 .debug_info    0x00005c0d      0x9c6 .\CortexM0\ARM_GCC_541\Debug\SwerveMotorFirmware.a(CAN.o)
 .debug_info    0x000065d3       0xa0 .\CortexM0\ARM_GCC_541\Debug\SwerveMotorFirmware.a(CAN_INT.o)
 .debug_info    0x00006673      0x37e .\CortexM0\ARM_GCC_541\Debug\SwerveMotorFirmware.a(CAN_TX_RX_func.o)
 .debug_info    0x000069f1      0x2e9 .\CortexM0\ARM_GCC_541\Debug\SwerveMotorFirmware.a(UART.o)
 .debug_info    0x00006cda      0x2df .\CortexM0\ARM_GCC_541\Debug\SwerveMotorFirmware.a(UART_SPI_UART.o)
 .debug_info    0x00006fb9      0x487 .\CortexM0\ARM_GCC_541\Debug\SwerveMotorFirmware.a(UART_UART.o)
 .debug_info    0x00007440      0x19d .\CortexM0\ARM_GCC_541\Debug\SwerveMotorFirmware.a(Dip1.o)
 .debug_info    0x000075dd      0x19d .\CortexM0\ARM_GCC_541\Debug\SwerveMotorFirmware.a(Dip2.o)
 .debug_info    0x0000777a      0x19d .\CortexM0\ARM_GCC_541\Debug\SwerveMotorFirmware.a(Dip3.o)
 .debug_info    0x00007917      0x19d .\CortexM0\ARM_GCC_541\Debug\SwerveMotorFirmware.a(Dip4.o)
 .debug_info    0x00007ab4      0x386 .\CortexM0\ARM_GCC_541\Debug\SwerveMotorFirmware.a(Timer_1.o)
 .debug_info    0x00007e3a      0x305 .\CortexM0\ARM_GCC_541\Debug\SwerveMotorFirmware.a(isr_period.o)
 .debug_info    0x0000813f      0x19d .\CortexM0\ARM_GCC_541\Debug\SwerveMotorFirmware.a(LED_Debug1.o)
 .debug_info    0x000082dc      0x19d .\CortexM0\ARM_GCC_541\Debug\SwerveMotorFirmware.a(LED_Debug2.o)
 .debug_info    0x00008479      0x19b .\CortexM0\ARM_GCC_541\Debug\SwerveMotorFirmware.a(LED_CAN.o)
 .debug_info    0x00008614      0x19d .\CortexM0\ARM_GCC_541\Debug\SwerveMotorFirmware.a(LED_Error.o)
 .debug_info    0x000087b1      0xa83 .\CortexM0\ARM_GCC_541\Debug\SwerveMotorFirmware.a(StripLights.o)
 .debug_info    0x00009234      0x394 .\CortexM0\ARM_GCC_541\Debug\SwerveMotorFirmware.a(StripLights_fonts.o)
 .debug_info    0x000095c8      0x908 .\CortexM0\ARM_GCC_541\Debug\SwerveMotorFirmware.a(PWM_Motor2.o)
 .debug_info    0x00009ed0      0x19d .\CortexM0\ARM_GCC_541\Debug\SwerveMotorFirmware.a(Motor1Direction.o)
 .debug_info    0x0000a06d      0x19d .\CortexM0\ARM_GCC_541\Debug\SwerveMotorFirmware.a(Motor2Direction.o)
 .debug_info    0x0000a20a      0x345 .\CortexM0\ARM_GCC_541\Debug\SwerveMotorFirmware.a(QuadDec_Cnt16.o)
 .debug_info    0x0000a54f      0x305 .\CortexM0\ARM_GCC_541\Debug\SwerveMotorFirmware.a(StripLights_cisr.o)
 .debug_info    0x0000a854      0x305 .\CortexM0\ARM_GCC_541\Debug\SwerveMotorFirmware.a(StripLights_fisr.o)
 .debug_info    0x0000ab59     0x17e4 .\CortexM0\ARM_GCC_541\Debug\SwerveMotorFirmware.a(CyLib.o)
 .debug_info    0x0000c33d      0x14b .\CortexM0\ARM_GCC_541\Debug\SwerveMotorFirmware.a(cyutils.o)
 .debug_info    0x0000c488     0x1058 .\CortexM0\ARM_GCC_541\Debug\SwerveMotorFirmware.a(CyLFClk.o)
 .debug_info    0x0000d4e0       0xaf .\CortexM0\ARM_GCC_541\Debug\SwerveMotorFirmware.a(CyBootAsmGnu.o)
 .debug_info    0x0000d58f      0x141 .\CortexM0\ARM_GCC_541\Debug\SwerveMotorFirmware.a(UART_SPI_UART_INT.o)
 .debug_info    0x0000d6d0      0x352 .\CortexM0\ARM_GCC_541\Debug\SwerveMotorFirmware.a(CyFlash.o)

.debug_abbrev   0x00000000     0x386e
 *(.debug_abbrev)
 .debug_abbrev  0x00000000      0x1d5 .\CortexM0\ARM_GCC_541\Debug\main.o
 .debug_abbrev  0x000001d5      0x13a .\CortexM0\ARM_GCC_541\Debug\DebugMessages.o
 .debug_abbrev  0x0000030f      0x15d .\CortexM0\ARM_GCC_541\Debug\LED_Array.o
 .debug_abbrev  0x0000046c       0xc4 .\CortexM0\ARM_GCC_541\Debug\MotorDrive.o
 .debug_abbrev  0x00000530      0x1ad .\CortexM0\ARM_GCC_541\Debug\PortPSOC_swerve.o
 .debug_abbrev  0x000006dd      0x149 .\CortexM0\ARM_GCC_541\Debug\CANCommon.o
 .debug_abbrev  0x00000826      0x106 .\CortexM0\ARM_GCC_541\Debug\CANGPIO.o
 .debug_abbrev  0x0000092c       0x26 .\CortexM0\ARM_GCC_541\Debug\CANLocalization.o
 .debug_abbrev  0x00000952      0x18e .\CortexM0\ARM_GCC_541\Debug\CANMotorUnit.o
 .debug_abbrev  0x00000ae0      0x16f .\CortexM0\ARM_GCC_541\Debug\CANPacket.o
 .debug_abbrev  0x00000c4f      0x124 .\CortexM0\ARM_GCC_541\Debug\CANPower.o
 .debug_abbrev  0x00000d73       0xfe .\CortexM0\ARM_GCC_541\Debug\CANScience.o
 .debug_abbrev  0x00000e71      0x1d8 .\CortexM0\ARM_GCC_541\Debug\cyfitter_cfg.o
 .debug_abbrev  0x00001049       0x5d .\CortexM0\ARM_GCC_541\Debug\cymetadata.o
 .debug_abbrev  0x000010a6      0x1d7 .\CortexM0\ARM_GCC_541\Debug\Cm0Start.o
 .debug_abbrev  0x0000127d      0x119 .\CortexM0\ARM_GCC_541\Debug\SwerveMotorFirmware.a(PWM_Motor1.o)
 .debug_abbrev  0x00001396      0x19a .\CortexM0\ARM_GCC_541\Debug\SwerveMotorFirmware.a(isr_Limit_1.o)
 .debug_abbrev  0x00001530      0x151 .\CortexM0\ARM_GCC_541\Debug\SwerveMotorFirmware.a(QuadDec.o)
 .debug_abbrev  0x00001681      0x186 .\CortexM0\ARM_GCC_541\Debug\SwerveMotorFirmware.a(CAN.o)
 .debug_abbrev  0x00001807       0x42 .\CortexM0\ARM_GCC_541\Debug\SwerveMotorFirmware.a(CAN_INT.o)
 .debug_abbrev  0x00001849      0x159 .\CortexM0\ARM_GCC_541\Debug\SwerveMotorFirmware.a(CAN_TX_RX_func.o)
 .debug_abbrev  0x000019a2      0x118 .\CortexM0\ARM_GCC_541\Debug\SwerveMotorFirmware.a(UART.o)
 .debug_abbrev  0x00001aba      0x180 .\CortexM0\ARM_GCC_541\Debug\SwerveMotorFirmware.a(UART_SPI_UART.o)
 .debug_abbrev  0x00001c3a      0x145 .\CortexM0\ARM_GCC_541\Debug\SwerveMotorFirmware.a(UART_UART.o)
 .debug_abbrev  0x00001d7f       0xc8 .\CortexM0\ARM_GCC_541\Debug\SwerveMotorFirmware.a(Dip1.o)
 .debug_abbrev  0x00001e47       0xc8 .\CortexM0\ARM_GCC_541\Debug\SwerveMotorFirmware.a(Dip2.o)
 .debug_abbrev  0x00001f0f       0xc8 .\CortexM0\ARM_GCC_541\Debug\SwerveMotorFirmware.a(Dip3.o)
 .debug_abbrev  0x00001fd7       0xc8 .\CortexM0\ARM_GCC_541\Debug\SwerveMotorFirmware.a(Dip4.o)
 .debug_abbrev  0x0000209f      0x167 .\CortexM0\ARM_GCC_541\Debug\SwerveMotorFirmware.a(Timer_1.o)
 .debug_abbrev  0x00002206      0x19a .\CortexM0\ARM_GCC_541\Debug\SwerveMotorFirmware.a(isr_period.o)
 .debug_abbrev  0x000023a0       0xc8 .\CortexM0\ARM_GCC_541\Debug\SwerveMotorFirmware.a(LED_Debug1.o)
 .debug_abbrev  0x00002468       0xc8 .\CortexM0\ARM_GCC_541\Debug\SwerveMotorFirmware.a(LED_Debug2.o)
 .debug_abbrev  0x00002530       0xc8 .\CortexM0\ARM_GCC_541\Debug\SwerveMotorFirmware.a(LED_CAN.o)
 .debug_abbrev  0x000025f8       0xc8 .\CortexM0\ARM_GCC_541\Debug\SwerveMotorFirmware.a(LED_Error.o)
 .debug_abbrev  0x000026c0      0x1dc .\CortexM0\ARM_GCC_541\Debug\SwerveMotorFirmware.a(StripLights.o)
 .debug_abbrev  0x0000289c      0x113 .\CortexM0\ARM_GCC_541\Debug\SwerveMotorFirmware.a(StripLights_fonts.o)
 .debug_abbrev  0x000029af      0x119 .\CortexM0\ARM_GCC_541\Debug\SwerveMotorFirmware.a(PWM_Motor2.o)
 .debug_abbrev  0x00002ac8       0xc8 .\CortexM0\ARM_GCC_541\Debug\SwerveMotorFirmware.a(Motor1Direction.o)
 .debug_abbrev  0x00002b90       0xc8 .\CortexM0\ARM_GCC_541\Debug\SwerveMotorFirmware.a(Motor2Direction.o)
 .debug_abbrev  0x00002c58      0x117 .\CortexM0\ARM_GCC_541\Debug\SwerveMotorFirmware.a(QuadDec_Cnt16.o)
 .debug_abbrev  0x00002d6f      0x19a .\CortexM0\ARM_GCC_541\Debug\SwerveMotorFirmware.a(StripLights_cisr.o)
 .debug_abbrev  0x00002f09      0x19a .\CortexM0\ARM_GCC_541\Debug\SwerveMotorFirmware.a(StripLights_fisr.o)
 .debug_abbrev  0x000030a3      0x293 .\CortexM0\ARM_GCC_541\Debug\SwerveMotorFirmware.a(CyLib.o)
 .debug_abbrev  0x00003336       0xc0 .\CortexM0\ARM_GCC_541\Debug\SwerveMotorFirmware.a(cyutils.o)
 .debug_abbrev  0x000033f6      0x248 .\CortexM0\ARM_GCC_541\Debug\SwerveMotorFirmware.a(CyLFClk.o)
 .debug_abbrev  0x0000363e       0x14 .\CortexM0\ARM_GCC_541\Debug\SwerveMotorFirmware.a(CyBootAsmGnu.o)
 .debug_abbrev  0x00003652       0x9a .\CortexM0\ARM_GCC_541\Debug\SwerveMotorFirmware.a(UART_SPI_UART_INT.o)
 .debug_abbrev  0x000036ec      0x182 .\CortexM0\ARM_GCC_541\Debug\SwerveMotorFirmware.a(CyFlash.o)

.debug_line     0x00000000     0x58eb
 *(.debug_line)
 .debug_line    0x00000000      0x3d9 .\CortexM0\ARM_GCC_541\Debug\main.o
 .debug_line    0x000003d9      0x2b1 .\CortexM0\ARM_GCC_541\Debug\DebugMessages.o
 .debug_line    0x0000068a        0x0 .\CortexM0\ARM_GCC_541\Debug\Initialize_CAN_addr.o
 .debug_line    0x0000068a      0x1ca .\CortexM0\ARM_GCC_541\Debug\LED_Array.o
 .debug_line    0x00000854      0x1fa .\CortexM0\ARM_GCC_541\Debug\MotorDrive.o
 .debug_line    0x00000a4e        0x0 .\CortexM0\ARM_GCC_541\Debug\PositionPID.o
 .debug_line    0x00000a4e      0x2fa .\CortexM0\ARM_GCC_541\Debug\PortPSOC_swerve.o
 .debug_line    0x00000d48      0x2f3 .\CortexM0\ARM_GCC_541\Debug\CANCommon.o
 .debug_line    0x0000103b      0x24e .\CortexM0\ARM_GCC_541\Debug\CANGPIO.o
 .debug_line    0x00001289       0x1d .\CortexM0\ARM_GCC_541\Debug\CANLocalization.o
 .debug_line    0x000012a6      0x3a1 .\CortexM0\ARM_GCC_541\Debug\CANMotorUnit.o
 .debug_line    0x00001647      0x2dc .\CortexM0\ARM_GCC_541\Debug\CANPacket.o
 .debug_line    0x00001923      0x19d .\CortexM0\ARM_GCC_541\Debug\CANPower.o
 .debug_line    0x00001ac0      0x1c5 .\CortexM0\ARM_GCC_541\Debug\CANScience.o
 .debug_line    0x00001c85      0x1b7 .\CortexM0\ARM_GCC_541\Debug\cyfitter_cfg.o
 .debug_line    0x00001e3c      0x141 .\CortexM0\ARM_GCC_541\Debug\cymetadata.o
 .debug_line    0x00001f7d      0x236 .\CortexM0\ARM_GCC_541\Debug\Cm0Start.o
 .debug_line    0x000021b3      0x383 .\CortexM0\ARM_GCC_541\Debug\SwerveMotorFirmware.a(PWM_Motor1.o)
 .debug_line    0x00002536      0x157 .\CortexM0\ARM_GCC_541\Debug\SwerveMotorFirmware.a(isr_Limit_1.o)
 .debug_line    0x0000268d      0x123 .\CortexM0\ARM_GCC_541\Debug\SwerveMotorFirmware.a(QuadDec.o)
 .debug_line    0x000027b0      0x3e7 .\CortexM0\ARM_GCC_541\Debug\SwerveMotorFirmware.a(CAN.o)
 .debug_line    0x00002b97       0x53 .\CortexM0\ARM_GCC_541\Debug\SwerveMotorFirmware.a(CAN_INT.o)
 .debug_line    0x00002bea       0xfc .\CortexM0\ARM_GCC_541\Debug\SwerveMotorFirmware.a(CAN_TX_RX_func.o)
 .debug_line    0x00002ce6      0x13c .\CortexM0\ARM_GCC_541\Debug\SwerveMotorFirmware.a(UART.o)
 .debug_line    0x00002e22      0x137 .\CortexM0\ARM_GCC_541\Debug\SwerveMotorFirmware.a(UART_SPI_UART.o)
 .debug_line    0x00002f59      0x1f5 .\CortexM0\ARM_GCC_541\Debug\SwerveMotorFirmware.a(UART_UART.o)
 .debug_line    0x0000314e       0xbc .\CortexM0\ARM_GCC_541\Debug\SwerveMotorFirmware.a(Dip1.o)
 .debug_line    0x0000320a       0xbc .\CortexM0\ARM_GCC_541\Debug\SwerveMotorFirmware.a(Dip2.o)
 .debug_line    0x000032c6       0xbc .\CortexM0\ARM_GCC_541\Debug\SwerveMotorFirmware.a(Dip3.o)
 .debug_line    0x00003382       0xbc .\CortexM0\ARM_GCC_541\Debug\SwerveMotorFirmware.a(Dip4.o)
 .debug_line    0x0000343e      0x17b .\CortexM0\ARM_GCC_541\Debug\SwerveMotorFirmware.a(Timer_1.o)
 .debug_line    0x000035b9      0x156 .\CortexM0\ARM_GCC_541\Debug\SwerveMotorFirmware.a(isr_period.o)
 .debug_line    0x0000370f       0xc2 .\CortexM0\ARM_GCC_541\Debug\SwerveMotorFirmware.a(LED_Debug1.o)
 .debug_line    0x000037d1       0xc2 .\CortexM0\ARM_GCC_541\Debug\SwerveMotorFirmware.a(LED_Debug2.o)
 .debug_line    0x00003893       0xbe .\CortexM0\ARM_GCC_541\Debug\SwerveMotorFirmware.a(LED_CAN.o)
 .debug_line    0x00003951       0xc1 .\CortexM0\ARM_GCC_541\Debug\SwerveMotorFirmware.a(LED_Error.o)
 .debug_line    0x00003a12      0x2d8 .\CortexM0\ARM_GCC_541\Debug\SwerveMotorFirmware.a(StripLights.o)
 .debug_line    0x00003cea       0xf5 .\CortexM0\ARM_GCC_541\Debug\SwerveMotorFirmware.a(StripLights_fonts.o)
 .debug_line    0x00003ddf      0x383 .\CortexM0\ARM_GCC_541\Debug\SwerveMotorFirmware.a(PWM_Motor2.o)
 .debug_line    0x00004162       0xc7 .\CortexM0\ARM_GCC_541\Debug\SwerveMotorFirmware.a(Motor1Direction.o)
 .debug_line    0x00004229       0xc7 .\CortexM0\ARM_GCC_541\Debug\SwerveMotorFirmware.a(Motor2Direction.o)
 .debug_line    0x000042f0      0x196 .\CortexM0\ARM_GCC_541\Debug\SwerveMotorFirmware.a(QuadDec_Cnt16.o)
 .debug_line    0x00004486      0x158 .\CortexM0\ARM_GCC_541\Debug\SwerveMotorFirmware.a(StripLights_cisr.o)
 .debug_line    0x000045de      0x15c .\CortexM0\ARM_GCC_541\Debug\SwerveMotorFirmware.a(StripLights_fisr.o)
 .debug_line    0x0000473a      0x8ef .\CortexM0\ARM_GCC_541\Debug\SwerveMotorFirmware.a(CyLib.o)
 .debug_line    0x00005029       0x74 .\CortexM0\ARM_GCC_541\Debug\SwerveMotorFirmware.a(cyutils.o)
 .debug_line    0x0000509d      0x5d1 .\CortexM0\ARM_GCC_541\Debug\SwerveMotorFirmware.a(CyLFClk.o)
 .debug_line    0x0000566e       0x68 .\CortexM0\ARM_GCC_541\Debug\SwerveMotorFirmware.a(CyBootAsmGnu.o)
 .debug_line    0x000056d6       0xa2 .\CortexM0\ARM_GCC_541\Debug\SwerveMotorFirmware.a(UART_SPI_UART_INT.o)
 .debug_line    0x00005778      0x173 .\CortexM0\ARM_GCC_541\Debug\SwerveMotorFirmware.a(CyFlash.o)

.debug_frame    0x00000000     0x3db4
 *(.debug_frame)
 .debug_frame   0x00000000       0xc8 .\CortexM0\ARM_GCC_541\Debug\main.o
 .debug_frame   0x000000c8       0xe0 .\CortexM0\ARM_GCC_541\Debug\DebugMessages.o
 .debug_frame   0x000001a8       0x90 .\CortexM0\ARM_GCC_541\Debug\LED_Array.o
 .debug_frame   0x00000238       0x48 .\CortexM0\ARM_GCC_541\Debug\MotorDrive.o
 .debug_frame   0x00000280      0x104 .\CortexM0\ARM_GCC_541\Debug\PortPSOC_swerve.o
 .debug_frame   0x00000384      0x27c .\CortexM0\ARM_GCC_541\Debug\CANCommon.o
 .debug_frame   0x00000600      0x178 .\CortexM0\ARM_GCC_541\Debug\CANGPIO.o
 .debug_frame   0x00000778      0x360 .\CortexM0\ARM_GCC_541\Debug\CANMotorUnit.o
 .debug_frame   0x00000ad8      0x1a4 .\CortexM0\ARM_GCC_541\Debug\CANPacket.o
 .debug_frame   0x00000c7c       0x8c .\CortexM0\ARM_GCC_541\Debug\CANPower.o
 .debug_frame   0x00000d08       0xb0 .\CortexM0\ARM_GCC_541\Debug\CANScience.o
 .debug_frame   0x00000db8       0xb4 .\CortexM0\ARM_GCC_541\Debug\cyfitter_cfg.o
 .debug_frame   0x00000e6c       0xbc .\CortexM0\ARM_GCC_541\Debug\Cm0Start.o
 .debug_frame   0x00000f28      0x3a0 .\CortexM0\ARM_GCC_541\Debug\SwerveMotorFirmware.a(PWM_Motor1.o)
 .debug_frame   0x000012c8      0x110 .\CortexM0\ARM_GCC_541\Debug\SwerveMotorFirmware.a(isr_Limit_1.o)
 .debug_frame   0x000013d8       0xdc .\CortexM0\ARM_GCC_541\Debug\SwerveMotorFirmware.a(QuadDec.o)
 .debug_frame   0x000014b4      0x238 .\CortexM0\ARM_GCC_541\Debug\SwerveMotorFirmware.a(CAN.o)
 .debug_frame   0x000016ec       0x20 .\CortexM0\ARM_GCC_541\Debug\SwerveMotorFirmware.a(CAN_INT.o)
 .debug_frame   0x0000170c       0x60 .\CortexM0\ARM_GCC_541\Debug\SwerveMotorFirmware.a(CAN_TX_RX_func.o)
 .debug_frame   0x0000176c      0x104 .\CortexM0\ARM_GCC_541\Debug\SwerveMotorFirmware.a(UART.o)
 .debug_frame   0x00001870       0xbc .\CortexM0\ARM_GCC_541\Debug\SwerveMotorFirmware.a(UART_SPI_UART.o)
 .debug_frame   0x0000192c      0x154 .\CortexM0\ARM_GCC_541\Debug\SwerveMotorFirmware.a(UART_UART.o)
 .debug_frame   0x00001a80       0x70 .\CortexM0\ARM_GCC_541\Debug\SwerveMotorFirmware.a(Dip1.o)
 .debug_frame   0x00001af0       0x70 .\CortexM0\ARM_GCC_541\Debug\SwerveMotorFirmware.a(Dip2.o)
 .debug_frame   0x00001b60       0x70 .\CortexM0\ARM_GCC_541\Debug\SwerveMotorFirmware.a(Dip3.o)
 .debug_frame   0x00001bd0       0x70 .\CortexM0\ARM_GCC_541\Debug\SwerveMotorFirmware.a(Dip4.o)
 .debug_frame   0x00001c40      0x160 .\CortexM0\ARM_GCC_541\Debug\SwerveMotorFirmware.a(Timer_1.o)
 .debug_frame   0x00001da0      0x110 .\CortexM0\ARM_GCC_541\Debug\SwerveMotorFirmware.a(isr_period.o)
 .debug_frame   0x00001eb0       0x70 .\CortexM0\ARM_GCC_541\Debug\SwerveMotorFirmware.a(LED_Debug1.o)
 .debug_frame   0x00001f20       0x70 .\CortexM0\ARM_GCC_541\Debug\SwerveMotorFirmware.a(LED_Debug2.o)
 .debug_frame   0x00001f90       0x70 .\CortexM0\ARM_GCC_541\Debug\SwerveMotorFirmware.a(LED_CAN.o)
 .debug_frame   0x00002000       0x70 .\CortexM0\ARM_GCC_541\Debug\SwerveMotorFirmware.a(LED_Error.o)
 .debug_frame   0x00002070      0x1d0 .\CortexM0\ARM_GCC_541\Debug\SwerveMotorFirmware.a(StripLights.o)
 .debug_frame   0x00002240       0x84 .\CortexM0\ARM_GCC_541\Debug\SwerveMotorFirmware.a(StripLights_fonts.o)
 .debug_frame   0x000022c4      0x3a0 .\CortexM0\ARM_GCC_541\Debug\SwerveMotorFirmware.a(PWM_Motor2.o)
 .debug_frame   0x00002664       0x70 .\CortexM0\ARM_GCC_541\Debug\SwerveMotorFirmware.a(Motor1Direction.o)
 .debug_frame   0x000026d4       0x70 .\CortexM0\ARM_GCC_541\Debug\SwerveMotorFirmware.a(Motor2Direction.o)
 .debug_frame   0x00002744      0x134 .\CortexM0\ARM_GCC_541\Debug\SwerveMotorFirmware.a(QuadDec_Cnt16.o)
 .debug_frame   0x00002878      0x110 .\CortexM0\ARM_GCC_541\Debug\SwerveMotorFirmware.a(StripLights_cisr.o)
 .debug_frame   0x00002988      0x110 .\CortexM0\ARM_GCC_541\Debug\SwerveMotorFirmware.a(StripLights_fisr.o)
 .debug_frame   0x00002a98      0x718 .\CortexM0\ARM_GCC_541\Debug\SwerveMotorFirmware.a(CyLib.o)
 .debug_frame   0x000031b0       0x30 .\CortexM0\ARM_GCC_541\Debug\SwerveMotorFirmware.a(cyutils.o)
 .debug_frame   0x000031e0      0x4a4 .\CortexM0\ARM_GCC_541\Debug\SwerveMotorFirmware.a(CyLFClk.o)
 .debug_frame   0x00003684       0x2c .\CortexM0\ARM_GCC_541\Debug\SwerveMotorFirmware.a(UART_SPI_UART_INT.o)
 .debug_frame   0x000036b0       0x90 .\CortexM0\ARM_GCC_541\Debug\SwerveMotorFirmware.a(CyFlash.o)
 .debug_frame   0x00003740       0x20 c:/program files (x86)/cypress/psoc creator/4.4/psoc creator/import/gnu/arm/5.4.1/bin/../lib/gcc/arm-none-eabi/5.4.1/armv6-m\libgcc.a(_udivsi3.o)
 .debug_frame   0x00003760       0x20 c:/program files (x86)/cypress/psoc creator/4.4/psoc creator/import/gnu/arm/5.4.1/bin/../lib/gcc/arm-none-eabi/5.4.1/armv6-m\libgcc.a(_divsi3.o)
 .debug_frame   0x00003780       0x2c c:/program files (x86)/cypress/psoc creator/4.4/psoc creator/import/gnu/arm/5.4.1/bin/../lib/gcc/arm-none-eabi/5.4.1/armv6-m\libgcc.a(_fixunsdfsi.o)
 .debug_frame   0x000037ac       0x3c c:/program files (x86)/cypress/psoc creator/4.4/psoc creator/import/gnu/arm/5.4.1/bin/../lib/gcc/arm-none-eabi/5.4.1/armv6-m\libgcc.a(adddf3.o)
 .debug_frame   0x000037e8       0x3c c:/program files (x86)/cypress/psoc creator/4.4/psoc creator/import/gnu/arm/5.4.1/bin/../lib/gcc/arm-none-eabi/5.4.1/armv6-m\libgcc.a(divdf3.o)
 .debug_frame   0x00003824       0x3c c:/program files (x86)/cypress/psoc creator/4.4/psoc creator/import/gnu/arm/5.4.1/bin/../lib/gcc/arm-none-eabi/5.4.1/armv6-m\libgcc.a(muldf3.o)
 .debug_frame   0x00003860       0x38 c:/program files (x86)/cypress/psoc creator/4.4/psoc creator/import/gnu/arm/5.4.1/bin/../lib/gcc/arm-none-eabi/5.4.1/armv6-m\libgcc.a(subdf3.o)
 .debug_frame   0x00003898       0x2c c:/program files (x86)/cypress/psoc creator/4.4/psoc creator/import/gnu/arm/5.4.1/bin/../lib/gcc/arm-none-eabi/5.4.1/armv6-m\libgcc.a(fixdfsi.o)
 .debug_frame   0x000038c4       0x2c c:/program files (x86)/cypress/psoc creator/4.4/psoc creator/import/gnu/arm/5.4.1/bin/../lib/gcc/arm-none-eabi/5.4.1/armv6-m\libgcc.a(floatsidf.o)
 .debug_frame   0x000038f0       0x2c c:/program files (x86)/cypress/psoc creator/4.4/psoc creator/import/gnu/arm/5.4.1/bin/../lib/gcc/arm-none-eabi/5.4.1/armv6-m\libgcc.a(floatunsidf.o)
 .debug_frame   0x0000391c       0x38 c:/program files (x86)/cypress/psoc creator/4.4/psoc creator/import/gnu/arm/5.4.1/bin/../lib/gcc/arm-none-eabi/5.4.1/armv6-m\libgcc.a(eqdf2.o)
 .debug_frame   0x00003954       0x38 c:/program files (x86)/cypress/psoc creator/4.4/psoc creator/import/gnu/arm/5.4.1/bin/../lib/gcc/arm-none-eabi/5.4.1/armv6-m\libgcc.a(gedf2.o)
 .debug_frame   0x0000398c       0x38 c:/program files (x86)/cypress/psoc creator/4.4/psoc creator/import/gnu/arm/5.4.1/bin/../lib/gcc/arm-none-eabi/5.4.1/armv6-m\libgcc.a(ledf2.o)
 .debug_frame   0x000039c4       0x40 c:/program files (x86)/cypress/psoc creator/4.4/psoc creator/import/gnu/arm/5.4.1/bin/../lib/gcc/arm-none-eabi/5.4.1/../../../../arm-none-eabi/lib/armv6-m\libg_nano.a(lib_a-atoi.o)
 .debug_frame   0x00003a04       0x20 c:/program files (x86)/cypress/psoc creator/4.4/psoc creator/import/gnu/arm/5.4.1/bin/../lib/gcc/arm-none-eabi/5.4.1/../../../../arm-none-eabi/lib/armv6-m\libg_nano.a(lib_a-errno.o)
 .debug_frame   0x00003a24       0x28 c:/program files (x86)/cypress/psoc creator/4.4/psoc creator/import/gnu/arm/5.4.1/bin/../lib/gcc/arm-none-eabi/5.4.1/../../../../arm-none-eabi/lib/armv6-m\libg_nano.a(lib_a-exit.o)
 .debug_frame   0x00003a4c       0x2c c:/program files (x86)/cypress/psoc creator/4.4/psoc creator/import/gnu/arm/5.4.1/bin/../lib/gcc/arm-none-eabi/5.4.1/../../../../arm-none-eabi/lib/armv6-m\libg_nano.a(lib_a-init.o)
 .debug_frame   0x00003a78       0x28 c:/program files (x86)/cypress/psoc creator/4.4/psoc creator/import/gnu/arm/5.4.1/bin/../lib/gcc/arm-none-eabi/5.4.1/../../../../arm-none-eabi/lib/armv6-m\libg_nano.a(lib_a-memcpy-stub.o)
 .debug_frame   0x00003aa0       0x20 c:/program files (x86)/cypress/psoc creator/4.4/psoc creator/import/gnu/arm/5.4.1/bin/../lib/gcc/arm-none-eabi/5.4.1/../../../../arm-none-eabi/lib/armv6-m\libg_nano.a(lib_a-memset.o)
 .debug_frame   0x00003ac0       0x50 c:/program files (x86)/cypress/psoc creator/4.4/psoc creator/import/gnu/arm/5.4.1/bin/../lib/gcc/arm-none-eabi/5.4.1/../../../../arm-none-eabi/lib/armv6-m\libg_nano.a(lib_a-sprintf.o)
 .debug_frame   0x00003b10       0x48 c:/program files (x86)/cypress/psoc creator/4.4/psoc creator/import/gnu/arm/5.4.1/bin/../lib/gcc/arm-none-eabi/5.4.1/../../../../arm-none-eabi/lib/armv6-m\libg_nano.a(lib_a-strtol.o)
 .debug_frame   0x00003b58       0x74 c:/program files (x86)/cypress/psoc creator/4.4/psoc creator/import/gnu/arm/5.4.1/bin/../lib/gcc/arm-none-eabi/5.4.1/../../../../arm-none-eabi/lib/armv6-m\libg_nano.a(lib_a-nano-svfprintf.o)
 .debug_frame   0x00003bcc       0x54 c:/program files (x86)/cypress/psoc creator/4.4/psoc creator/import/gnu/arm/5.4.1/bin/../lib/gcc/arm-none-eabi/5.4.1/../../../../arm-none-eabi/lib/armv6-m\libg_nano.a(lib_a-nano-vfprintf_i.o)
 .debug_frame   0x00003c20       0x20 c:/program files (x86)/cypress/psoc creator/4.4/psoc creator/import/gnu/arm/5.4.1/bin/../lib/gcc/arm-none-eabi/5.4.1/../../../../arm-none-eabi/lib/armv6-m\libg_nano.a(lib_a-memchr-stub.o)
 .debug_frame   0x00003c40       0x28 c:/program files (x86)/cypress/psoc creator/4.4/psoc creator/import/gnu/arm/5.4.1/bin/../lib/gcc/arm-none-eabi/5.4.1/../../../../arm-none-eabi/lib/armv6-m\libg_nano.a(lib_a-memmove.o)
 .debug_frame   0x00003c68       0x2c c:/program files (x86)/cypress/psoc creator/4.4/psoc creator/import/gnu/arm/5.4.1/bin/../lib/gcc/arm-none-eabi/5.4.1/../../../../arm-none-eabi/lib/armv6-m\libg_nano.a(lib_a-nano-freer.o)
 .debug_frame   0x00003c94       0x2c c:/program files (x86)/cypress/psoc creator/4.4/psoc creator/import/gnu/arm/5.4.1/bin/../lib/gcc/arm-none-eabi/5.4.1/../../../../arm-none-eabi/lib/armv6-m\libg_nano.a(lib_a-nano-mallocr.o)
 .debug_frame   0x00003cc0       0x30 c:/program files (x86)/cypress/psoc creator/4.4/psoc creator/import/gnu/arm/5.4.1/bin/../lib/gcc/arm-none-eabi/5.4.1/../../../../arm-none-eabi/lib/armv6-m\libg_nano.a(lib_a-nano-reallocr.o)
 .debug_frame   0x00003cf0       0x2c c:/program files (x86)/cypress/psoc creator/4.4/psoc creator/import/gnu/arm/5.4.1/bin/../lib/gcc/arm-none-eabi/5.4.1/../../../../arm-none-eabi/lib/armv6-m\libg_nano.a(lib_a-sbrkr.o)
 .debug_frame   0x00003d1c       0x30 c:/program files (x86)/cypress/psoc creator/4.4/psoc creator/import/gnu/arm/5.4.1/bin/../lib/gcc/arm-none-eabi/5.4.1/../../../../arm-none-eabi/lib/armv6-m\libg_nano.a(lib_a-mlock.o)
 .debug_frame   0x00003d4c       0x20 c:/program files (x86)/cypress/psoc creator/4.4/psoc creator/import/gnu/arm/5.4.1/bin/../lib/gcc/arm-none-eabi/5.4.1/../../../../arm-none-eabi/lib/armv6-m\libg_nano.a(lib_a-nano-msizer.o)
 .debug_frame   0x00003d6c       0x48 c:/program files (x86)/cypress/psoc creator/4.4/psoc creator/import/gnu/arm/5.4.1/bin/../lib/gcc/arm-none-eabi/5.4.1/../../../../arm-none-eabi/lib/armv6-m\libg_nano.a(lib_a-reent.o)

.debug_str      0x00000000     0x4c37
 *(.debug_str)
 .debug_str     0x00000000      0x4c6 .\CortexM0\ARM_GCC_541\Debug\main.o
                                0x52e (size before relaxing)
 .debug_str     0x000004c6       0xa9 .\CortexM0\ARM_GCC_541\Debug\DebugMessages.o
                                0x2f2 (size before relaxing)
 .debug_str     0x0000056f       0x16 .\CortexM0\ARM_GCC_541\Debug\Initialize_CAN_addr.o
                                0x11f (size before relaxing)
 .debug_str     0x00000585       0xb2 .\CortexM0\ARM_GCC_541\Debug\LED_Array.o
                                0x315 (size before relaxing)
 .debug_str     0x00000637       0x87 .\CortexM0\ARM_GCC_541\Debug\MotorDrive.o
                                0x274 (size before relaxing)
 .debug_str     0x000006be        0xe .\CortexM0\ARM_GCC_541\Debug\PositionPID.o
                                0x117 (size before relaxing)
 .debug_str     0x000006cc      0x255 .\CortexM0\ARM_GCC_541\Debug\PortPSOC_swerve.o
                                0x4d0 (size before relaxing)
 .debug_str     0x00000921      0x439 .\CortexM0\ARM_GCC_541\Debug\CANCommon.o
                                0x5c2 (size before relaxing)
 .debug_str     0x00000d5a      0x202 .\CortexM0\ARM_GCC_541\Debug\CANGPIO.o
                                0x44b (size before relaxing)
 .debug_str     0x00000f5c       0x1c .\CortexM0\ARM_GCC_541\Debug\CANLocalization.o
                                0x198 (size before relaxing)
 .debug_str     0x00000f78      0x366 .\CortexM0\ARM_GCC_541\Debug\CANMotorUnit.o
                                0x637 (size before relaxing)
 .debug_str     0x000012de      0x16e .\CortexM0\ARM_GCC_541\Debug\CANPacket.o
                                0x44a (size before relaxing)
 .debug_str     0x0000144c       0xbc .\CortexM0\ARM_GCC_541\Debug\CANPower.o
                                0x330 (size before relaxing)
 .debug_str     0x00001508      0x123 .\CortexM0\ARM_GCC_541\Debug\CANScience.o
                                0x352 (size before relaxing)
 .debug_str     0x0000162b      0x13e .\CortexM0\ARM_GCC_541\Debug\cyfitter_cfg.o
                                0x33c (size before relaxing)
 .debug_str     0x00001769       0x59 .\CortexM0\ARM_GCC_541\Debug\cymetadata.o
                                0x1e7 (size before relaxing)
 .debug_str     0x000017c2      0x134 .\CortexM0\ARM_GCC_541\Debug\Cm0Start.o
                                0x33a (size before relaxing)
 .debug_str     0x000018f6      0x4ca .\CortexM0\ARM_GCC_541\Debug\SwerveMotorFirmware.a(PWM_Motor1.o)
                                0x6a2 (size before relaxing)
 .debug_str     0x00001dc0      0x135 .\CortexM0\ARM_GCC_541\Debug\SwerveMotorFirmware.a(isr_Limit_1.o)
                                0x377 (size before relaxing)
 .debug_str     0x00001ef5      0x114 .\CortexM0\ARM_GCC_541\Debug\SwerveMotorFirmware.a(QuadDec.o)
                                0x33c (size before relaxing)
 .debug_str     0x00002009      0x2d2 .\CortexM0\ARM_GCC_541\Debug\SwerveMotorFirmware.a(CAN.o)
                                0x56f (size before relaxing)
 .debug_str     0x000022db       0x29 .\CortexM0\ARM_GCC_541\Debug\SwerveMotorFirmware.a(CAN_INT.o)
                                0x1dd (size before relaxing)
 .debug_str     0x00002304       0x69 .\CortexM0\ARM_GCC_541\Debug\SwerveMotorFirmware.a(CAN_TX_RX_func.o)
                                0x302 (size before relaxing)
 .debug_str     0x0000236d      0x157 .\CortexM0\ARM_GCC_541\Debug\SwerveMotorFirmware.a(UART.o)
                                0x32f (size before relaxing)
 .debug_str     0x000024c4      0x174 .\CortexM0\ARM_GCC_541\Debug\SwerveMotorFirmware.a(UART_SPI_UART.o)
                                0x366 (size before relaxing)
 .debug_str     0x00002638      0x16f .\CortexM0\ARM_GCC_541\Debug\SwerveMotorFirmware.a(UART_UART.o)
                                0x47a (size before relaxing)
 .debug_str     0x000027a7       0x91 .\CortexM0\ARM_GCC_541\Debug\SwerveMotorFirmware.a(Dip1.o)
                                0x24e (size before relaxing)
 .debug_str     0x00002838       0x76 .\CortexM0\ARM_GCC_541\Debug\SwerveMotorFirmware.a(Dip2.o)
                                0x24e (size before relaxing)
 .debug_str     0x000028ae       0x76 .\CortexM0\ARM_GCC_541\Debug\SwerveMotorFirmware.a(Dip3.o)
                                0x24e (size before relaxing)
 .debug_str     0x00002924       0x76 .\CortexM0\ARM_GCC_541\Debug\SwerveMotorFirmware.a(Dip4.o)
                                0x24e (size before relaxing)
 .debug_str     0x0000299a      0x185 .\CortexM0\ARM_GCC_541\Debug\SwerveMotorFirmware.a(Timer_1.o)
                                0x394 (size before relaxing)
 .debug_str     0x00002b1f      0x119 .\CortexM0\ARM_GCC_541\Debug\SwerveMotorFirmware.a(isr_period.o)
                                0x369 (size before relaxing)
 .debug_str     0x00002c38       0x99 .\CortexM0\ARM_GCC_541\Debug\SwerveMotorFirmware.a(LED_Debug1.o)
                                0x278 (size before relaxing)
 .debug_str     0x00002cd1       0x99 .\CortexM0\ARM_GCC_541\Debug\SwerveMotorFirmware.a(LED_Debug2.o)
                                0x278 (size before relaxing)
 .debug_str     0x00002d6a       0x87 .\CortexM0\ARM_GCC_541\Debug\SwerveMotorFirmware.a(LED_CAN.o)
                                0x263 (size before relaxing)
 .debug_str     0x00002df1       0x93 .\CortexM0\ARM_GCC_541\Debug\SwerveMotorFirmware.a(LED_Error.o)
                                0x271 (size before relaxing)
 .debug_str     0x00002e84      0x24d .\CortexM0\ARM_GCC_541\Debug\SwerveMotorFirmware.a(StripLights.o)
                                0x49f (size before relaxing)
 .debug_str     0x000030d1       0xee .\CortexM0\ARM_GCC_541\Debug\SwerveMotorFirmware.a(StripLights_fonts.o)
                                0x30a (size before relaxing)
 .debug_str     0x000031bf      0x3e1 .\CortexM0\ARM_GCC_541\Debug\SwerveMotorFirmware.a(PWM_Motor2.o)
                                0x6a2 (size before relaxing)
 .debug_str     0x000035a0       0xb7 .\CortexM0\ARM_GCC_541\Debug\SwerveMotorFirmware.a(Motor1Direction.o)
                                0x29b (size before relaxing)
 .debug_str     0x00003657       0xb7 .\CortexM0\ARM_GCC_541\Debug\SwerveMotorFirmware.a(Motor2Direction.o)
                                0x29b (size before relaxing)
 .debug_str     0x0000370e      0x1b5 .\CortexM0\ARM_GCC_541\Debug\SwerveMotorFirmware.a(QuadDec_Cnt16.o)
                                0x40f (size before relaxing)