Archive member included to satisfy reference by file (symbol)

.\CortexM0\ARM_GCC_541\Debug\SwerveMotorFirmware.a(Limit1.o)
                              .\CortexM0\ARM_GCC_541\Debug\main.o (Limit1_Read)
.\CortexM0\ARM_GCC_541\Debug\SwerveMotorFirmware.a(Limit2.o)
                              .\CortexM0\ARM_GCC_541\Debug\main.o (Limit2_Read)
.\CortexM0\ARM_GCC_541\Debug\SwerveMotorFirmware.a(PWM_Motor1.o)
                              .\CortexM0\ARM_GCC_541\Debug\MotorDrive.o (PWM_Motor1_WriteCompare)
.\CortexM0\ARM_GCC_541\Debug\SwerveMotorFirmware.a(isr_Limit_1.o)
                              .\CortexM0\ARM_GCC_541\Debug\main.o (isr_Limit_1_StartEx)
.\CortexM0\ARM_GCC_541\Debug\SwerveMotorFirmware.a(Pin_Encoder_A.o)
                              .\CortexM0\ARM_GCC_541\Debug\main.o (Pin_Encoder_A_Read)
.\CortexM0\ARM_GCC_541\Debug\SwerveMotorFirmware.a(Pin_Encoder_B.o)
                              .\CortexM0\ARM_GCC_541\Debug\main.o (Pin_Encoder_B_Read)
.\CortexM0\ARM_GCC_541\Debug\SwerveMotorFirmware.a(Status_Reg_Switches.o)
                              .\CortexM0\ARM_GCC_541\Debug\main.o (Status_Reg_Switches_Read)
.\CortexM0\ARM_GCC_541\Debug\SwerveMotorFirmware.a(CAN.o)
                              .\CortexM0\ARM_GCC_541\Debug\PortPSOC_swerve.o (CAN_GlobalIntEnable)
.\CortexM0\ARM_GCC_541\Debug\SwerveMotorFirmware.a(CAN_INT.o)
                              .\CortexM0\ARM_GCC_541\Debug\SwerveMotorFirmware.a(CAN.o) (CAN_ISR)
.\CortexM0\ARM_GCC_541\Debug\SwerveMotorFirmware.a(CAN_TX_RX_func.o)
                              .\CortexM0\ARM_GCC_541\Debug\PortPSOC_swerve.o (CAN_SendMsg)
.\CortexM0\ARM_GCC_541\Debug\SwerveMotorFirmware.a(UART.o)
                              .\CortexM0\ARM_GCC_541\Debug\main.o (UART_Start)
.\CortexM0\ARM_GCC_541\Debug\SwerveMotorFirmware.a(UART_UART.o)
                              .\CortexM0\ARM_GCC_541\Debug\SwerveMotorFirmware.a(UART.o) (UART_UartInit)
.\CortexM0\ARM_GCC_541\Debug\SwerveMotorFirmware.a(Dip1.o)
                              .\CortexM0\ARM_GCC_541\Debug\main.o (Dip1_Read)
.\CortexM0\ARM_GCC_541\Debug\SwerveMotorFirmware.a(Dip2.o)
                              .\CortexM0\ARM_GCC_541\Debug\main.o (Dip2_Read)
.\CortexM0\ARM_GCC_541\Debug\SwerveMotorFirmware.a(Dip3.o)
                              .\CortexM0\ARM_GCC_541\Debug\main.o (Dip3_Read)
.\CortexM0\ARM_GCC_541\Debug\SwerveMotorFirmware.a(Dip4.o)
                              .\CortexM0\ARM_GCC_541\Debug\main.o (Dip4_Read)
.\CortexM0\ARM_GCC_541\Debug\SwerveMotorFirmware.a(Timer_1.o)
                              .\CortexM0\ARM_GCC_541\Debug\main.o (Timer_1_ReadStatusRegister)
.\CortexM0\ARM_GCC_541\Debug\SwerveMotorFirmware.a(isr_period.o)
                              .\CortexM0\ARM_GCC_541\Debug\main.o (isr_period_StartEx)
.\CortexM0\ARM_GCC_541\Debug\SwerveMotorFirmware.a(LED_Debug1.o)
                              .\CortexM0\ARM_GCC_541\Debug\main.o (LED_Debug1_Write)
.\CortexM0\ARM_GCC_541\Debug\SwerveMotorFirmware.a(LED_Debug2.o)
                              .\CortexM0\ARM_GCC_541\Debug\main.o (LED_Debug2_Write)
.\CortexM0\ARM_GCC_541\Debug\SwerveMotorFirmware.a(LED_CAN.o)
                              .\CortexM0\ARM_GCC_541\Debug\main.o (LED_CAN_Write)
.\CortexM0\ARM_GCC_541\Debug\SwerveMotorFirmware.a(LED_Error.o)
                              .\CortexM0\ARM_GCC_541\Debug\main.o (LED_Error_Write)
.\CortexM0\ARM_GCC_541\Debug\SwerveMotorFirmware.a(StripLights.o)
                              .\CortexM0\ARM_GCC_541\Debug\LED_Array.o (StripLights_Trigger)
.\CortexM0\ARM_GCC_541\Debug\SwerveMotorFirmware.a(StripLights_fonts.o)
                              .\CortexM0\ARM_GCC_541\Debug\SwerveMotorFirmware.a(StripLights.o) (StripLights_SetFont)
.\CortexM0\ARM_GCC_541\Debug\SwerveMotorFirmware.a(PWM_Motor2.o)
                              .\CortexM0\ARM_GCC_541\Debug\MotorDrive.o (PWM_Motor2_WriteCompare)
.\CortexM0\ARM_GCC_541\Debug\SwerveMotorFirmware.a(Motor1Direction.o)
                              .\CortexM0\ARM_GCC_541\Debug\MotorDrive.o (Motor1Direction_Write)
.\CortexM0\ARM_GCC_541\Debug\SwerveMotorFirmware.a(Motor2Direction.o)
                              .\CortexM0\ARM_GCC_541\Debug\MotorDrive.o (Motor2Direction_Write)
.\CortexM0\ARM_GCC_541\Debug\SwerveMotorFirmware.a(StripLights_cisr.o)
                              .\CortexM0\ARM_GCC_541\Debug\SwerveMotorFirmware.a(StripLights.o) (StripLights_cisr_StartEx)
.\CortexM0\ARM_GCC_541\Debug\SwerveMotorFirmware.a(StripLights_fisr.o)
                              .\CortexM0\ARM_GCC_541\Debug\SwerveMotorFirmware.a(StripLights.o) (StripLights_fisr_StartEx)
.\CortexM0\ARM_GCC_541\Debug\SwerveMotorFirmware.a(CyLib.o)
                              .\CortexM0\ARM_GCC_541\Debug\cyfitter_cfg.o (CyIntEnable)
.\CortexM0\ARM_GCC_541\Debug\SwerveMotorFirmware.a(cyutils.o)
                              .\CortexM0\ARM_GCC_541\Debug\SwerveMotorFirmware.a(Timer_1.o) (CySetReg24)
.\CortexM0\ARM_GCC_541\Debug\SwerveMotorFirmware.a(CyLFClk.o)
[...]
Memory Configuration

Name             Origin             Length             Attributes
rom              0x00000000         0x00040000         xr
ram              0x20000000         0x00008000         xrw
*default*        0x00000000         0xffffffff

Linker script and memory map

LOAD c:/program files (x86)/cypress/psoc creator/4.4/psoc creator/import/gnu/arm/5.4.1/bin/../lib/gcc/arm-none-eabi/5.4.1/armv6-m/crti.o
LOAD c:/program files (x86)/cypress/psoc creator/4.4/psoc creator/import/gnu/arm/5.4.1/bin/../lib/gcc/arm-none-eabi/5.4.1/armv6-m/crtbegin.o
LOAD c:/program files (x86)/cypress/psoc creator/4.4/psoc creator/import/gnu/arm/5.4.1/bin/../lib/gcc/arm-none-eabi/5.4.1/../../../../arm-none-eabi/lib/armv6-m/crt0.o
START GROUP
LOAD .\CortexM0\ARM_GCC_541\Debug\main.o
LOAD .\CortexM0\ARM_GCC_541\Debug\LED_Array.o
LOAD .\CortexM0\ARM_GCC_541\Debug\MotorDrive.o
LOAD .\CortexM0\ARM_GCC_541\Debug\PositionPID.o
LOAD .\CortexM0\ARM_GCC_541\Debug\Motor_Unit_CAN.o
LOAD .\CortexM0\ARM_GCC_541\Debug\Motor_Unit_FSM.o
LOAD .\CortexM0\ARM_GCC_541\Debug\PortPSOC_swerve.o
LOAD .\CortexM0\ARM_GCC_541\Debug\CANCommon.o
LOAD .\CortexM0\ARM_GCC_541\Debug\CANGPIO.o
LOAD .\CortexM0\ARM_GCC_541\Debug\CANLocalization.o
LOAD .\CortexM0\ARM_GCC_541\Debug\CANMotorUnit.o
LOAD .\CortexM0\ARM_GCC_541\Debug\CANPacket.o
LOAD .\CortexM0\ARM_GCC_541\Debug\CANPower.o
LOAD .\CortexM0\ARM_GCC_541\Debug\CANScience.o
LOAD .\CortexM0\ARM_GCC_541\Debug\cyfitter_cfg.o
LOAD .\CortexM0\ARM_GCC_541\Debug\cymetadata.o
LOAD .\CortexM0\ARM_GCC_541\Debug\Cm0Start.o
LOAD .\CortexM0\ARM_GCC_541\Debug\SwerveMotorFirmware.a
END GROUP
START GROUP
LOAD c:/program files (x86)/cypress/psoc creator/4.4/psoc creator/import/gnu/arm/5.4.1/bin/../lib/gcc/arm-none-eabi/5.4.1/armv6-m\libgcc.a
LOAD c:/program files (x86)/cypress/psoc creator/4.4/psoc creator/import/gnu/arm/5.4.1/bin/../lib/gcc/arm-none-eabi/5.4.1/../../../../arm-none-eabi/lib/armv6-m\libg_nano.a
LOAD c:/program files (x86)/cypress/psoc creator/4.4/psoc creator/import/gnu/arm/5.4.1/bin/../lib/gcc/arm-none-eabi/5.4.1/../../../../arm-none-eabi/lib/armv6-m\libc_nano.a
END GROUP
START GROUP
LOAD c:/program files (x86)/cypress/psoc creator/4.4/psoc creator/import/gnu/arm/5.4.1/bin/../lib/gcc/arm-none-eabi/5.4.1/armv6-m\libgcc.a
LOAD c:/program files (x86)/cypress/psoc creator/4.4/psoc creator/import/gnu/arm/5.4.1/bin/../lib/gcc/arm-none-eabi/5.4.1/../../../../arm-none-eabi/lib/armv6-m\libc_nano.a
END GROUP
LOAD c:/program files (x86)/cypress/psoc creator/4.4/psoc creator/import/gnu/arm/5.4.1/bin/../lib/gcc/arm-none-eabi/5.4.1/armv6-m/crtend.o
LOAD c:/program files (x86)/cypress/psoc creator/4.4/psoc creator/import/gnu/arm/5.4.1/bin/../lib/gcc/arm-none-eabi/5.4.1/armv6-m/crtn.o
START GROUP
LOAD c:/program files (x86)/cypress/psoc creator/4.4/psoc creator/import/gnu/arm/5.4.1/bin/../lib/gcc/arm-none-eabi/5.4.1/armv6-m\libgcc.a
LOAD c:/program files (x86)/cypress/psoc creator/4.4/psoc creator/import/gnu/arm/5.4.1/bin/../lib/gcc/arm-none-eabi/5.4.1/../../../../arm-none-eabi/lib/armv6-m\libc.a
LOAD c:/program files (x86)/cypress/psoc creator/4.4/psoc creator/import/gnu/arm/5.4.1/bin/../lib/gcc/arm-none-eabi/5.4.1/../../../../arm-none-eabi/lib/armv6-m\libnosys.a
END GROUP
                0x00000000                CY_APPL_ORIGIN = 0x0
                0x00000100                CY_FLASH_ROW_SIZE = 0x100
                0x00000001                CY_APPL_NUM = 0x1
                0x00000001                CY_APPL_MAX = 0x1
                0x00000040                CY_METADATA_SIZE = 0x40
                0x00000000                CY_APPL_LOADABLE = 0x0
                0x00000000                CY_CHECKSUM_EXCLUDE_SIZE = ALIGN (0x0, CY_FLASH_ROW_SIZE)
                0x00000000                CY_APP_FOR_STACK_AND_COPIER = 0x0
                [!provide]                PROVIDE (__cy_heap_start, _end)
                0x00000001                PROVIDE (__cy_region_num, ((__cy_regions_end - __cy_regions) / 0x10))
                0x20008000                PROVIDE (__cy_stack, (ORIGIN (ram) + LENGTH (ram)))
                [!provide]                PROVIDE (__cy_heap_end, (__cy_stack - 0x800))

.cybootloader   0x00000000        0x0
 *(.cybootloader)
                0x00000000                appl1_start = CY_APPL_ORIGIN?CY_APPL_ORIGIN:ALIGN (CY_FLASH_ROW_SIZE)
                0x0001ff00                appl2_start = (appl1_start + ALIGN ((((LENGTH (rom) - appl1_start) - (0x2 * CY_FLASH_ROW_SIZE)) / 0x2), CY_FLASH_ROW_SIZE))
                0x00000000                appl_start = (CY_APPL_NUM == 0x1)?appl1_start:appl2_start
                0x00000001                cy_project_type_bootloader = (appl_start == 0x0)?0x1:0x0
                0x00000000                cy_project_type_app_for_stack_and_copier = (CY_APP_FOR_STACK_AND_COPIER == 0x1)?0x1:0x0

.text           0x00000000     0x39e6
 CREATE_OBJECT_SYMBOLS
                0x00000000                PROVIDE (__cy_interrupt_vector, RomVectors)
 *(.romvectors)
 .romvectors    0x00000000       0x10 .\CortexM0\ARM_GCC_541\Debug\Cm0Start.o
                0x00000000                RomVectors
                0x00000001                ASSERT ((. != __cy_interrupt_vector), No interrupt vector)
                0x00000001                ASSERT (CY_APPL_ORIGIN?(SIZEOF (.cybootloader) <= CY_APPL_ORIGIN):0x1, Wrong image location)
                0x00000010                PROVIDE (__cy_reset, Reset)
 *(.text.Reset)
 .text.Reset    0x00000010        0x8 .\CortexM0\ARM_GCC_541\Debug\Cm0Start.o
                0x00000010                Reset
                0x00000001                ASSERT ((. != __cy_reset), No reset code)
 *(.psocinit)
 .psocinit      0x00000018      0x2f4 .\CortexM0\ARM_GCC_541\Debug\cyfitter_cfg.o
                0x00000138                cyfitter_cfg
                0x0000030c                . = MAX (., 0x100)
 *(.text .text.* .gnu.linkonce.t.*)
 .text          0x0000030c       0x60 c:/program files (x86)/cypress/psoc creator/4.4/psoc creator/import/gnu/arm/5.4.1/bin/../lib/gcc/arm-none-eabi/5.4.1/armv6-m/crtbegin.o
 .text.Period_Reset_Handler
                0x0000036c       0x8c .\CortexM0\ARM_GCC_541\Debug\main.o
                0x0000036c                Period_Reset_Handler
 .text.Pin_Limit_Handler
                0x000003f8       0x6c .\CortexM0\ARM_GCC_541\Debug\main.o
                0x000003f8                Pin_Limit_Handler
 .text.ReadCAN  0x00000464       0x30 .\CortexM0\ARM_GCC_541\Debug\main.o
                0x00000464                ReadCAN
 .text.DisplayErrorCode
                0x00000494       0x50 .\CortexM0\ARM_GCC_541\Debug\main.o
                0x00000494                DisplayErrorCode
 .text.getSerialAddress
                0x000004e4       0x34 .\CortexM0\ARM_GCC_541\Debug\main.o
                0x000004e4                getSerialAddress
 .text.Initialize
                0x00000518       0xb0 .\CortexM0\ARM_GCC_541\Debug\main.o
                0x00000518                Initialize
 .text.main     0x000005c8       0xa8 .\CortexM0\ARM_GCC_541\Debug\main.o
                0x000005c8                main
 .text.updateEncCount
                0x00000670       0x50 .\CortexM0\ARM_GCC_541\Debug\main.o
                0x00000670                updateEncCount
 .text.EncA_Change_Handler
                0x000006c0        0x8 .\CortexM0\ARM_GCC_541\Debug\main.o
                0x000006c0                EncA_Change_Handler
 .text.EncB_Change_Handler
                0x000006c8        0x8 .\CortexM0\ARM_GCC_541\Debug\main.o
                0x000006c8                EncB_Change_Handler
 .text.initalize_LEDs
                0x000006d0       0x28 .\CortexM0\ARM_GCC_541\Debug\LED_Array.o
                0x000006d0                initalize_LEDs
 .text.get_color_packet
                0x000006f8        0xc .\CortexM0\ARM_GCC_541\Debug\LED_Array.o
                0x000006f8                get_color_packet
 .text.set_PWM_M1
                0x00000704       0x58 .\CortexM0\ARM_GCC_541\Debug\MotorDrive.o
                0x00000704                set_PWM_M1
 .text.set_PWM_M2
                0x0000075c       0x58 .\CortexM0\ARM_GCC_541\Debug\MotorDrive.o
                0x0000075c                set_PWM_M2
 .text.GetCurrentPWM_M2
                0x000007b4        0xc .\CortexM0\ARM_GCC_541\Debug\MotorDrive.o
                0x000007b4                GetCurrentPWM_M2
 .text.ClearPIDProgress
                0x000007c0       0x10 .\CortexM0\ARM_GCC_541\Debug\PositionPID.o
                0x000007c0                ClearPIDProgress
 .text.DisablePID
                0x000007d0        0xc .\CortexM0\ARM_GCC_541\Debug\PositionPID.o
                0x000007d0                DisablePID
 .text.EnablePID
                0x000007dc        0xc .\CortexM0\ARM_GCC_541\Debug\PositionPID.o
                0x000007dc                EnablePID
 .text.PIDIsEnabled
                0x000007e8        0xc .\CortexM0\ARM_GCC_541\Debug\PositionPID.o
                0x000007e8                PIDIsEnabled
 .text.SetkPosition
                0x000007f4        0xc .\CortexM0\ARM_GCC_541\Debug\PositionPID.o
                0x000007f4                SetkPosition
 .text.SetkIntegral
                0x00000800        0xc .\CortexM0\ARM_GCC_541\Debug\PositionPID.o
                0x00000800                SetkIntegral
 .text.SetkDerivative
                0x0000080c        0xc .\CortexM0\ARM_GCC_541\Debug\PositionPID.o
                0x0000080c                SetkDerivative
 .text.SetkPPJR
                0x00000818        0xc .\CortexM0\ARM_GCC_541\Debug\PositionPID.o
                0x00000818                SetkPPJR
 .text.SetMaxPIDPWM
                0x00000824        0xc .\CortexM0\ARM_GCC_541\Debug\PositionPID.o
                0x00000824                SetMaxPIDPWM
 .text.GetMaxPIDPWM
                0x00000830        0xc .\CortexM0\ARM_GCC_541\Debug\PositionPID.o
                0x00000830                GetMaxPIDPWM
 .text.GetEncoderValWithFlip
                0x0000083c       0x18 .\CortexM0\ARM_GCC_541\Debug\PositionPID.o
                0x0000083c                GetEncoderValWithFlip
 .text.InitializePID
                0x00000854       0x24 .\CortexM0\ARM_GCC_541\Debug\PositionPID.o
                0x00000854                InitializePID
 .text.SetEncoderDirDefault
                0x00000878        0xc .\CortexM0\ARM_GCC_541\Debug\PositionPID.o
                0x00000878                SetEncoderDirDefault
 .text.SetEncoderDirReverse
                0x00000884        0xc .\CortexM0\ARM_GCC_541\Debug\PositionPID.o
                0x00000884                SetEncoderDirReverse
 .text.CurrentPositionMiliDegree
                0x00000890       0x28 .\CortexM0\ARM_GCC_541\Debug\PositionPID.o
                0x00000890                CurrentPositionMiliDegree
 .text.MiliDegreesToTicks
                0x000008b8       0x18 .\CortexM0\ARM_GCC_541\Debug\PositionPID.o
                0x000008b8                MiliDegreesToTicks
 .text.Position_PID
                0x000008d0       0x84 .\CortexM0\ARM_GCC_541\Debug\PositionPID.o
                0x000008d0                Position_PID
 .text.SetPosition
                0x00000954       0x68 .\CortexM0\ARM_GCC_541\Debug\PositionPID.o
                0x00000954                SetPosition
 .text.GetLimitSwNumFromPacket
                0x000009bc        0x4 .\CortexM0\ARM_GCC_541\Debug\Motor_Unit_CAN.o
 .text.GetEncCountFromPacket
                0x000009c0       0x10 .\CortexM0\ARM_GCC_541\Debug\Motor_Unit_CAN.o
 .text.SendEncoderData
                0x000009d0       0x24 .\CortexM0\ARM_GCC_541\Debug\Motor_Unit_CAN.o
                0x000009d0                SendEncoderData
 .text.NextStateFromCAN
                0x000009f4      0x450 .\CortexM0\ARM_GCC_541\Debug\Motor_Unit_CAN.o
                0x000009f4                NextStateFromCAN
 .text.GotoUninitState
                0x00000e44       0x14 .\CortexM0\ARM_GCC_541\Debug\Motor_Unit_FSM.o
                0x00000e44                GotoUninitState
 .text.SetStateTo
                0x00000e58        0xc .\CortexM0\ARM_GCC_541\Debug\Motor_Unit_FSM.o
                0x00000e58                SetStateTo
 .text.SetModeTo
                0x00000e64        0xc .\CortexM0\ARM_GCC_541\Debug\Motor_Unit_FSM.o
                0x00000e64                SetModeTo
 .text.GetState
                0x00000e70        0xc .\CortexM0\ARM_GCC_541\Debug\Motor_Unit_FSM.o
                0x00000e70                GetState
 .text.GetMode  0x00000e7c        0xc .\CortexM0\ARM_GCC_541\Debug\Motor_Unit_FSM.o
                0x00000e7c                GetMode
 .text.PositionConstIsSet
                0x00000e88       0x10 .\CortexM0\ARM_GCC_541\Debug\Motor_Unit_FSM.o
                0x00000e88                PositionConstIsSet
 .text.IntegralConstIsSet
                0x00000e98       0x10 .\CortexM0\ARM_GCC_541\Debug\Motor_Unit_FSM.o
                0x00000e98                IntegralConstIsSet
 .text.DerivativeConstIsSet
                0x00000ea8       0x10 .\CortexM0\ARM_GCC_541\Debug\Motor_Unit_FSM.o
                0x00000ea8                DerivativeConstIsSet
 .text.PPJRConstIsSet
                0x00000eb8       0x10 .\CortexM0\ARM_GCC_541\Debug\Motor_Unit_FSM.o
                0x00000eb8                PPJRConstIsSet
 .text.PIDconstsSet
                0x00000ec8       0x14 .\CortexM0\ARM_GCC_541\Debug\Motor_Unit_FSM.o
                0x00000ec8                PIDconstsSet
 .text.InitCAN_swerve
                0x00000edc      0x11c .\CortexM0\ARM_GCC_541\Debug\PortPSOC_swerve.o
                0x00000edc                InitCAN_swerve
 .text.SendCANPacket
                0x00000ff8       0x40 .\CortexM0\ARM_GCC_541\Debug\PortPSOC_swerve.o
                0x00000ff8                SendCANPacket
 .text.getLocalDeviceSerial
                0x00001038        0xc .\CortexM0\ARM_GCC_541\Debug\PortPSOC_swerve.o
                0x00001038                getLocalDeviceSerial
 .text.getLocalDeviceGroup
                0x00001044        0xc .\CortexM0\ARM_GCC_541\Debug\PortPSOC_swerve.o
                0x00001044                getLocalDeviceGroup
 .text.getChipType
                0x00001050        0x4 .\CortexM0\ARM_GCC_541\Debug\PortPSOC_swerve.o
                0x00001050                getChipType
 .text.FIFOSize
                0x00001054       0x48 .\CortexM0\ARM_GCC_541\Debug\PortPSOC_swerve.o
                0x00001054                FIFOSize
 .text.countAddFIFO
                0x0000109c       0x50 .\CortexM0\ARM_GCC_541\Debug\PortPSOC_swerve.o
                0x0000109c                countAddFIFO
 .text.CAN_FLAG_ISR
                0x000010ec      0x12c .\CortexM0\ARM_GCC_541\Debug\PortPSOC_swerve.o
                0x000010ec                CAN_FLAG_ISR
 .text.countRemoveFIFO
                0x00001218       0x28 .\CortexM0\ARM_GCC_541\Debug\PortPSOC_swerve.o
                0x00001218                countRemoveFIFO
 .text.PollAndReceiveCANPacket
                0x00001240       0x4c .\CortexM0\ARM_GCC_541\Debug\PortPSOC_swerve.o
                0x00001240                PollAndReceiveCANPacket
 .text.AssembleChipTypeReportPacket
                0x0000128c       0x24 .\CortexM0\ARM_GCC_541\Debug\CANCommon.o
                0x0000128c                AssembleChipTypeReportPacket
 .text.AssembleTelemetryReportPacket
                0x000012b0       0x2c .\CortexM0\ARM_GCC_541\Debug\CANCommon.o
                0x000012b0                AssembleTelemetryReportPacket
 .text.GetModeFromPacket
                0x000012dc        0x4 .\CortexM0\ARM_GCC_541\Debug\CANMotorUnit.o
                0x000012dc                GetModeFromPacket
 .text.GetPWMFromPacket
                0x000012e0       0x10 .\CortexM0\ARM_GCC_541\Debug\CANMotorUnit.o
                0x000012e0                GetPWMFromPacket
 .text.GetPIDTargetFromPacket
                0x000012f0       0x10 .\CortexM0\ARM_GCC_541\Debug\CANMotorUnit.o
                0x000012f0                GetPIDTargetFromPacket
 .text.GetPFromPacket
                0x00001300       0x10 .\CortexM0\ARM_GCC_541\Debug\CANMotorUnit.o
                0x00001300                GetPFromPacket
 .text.GetIFromPacket
                0x00001310       0x10 .\CortexM0\ARM_GCC_541\Debug\CANMotorUnit.o
                0x00001310                GetIFromPacket
 .text.GetDFromPacket
                0x00001320       0x10 .\CortexM0\ARM_GCC_541\Debug\CANMotorUnit.o
                0x00001320                GetDFromPacket
 .text.AssembleLimitSwitchAlertPacket
                0x00001330       0x20 .\CortexM0\ARM_GCC_541\Debug\CANMotorUnit.o
                0x00001330                AssembleLimitSwitchAlertPacket
 .text.GetEncoderPPJRFromPacket
                0x00001350       0x10 .\CortexM0\ARM_GCC_541\Debug\CANMotorUnit.o
                0x00001350                GetEncoderPPJRFromPacket
 .text.GetEncoderDirectionFromPacket
                0x00001360        0x8 .\CortexM0\ARM_GCC_541\Debug\CANMotorUnit.o
                0x00001360                GetEncoderDirectionFromPacket
 .text.GetEncoderZeroFromPacket
                0x00001368        0x8 .\CortexM0\ARM_GCC_541\Debug\CANMotorUnit.o
                0x00001368                GetEncoderZeroFromPacket
 .text.GetMaxPIDPWMFromPacket
                0x00001370       0x10 .\CortexM0\ARM_GCC_541\Debug\CANMotorUnit.o
                0x00001370                GetMaxPIDPWMFromPacket
 .text.ConstructCANID
                0x00001380       0x1c .\CortexM0\ARM_GCC_541\Debug\CANPacket.o
                0x00001380                ConstructCANID
 .text.WriteSenderSerialAndPacketID
                0x0000139c       0x18 .\CortexM0\ARM_GCC_541\Debug\CANPacket.o
                0x0000139c                WriteSenderSerialAndPacketID
 .text.GetDeviceSerialNumber
                0x000013b4        0x8 .\CortexM0\ARM_GCC_541\Debug\CANPacket.o
                0x000013b4                GetDeviceSerialNumber
 .text.GetSenderDeviceSerialNumber
                0x000013bc        0x4 .\CortexM0\ARM_GCC_541\Debug\CANPacket.o
                0x000013bc                GetSenderDeviceSerialNumber
 .text.GetSenderDeviceGroupCode
                0x000013c0        0x4 .\CortexM0\ARM_GCC_541\Debug\CANPacket.o
                0x000013c0                GetSenderDeviceGroupCode
 .text.PackIntIntoDataMSBFirst
                0x000013c4       0x18 .\CortexM0\ARM_GCC_541\Debug\CANPacket.o
                0x000013c4                PackIntIntoDataMSBFirst
 .text.DecodeBytesToIntMSBFirst
                0x000013dc       0x44 .\CortexM0\ARM_GCC_541\Debug\CANPacket.o
                0x000013dc                DecodeBytesToIntMSBFirst
 .text.cfg_write_bytes32
                0x00001420       0x34 .\CortexM0\ARM_GCC_541\Debug\cyfitter_cfg.o
 .text.CYMEMZERO
                0x00001454        0xc .\CortexM0\ARM_GCC_541\Debug\cyfitter_cfg.o
 .text.SetAnalogRoutingPumps
                0x00001460       0x20 .\CortexM0\ARM_GCC_541\Debug\cyfitter_cfg.o
                0x00001460                SetAnalogRoutingPumps
 .text.AnalogSetDefault
                0x00001480       0x3c .\CortexM0\ARM_GCC_541\Debug\cyfitter_cfg.o
 .text.IntDefaultHandler
                0x000014bc       0x10 .\CortexM0\ARM_GCC_541\Debug\Cm0Start.o
                0x000014bc                IntDefaultHandler
 .text._sbrk    0x000014cc       0x30 .\CortexM0\ARM_GCC_541\Debug\Cm0Start.o
                0x000014cc                _sbrk
 .text.Start_c  0x000014fc       0x48 .\CortexM0\ARM_GCC_541\Debug\Cm0Start.o
                0x000014fc                Start_c
 .text.initialize_psoc
                0x00001544       0x4c .\CortexM0\ARM_GCC_541\Debug\Cm0Start.o
                0x00001544                initialize_psoc
 .text.Limit1_Read
                0x00001590       0x10 .\CortexM0\ARM_GCC_541\Debug\SwerveMotorFirmware.a(Limit1.o)
                0x00001590                Limit1_Read
 .text.Limit2_Read
                0x000015a0       0x10 .\CortexM0\ARM_GCC_541\Debug\SwerveMotorFirmware.a(Limit2.o)
                0x000015a0                Limit2_Read
 .text.PWM_Motor1_WriteCounter
                0x000015b0       0x10 .\CortexM0\ARM_GCC_541\Debug\SwerveMotorFirmware.a(PWM_Motor1.o)
                0x000015b0                PWM_Motor1_WriteCounter
 .text.PWM_Motor1_WritePeriod
                0x000015c0       0x10 .\CortexM0\ARM_GCC_541\Debug\SwerveMotorFirmware.a(PWM_Motor1.o)
                0x000015c0                PWM_Motor1_WritePeriod
 .text.PWM_Motor1_WriteCompare
                0x000015d0       0x10 .\CortexM0\ARM_GCC_541\Debug\SwerveMotorFirmware.a(PWM_Motor1.o)
                0x000015d0                PWM_Motor1_WriteCompare
 .text.PWM_Motor1_TriggerCommand
                0x000015e0       0x1c .\CortexM0\ARM_GCC_541\Debug\SwerveMotorFirmware.a(PWM_Motor1.o)
                0x000015e0                PWM_Motor1_TriggerCommand
 .text.PWM_Motor1_Enable
                0x000015fc       0x24 .\CortexM0\ARM_GCC_541\Debug\SwerveMotorFirmware.a(PWM_Motor1.o)
                0x000015fc                PWM_Motor1_Enable
 .text.PWM_Motor1_SetInterruptMode
                0x00001620        0xc .\CortexM0\ARM_GCC_541\Debug\SwerveMotorFirmware.a(PWM_Motor1.o)
                0x00001620                PWM_Motor1_SetInterruptMode
 .text.PWM_Motor1_Init
                0x0000162c       0x48 .\CortexM0\ARM_GCC_541\Debug\SwerveMotorFirmware.a(PWM_Motor1.o)
                0x0000162c                PWM_Motor1_Init
 .text.PWM_Motor1_Start
                0x00001674       0x20 .\CortexM0\ARM_GCC_541\Debug\SwerveMotorFirmware.a(PWM_Motor1.o)
                0x00001674                PWM_Motor1_Start
 .text.isr_Limit_1_SetVector
                0x00001694        0xc .\CortexM0\ARM_GCC_541\Debug\SwerveMotorFirmware.a(isr_Limit_1.o)
                0x00001694                isr_Limit_1_SetVector
 .text.isr_Limit_1_SetPriority
                0x000016a0       0x24 .\CortexM0\ARM_GCC_541\Debug\SwerveMotorFirmware.a(isr_Limit_1.o)
                0x000016a0                isr_Limit_1_SetPriority
 .text.isr_Limit_1_Enable
                0x000016c4        0xc .\CortexM0\ARM_GCC_541\Debug\SwerveMotorFirmware.a(isr_Limit_1.o)
                0x000016c4                isr_Limit_1_Enable
 .text.isr_Limit_1_Disable
                0x000016d0        0xc .\CortexM0\ARM_GCC_541\Debug\SwerveMotorFirmware.a(isr_Limit_1.o)
                0x000016d0                isr_Limit_1_Disable
 .text.isr_Limit_1_StartEx
                0x000016dc       0x1c .\CortexM0\ARM_GCC_541\Debug\SwerveMotorFirmware.a(isr_Limit_1.o)
                0x000016dc                isr_Limit_1_StartEx
 .text.Pin_Encoder_A_Read
                0x000016f8       0x10 .\CortexM0\ARM_GCC_541\Debug\SwerveMotorFirmware.a(Pin_Encoder_A.o)
                0x000016f8                Pin_Encoder_A_Read
 .text.Pin_Encoder_B_Read
                0x00001708       0x10 .\CortexM0\ARM_GCC_541\Debug\SwerveMotorFirmware.a(Pin_Encoder_B.o)
                0x00001708                Pin_Encoder_B_Read
 .text.Status_Reg_Switches_Read
                0x00001718        0xc .\CortexM0\ARM_GCC_541\Debug\SwerveMotorFirmware.a(Status_Reg_Switches.o)
                0x00001718                Status_Reg_Switches_Read
 .text.Status_Reg_Switches_InterruptEnable
                0x00001724       0x1c .\CortexM0\ARM_GCC_541\Debug\SwerveMotorFirmware.a(Status_Reg_Switches.o)
                0x00001724                Status_Reg_Switches_InterruptEnable
 .text.CAN_GlobalIntEnable
                0x00001740       0x1c .\CortexM0\ARM_GCC_541\Debug\SwerveMotorFirmware.a(CAN.o)
                0x00001740                CAN_GlobalIntEnable
 .text.CAN_Enable
                0x0000175c       0x48 .\CortexM0\ARM_GCC_541\Debug\SwerveMotorFirmware.a(CAN.o)
                0x0000175c                CAN_Enable
 .text.CAN_SetPreScaler
                0x000017a4       0x38 .\CortexM0\ARM_GCC_541\Debug\SwerveMotorFirmware.a(CAN.o)
                0x000017a4                CAN_SetPreScaler
 .text.CAN_SetArbiter
                0x000017dc       0x40 .\CortexM0\ARM_GCC_541\Debug\SwerveMotorFirmware.a(CAN.o)
                0x000017dc                CAN_SetArbiter
 .text.CAN_SetTsegSample
                0x0000181c       0xa0 .\CortexM0\ARM_GCC_541\Debug\SwerveMotorFirmware.a(CAN.o)
                0x0000181c                CAN_SetTsegSample
 .text.CAN_SetRestartType
                0x000018bc       0x38 .\CortexM0\ARM_GCC_541\Debug\SwerveMotorFirmware.a(CAN.o)
                0x000018bc                CAN_SetRestartType
 .text.CAN_SetEdgeMode
                0x000018f4       0x38 .\CortexM0\ARM_GCC_541\Debug\SwerveMotorFirmware.a(CAN.o)
                0x000018f4                CAN_SetEdgeMode
 .text.CAN_SetIrqMask
                0x0000192c       0x1c .\CortexM0\ARM_GCC_541\Debug\SwerveMotorFirmware.a(CAN.o)
                0x0000192c                CAN_SetIrqMask
 .text.CAN_RxBufConfig
                0x00001948       0x98 .\CortexM0\ARM_GCC_541\Debug\SwerveMotorFirmware.a(CAN.o)
                0x00001948                CAN_RxBufConfig
 .text.CAN_TxBufConfig
                0x000019e0       0x58 .\CortexM0\ARM_GCC_541\Debug\SwerveMotorFirmware.a(CAN.o)
                0x000019e0                CAN_TxBufConfig
 .text.CAN_RxTxBuffersConfig
                0x00001a38       0x54 .\CortexM0\ARM_GCC_541\Debug\SwerveMotorFirmware.a(CAN.o)
                0x00001a38                CAN_RxTxBuffersConfig
 .text.CAN_SetSwapDataEndianness
                0x00001a8c       0x40 .\CortexM0\ARM_GCC_541\Debug\SwerveMotorFirmware.a(CAN.o)
                0x00001a8c                CAN_SetSwapDataEndianness
 .text.CAN_Init
                0x00001acc       0xe8 .\CortexM0\ARM_GCC_541\Debug\SwerveMotorFirmware.a(CAN.o)
                0x00001acc                CAN_Init
 .text.CAN_Start
                0x00001bb4       0x28 .\CortexM0\ARM_GCC_541\Debug\SwerveMotorFirmware.a(CAN.o)
                0x00001bb4                CAN_Start
 .text.CAN_ISR  0x00001bdc        0x4 .\CortexM0\ARM_GCC_541\Debug\SwerveMotorFirmware.a(CAN_INT.o)
                0x00001bdc                CAN_ISR
 .text.CAN_SendMsg
                0x00001be0      0x154 .\CortexM0\ARM_GCC_541\Debug\SwerveMotorFirmware.a(CAN_TX_RX_func.o)
                0x00001be0                CAN_SendMsg
 .text.UART_ScbEnableIntr
                0x00001d34        0xc .\CortexM0\ARM_GCC_541\Debug\SwerveMotorFirmware.a(UART.o)
 .text.UART_ScbModePostEnable
                0x00001d40        0x8 .\CortexM0\ARM_GCC_541\Debug\SwerveMotorFirmware.a(UART.o)
 .text.UART_Init
                0x00001d48        0x8 .\CortexM0\ARM_GCC_541\Debug\SwerveMotorFirmware.a(UART.o)
                0x00001d48                UART_Init
 .text.UART_Enable
                0x00001d50       0x1c .\CortexM0\ARM_GCC_541\Debug\SwerveMotorFirmware.a(UART.o)
                0x00001d50                UART_Enable
 .text.UART_Start
                0x00001d6c       0x20 .\CortexM0\ARM_GCC_541\Debug\SwerveMotorFirmware.a(UART.o)
                0x00001d6c                UART_Start
 .text.UART_UartInit
                0x00001d8c       0xdc .\CortexM0\ARM_GCC_541\Debug\SwerveMotorFirmware.a(UART_UART.o)
                0x00001d8c                UART_UartInit
 .text.UART_UartPostEnable
                0x00001e68       0x24 .\CortexM0\ARM_GCC_541\Debug\SwerveMotorFirmware.a(UART_UART.o)
                0x00001e68                UART_UartPostEnable
 .text.UART_UartPutString
                0x00001e8c       0x18 .\CortexM0\ARM_GCC_541\Debug\SwerveMotorFirmware.a(UART_UART.o)
                0x00001e8c                UART_UartPutString
 .text.Dip1_Read
                0x00001ea4       0x10 .\CortexM0\ARM_GCC_541\Debug\SwerveMotorFirmware.a(Dip1.o)
                0x00001ea4                Dip1_Read
 .text.Dip2_Read
                0x00001eb4       0x10 .\CortexM0\ARM_GCC_541\Debug\SwerveMotorFirmware.a(Dip2.o)
                0x00001eb4                Dip2_Read
 .text.Dip3_Read
                0x00001ec4       0x10 .\CortexM0\ARM_GCC_541\Debug\SwerveMotorFirmware.a(Dip3.o)
                0x00001ec4                Dip3_Read
 .text.Dip4_Read
                0x00001ed4       0x10 .\CortexM0\ARM_GCC_541\Debug\SwerveMotorFirmware.a(Dip4.o)
                0x00001ed4                Dip4_Read
 .text.Timer_1_Enable
                0x00001ee4       0x14 .\CortexM0\ARM_GCC_541\Debug\SwerveMotorFirmware.a(Timer_1.o)
                0x00001ee4                Timer_1_Enable
 .text.Timer_1_SetInterruptMode
                0x00001ef8        0xc .\CortexM0\ARM_GCC_541\Debug\SwerveMotorFirmware.a(Timer_1.o)
                0x00001ef8                Timer_1_SetInterruptMode
 .text.Timer_1_ReadStatusRegister
                0x00001f04        0xc .\CortexM0\ARM_GCC_541\Debug\SwerveMotorFirmware.a(Timer_1.o)
                0x00001f04                Timer_1_ReadStatusRegister
 .text.Timer_1_WritePeriod
                0x00001f10       0x10 .\CortexM0\ARM_GCC_541\Debug\SwerveMotorFirmware.a(Timer_1.o)
                0x00001f10                Timer_1_WritePeriod
 .text.Timer_1_ReadCapture
                0x00001f20       0x10 .\CortexM0\ARM_GCC_541\Debug\SwerveMotorFirmware.a(Timer_1.o)
                0x00001f20                Timer_1_ReadCapture
 .text.Timer_1_WriteCounter
                0x00001f30       0x10 .\CortexM0\ARM_GCC_541\Debug\SwerveMotorFirmware.a(Timer_1.o)
                0x00001f30                Timer_1_WriteCounter
 .text.Timer_1_ClearFIFO
                0x00001f40       0x14 .\CortexM0\ARM_GCC_541\Debug\SwerveMotorFirmware.a(Timer_1.o)
                0x00001f40                Timer_1_ClearFIFO
 .text.Timer_1_Init
                0x00001f54       0x38 .\CortexM0\ARM_GCC_541\Debug\SwerveMotorFirmware.a(Timer_1.o)
                0x00001f54                Timer_1_Init
 .text.Timer_1_Start
                0x00001f8c       0x20 .\CortexM0\ARM_GCC_541\Debug\SwerveMotorFirmware.a(Timer_1.o)
                0x00001f8c                Timer_1_Start
 .text.isr_period_SetVector
                0x00001fac        0xc .\CortexM0\ARM_GCC_541\Debug\SwerveMotorFirmware.a(isr_period.o)
                0x00001fac                isr_period_SetVector
 .text.isr_period_SetPriority
                0x00001fb8       0x24 .\CortexM0\ARM_GCC_541\Debug\SwerveMotorFirmware.a(isr_period.o)
                0x00001fb8                isr_period_SetPriority
 .text.isr_period_Enable
                0x00001fdc        0xc .\CortexM0\ARM_GCC_541\Debug\SwerveMotorFirmware.a(isr_period.o)
                0x00001fdc                isr_period_Enable
 .text.isr_period_Disable
                0x00001fe8        0xc .\CortexM0\ARM_GCC_541\Debug\SwerveMotorFirmware.a(isr_period.o)
                0x00001fe8                isr_period_Disable
 .text.isr_period_StartEx
                0x00001ff4       0x1c .\CortexM0\ARM_GCC_541\Debug\SwerveMotorFirmware.a(isr_period.o)
                0x00001ff4                isr_period_StartEx
 .text.LED_Debug1_Write
                0x00002010       0x18 .\CortexM0\ARM_GCC_541\Debug\SwerveMotorFirmware.a(LED_Debug1.o)
                0x00002010                LED_Debug1_Write
 .text.LED_Debug2_Write
                0x00002028       0x18 .\CortexM0\ARM_GCC_541\Debug\SwerveMotorFirmware.a(LED_Debug2.o)
                0x00002028                LED_Debug2_Write
 .text.LED_CAN_Write
                0x00002040       0x18 .\CortexM0\ARM_GCC_541\Debug\SwerveMotorFirmware.a(LED_CAN.o)
                0x00002040                LED_CAN_Write
 .text.LED_Error_Write
                0x00002058       0x18 .\CortexM0\ARM_GCC_541\Debug\SwerveMotorFirmware.a(LED_Error.o)
                0x00002058                LED_Error_Write
 .text.StripLights_FISR
                0x00002070       0x60 .\CortexM0\ARM_GCC_541\Debug\SwerveMotorFirmware.a(StripLights.o)
                0x00002070                StripLights_FISR
 .text.StripLights_CISR
                0x000020d0       0x7c .\CortexM0\ARM_GCC_541\Debug\SwerveMotorFirmware.a(StripLights.o)
                0x000020d0                StripLights_CISR
 .text.StripLights_Trigger
                0x0000214c       0x6c .\CortexM0\ARM_GCC_541\Debug\SwerveMotorFirmware.a(StripLights.o)
                0x0000214c                StripLights_Trigger
 .text.StripLights_MemClear
                0x000021b8       0x28 .\CortexM0\ARM_GCC_541\Debug\SwerveMotorFirmware.a(StripLights.o)
                0x000021b8                StripLights_MemClear
 .text.StripLights_DisplayClear
                0x000021e0       0x10 .\CortexM0\ARM_GCC_541\Debug\SwerveMotorFirmware.a(StripLights.o)
                0x000021e0                StripLights_DisplayClear
 .text.StripLights_Pixel
                0x000021f0       0x24 .\CortexM0\ARM_GCC_541\Debug\SwerveMotorFirmware.a(StripLights.o)
                0x000021f0                StripLights_Pixel
 .text.StripLights_Dim
                0x00002214       0x78 .\CortexM0\ARM_GCC_541\Debug\SwerveMotorFirmware.a(StripLights.o)
                0x00002214                StripLights_Dim
 .text.StripLights_Start
                0x0000228c       0x7c .\CortexM0\ARM_GCC_541\Debug\SwerveMotorFirmware.a(StripLights.o)
                0x0000228c                StripLights_Start
 .text.StripLights_SetFont
                0x00002308       0x4c .\CortexM0\ARM_GCC_541\Debug\SwerveMotorFirmware.a(StripLights_fonts.o)
                0x00002308                StripLights_SetFont
 .text.PWM_Motor2_WriteCounter
                0x00002354       0x10 .\CortexM0\ARM_GCC_541\Debug\SwerveMotorFirmware.a(PWM_Motor2.o)
                0x00002354                PWM_Motor2_WriteCounter
 .text.PWM_Motor2_WritePeriod
                0x00002364       0x10 .\CortexM0\ARM_GCC_541\Debug\SwerveMotorFirmware.a(PWM_Motor2.o)
                0x00002364                PWM_Motor2_WritePeriod
 .text.PWM_Motor2_WriteCompare
                0x00002374       0x10 .\CortexM0\ARM_GCC_541\Debug\SwerveMotorFirmware.a(PWM_Motor2.o)
                0x00002374                PWM_Motor2_WriteCompare
 .text.PWM_Motor2_TriggerCommand
                0x00002384       0x1c .\CortexM0\ARM_GCC_541\Debug\SwerveMotorFirmware.a(PWM_Motor2.o)
                0x00002384                PWM_Motor2_TriggerCommand
 .text.PWM_Motor2_Enable
                0x000023a0       0x24 .\CortexM0\ARM_GCC_541\Debug\SwerveMotorFirmware.a(PWM_Motor2.o)
                0x000023a0                PWM_Motor2_Enable
 .text.PWM_Motor2_SetInterruptMode
                0x000023c4        0xc .\CortexM0\ARM_GCC_541\Debug\SwerveMotorFirmware.a(PWM_Motor2.o)
                0x000023c4                PWM_Motor2_SetInterruptMode
 .text.PWM_Motor2_Init
                0x000023d0       0x48 .\CortexM0\ARM_GCC_541\Debug\SwerveMotorFirmware.a(PWM_Motor2.o)
                0x000023d0                PWM_Motor2_Init
 .text.PWM_Motor2_Start
                0x00002418       0x20 .\CortexM0\ARM_GCC_541\Debug\SwerveMotorFirmware.a(PWM_Motor2.o)
                0x00002418                PWM_Motor2_Start
 .text.Motor1Direction_Write
                0x00002438       0x18 .\CortexM0\ARM_GCC_541\Debug\SwerveMotorFirmware.a(Motor1Direction.o)
                0x00002438                Motor1Direction_Write
 .text.Motor2Direction_Write
                0x00002450       0x18 .\CortexM0\ARM_GCC_541\Debug\SwerveMotorFirmware.a(Motor2Direction.o)
                0x00002450                Motor2Direction_Write
 .text.StripLights_cisr_SetVector
                0x00002468        0xc .\CortexM0\ARM_GCC_541\Debug\SwerveMotorFirmware.a(StripLights_cisr.o)
                0x00002468                StripLights_cisr_SetVector
 .text.StripLights_cisr_SetPriority
                0x00002474       0x20 .\CortexM0\ARM_GCC_541\Debug\SwerveMotorFirmware.a(StripLights_cisr.o)
                0x00002474                StripLights_cisr_SetPriority
 .text.StripLights_cisr_Enable
                0x00002494        0xc .\CortexM0\ARM_GCC_541\Debug\SwerveMotorFirmware.a(StripLights_cisr.o)
                0x00002494                StripLights_cisr_Enable
 .text.StripLights_cisr_Disable
                0x000024a0        0xc .\CortexM0\ARM_GCC_541\Debug\SwerveMotorFirmware.a(StripLights_cisr.o)
                0x000024a0                StripLights_cisr_Disable
 .text.StripLights_cisr_StartEx
                0x000024ac       0x1c .\CortexM0\ARM_GCC_541\Debug\SwerveMotorFirmware.a(StripLights_cisr.o)
                0x000024ac                StripLights_cisr_StartEx
 .text.StripLights_fisr_SetVector
                0x000024c8        0xc .\CortexM0\ARM_GCC_541\Debug\SwerveMotorFirmware.a(StripLights_fisr.o)
                0x000024c8                StripLights_fisr_SetVector
 .text.StripLights_fisr_SetPriority
                0x000024d4       0x24 .\CortexM0\ARM_GCC_541\Debug\SwerveMotorFirmware.a(StripLights_fisr.o)
                0x000024d4                StripLights_fisr_SetPriority
 .text.StripLights_fisr_Enable
                0x000024f8        0xc .\CortexM0\ARM_GCC_541\Debug\SwerveMotorFirmware.a(StripLights_fisr.o)
                0x000024f8                StripLights_fisr_Enable
 .text.StripLights_fisr_Disable
                0x00002504        0xc .\CortexM0\ARM_GCC_541\Debug\SwerveMotorFirmware.a(StripLights_fisr.o)
                0x00002504                StripLights_fisr_Disable
 .text.StripLights_fisr_StartEx
                0x00002510       0x1c .\CortexM0\ARM_GCC_541\Debug\SwerveMotorFirmware.a(StripLights_fisr.o)
                0x00002510                StripLights_fisr_StartEx
 .text.CySysClkImoSetPwrBgTrim5
                0x0000252c       0x30 .\CortexM0\ARM_GCC_541\Debug\SwerveMotorFirmware.a(CyLib.o)
 .text.CySysClkImoSetImoTrims
                0x0000255c       0xb0 .\CortexM0\ARM_GCC_541\Debug\SwerveMotorFirmware.a(CyLib.o)
 .text.CySysClkImoDisableWcoLock
                0x0000260c       0x54 .\CortexM0\ARM_GCC_541\Debug\SwerveMotorFirmware.a(CyLib.o)
                0x0000260c                CySysClkImoDisableWcoLock
 .text.CySysClkImoGetWcoLock
                0x00002660       0x14 .\CortexM0\ARM_GCC_541\Debug\SwerveMotorFirmware.a(CyLib.o)
                0x00002660                CySysClkImoGetWcoLock
 .text.CySysClkImoEnableUsbLock
                0x00002674       0x44 .\CortexM0\ARM_GCC_541\Debug\SwerveMotorFirmware.a(CyLib.o)
                0x00002674                CySysClkImoEnableUsbLock
 .text.CySysClkImoDisableUsbLock
                0x000026b8       0x74 .\CortexM0\ARM_GCC_541\Debug\SwerveMotorFirmware.a(CyLib.o)
                0x000026b8                CySysClkImoDisableUsbLock
 .text.CySysClkImoGetUsbLock
                0x0000272c       0x14 .\CortexM0\ARM_GCC_541\Debug\SwerveMotorFirmware.a(CyLib.o)
                0x0000272c                CySysClkImoGetUsbLock
 .text.CyIntEnable
                0x00002740       0x14 .\CortexM0\ARM_GCC_541\Debug\SwerveMotorFirmware.a(CyLib.o)
                0x00002740                CyIntEnable
 .text.CyIntDisable
                0x00002754       0x14 .\CortexM0\ARM_GCC_541\Debug\SwerveMotorFirmware.a(CyLib.o)
                0x00002754                CyIntDisable
 .text.CyHalt   0x00002768        0x4 .\CortexM0\ARM_GCC_541\Debug\SwerveMotorFirmware.a(CyLib.o)
                0x00002768                CyHalt
 .text.CyIntSetVector
                0x0000276c       0x24 .\CortexM0\ARM_GCC_541\Debug\SwerveMotorFirmware.a(CyLib.o)
                0x0000276c                CyIntSetVector
 .text.CyIntSetPriority
                0x00002790       0x4c .\CortexM0\ARM_GCC_541\Debug\SwerveMotorFirmware.a(CyLib.o)
                0x00002790                CyIntSetPriority
 .text.CyDelay  0x000027dc       0x30 .\CortexM0\ARM_GCC_541\Debug\SwerveMotorFirmware.a(CyLib.o)
                0x000027dc                CyDelay
 .text.CySysClkImoEnableWcoLock
                0x0000280c      0x104 .\CortexM0\ARM_GCC_541\Debug\SwerveMotorFirmware.a(CyLib.o)
                0x0000280c                CySysClkImoEnableWcoLock
 .text.CyDelayUs
                0x00002910       0x14 .\CortexM0\ARM_GCC_541\Debug\SwerveMotorFirmware.a(CyLib.o)
                0x00002910                CyDelayUs
 .text.CySysClkWriteImoFreq
                0x00002924      0x1bc .\CortexM0\ARM_GCC_541\Debug\SwerveMotorFirmware.a(CyLib.o)
                0x00002924                CySysClkWriteImoFreq
 .text.CySetReg24
                0x00002ae0       0x14 .\CortexM0\ARM_GCC_541\Debug\SwerveMotorFirmware.a(cyutils.o)
                0x00002ae0                CySetReg24
 .text.CyGetReg24
                0x00002af4       0x14 .\CortexM0\ARM_GCC_541\Debug\SwerveMotorFirmware.a(cyutils.o)
                0x00002af4                CyGetReg24
 .text.CySysWdtLocked
                0x00002b08       0x14 .\CortexM0\ARM_GCC_541\Debug\SwerveMotorFirmware.a(CyLFClk.o)
 .text.CySysClkWcoEnabled
                0x00002b1c       0x14 .\CortexM0\ARM_GCC_541\Debug\SwerveMotorFirmware.a(CyLFClk.o)
                0x00002b1c                CySysClkWcoEnabled
 .text.CySysWdtLock
                0x00002b30       0x1c .\CortexM0\ARM_GCC_541\Debug\SwerveMotorFirmware.a(CyLFClk.o)
                0x00002b30                CySysWdtLock
 .text.CySysWdtUnlock
                0x00002b4c       0x30 .\CortexM0\ARM_GCC_541\Debug\SwerveMotorFirmware.a(CyLFClk.o)
                0x00002b4c                CySysWdtUnlock
 .text.CySysWdtClearInterrupt
                0x00002b7c       0x4c .\CortexM0\ARM_GCC_541\Debug\SwerveMotorFirmware.a(CyLFClk.o)
                0x00002b7c                CySysWdtClearInterrupt
 .text.CySysWdtIsr
                0x00002bc8       0xa4 .\CortexM0\ARM_GCC_541\Debug\SwerveMotorFirmware.a(CyLFClk.o)
                0x00002bc8                CySysWdtIsr
 .text.isr_encA_SetVector
                0x00002c6c        0xc .\CortexM0\ARM_GCC_541\Debug\SwerveMotorFirmware.a(isr_encA.o)
                0x00002c6c                isr_encA_SetVector
 .text.isr_encA_SetPriority
                0x00002c78       0x20 .\CortexM0\ARM_GCC_541\Debug\SwerveMotorFirmware.a(isr_encA.o)
                0x00002c78                isr_encA_SetPriority
 .text.isr_encA_Enable
                0x00002c98        0xc .\CortexM0\ARM_GCC_541\Debug\SwerveMotorFirmware.a(isr_encA.o)
                0x00002c98                isr_encA_Enable
 .text.isr_encA_Disable
                0x00002ca4        0xc .\CortexM0\ARM_GCC_541\Debug\SwerveMotorFirmware.a(isr_encA.o)
                0x00002ca4                isr_encA_Disable
 .text.isr_encA_StartEx
                0x00002cb0       0x1c .\CortexM0\ARM_GCC_541\Debug\SwerveMotorFirmware.a(isr_encA.o)
                0x00002cb0                isr_encA_StartEx
 .text.isr_encB_SetVector
                0x00002ccc        0xc .\CortexM0\ARM_GCC_541\Debug\SwerveMotorFirmware.a(isr_encB.o)
                0x00002ccc                isr_encB_SetVector
 .text.isr_encB_SetPriority
                0x00002cd8       0x20 .\CortexM0\ARM_GCC_541\Debug\SwerveMotorFirmware.a(isr_encB.o)
                0x00002cd8                isr_encB_SetPriority
 .text.isr_encB_Enable
                0x00002cf8        0xc .\CortexM0\ARM_GCC_541\Debug\SwerveMotorFirmware.a(isr_encB.o)
                0x00002cf8                isr_encB_Enable
 .text.isr_encB_Disable
                0x00002d04        0xc .\CortexM0\ARM_GCC_541\Debug\SwerveMotorFirmware.a(isr_encB.o)
                0x00002d04                isr_encB_Disable
 .text.isr_encB_StartEx
                0x00002d10       0x1c .\CortexM0\ARM_GCC_541\Debug\SwerveMotorFirmware.a(isr_encB.o)
                0x00002d10                isr_encB_StartEx
 *fill*         0x00002d2c        0x4 
 .text          0x00002d30       0x20 .\CortexM0\ARM_GCC_541\Debug\SwerveMotorFirmware.a(CyBootAsmGnu.o)
                0x00002d30                CyDelayCycles
                0x00002d42                CyEnterCriticalSection
                0x00002d4a                CyExitCriticalSection
 .text.UART_SpiUartWriteTxData
                0x00002d50       0x1c .\CortexM0\ARM_GCC_541\Debug\SwerveMotorFirmware.a(UART_SPI_UART.o)
                0x00002d50                UART_SpiUartWriteTxData
 .text.UART_SPI_UART_ISR
                0x00002d6c       0x78 .\CortexM0\ARM_GCC_541\Debug\SwerveMotorFirmware.a(UART_SPI_UART_INT.o)
                0x00002d6c                UART_SPI_UART_ISR
 .text.CySysFlashSetWaitCycles
                0x00002de4       0x54 .\CortexM0\ARM_GCC_541\Debug\SwerveMotorFirmware.a(CyFlash.o)
                0x00002de4                CySysFlashSetWaitCycles
 .text          0x00002e38      0x114 c:/program files (x86)/cypress/psoc creator/4.4/psoc creator/import/gnu/arm/5.4.1/bin/../lib/gcc/arm-none-eabi/5.4.1/armv6-m\libgcc.a(_udivsi3.o)
                0x00002e38                __aeabi_uidiv
                0x00002e38                __udivsi3
                0x00002f44                __aeabi_uidivmod
 .text          0x00002f4c      0x1d4 c:/program files (x86)/cypress/psoc creator/4.4/psoc creator/import/gnu/arm/5.4.1/bin/../lib/gcc/arm-none-eabi/5.4.1/armv6-m\libgcc.a(_divsi3.o)
                0x00002f4c                __divsi3
                0x00002f4c                __aeabi_idiv
                0x00003118                __aeabi_idivmod
 .text          0x00003120        0x4 c:/program files (x86)/cypress/psoc creator/4.4/psoc creator/import/gnu/arm/5.4.1/bin/../lib/gcc/arm-none-eabi/5.4.1/armv6-m\libgcc.a(_dvmd_tls.o)
                0x00003120                __aeabi_idiv0
                0x00003120                __aeabi_ldiv0
 .text.__errno  0x00003124        0xc c:/program files (x86)/cypress/psoc creator/4.4/psoc creator/import/gnu/arm/5.4.1/bin/../lib/gcc/arm-none-eabi/5.4.1/../../../../arm-none-eabi/lib/armv6-m\libg_nano.a(lib_a-errno.o)
                0x00003124                __errno
 .text.__libc_init_array
                0x00003130       0x4c c:/program files (x86)/cypress/psoc creator/4.4/psoc creator/import/gnu/arm/5.4.1/bin/../lib/gcc/arm-none-eabi/5.4.1/../../../../arm-none-eabi/lib/armv6-m\libg_nano.a(lib_a-init.o)
                0x00003130                __libc_init_array
 .text.memcpy   0x0000317c       0x12 c:/program files (x86)/cypress/psoc creator/4.4/psoc creator/import/gnu/arm/5.4.1/bin/../lib/gcc/arm-none-eabi/5.4.1/../../../../arm-none-eabi/lib/armv6-m\libg_nano.a(lib_a-memcpy-stub.o)
                0x0000317c                memcpy
 .text.memset   0x0000318e       0x10 c:/program files (x86)/cypress/psoc creator/4.4/psoc creator/import/gnu/arm/5.4.1/bin/../lib/gcc/arm-none-eabi/5.4.1/../../../../arm-none-eabi/lib/armv6-m\libg_nano.a(lib_a-memset.o)
                0x0000318e                memset
 *fill*         0x0000319e        0x2 
 .text.sprintf  0x000031a0       0x44 c:/program files (x86)/cypress/psoc creator/4.4/psoc creator/import/gnu/arm/5.4.1/bin/../lib/gcc/arm-none-eabi/5.4.1/../../../../arm-none-eabi/lib/armv6-m\libg_nano.a(lib_a-sprintf.o)
                0x000031a0                siprintf
                0x000031a0                sprintf
 .text.__ssputs_r
                0x000031e4       0xc4 c:/program files (x86)/cypress/psoc creator/4.4/psoc creator/import/gnu/arm/5.4.1/bin/../lib/gcc/arm-none-eabi/5.4.1/../../../../arm-none-eabi/lib/armv6-m\libg_nano.a(lib_a-nano-svfprintf.o)
                0x000031e4                __ssputs_r
 .text._svfprintf_r
                0x000032a8      0x1fc c:/program files (x86)/cypress/psoc creator/4.4/psoc creator/import/gnu/arm/5.4.1/bin/../lib/gcc/arm-none-eabi/5.4.1/../../../../arm-none-eabi/lib/armv6-m\libg_nano.a(lib_a-nano-svfprintf.o)
                0x000032a8                _svfiprintf_r
                0x000032a8                _svfprintf_r
 .text._printf_common
                0x000034a4       0xdc c:/program files (x86)/cypress/psoc creator/4.4/psoc creator/import/gnu/arm/5.4.1/bin/../lib/gcc/arm-none-eabi/5.4.1/../../../../arm-none-eabi/lib/armv6-m\libg_nano.a(lib_a-nano-vfprintf_i.o)
                0x000034a4                _printf_common
 .text._printf_i
                0x00003580      0x244 c:/program files (x86)/cypress/psoc creator/4.4/psoc creator/import/gnu/arm/5.4.1/bin/../lib/gcc/arm-none-eabi/5.4.1/../../../../arm-none-eabi/lib/armv6-m\libg_nano.a(lib_a-nano-vfprintf_i.o)
                0x00003580                _printf_i
 .text.memchr   0x000037c4       0x16 c:/program files (x86)/cypress/psoc creator/4.4/psoc creator/import/gnu/arm/5.4.1/bin/../lib/gcc/arm-none-eabi/5.4.1/../../../../arm-none-eabi/lib/armv6-m\libg_nano.a(lib_a-memchr-stub.o)
                0x000037c4                memchr
 .text.memmove  0x000037da       0x2a c:/program files (x86)/cypress/psoc creator/4.4/psoc creator/import/gnu/arm/5.4.1/bin/../lib/gcc/arm-none-eabi/5.4.1/../../../../arm-none-eabi/lib/armv6-m\libg_nano.a(lib_a-memmove.o)
                0x000037da                memmove
 .text._free_r  0x00003804       0x98 c:/program files (x86)/cypress/psoc creator/4.4/psoc creator/import/gnu/arm/5.4.1/bin/../lib/gcc/arm-none-eabi/5.4.1/../../../../arm-none-eabi/lib/armv6-m\libg_nano.a(lib_a-nano-freer.o)
                0x00003804                _free_r
 .text._malloc_r
                0x0000389c       0xc0 c:/program files (x86)/cypress/psoc creator/4.4/psoc creator/import/gnu/arm/5.4.1/bin/../lib/gcc/arm-none-eabi/5.4.1/../../../../arm-none-eabi/lib/armv6-m\libg_nano.a(lib_a-nano-mallocr.o)
                0x0000389c                _malloc_r
 .text._realloc_r
                0x0000395c       0x4c c:/program files (x86)/cypress/psoc creator/4.4/psoc creator/import/gnu/arm/5.4.1/bin/../lib/gcc/arm-none-eabi/5.4.1/../../../../arm-none-eabi/lib/armv6-m\libg_nano.a(lib_a-nano-reallocr.o)
                0x0000395c                _realloc_r
 .text._sbrk_r  0x000039a8       0x24 c:/program files (x86)/cypress/psoc creator/4.4/psoc creator/import/gnu/arm/5.4.1/bin/../lib/gcc/arm-none-eabi/5.4.1/../../../../arm-none-eabi/lib/armv6-m\libg_nano.a(lib_a-sbrkr.o)
                0x000039a8                _sbrk_r
 .text.__malloc_lock
                0x000039cc        0x2 c:/program files (x86)/cypress/psoc creator/4.4/psoc creator/import/gnu/arm/5.4.1/bin/../lib/gcc/arm-none-eabi/5.4.1/../../../../arm-none-eabi/lib/armv6-m\libg_nano.a(lib_a-mlock.o)
                0x000039cc                __malloc_lock
 .text.__malloc_unlock
                0x000039ce        0x2 c:/program files (x86)/cypress/psoc creator/4.4/psoc creator/import/gnu/arm/5.4.1/bin/../lib/gcc/arm-none-eabi/5.4.1/../../../../arm-none-eabi/lib/armv6-m\libg_nano.a(lib_a-mlock.o)
                0x000039ce                __malloc_unlock
 .text._malloc_usable_size_r
                0x000039d0       0x16 c:/program files (x86)/cypress/psoc creator/4.4/psoc creator/import/gnu/arm/5.4.1/bin/../lib/gcc/arm-none-eabi/5.4.1/../../../../arm-none-eabi/lib/armv6-m\libg_nano.a(lib_a-nano-msizer.o)
                0x000039d0                _malloc_usable_size_r
 *(.plt)
 *(.gnu.warning)
 *(.glue_7t)
 .glue_7t       0x000039e6        0x0 linker stubs
 *(.glue_7)
 .glue_7        0x000039e6        0x0 linker stubs
 *(.vfp11_veneer)
 .vfp11_veneer  0x000039e6        0x0 linker stubs
 *(.bootloader)
 *(.ARM.extab* .gnu.linkonce.armextab.*)
 *(.gcc_except_table)

.v4_bx          0x000039e8        0x0
 .v4_bx         0x000039e8        0x0 linker stubs

.iplt           0x000039e8        0x0
 .iplt          0x000039e8        0x0 c:/program files (x86)/cypress/psoc creator/4.4/psoc creator/import/gnu/arm/5.4.1/bin/../lib/gcc/arm-none-eabi/5.4.1/armv6-m/crtbegin.o

.eh_frame_hdr
 *(.eh_frame_hdr)

.eh_frame       0x000039e8        0x4
 *(.eh_frame)
 .eh_frame      0x000039e8        0x0 c:/program files (x86)/cypress/psoc creator/4.4/psoc creator/import/gnu/arm/5.4.1/bin/../lib/gcc/arm-none-eabi/5.4.1/armv6-m/crtbegin.o
 .eh_frame      0x000039e8        0x4 c:/program files (x86)/cypress/psoc creator/4.4/psoc creator/import/gnu/arm/5.4.1/bin/../lib/gcc/arm-none-eabi/5.4.1/armv6-m/crtend.o
                [!provide]                PROVIDE (__exidx_start, .)

.ARM.exidx
 *(.ARM.exidx* .gnu.linkonce.armexidx.*)
                0x000039ec                __exidx_end = .

.rodata         0x000039ec      0x924
 *(.rodata .rodata.* .gnu.linkonce.r.*)
 .rodata.str1.4
                0x000039ec       0x30 .\CortexM0\ARM_GCC_541\Debug\main.o
 .rodata        0x00003a1c      0x33c .\CortexM0\ARM_GCC_541\Debug\cyfitter_cfg.o
 .rodata        0x00003d58      0x160 .\CortexM0\ARM_GCC_541\Debug\SwerveMotorFirmware.a(CAN.o)
 .rodata        0x00003eb8      0x1e0 .\CortexM0\ARM_GCC_541\Debug\SwerveMotorFirmware.a(StripLights.o)
                0x00003eb8                StripLights_CLUT
 .rodata        0x00004098      0x1e0 .\CortexM0\ARM_GCC_541\Debug\SwerveMotorFirmware.a(StripLights_fonts.o)
                0x00004098                StripLights_Font5x7
 .rodata        0x00004278       0x2e .\CortexM0\ARM_GCC_541\Debug\SwerveMotorFirmware.a(CyLib.o)
                0x00004278                cyImoFreqMhz2Reg
 .rodata.str1.1
                0x000042a6        0x2 c:/program files (x86)/cypress/psoc creator/4.4/psoc creator/import/gnu/arm/5.4.1/bin/../lib/gcc/arm-none-eabi/5.4.1/../../../../arm-none-eabi/lib/armv6-m\libg_nano.a(lib_a-impure.o)
 .rodata.str1.1
                0x000042a8       0x11 c:/program files (x86)/cypress/psoc creator/4.4/psoc creator/import/gnu/arm/5.4.1/bin/../lib/gcc/arm-none-eabi/5.4.1/../../../../arm-none-eabi/lib/armv6-m\libg_nano.a(lib_a-nano-svfprintf.o)
 .rodata.str1.1
                0x000042b9       0x22 c:/program files (x86)/cypress/psoc creator/4.4/psoc creator/import/gnu/arm/5.4.1/bin/../lib/gcc/arm-none-eabi/5.4.1/../../../../arm-none-eabi/lib/armv6-m\libg_nano.a(lib_a-nano-vfprintf_i.o)
                0x000042dc                . = ALIGN (0x4)
 *fill*         0x000042db        0x1 
 *(.init)
 .init          0x000042dc        0x4 c:/program files (x86)/cypress/psoc creator/4.4/psoc creator/import/gnu/arm/5.4.1/bin/../lib/gcc/arm-none-eabi/5.4.1/armv6-m/crti.o
                0x000042dc                _init
 .init          0x000042e0        0x8 c:/program files (x86)/cypress/psoc creator/4.4/psoc creator/import/gnu/arm/5.4.1/bin/../lib/gcc/arm-none-eabi/5.4.1/armv6-m/crtn.o
                0x000042e8                . = ALIGN (0x4)
                0x000042e8                __preinit_array_start = .
 *(.preinit_array)
                0x000042e8                __preinit_array_end = .
                0x000042e8                . = ALIGN (0x4)
                0x000042e8                __init_array_start = .
 *(SORT(.init_array.*))
 *(.init_array)
 .init_array    0x000042e8        0x4 c:/program files (x86)/cypress/psoc creator/4.4/psoc creator/import/gnu/arm/5.4.1/bin/../lib/gcc/arm-none-eabi/5.4.1/armv6-m/crtbegin.o
 .init_array    0x000042ec        0x4 .\CortexM0\ARM_GCC_541\Debug\Cm0Start.o
                0x000042f0                __init_array_end = .
                0x000042f0                . = ALIGN (0x4)
 *(.fini)
 .fini          0x000042f0        0x4 c:/program files (x86)/cypress/psoc creator/4.4/psoc creator/import/gnu/arm/5.4.1/bin/../lib/gcc/arm-none-eabi/5.4.1/armv6-m/crti.o
                0x000042f0                _fini
 .fini          0x000042f4        0x8 c:/program files (x86)/cypress/psoc creator/4.4/psoc creator/import/gnu/arm/5.4.1/bin/../lib/gcc/arm-none-eabi/5.4.1/armv6-m/crtn.o
                0x000042fc                . = ALIGN (0x4)
                0x000042fc                __fini_array_start = .
 *(.fini_array)
 .fini_array    0x000042fc        0x4 c:/program files (x86)/cypress/psoc creator/4.4/psoc creator/import/gnu/arm/5.4.1/bin/../lib/gcc/arm-none-eabi/5.4.1/armv6-m/crtbegin.o
 *(SORT(.fini_array.*))
                0x00004300                __fini_array_end = .
                0x00004300                . = ALIGN (0x4)
 *crtbegin.o(.ctors)
 *(EXCLUDE_FILE(*crtend.o) .ctors)
 *(SORT(.ctors.*))
 *crtend.o(.ctors)
                0x00004300                . = ALIGN (0x4)
 *crtbegin.o(.dtors)
 *(EXCLUDE_FILE(*crtend.o) .dtors)
 *(SORT(.dtors.*))
 *crtend.o(.dtors)
                0x00004300                . = ALIGN (0x4)
                0x00004300                __cy_regions = .
                0x00004300        0x4 LONG 0x4310 __cy_region_init_ram
                0x00004304        0x4 LONG 0x200000c0 __cy_region_start_data
                0x00004308        0x4 LONG 0x98 __cy_region_init_size_ram
                0x0000430c        0x4 LONG 0x298 __cy_region_zero_size_ram
                0x00004310                __cy_regions_end = .
                0x00004310                . = ALIGN (0x8)
                0x00004310                _etext = .

.cy_checksum_exclude
                0x00004310        0x0
 *(.cy_checksum_exclude)

.ramvectors     0x20000000       0xc0
                0x20000000                __cy_region_start_ram = .
 *(.ramvectors)
 .ramvectors    0x20000000       0xc0 .\CortexM0\ARM_GCC_541\Debug\Cm0Start.o
                0x20000000                CyRamVectors

.noinit
 *(.noinit)

.data           0x200000c0       0x98 load address 0x00004310
                0x200000c0                __cy_region_start_data = .
 *(.jcr)
 .jcr           0x200000c0        0x0 c:/program files (x86)/cypress/psoc creator/4.4/psoc creator/import/gnu/arm/5.4.1/bin/../lib/gcc/arm-none-eabi/5.4.1/armv6-m/crtbegin.o
 .jcr           0x200000c0        0x4 c:/program files (x86)/cypress/psoc creator/4.4/psoc creator/import/gnu/arm/5.4.1/bin/../lib/gcc/arm-none-eabi/5.4.1/armv6-m/crtend.o
 *(.got.plt)
 *(.got)
 *(.shdata)
 *(.data .data.* .gnu.linkonce.d.*)
 .data          0x200000c4        0xc .\CortexM0\ARM_GCC_541\Debug\PositionPID.o
                0x200000c4                maxPWM
                0x200000c8                flipEncoder
                0x200000cc                integralClamp
 .data          0x200000d0        0x2 .\CortexM0\ARM_GCC_541\Debug\Motor_Unit_FSM.o
                0x200000d0                motorUnitMode
                0x200000d1                motorUnitState
 *fill*         0x200000d2        0x2 
 .data          0x200000d4        0x4 .\CortexM0\ARM_GCC_541\Debug\Cm0Start.o
 .data          0x200000d8       0x14 .\CortexM0\ARM_GCC_541\Debug\SwerveMotorFirmware.a(CyLib.o)
                0x200000d8                CySysClkPumpConfig
                0x200000dc                cydelay32kMs
                0x200000e0                cydelayFreqKhz
                0x200000e4                cydelayFreqMhz
                0x200000e8                cydelayFreqHz
 .data          0x200000ec        0x8 .\CortexM0\ARM_GCC_541\Debug\SwerveMotorFirmware.a(CyLFClk.o)
 .data.impure_data
                0x200000f4       0x60 c:/program files (x86)/cypress/psoc creator/4.4/psoc creator/import/gnu/arm/5.4.1/bin/../lib/gcc/arm-none-eabi/5.4.1/../../../../arm-none-eabi/lib/armv6-m\libg_nano.a(lib_a-impure.o)
 .data._impure_ptr
                0x20000154        0x4 c:/program files (x86)/cypress/psoc creator/4.4/psoc creator/import/gnu/arm/5.4.1/bin/../lib/gcc/arm-none-eabi/5.4.1/../../../../arm-none-eabi/lib/armv6-m\libg_nano.a(lib_a-impure.o)
                0x20000154                _impure_ptr
                0x20000158                . = ALIGN (0x8)
 *(.ram)
                0x20000158                _edata = .

.igot.plt       0x20000158        0x0 load address 0x000043a8
 .igot.plt      0x20000158        0x0 c:/program files (x86)/cypress/psoc creator/4.4/psoc creator/import/gnu/arm/5.4.1/bin/../lib/gcc/arm-none-eabi/5.4.1/armv6-m/crtbegin.o

.bss            0x20000158      0x298 load address 0x000043a8
                0x20000158                PROVIDE (__bss_start__, .)
 *(.shbss)
 *(.bss .bss.* .gnu.linkonce.b.*)
 .bss           0x20000158       0x1c c:/program files (x86)/cypress/psoc creator/4.4/psoc creator/import/gnu/arm/5.4.1/bin/../lib/gcc/arm-none-eabi/5.4.1/armv6-m/crtbegin.o
 .bss           0x20000174       0x2c .\CortexM0\ARM_GCC_541\Debug\main.o
                0x20000174                CAN_time_LED
                0x20000175                CAN_check_delay
                0x20000176                ERRORTimeLED
                0x20000177                encoderTimeOut
                0x20000178                ignoreLimSw_M2
                0x20000179                bound_set1
                0x2000017c                counter
                0x20000180                enc_Count_Lim1
                0x20000184                bound_set2
                0x20000188                enc_Count_Lim2
                0x2000018c                address
                0x2000018e                nextPWM_M1
                0x20000190                ignoreLimSw_M1
                0x20000192                nextPWM_M2
                0x20000194                millidegreeTarget_M2
                0x20000198                drive
                0x2000019c                millidegreeTarget_M1
 .bss           0x200001a0        0xc .\CortexM0\ARM_GCC_541\Debug\MotorDrive.o
                0x200001a0                invalidate
                0x200001a4                currPWM_Drive
                0x200001a8                currPWM_Swivel
 .bss           0x200001ac       0x22 .\CortexM0\ARM_GCC_541\Debug\PositionPID.o
                0x200001ac                integral
                0x200001b0                lastPosition
                0x200001b4                enabledPID
                0x200001b8                kPosition
                0x200001bc                kIntegral
                0x200001c0                kDerivative
                0x200001c4                kPPJR
                0x200001c8                PWM
                0x200001cc                complete
                0x200001cd                usingPot
 .bss           0x200001ce        0x1 .\CortexM0\ARM_GCC_541\Debug\Motor_Unit_FSM.o
                0x200001ce                PIDConstSetReg
 .bss           0x200001cf        0x4 .\CortexM0\ARM_GCC_541\Debug\PortPSOC_swerve.o
                0x200001cf                latestMessageFull
                0x200001d0                latestMessageHead
                0x200001d1                latestMessageTail
                0x200001d2                messageReadFlag
 .bss           0x200001d3        0x1 .\CortexM0\ARM_GCC_541\Debug\SwerveMotorFirmware.a(PWM_Motor1.o)
                0x200001d3                PWM_Motor1_initVar
 .bss           0x200001d4        0x1 .\CortexM0\ARM_GCC_541\Debug\SwerveMotorFirmware.a(CAN.o)
                0x200001d4                CAN_initVar
 *fill*         0x200001d5        0x3 
 .bss           0x200001d8        0xa .\CortexM0\ARM_GCC_541\Debug\SwerveMotorFirmware.a(UART.o)
                0x200001d8                UART_initVar
                0x200001dc                UART_customIntrHandler
                0x200001e0                UART_IntrTxMask
 .bss           0x200001e2        0x1 .\CortexM0\ARM_GCC_541\Debug\SwerveMotorFirmware.a(Timer_1.o)
                0x200001e2                Timer_1_initVar
 *fill*         0x200001e3        0x1 
 .bss           0x200001e4       0x15 .\CortexM0\ARM_GCC_541\Debug\SwerveMotorFirmware.a(StripLights.o)
                0x200001e4                StripLights_ledIndex
                0x200001e8                StripLights_row
                0x200001f8                StripLights_initvar
 .bss           0x200001f9        0x1 .\CortexM0\ARM_GCC_541\Debug\SwerveMotorFirmware.a(PWM_Motor2.o)
                0x200001f9                PWM_Motor2_initVar
 *fill*         0x200001fa        0x2 
 .bss           0x200001fc       0x20 .\CortexM0\ARM_GCC_541\Debug\SwerveMotorFirmware.a(CyLib.o)
                0x200001fc                CySysClkImoTrim4
                0x20000200                CySysClkImoTrim5
                0x20000218                CySysTickInitVar
 .bss           0x2000021c       0x28 .\CortexM0\ARM_GCC_541\Debug\SwerveMotorFirmware.a(CyLFClk.o)
 .bss.__malloc_sbrk_start
                0x20000244        0x4 c:/program files (x86)/cypress/psoc creator/4.4/psoc creator/import/gnu/arm/5.4.1/bin/../lib/gcc/arm-none-eabi/5.4.1/../../../../arm-none-eabi/lib/armv6-m\libg_nano.a(lib_a-nano-mallocr.o)
                0x20000244                __malloc_sbrk_start
 .bss.__malloc_free_list
                0x20000248        0x4 c:/program files (x86)/cypress/psoc creator/4.4/psoc creator/import/gnu/arm/5.4.1/bin/../lib/gcc/arm-none-eabi/5.4.1/../../../../arm-none-eabi/lib/armv6-m\libg_nano.a(lib_a-nano-mallocr.o)
                0x20000248                __malloc_free_list
 *(COMMON)
 COMMON         0x2000024c       0x80 .\CortexM0\ARM_GCC_541\Debug\main.o
                0x2000024c                txData
                0x200002b0                can_send
                0x200002bc                lastStatePinA
                0x200002bd                currStatePinA
                0x200002c0                can_recieve
 COMMON         0x200002cc       0xdc .\CortexM0\ARM_GCC_541\Debug\PortPSOC_swerve.o
                0x200002cc                deviceGroup
                0x200002d0                rxMailbox
                0x200002e0                deviceAddressA
                0x200002e4                latestMessage
                0x200003a4                deviceAddressB
 COMMON         0x200003a8       0x18 .\CortexM0\ARM_GCC_541\Debug\SwerveMotorFirmware.a(StripLights.o)
                0x200003a8                StripLights_ledArray
                0x200003b4                StripLights_DimMask
                0x200003b8                StripLights_DimShift
                0x200003bc                StripLights_refreshComplete
 COMMON         0x200003c0       0x10 .\CortexM0\ARM_GCC_541\Debug\SwerveMotorFirmware.a(StripLights_fonts.o)
                0x200003c0                StripLights_fontX
                0x200003c4                StripLights_fontOffset
                0x200003c8                StripLights_fontPtr
                0x200003cc                StripLights_fontY
 COMMON         0x200003d0       0x1c .\CortexM0\ARM_GCC_541\Debug\SwerveMotorFirmware.a(UART_SPI_UART.o)
                0x200003d0                UART_rxBufferTail
                0x200003d4                UART_rxBufferInternal
                0x200003e5                UART_rxBufferOverflow
                0x200003e8                UART_rxBufferHead
 COMMON         0x200003ec        0x4 c:/program files (x86)/cypress/psoc creator/4.4/psoc creator/import/gnu/arm/5.4.1/bin/../lib/gcc/arm-none-eabi/5.4.1/../../../../arm-none-eabi/lib/armv6-m\libg_nano.a(lib_a-reent.o)
                0x200003ec                errno
                0x200003f0                . = ALIGN (0x8)
 *(.ram.b)
                0x200003f0                _end = .
                0x200003f0                __end = .
                0x200003f0                PROVIDE (end, .)
                0x200003f0                PROVIDE (__bss_end__, .)
                0x00004310                __cy_region_init_ram = LOADADDR (.data)
                0x00000098                __cy_region_init_size_ram = (_edata - ADDR (.data))
                0x00000298                __cy_region_zero_size_ram = (_end - _edata)

.heap           0x200003f0       0x80 load address 0x000043a8
                0x200003f0                . = _end
                0x20000470                . = (. + 0x80)
 *fill*         0x200003f0       0x80 
                0x20000470                __cy_heap_limit = .

.stack          0x20007800      0x800
                0x20007800                __cy_stack_limit = .
                0x20008000                . = (. + 0x800)
 *fill*         0x20007800      0x800 
                0x00000001                ASSERT ((__cy_stack_limit >= __cy_heap_limit), region RAM overflowed with stack)
                0x00000000                cy_checksum_exclude_size = (CY_APPL_LOADABLE == 0x1)?SIZEOF (.cy_checksum_exclude):0x0
                0x00000001                ASSERT ((cy_checksum_exclude_size <= CY_CHECKSUM_EXCLUDE_SIZE), CY_BOOT: Section .cy_checksum_exclude size exceedes specified limit.)
                0x0003ffc0                cyloadermeta_start = (cy_project_type_bootloader || cy_project_type_app_for_stack_and_copier)?(LENGTH (rom) - CY_METADATA_SIZE):0xf0000000

.cyloadermeta
 *(.cyloadermeta)
                0x0003ffc0                cyloadablemeta_start = cy_project_type_app_for_stack_and_copier?((LENGTH (rom) - CY_FLASH_ROW_SIZE) - CY_METADATA_SIZE):((LENGTH (rom) - (CY_FLASH_ROW_SIZE * (CY_APPL_NUM - 0x1))) - CY_METADATA_SIZE)

.cyloadablemeta
 *(.cyloadablemeta)

.cyflashprotect
                0x90400000       0x80
 *(.cyflashprotect)
 .cyflashprotect
                0x90400000       0x80 .\CortexM0\ARM_GCC_541\Debug\cymetadata.o
                0x90400000                cy_meta_flashprotect

.cymeta         0x90500000        0xc
 *(.cymeta)
 .cymeta        0x90500000        0xc .\CortexM0\ARM_GCC_541\Debug\cymetadata.o
                0x90500000                cy_metadata

.cychipprotect  0x90600000        0x1
 *(.cychipprotect)
 .cychipprotect
                0x90600000        0x1 .\CortexM0\ARM_GCC_541\Debug\cymetadata.o
                0x90600000                cy_meta_chipprotect

.rel.dyn        0x000043a8        0x0 load address 0x90600004
 .rel.iplt      0x000043a8        0x0 c:/program files (x86)/cypress/psoc creator/4.4/psoc creator/import/gnu/arm/5.4.1/bin/../lib/gcc/arm-none-eabi/5.4.1/armv6-m/crtbegin.o

.stab
 *(.stab)

.stabstr
 *(.stabstr)

.debug
 *(.debug)

.line
 *(.line)

.debug_srcinfo
 *(.debug_srcinfo)

.debug_sfnames
 *(.debug_sfnames)

.debug_aranges  0x00000000     0x1980
 *(.debug_aranges)
 .debug_aranges
                0x00000000       0x70 .\CortexM0\ARM_GCC_541\Debug\main.o
 .debug_aranges
                0x00000070       0x38 .\CortexM0\ARM_GCC_541\Debug\LED_Array.o
 .debug_aranges
                0x000000a8       0x38 .\CortexM0\ARM_GCC_541\Debug\MotorDrive.o
 .debug_aranges
                0x000000e0       0xc8 .\CortexM0\ARM_GCC_541\Debug\PositionPID.o
 .debug_aranges
                0x000001a8       0x38 .\CortexM0\ARM_GCC_541\Debug\Motor_Unit_CAN.o
 .debug_aranges
                0x000001e0       0x78 .\CortexM0\ARM_GCC_541\Debug\Motor_Unit_FSM.o
 .debug_aranges
                0x00000258       0x68 .\CortexM0\ARM_GCC_541\Debug\PortPSOC_swerve.o
 .debug_aranges
                0x000002c0       0xc0 .\CortexM0\ARM_GCC_541\Debug\CANCommon.o
 .debug_aranges
                0x00000380       0x88 .\CortexM0\ARM_GCC_541\Debug\CANGPIO.o
 .debug_aranges
                0x00000408       0x18 .\CortexM0\ARM_GCC_541\Debug\CANLocalization.o
 .debug_aranges
                0x00000420      0x110 .\CortexM0\ARM_GCC_541\Debug\CANMotorUnit.o
 .debug_aranges
                0x00000530       0xa8 .\CortexM0\ARM_GCC_541\Debug\CANPacket.o
 .debug_aranges
                0x000005d8       0x40 .\CortexM0\ARM_GCC_541\Debug\CANPower.o
 .debug_aranges
                0x00000618       0x50 .\CortexM0\ARM_GCC_541\Debug\CANScience.o
 .debug_aranges
                0x00000668       0x48 .\CortexM0\ARM_GCC_541\Debug\cyfitter_cfg.o
 .debug_aranges
                0x000006b0       0x18 .\CortexM0\ARM_GCC_541\Debug\cymetadata.o
 .debug_aranges
                0x000006c8       0x48 .\CortexM0\ARM_GCC_541\Debug\Cm0Start.o
 .debug_aranges
                0x00000710       0x48 .\CortexM0\ARM_GCC_541\Debug\SwerveMotorFirmware.a(Limit1.o)
 .debug_aranges
                0x00000758       0x48 .\CortexM0\ARM_GCC_541\Debug\SwerveMotorFirmware.a(Limit2.o)
 .debug_aranges
                0x000007a0      0x158 .\CortexM0\ARM_GCC_541\Debug\SwerveMotorFirmware.a(PWM_Motor1.o)
 .debug_aranges
                0x000008f8       0x80 .\CortexM0\ARM_GCC_541\Debug\SwerveMotorFirmware.a(isr_Limit_1.o)
 .debug_aranges
                0x00000978       0x48 .\CortexM0\ARM_GCC_541\Debug\SwerveMotorFirmware.a(Pin_Encoder_A.o)
 .debug_aranges
                0x000009c0       0x48 .\CortexM0\ARM_GCC_541\Debug\SwerveMotorFirmware.a(Pin_Encoder_B.o)
 .debug_aranges
                0x00000a08       0x40 .\CortexM0\ARM_GCC_541\Debug\SwerveMotorFirmware.a(Status_Reg_Switches.o)
 .debug_aranges
                0x00000a48       0xe8 .\CortexM0\ARM_GCC_541\Debug\SwerveMotorFirmware.a(CAN.o)
 .debug_aranges
                0x00000b30       0x20 .\CortexM0\ARM_GCC_541\Debug\SwerveMotorFirmware.a(CAN_INT.o)
 .debug_aranges
                0x00000b50       0x30 .\CortexM0\ARM_GCC_541\Debug\SwerveMotorFirmware.a(CAN_TX_RX_func.o)
 .debug_aranges
                0x00000b80       0x68 .\CortexM0\ARM_GCC_541\Debug\SwerveMotorFirmware.a(UART.o)
 .debug_aranges
                0x00000be8       0x90 .\CortexM0\ARM_GCC_541\Debug\SwerveMotorFirmware.a(UART_UART.o)
 .debug_aranges
                0x00000c78       0x48 .\CortexM0\ARM_GCC_541\Debug\SwerveMotorFirmware.a(Dip1.o)
 .debug_aranges
                0x00000cc0       0x48 .\CortexM0\ARM_GCC_541\Debug\SwerveMotorFirmware.a(Dip2.o)
 .debug_aranges
                0x00000d08       0x48 .\CortexM0\ARM_GCC_541\Debug\SwerveMotorFirmware.a(Dip3.o)
 .debug_aranges
                0x00000d50       0x48 .\CortexM0\ARM_GCC_541\Debug\SwerveMotorFirmware.a(Dip4.o)
 .debug_aranges
                0x00000d98       0x90 .\CortexM0\ARM_GCC_541\Debug\SwerveMotorFirmware.a(Timer_1.o)
 .debug_aranges
                0x00000e28       0x80 .\CortexM0\ARM_GCC_541\Debug\SwerveMotorFirmware.a(isr_period.o)
 .debug_aranges
                0x00000ea8       0x48 .\CortexM0\ARM_GCC_541\Debug\SwerveMotorFirmware.a(LED_Debug1.o)
 .debug_aranges
                0x00000ef0       0x48 .\CortexM0\ARM_GCC_541\Debug\SwerveMotorFirmware.a(LED_Debug2.o)
 .debug_aranges
                0x00000f38       0x48 .\CortexM0\ARM_GCC_541\Debug\SwerveMotorFirmware.a(LED_CAN.o)
 .debug_aranges
                0x00000f80       0x48 .\CortexM0\ARM_GCC_541\Debug\SwerveMotorFirmware.a(LED_Error.o)
 .debug_aranges
                0x00000fc8       0xa0 .\CortexM0\ARM_GCC_541\Debug\SwerveMotorFirmware.a(StripLights.o)
 .debug_aranges
                0x00001068       0x30 .\CortexM0\ARM_GCC_541\Debug\SwerveMotorFirmware.a(StripLights_fonts.o)
 .debug_aranges
                0x00001098      0x158 .\CortexM0\ARM_GCC_541\Debug\SwerveMotorFirmware.a(PWM_Motor2.o)
 .debug_aranges
                0x000011f0       0x48 .\CortexM0\ARM_GCC_541\Debug\SwerveMotorFirmware.a(Motor1Direction.o)
 .debug_aranges
                0x00001238       0x48 .\CortexM0\ARM_GCC_541\Debug\SwerveMotorFirmware.a(Motor2Direction.o)
 .debug_aranges
                0x00001280       0x80 .\CortexM0\ARM_GCC_541\Debug\SwerveMotorFirmware.a(StripLights_cisr.o)
 .debug_aranges
                0x00001300       0x80 .\CortexM0\ARM_GCC_541\Debug\SwerveMotorFirmware.a(StripLights_fisr.o)
 .debug_aranges
                0x00001380      0x270 .\CortexM0\ARM_GCC_541\Debug\SwerveMotorFirmware.a(CyLib.o)
 .debug_aranges
                0x000015f0       0x28 .\CortexM0\ARM_GCC_541\Debug\SwerveMotorFirmware.a(cyutils.o)
 .debug_aranges
                0x00001618      0x188 .\CortexM0\ARM_GCC_541\Debug\SwerveMotorFirmware.a(CyLFClk.o)
 .debug_aranges
                0x000017a0       0x80 .\CortexM0\ARM_GCC_541\Debug\SwerveMotorFirmware.a(isr_encA.o)
 .debug_aranges
                0x00001820       0x80 .\CortexM0\ARM_GCC_541\Debug\SwerveMotorFirmware.a(isr_encB.o)
 .debug_aranges
                0x000018a0       0x20 .\CortexM0\ARM_GCC_541\Debug\SwerveMotorFirmware.a(CyBootAsmGnu.o)
 .debug_aranges
                0x000018c0       0x60 .\CortexM0\ARM_GCC_541\Debug\SwerveMotorFirmware.a(UART_SPI_UART.o)
 .debug_aranges
                0x00001920       0x20 .\CortexM0\ARM_GCC_541\Debug\SwerveMotorFirmware.a(UART_SPI_UART_INT.o)
 .debug_aranges
                0x00001940       0x40 .\CortexM0\ARM_GCC_541\Debug\SwerveMotorFirmware.a(CyFlash.o)

.debug_pubnames
 *(.debug_pubnames)

.debug_info     0x00000000     0xf51a
 *(.debug_info .gnu.linkonce.wi.*)
 .debug_info    0x00000000      0xaec .\CortexM0\ARM_GCC_541\Debug\main.o
 .debug_info    0x00000aec      0x372 .\CortexM0\ARM_GCC_541\Debug\LED_Array.o
 .debug_info    0x00000e5e      0x29e .\CortexM0\ARM_GCC_541\Debug\MotorDrive.o
 .debug_info    0x000010fc      0x58c .\CortexM0\ARM_GCC_541\Debug\PositionPID.o
 .debug_info    0x00001688      0xcd6 .\CortexM0\ARM_GCC_541\Debug\Motor_Unit_CAN.o
 .debug_info    0x0000235e      0x1ed .\CortexM0\ARM_GCC_541\Debug\Motor_Unit_FSM.o
 .debug_info    0x0000254b      0x695 .\CortexM0\ARM_GCC_541\Debug\PortPSOC_swerve.o
 .debug_info    0x00002be0      0xa46 .\CortexM0\ARM_GCC_541\Debug\CANCommon.o
 .debug_info    0x00003626      0x60d .\CortexM0\ARM_GCC_541\Debug\CANGPIO.o
 .debug_info    0x00003c33       0x6b .\CortexM0\ARM_GCC_541\Debug\CANLocalization.o
 .debug_info    0x00003c9e      0xe62 .\CortexM0\ARM_GCC_541\Debug\CANMotorUnit.o
 .debug_info    0x00004b00      0x641 .\CortexM0\ARM_GCC_541\Debug\CANPacket.o
 .debug_info    0x00005141      0x2ff .\CortexM0\ARM_GCC_541\Debug\CANPower.o
 .debug_info    0x00005440      0x353 .\CortexM0\ARM_GCC_541\Debug\CANScience.o
 .debug_info    0x00005793      0x417 .\CortexM0\ARM_GCC_541\Debug\cyfitter_cfg.o
 .debug_info    0x00005baa       0xf8 .\CortexM0\ARM_GCC_541\Debug\cymetadata.o
 .debug_info    0x00005ca2      0x3a2 .\CortexM0\ARM_GCC_541\Debug\Cm0Start.o
 .debug_info    0x00006044      0x19d .\CortexM0\ARM_GCC_541\Debug\SwerveMotorFirmware.a(Limit1.o)
 .debug_info    0x000061e1      0x19d .\CortexM0\ARM_GCC_541\Debug\SwerveMotorFirmware.a(Limit2.o)
 .debug_info    0x0000637e      0x90a .\CortexM0\ARM_GCC_541\Debug\SwerveMotorFirmware.a(PWM_Motor1.o)
 .debug_info    0x00006c88      0x305 .\CortexM0\ARM_GCC_541\Debug\SwerveMotorFirmware.a(isr_Limit_1.o)
 .debug_info    0x00006f8d      0x19d .\CortexM0\ARM_GCC_541\Debug\SwerveMotorFirmware.a(Pin_Encoder_A.o)
 .debug_info    0x0000712a      0x19d .\CortexM0\ARM_GCC_541\Debug\SwerveMotorFirmware.a(Pin_Encoder_B.o)
 .debug_info    0x000072c7      0x17f .\CortexM0\ARM_GCC_541\Debug\SwerveMotorFirmware.a(Status_Reg_Switches.o)
 .debug_info    0x00007446      0x9c6 .\CortexM0\ARM_GCC_541\Debug\SwerveMotorFirmware.a(CAN.o)
 .debug_info    0x00007e0c       0xa0 .\CortexM0\ARM_GCC_541\Debug\SwerveMotorFirmware.a(CAN_INT.o)
 .debug_info    0x00007eac      0x37e .\CortexM0\ARM_GCC_541\Debug\SwerveMotorFirmware.a(CAN_TX_RX_func.o)
 .debug_info    0x0000822a      0x2e9 .\CortexM0\ARM_GCC_541\Debug\SwerveMotorFirmware.a(UART.o)
 .debug_info    0x00008513      0x487 .\CortexM0\ARM_GCC_541\Debug\SwerveMotorFirmware.a(UART_UART.o)
 .debug_info    0x0000899a      0x19d .\CortexM0\ARM_GCC_541\Debug\SwerveMotorFirmware.a(Dip1.o)
 .debug_info    0x00008b37      0x19d .\CortexM0\ARM_GCC_541\Debug\SwerveMotorFirmware.a(Dip2.o)
 .debug_info    0x00008cd4      0x19d .\CortexM0\ARM_GCC_541\Debug\SwerveMotorFirmware.a(Dip3.o)
 .debug_info    0x00008e71      0x19d .\CortexM0\ARM_GCC_541\Debug\SwerveMotorFirmware.a(Dip4.o)
 .debug_info    0x0000900e      0x386 .\CortexM0\ARM_GCC_541\Debug\SwerveMotorFirmware.a(Timer_1.o)
 .debug_info    0x00009394      0x305 .\CortexM0\ARM_GCC_541\Debug\SwerveMotorFirmware.a(isr_period.o)
 .debug_info    0x00009699      0x19d .\CortexM0\ARM_GCC_541\Debug\SwerveMotorFirmware.a(LED_Debug1.o)
 .debug_info    0x00009836      0x19d .\CortexM0\ARM_GCC_541\Debug\SwerveMotorFirmware.a(LED_Debug2.o)
 .debug_info    0x000099d3      0x19b .\CortexM0\ARM_GCC_541\Debug\SwerveMotorFirmware.a(LED_CAN.o)
 .debug_info    0x00009b6e      0x19d .\CortexM0\ARM_GCC_541\Debug\SwerveMotorFirmware.a(LED_Error.o)
 .debug_info    0x00009d0b      0xa83 .\CortexM0\ARM_GCC_541\Debug\SwerveMotorFirmware.a(StripLights.o)
 .debug_info    0x0000a78e      0x394 .\CortexM0\ARM_GCC_541\Debug\SwerveMotorFirmware.a(StripLights_fonts.o)
 .debug_info    0x0000ab22      0x909 .\CortexM0\ARM_GCC_541\Debug\SwerveMotorFirmware.a(PWM_Motor2.o)
 .debug_info    0x0000b42b      0x19d .\CortexM0\ARM_GCC_541\Debug\SwerveMotorFirmware.a(Motor1Direction.o)
 .debug_info    0x0000b5c8      0x19d .\CortexM0\ARM_GCC_541\Debug\SwerveMotorFirmware.a(Motor2Direction.o)
 .debug_info    0x0000b765      0x305 .\CortexM0\ARM_GCC_541\Debug\SwerveMotorFirmware.a(StripLights_cisr.o)
 .debug_info    0x0000ba6a      0x305 .\CortexM0\ARM_GCC_541\Debug\SwerveMotorFirmware.a(StripLights_fisr.o)
 .debug_info    0x0000bd6f     0x17e4 .\CortexM0\ARM_GCC_541\Debug\SwerveMotorFirmware.a(CyLib.o)
 .debug_info    0x0000d553      0x14b .\CortexM0\ARM_GCC_541\Debug\SwerveMotorFirmware.a(cyutils.o)
 .debug_info    0x0000d69e     0x1058 .\CortexM0\ARM_GCC_541\Debug\SwerveMotorFirmware.a(CyLFClk.o)
 .debug_info    0x0000e6f6      0x305 .\CortexM0\ARM_GCC_541\Debug\SwerveMotorFirmware.a(isr_encA.o)
 .debug_info    0x0000e9fb      0x305 .\CortexM0\ARM_GCC_541\Debug\SwerveMotorFirmware.a(isr_encB.o)
 .debug_info    0x0000ed00       0xa8 .\CortexM0\ARM_GCC_541\Debug\SwerveMotorFirmware.a(CyBootAsmGnu.o)
 .debug_info    0x0000eda8      0x2df .\CortexM0\ARM_GCC_541\Debug\SwerveMotorFirmware.a(UART_SPI_UART.o)
 .debug_info    0x0000f087      0x141 .\CortexM0\ARM_GCC_541\Debug\SwerveMotorFirmware.a(UART_SPI_UART_INT.o)
 .debug_info    0x0000f1c8      0x352 .\CortexM0\ARM_GCC_541\Debug\SwerveMotorFirmware.a(CyFlash.o)

.debug_abbrev   0x00000000     0x3fd0
 *(.debug_abbrev)
 .debug_abbrev  0x00000000      0x214 .\CortexM0\ARM_GCC_541\Debug\main.o
 .debug_abbrev  0x00000214      0x15d .\CortexM0\ARM_GCC_541\Debug\LED_Array.o
 .debug_abbrev  0x00000371       0xcf .\CortexM0\ARM_GCC_541\Debug\MotorDrive.o
 .debug_abbrev  0x00000440      0x19f .\CortexM0\ARM_GCC_541\Debug\PositionPID.o
 .debug_abbrev  0x000005df      0x148 .\CortexM0\ARM_GCC_541\Debug\Motor_Unit_CAN.o
 .debug_abbrev  0x00000727       0xd3 .\CortexM0\ARM_GCC_541\Debug\Motor_Unit_FSM.o
 .debug_abbrev  0x000007fa      0x1ad .\CortexM0\ARM_GCC_541\Debug\PortPSOC_swerve.o
 .debug_abbrev  0x000009a7      0x149 .\CortexM0\ARM_GCC_541\Debug\CANCommon.o
 .debug_abbrev  0x00000af0      0x106 .\CortexM0\ARM_GCC_541\Debug\CANGPIO.o
 .debug_abbrev  0x00000bf6       0x26 .\CortexM0\ARM_GCC_541\Debug\CANLocalization.o
 .debug_abbrev  0x00000c1c      0x18e .\CortexM0\ARM_GCC_541\Debug\CANMotorUnit.o
 .debug_abbrev  0x00000daa      0x16f .\CortexM0\ARM_GCC_541\Debug\CANPacket.o
 .debug_abbrev  0x00000f19      0x124 .\CortexM0\ARM_GCC_541\Debug\CANPower.o
 .debug_abbrev  0x0000103d       0xfe .\CortexM0\ARM_GCC_541\Debug\CANScience.o
 .debug_abbrev  0x0000113b      0x1d8 .\CortexM0\ARM_GCC_541\Debug\cyfitter_cfg.o
 .debug_abbrev  0x00001313       0x5d .\CortexM0\ARM_GCC_541\Debug\cymetadata.o
 .debug_abbrev  0x00001370      0x1d7 .\CortexM0\ARM_GCC_541\Debug\Cm0Start.o
 .debug_abbrev  0x00001547       0xc8 .\CortexM0\ARM_GCC_541\Debug\SwerveMotorFirmware.a(Limit1.o)
 .debug_abbrev  0x0000160f       0xc8 .\CortexM0\ARM_GCC_541\Debug\SwerveMotorFirmware.a(Limit2.o)
 .debug_abbrev  0x000016d7      0x119 .\CortexM0\ARM_GCC_541\Debug\SwerveMotorFirmware.a(PWM_Motor1.o)
 .debug_abbrev  0x000017f0      0x19a .\CortexM0\ARM_GCC_541\Debug\SwerveMotorFirmware.a(isr_Limit_1.o)
 .debug_abbrev  0x0000198a       0xc8 .\CortexM0\ARM_GCC_541\Debug\SwerveMotorFirmware.a(Pin_Encoder_A.o)
 .debug_abbrev  0x00001a52       0xc8 .\CortexM0\ARM_GCC_541\Debug\SwerveMotorFirmware.a(Pin_Encoder_B.o)
 .debug_abbrev  0x00001b1a       0xac .\CortexM0\ARM_GCC_541\Debug\SwerveMotorFirmware.a(Status_Reg_Switches.o)
 .debug_abbrev  0x00001bc6      0x186 .\CortexM0\ARM_GCC_541\Debug\SwerveMotorFirmware.a(CAN.o)
 .debug_abbrev  0x00001d4c       0x42 .\CortexM0\ARM_GCC_541\Debug\SwerveMotorFirmware.a(CAN_INT.o)
 .debug_abbrev  0x00001d8e      0x159 .\CortexM0\ARM_GCC_541\Debug\SwerveMotorFirmware.a(CAN_TX_RX_func.o)
 .debug_abbrev  0x00001ee7      0x118 .\CortexM0\ARM_GCC_541\Debug\SwerveMotorFirmware.a(UART.o)
 .debug_abbrev  0x00001fff      0x145 .\CortexM0\ARM_GCC_541\Debug\SwerveMotorFirmware.a(UART_UART.o)
 .debug_abbrev  0x00002144       0xc8 .\CortexM0\ARM_GCC_541\Debug\SwerveMotorFirmware.a(Dip1.o)
 .debug_abbrev  0x0000220c       0xc8 .\CortexM0\ARM_GCC_541\Debug\SwerveMotorFirmware.a(Dip2.o)
 .debug_abbrev  0x000022d4       0xc8 .\CortexM0\ARM_GCC_541\Debug\SwerveMotorFirmware.a(Dip3.o)
 .debug_abbrev  0x0000239c       0xc8 .\CortexM0\ARM_GCC_541\Debug\SwerveMotorFirmware.a(Dip4.o)
 .debug_abbrev  0x00002464      0x167 .\CortexM0\ARM_GCC_541\Debug\SwerveMotorFirmware.a(Timer_1.o)
 .debug_abbrev  0x000025cb      0x19a .\CortexM0\ARM_GCC_541\Debug\SwerveMotorFirmware.a(isr_period.o)
 .debug_abbrev  0x00002765       0xc8 .\CortexM0\ARM_GCC_541\Debug\SwerveMotorFirmware.a(LED_Debug1.o)
 .debug_abbrev  0x0000282d       0xc8 .\CortexM0\ARM_GCC_541\Debug\SwerveMotorFirmware.a(LED_Debug2.o)
 .debug_abbrev  0x000028f5       0xc8 .\CortexM0\ARM_GCC_541\Debug\SwerveMotorFirmware.a(LED_CAN.o)
 .debug_abbrev  0x000029bd       0xc8 .\CortexM0\ARM_GCC_541\Debug\SwerveMotorFirmware.a(LED_Error.o)
 .debug_abbrev  0x00002a85      0x1dc .\CortexM0\ARM_GCC_541\Debug\SwerveMotorFirmware.a(StripLights.o)
 .debug_abbrev  0x00002c61      0x113 .\CortexM0\ARM_GCC_541\Debug\SwerveMotorFirmware.a(StripLights_fonts.o)
 .debug_abbrev  0x00002d74      0x119 .\CortexM0\ARM_GCC_541\Debug\SwerveMotorFirmware.a(PWM_Motor2.o)
 .debug_abbrev  0x00002e8d       0xc8 .\CortexM0\ARM_GCC_541\Debug\SwerveMotorFirmware.a(Motor1Direction.o)
 .debug_abbrev  0x00002f55       0xc8 .\CortexM0\ARM_GCC_541\Debug\SwerveMotorFirmware.a(Motor2Direction.o)
 .debug_abbrev  0x0000301d      0x19a .\CortexM0\ARM_GCC_541\Debug\SwerveMotorFirmware.a(StripLights_cisr.o)
 .debug_abbrev  0x000031b7      0x19a .\CortexM0\ARM_GCC_541\Debug\SwerveMotorFirmware.a(StripLights_fisr.o)
 .debug_abbrev  0x00003351      0x293 .\CortexM0\ARM_GCC_541\Debug\SwerveMotorFirmware.a(CyLib.o)
 .debug_abbrev  0x000035e4       0xc0 .\CortexM0\ARM_GCC_541\Debug\SwerveMotorFirmware.a(cyutils.o)
 .debug_abbrev  0x000036a4      0x248 .\CortexM0\ARM_GCC_541\Debug\SwerveMotorFirmware.a(CyLFClk.o)
 .debug_abbrev  0x000038ec      0x19a .\CortexM0\ARM_GCC_541\Debug\SwerveMotorFirmware.a(isr_encA.o)
 .debug_abbrev  0x00003a86      0x19a .\CortexM0\ARM_GCC_541\Debug\SwerveMotorFirmware.a(isr_encB.o)
 .debug_abbrev  0x00003c20       0x14 .\CortexM0\ARM_GCC_541\Debug\SwerveMotorFirmware.a(CyBootAsmGnu.o)
 .debug_abbrev  0x00003c34      0x180 .\CortexM0\ARM_GCC_541\Debug\SwerveMotorFirmware.a(UART_SPI_UART.o)
 .debug_abbrev  0x00003db4       0x9a .\CortexM0\ARM_GCC_541\Debug\SwerveMotorFirmware.a(UART_SPI_UART_INT.o)
 .debug_abbrev  0x00003e4e      0x182 .\CortexM0\ARM_GCC_541\Debug\SwerveMotorFirmware.a(CyFlash.o)

.debug_line     0x00000000     0x631b
 *(.debug_line)
 .debug_line    0x00000000      0x4ee .\CortexM0\ARM_GCC_541\Debug\main.o
 .debug_line    0x000004ee      0x1ca .\CortexM0\ARM_GCC_541\Debug\LED_Array.o
 .debug_line    0x000006b8      0x217 .\CortexM0\ARM_GCC_541\Debug\MotorDrive.o
 .debug_line    0x000008cf      0x31b .\CortexM0\ARM_GCC_541\Debug\PositionPID.o
 .debug_line    0x00000bea      0x2cd .\CortexM0\ARM_GCC_541\Debug\Motor_Unit_CAN.o
 .debug_line    0x00000eb7      0x20f .\CortexM0\ARM_GCC_541\Debug\Motor_Unit_FSM.o
 .debug_line    0x000010c6      0x2fa .\CortexM0\ARM_GCC_541\Debug\PortPSOC_swerve.o
 .debug_line    0x000013c0      0x2f3 .\CortexM0\ARM_GCC_541\Debug\CANCommon.o
 .debug_line    0x000016b3      0x24e .\CortexM0\ARM_GCC_541\Debug\CANGPIO.o
 .debug_line    0x00001901       0x1d .\CortexM0\ARM_GCC_541\Debug\CANLocalization.o
 .debug_line    0x0000191e      0x3a1 .\CortexM0\ARM_GCC_541\Debug\CANMotorUnit.o
 .debug_line    0x00001cbf      0x2dc .\CortexM0\ARM_GCC_541\Debug\CANPacket.o
 .debug_line    0x00001f9b      0x19d .\CortexM0\ARM_GCC_541\Debug\CANPower.o
 .debug_line    0x00002138      0x1c5 .\CortexM0\ARM_GCC_541\Debug\CANScience.o
 .debug_line    0x000022fd      0x1b8 .\CortexM0\ARM_GCC_541\Debug\cyfitter_cfg.o
 .debug_line    0x000024b5      0x141 .\CortexM0\ARM_GCC_541\Debug\cymetadata.o
 .debug_line    0x000025f6      0x236 .\CortexM0\ARM_GCC_541\Debug\Cm0Start.o
 .debug_line    0x0000282c       0xbe .\CortexM0\ARM_GCC_541\Debug\SwerveMotorFirmware.a(Limit1.o)
 .debug_line    0x000028ea       0xbe .\CortexM0\ARM_GCC_541\Debug\SwerveMotorFirmware.a(Limit2.o)
 .debug_line    0x000029a8      0x383 .\CortexM0\ARM_GCC_541\Debug\SwerveMotorFirmware.a(PWM_Motor1.o)
 .debug_line    0x00002d2b      0x157 .\CortexM0\ARM_GCC_541\Debug\SwerveMotorFirmware.a(isr_Limit_1.o)
 .debug_line    0x00002e82       0xc5 .\CortexM0\ARM_GCC_541\Debug\SwerveMotorFirmware.a(Pin_Encoder_A.o)
 .debug_line    0x00002f47       0xc5 .\CortexM0\ARM_GCC_541\Debug\SwerveMotorFirmware.a(Pin_Encoder_B.o)
 .debug_line    0x0000300c       0xc2 .\CortexM0\ARM_GCC_541\Debug\SwerveMotorFirmware.a(Status_Reg_Switches.o)
 .debug_line    0x000030ce      0x3e7 .\CortexM0\ARM_GCC_541\Debug\SwerveMotorFirmware.a(CAN.o)
 .debug_line    0x000034b5       0x53 .\CortexM0\ARM_GCC_541\Debug\SwerveMotorFirmware.a(CAN_INT.o)
 .debug_line    0x00003508       0xfc .\CortexM0\ARM_GCC_541\Debug\SwerveMotorFirmware.a(CAN_TX_RX_func.o)
 .debug_line    0x00003604      0x13c .\CortexM0\ARM_GCC_541\Debug\SwerveMotorFirmware.a(UART.o)
 .debug_line    0x00003740      0x1f5 .\CortexM0\ARM_GCC_541\Debug\SwerveMotorFirmware.a(UART_UART.o)
 .debug_line    0x00003935       0xbc .\CortexM0\ARM_GCC_541\Debug\SwerveMotorFirmware.a(Dip1.o)
 .debug_line    0x000039f1       0xbc .\CortexM0\ARM_GCC_541\Debug\SwerveMotorFirmware.a(Dip2.o)
 .debug_line    0x00003aad       0xbc .\CortexM0\ARM_GCC_541\Debug\SwerveMotorFirmware.a(Dip3.o)
 .debug_line    0x00003b69       0xbc .\CortexM0\ARM_GCC_541\Debug\SwerveMotorFirmware.a(Dip4.o)
 .debug_line    0x00003c25      0x17b .\CortexM0\ARM_GCC_541\Debug\SwerveMotorFirmware.a(Timer_1.o)
 .debug_line    0x00003da0      0x156 .\CortexM0\ARM_GCC_541\Debug\SwerveMotorFirmware.a(isr_period.o)
 .debug_line    0x00003ef6       0xc2 .\CortexM0\ARM_GCC_541\Debug\SwerveMotorFirmware.a(LED_Debug1.o)
 .debug_line    0x00003fb8       0xc2 .\CortexM0\ARM_GCC_541\Debug\SwerveMotorFirmware.a(LED_Debug2.o)
 .debug_line    0x0000407a       0xbe .\CortexM0\ARM_GCC_541\Debug\SwerveMotorFirmware.a(LED_CAN.o)
 .debug_line    0x00004138       0xc1 .\CortexM0\ARM_GCC_541\Debug\SwerveMotorFirmware.a(LED_Error.o)
 .debug_line    0x000041f9      0x2d8 .\CortexM0\ARM_GCC_541\Debug\SwerveMotorFirmware.a(StripLights.o)
 .debug_line    0x000044d1       0xf5 .\CortexM0\ARM_GCC_541\Debug\SwerveMotorFirmware.a(StripLights_fonts.o)
 .debug_line    0x000045c6      0x383 .\CortexM0\ARM_GCC_541\Debug\SwerveMotorFirmware.a(PWM_Motor2.o)
 .debug_line    0x00004949       0xc7 .\CortexM0\ARM_GCC_541\Debug\SwerveMotorFirmware.a(Motor1Direction.o)
 .debug_line    0x00004a10       0xc7 .\CortexM0\ARM_GCC_541\Debug\SwerveMotorFirmware.a(Motor2Direction.o)
 .debug_line    0x00004ad7      0x158 .\CortexM0\ARM_GCC_541\Debug\SwerveMotorFirmware.a(StripLights_cisr.o)
 .debug_line    0x00004c2f      0x15c .\CortexM0\ARM_GCC_541\Debug\SwerveMotorFirmware.a(StripLights_fisr.o)
 .debug_line    0x00004d8b      0x8ef .\CortexM0\ARM_GCC_541\Debug\SwerveMotorFirmware.a(CyLib.o)
 .debug_line    0x0000567a       0x74 .\CortexM0\ARM_GCC_541\Debug\SwerveMotorFirmware.a(cyutils.o)
 .debug_line    0x000056ee      0x5d1 .\CortexM0\ARM_GCC_541\Debug\SwerveMotorFirmware.a(CyLFClk.o)
 .debug_line    0x00005cbf      0x154 .\CortexM0\ARM_GCC_541\Debug\SwerveMotorFirmware.a(isr_encA.o)
 .debug_line    0x00005e13      0x154 .\CortexM0\ARM_GCC_541\Debug\SwerveMotorFirmware.a(isr_encB.o)
 .debug_line    0x00005f67       0x68 .\CortexM0\ARM_GCC_541\Debug\SwerveMotorFirmware.a(CyBootAsmGnu.o)
 .debug_line    0x00005fcf      0x137 .\CortexM0\ARM_GCC_541\Debug\SwerveMotorFirmware.a(UART_SPI_UART.o)
 .debug_line    0x00006106       0xa2 .\CortexM0\ARM_GCC_541\Debug\SwerveMotorFirmware.a(UART_SPI_UART_INT.o)
 .debug_line    0x000061a8      0x173 .\CortexM0\ARM_GCC_541\Debug\SwerveMotorFirmware.a(CyFlash.o)

.debug_frame    0x00000000     0x4258
 *(.debug_frame)
 .debug_frame   0x00000000      0x154 .\CortexM0\ARM_GCC_541\Debug\main.o
 .debug_frame   0x00000154       0x90 .\CortexM0\ARM_GCC_541\Debug\LED_Array.o
 .debug_frame   0x000001e4       0x68 .\CortexM0\ARM_GCC_541\Debug\MotorDrive.o
 .debug_frame   0x0000024c      0x1bc .\CortexM0\ARM_GCC_541\Debug\PositionPID.o
 .debug_frame   0x00000408       0x80 .\CortexM0\ARM_GCC_541\Debug\Motor_Unit_CAN.o
 .debug_frame   0x00000488       0xdc .\CortexM0\ARM_GCC_541\Debug\Motor_Unit_FSM.o
 .debug_frame   0x00000564      0x104 .\CortexM0\ARM_GCC_541\Debug\PortPSOC_swerve.o
 .debug_frame   0x00000668      0x27c .\CortexM0\ARM_GCC_541\Debug\CANCommon.o
 .debug_frame   0x000008e4      0x178 .\CortexM0\ARM_GCC_541\Debug\CANGPIO.o
 .debug_frame   0x00000a5c      0x360 .\CortexM0\ARM_GCC_541\Debug\CANMotorUnit.o
 .debug_frame   0x00000dbc      0x1a4 .\CortexM0\ARM_GCC_541\Debug\CANPacket.o
 .debug_frame   0x00000f60       0x8c .\CortexM0\ARM_GCC_541\Debug\CANPower.o
 .debug_frame   0x00000fec       0xb0 .\CortexM0\ARM_GCC_541\Debug\CANScience.o
 .debug_frame   0x0000109c       0xb4 .\CortexM0\ARM_GCC_541\Debug\cyfitter_cfg.o
 .debug_frame   0x00001150       0xbc .\CortexM0\ARM_GCC_541\Debug\Cm0Start.o
 .debug_frame   0x0000120c       0x70 .\CortexM0\ARM_GCC_541\Debug\SwerveMotorFirmware.a(Limit1.o)
 .debug_frame   0x0000127c       0x70 .\CortexM0\ARM_GCC_541\Debug\SwerveMotorFirmware.a(Limit2.o)
 .debug_frame   0x000012ec      0x3a0 .\CortexM0\ARM_GCC_541\Debug\SwerveMotorFirmware.a(PWM_Motor1.o)
 .debug_frame   0x0000168c      0x110 .\CortexM0\ARM_GCC_541\Debug\SwerveMotorFirmware.a(isr_Limit_1.o)
 .debug_frame   0x0000179c       0x70 .\CortexM0\ARM_GCC_541\Debug\SwerveMotorFirmware.a(Pin_Encoder_A.o)
 .debug_frame   0x0000180c       0x70 .\CortexM0\ARM_GCC_541\Debug\SwerveMotorFirmware.a(Pin_Encoder_B.o)
 .debug_frame   0x0000187c       0x78 .\CortexM0\ARM_GCC_541\Debug\SwerveMotorFirmware.a(Status_Reg_Switches.o)
 .debug_frame   0x000018f4      0x238 .\CortexM0\ARM_GCC_541\Debug\SwerveMotorFirmware.a(CAN.o)
 .debug_frame   0x00001b2c       0x20 .\CortexM0\ARM_GCC_541\Debug\SwerveMotorFirmware.a(CAN_INT.o)
 .debug_frame   0x00001b4c       0x60 .\CortexM0\ARM_GCC_541\Debug\SwerveMotorFirmware.a(CAN_TX_RX_func.o)
 .debug_frame   0x00001bac      0x104 .\CortexM0\ARM_GCC_541\Debug\SwerveMotorFirmware.a(UART.o)
 .debug_frame   0x00001cb0      0x154 .\CortexM0\ARM_GCC_541\Debug\SwerveMotorFirmware.a(UART_UART.o)
 .debug_frame   0x00001e04       0x70 .\CortexM0\ARM_GCC_541\Debug\SwerveMotorFirmware.a(Dip1.o)
 .debug_frame   0x00001e74       0x70 .\CortexM0\ARM_GCC_541\Debug\SwerveMotorFirmware.a(Dip2.o)
 .debug_frame   0x00001ee4       0x70 .\CortexM0\ARM_GCC_541\Debug\SwerveMotorFirmware.a(Dip3.o)
 .debug_frame   0x00001f54       0x70 .\CortexM0\ARM_GCC_541\Debug\SwerveMotorFirmware.a(Dip4.o)
 .debug_frame   0x00001fc4      0x160 .\CortexM0\ARM_GCC_541\Debug\SwerveMotorFirmware.a(Timer_1.o)
 .debug_frame   0x00002124      0x110 .\CortexM0\ARM_GCC_541\Debug\SwerveMotorFirmware.a(isr_period.o)
 .debug_frame   0x00002234       0x70 .\CortexM0\ARM_GCC_541\Debug\SwerveMotorFirmware.a(LED_Debug1.o)
 .debug_frame   0x000022a4       0x70 .\CortexM0\ARM_GCC_541\Debug\SwerveMotorFirmware.a(LED_Debug2.o)
 .debug_frame   0x00002314       0x70 .\CortexM0\ARM_GCC_541\Debug\SwerveMotorFirmware.a(LED_CAN.o)
 .debug_frame   0x00002384       0x70 .\CortexM0\ARM_GCC_541\Debug\SwerveMotorFirmware.a(LED_Error.o)