Archive member included to satisfy reference by file (symbol)

.\CortexM0\ARM_GCC_541\Debug\SwerveMotorFirmware.a(Limit1.o)
                              .\CortexM0\ARM_GCC_541\Debug\main.o (Limit1_Read)
.\CortexM0\ARM_GCC_541\Debug\SwerveMotorFirmware.a(Limit2.o)
                              .\CortexM0\ARM_GCC_541\Debug\main.o (Limit2_Read)
.\CortexM0\ARM_GCC_541\Debug\SwerveMotorFirmware.a(PWM_Motor1.o)
                              .\CortexM0\ARM_GCC_541\Debug\MotorDrive.o (PWM_Motor1_WriteCompare)
.\CortexM0\ARM_GCC_541\Debug\SwerveMotorFirmware.a(isr_Limit_1.o)
                              .\CortexM0\ARM_GCC_541\Debug\main.o (isr_Limit_1_StartEx)
.\CortexM0\ARM_GCC_541\Debug\SwerveMotorFirmware.a(Pin_Encoder_A.o)
                              .\CortexM0\ARM_GCC_541\Debug\main.o (Pin_Encoder_A_Read)
.\CortexM0\ARM_GCC_541\Debug\SwerveMotorFirmware.a(Pin_Encoder_B.o)
                              .\CortexM0\ARM_GCC_541\Debug\main.o (Pin_Encoder_B_Read)
.\CortexM0\ARM_GCC_541\Debug\SwerveMotorFirmware.a(Status_Reg_Switches.o)
                              .\CortexM0\ARM_GCC_541\Debug\main.o (Status_Reg_Switches_Read)
.\CortexM0\ARM_GCC_541\Debug\SwerveMotorFirmware.a(CAN.o)
                              .\CortexM0\ARM_GCC_541\Debug\PortPSOC_swerve.o (CAN_GlobalIntEnable)
.\CortexM0\ARM_GCC_541\Debug\SwerveMotorFirmware.a(CAN_INT.o)
                              .\CortexM0\ARM_GCC_541\Debug\SwerveMotorFirmware.a(CAN.o) (CAN_ISR)
.\CortexM0\ARM_GCC_541\Debug\SwerveMotorFirmware.a(CAN_TX_RX_func.o)
                              .\CortexM0\ARM_GCC_541\Debug\PortPSOC_swerve.o (CAN_SendMsg)
.\CortexM0\ARM_GCC_541\Debug\SwerveMotorFirmware.a(UART.o)
                              .\CortexM0\ARM_GCC_541\Debug\main.o (UART_Start)
.\CortexM0\ARM_GCC_541\Debug\SwerveMotorFirmware.a(UART_UART.o)
                              .\CortexM0\ARM_GCC_541\Debug\SwerveMotorFirmware.a(UART.o) (UART_UartInit)
.\CortexM0\ARM_GCC_541\Debug\SwerveMotorFirmware.a(Dip1.o)
                              .\CortexM0\ARM_GCC_541\Debug\main.o (Dip1_Read)
.\CortexM0\ARM_GCC_541\Debug\SwerveMotorFirmware.a(Dip2.o)
                              .\CortexM0\ARM_GCC_541\Debug\main.o (Dip2_Read)
.\CortexM0\ARM_GCC_541\Debug\SwerveMotorFirmware.a(Dip3.o)
                              .\CortexM0\ARM_GCC_541\Debug\main.o (Dip3_Read)
.\CortexM0\ARM_GCC_541\Debug\SwerveMotorFirmware.a(Dip4.o)
                              .\CortexM0\ARM_GCC_541\Debug\main.o (Dip4_Read)
.\CortexM0\ARM_GCC_541\Debug\SwerveMotorFirmware.a(Timer_1.o)
                              .\CortexM0\ARM_GCC_541\Debug\main.o (Timer_1_ReadStatusRegister)
.\CortexM0\ARM_GCC_541\Debug\SwerveMotorFirmware.a(isr_period.o)
                              .\CortexM0\ARM_GCC_541\Debug\main.o (isr_period_StartEx)
.\CortexM0\ARM_GCC_541\Debug\SwerveMotorFirmware.a(LED_Debug1.o)
                              .\CortexM0\ARM_GCC_541\Debug\main.o (LED_Debug1_Write)
.\CortexM0\ARM_GCC_541\Debug\SwerveMotorFirmware.a(LED_Debug2.o)
                              .\CortexM0\ARM_GCC_541\Debug\main.o (LED_Debug2_Write)
.\CortexM0\ARM_GCC_541\Debug\SwerveMotorFirmware.a(LED_CAN.o)
                              .\CortexM0\ARM_GCC_541\Debug\main.o (LED_CAN_Write)
.\CortexM0\ARM_GCC_541\Debug\SwerveMotorFirmware.a(LED_Error.o)
                              .\CortexM0\ARM_GCC_541\Debug\main.o (LED_Error_Write)
.\CortexM0\ARM_GCC_541\Debug\SwerveMotorFirmware.a(StripLights.o)
                              .\CortexM0\ARM_GCC_541\Debug\LED_Array.o (StripLights_Trigger)
.\CortexM0\ARM_GCC_541\Debug\SwerveMotorFirmware.a(StripLights_fonts.o)
                              .\CortexM0\ARM_GCC_541\Debug\SwerveMotorFirmware.a(StripLights.o) (StripLights_SetFont)
.\CortexM0\ARM_GCC_541\Debug\SwerveMotorFirmware.a(PWM_Motor2.o)
                              .\CortexM0\ARM_GCC_541\Debug\MotorDrive.o (PWM_Motor2_WriteCompare)
.\CortexM0\ARM_GCC_541\Debug\SwerveMotorFirmware.a(Motor1Direction.o)
                              .\CortexM0\ARM_GCC_541\Debug\MotorDrive.o (Motor1Direction_Write)
.\CortexM0\ARM_GCC_541\Debug\SwerveMotorFirmware.a(Motor2Direction.o)
                              .\CortexM0\ARM_GCC_541\Debug\MotorDrive.o (Motor2Direction_Write)
.\CortexM0\ARM_GCC_541\Debug\SwerveMotorFirmware.a(StripLights_cisr.o)
                              .\CortexM0\ARM_GCC_541\Debug\SwerveMotorFirmware.a(StripLights.o) (StripLights_cisr_StartEx)
.\CortexM0\ARM_GCC_541\Debug\SwerveMotorFirmware.a(StripLights_fisr.o)
                              .\CortexM0\ARM_GCC_541\Debug\SwerveMotorFirmware.a(StripLights.o) (StripLights_fisr_StartEx)
.\CortexM0\ARM_GCC_541\Debug\SwerveMotorFirmware.a(CyLib.o)
                              .\CortexM0\ARM_GCC_541\Debug\cyfitter_cfg.o (CyIntEnable)
.\CortexM0\ARM_GCC_541\Debug\SwerveMotorFirmware.a(cyutils.o)
                              .\CortexM0\ARM_GCC_541\Debug\SwerveMotorFirmware.a(Timer_1.o) (CySetReg24)
.\CortexM0\ARM_GCC_541\Debug\SwerveMotorFirmware.a(CyLFClk.o)
[...]
Memory Configuration

Name             Origin             Length             Attributes
rom              0x00000000         0x00040000         xr
ram              0x20000000         0x00008000         xrw
*default*        0x00000000         0xffffffff

Linker script and memory map

LOAD c:/program files (x86)/cypress/psoc creator/4.4/psoc creator/import/gnu/arm/5.4.1/bin/../lib/gcc/arm-none-eabi/5.4.1/armv6-m/crti.o
LOAD c:/program files (x86)/cypress/psoc creator/4.4/psoc creator/import/gnu/arm/5.4.1/bin/../lib/gcc/arm-none-eabi/5.4.1/armv6-m/crtbegin.o
LOAD c:/program files (x86)/cypress/psoc creator/4.4/psoc creator/import/gnu/arm/5.4.1/bin/../lib/gcc/arm-none-eabi/5.4.1/../../../../arm-none-eabi/lib/armv6-m/crt0.o
START GROUP
LOAD .\CortexM0\ARM_GCC_541\Debug\main.o
LOAD .\CortexM0\ARM_GCC_541\Debug\LED_Array.o
LOAD .\CortexM0\ARM_GCC_541\Debug\MotorDrive.o
LOAD .\CortexM0\ARM_GCC_541\Debug\PositionPID.o
LOAD .\CortexM0\ARM_GCC_541\Debug\Motor_Unit_CAN.o
LOAD .\CortexM0\ARM_GCC_541\Debug\Motor_Unit_FSM.o
LOAD .\CortexM0\ARM_GCC_541\Debug\PortPSOC_swerve.o
LOAD .\CortexM0\ARM_GCC_541\Debug\CANCommon.o
LOAD .\CortexM0\ARM_GCC_541\Debug\CANGPIO.o
LOAD .\CortexM0\ARM_GCC_541\Debug\CANLocalization.o
LOAD .\CortexM0\ARM_GCC_541\Debug\CANMotorUnit.o
LOAD .\CortexM0\ARM_GCC_541\Debug\CANPacket.o
LOAD .\CortexM0\ARM_GCC_541\Debug\CANPower.o
LOAD .\CortexM0\ARM_GCC_541\Debug\CANScience.o
LOAD .\CortexM0\ARM_GCC_541\Debug\cyfitter_cfg.o
LOAD .\CortexM0\ARM_GCC_541\Debug\cymetadata.o
LOAD .\CortexM0\ARM_GCC_541\Debug\Cm0Start.o
LOAD .\CortexM0\ARM_GCC_541\Debug\SwerveMotorFirmware.a
END GROUP
START GROUP
LOAD c:/program files (x86)/cypress/psoc creator/4.4/psoc creator/import/gnu/arm/5.4.1/bin/../lib/gcc/arm-none-eabi/5.4.1/armv6-m\libgcc.a
LOAD c:/program files (x86)/cypress/psoc creator/4.4/psoc creator/import/gnu/arm/5.4.1/bin/../lib/gcc/arm-none-eabi/5.4.1/../../../../arm-none-eabi/lib/armv6-m\libg_nano.a
LOAD c:/program files (x86)/cypress/psoc creator/4.4/psoc creator/import/gnu/arm/5.4.1/bin/../lib/gcc/arm-none-eabi/5.4.1/../../../../arm-none-eabi/lib/armv6-m\libc_nano.a
END GROUP
START GROUP
LOAD c:/program files (x86)/cypress/psoc creator/4.4/psoc creator/import/gnu/arm/5.4.1/bin/../lib/gcc/arm-none-eabi/5.4.1/armv6-m\libgcc.a
LOAD c:/program files (x86)/cypress/psoc creator/4.4/psoc creator/import/gnu/arm/5.4.1/bin/../lib/gcc/arm-none-eabi/5.4.1/../../../../arm-none-eabi/lib/armv6-m\libc_nano.a
END GROUP
LOAD c:/program files (x86)/cypress/psoc creator/4.4/psoc creator/import/gnu/arm/5.4.1/bin/../lib/gcc/arm-none-eabi/5.4.1/armv6-m/crtend.o
LOAD c:/program files (x86)/cypress/psoc creator/4.4/psoc creator/import/gnu/arm/5.4.1/bin/../lib/gcc/arm-none-eabi/5.4.1/armv6-m/crtn.o
START GROUP
LOAD c:/program files (x86)/cypress/psoc creator/4.4/psoc creator/import/gnu/arm/5.4.1/bin/../lib/gcc/arm-none-eabi/5.4.1/armv6-m\libgcc.a
LOAD c:/program files (x86)/cypress/psoc creator/4.4/psoc creator/import/gnu/arm/5.4.1/bin/../lib/gcc/arm-none-eabi/5.4.1/../../../../arm-none-eabi/lib/armv6-m\libc.a
LOAD c:/program files (x86)/cypress/psoc creator/4.4/psoc creator/import/gnu/arm/5.4.1/bin/../lib/gcc/arm-none-eabi/5.4.1/../../../../arm-none-eabi/lib/armv6-m\libnosys.a
END GROUP
                0x00000000                CY_APPL_ORIGIN = 0x0
                0x00000100                CY_FLASH_ROW_SIZE = 0x100
                0x00000001                CY_APPL_NUM = 0x1
                0x00000001                CY_APPL_MAX = 0x1
                0x00000040                CY_METADATA_SIZE = 0x40
                0x00000000                CY_APPL_LOADABLE = 0x0
                0x00000000                CY_CHECKSUM_EXCLUDE_SIZE = ALIGN (0x0, CY_FLASH_ROW_SIZE)
                0x00000000                CY_APP_FOR_STACK_AND_COPIER = 0x0
                [!provide]                PROVIDE (__cy_heap_start, _end)
                0x00000001                PROVIDE (__cy_region_num, ((__cy_regions_end - __cy_regions) / 0x10))
                0x20008000                PROVIDE (__cy_stack, (ORIGIN (ram) + LENGTH (ram)))
                [!provide]                PROVIDE (__cy_heap_end, (__cy_stack - 0x800))

.cybootloader   0x00000000        0x0
 *(.cybootloader)
                0x00000000                appl1_start = CY_APPL_ORIGIN?CY_APPL_ORIGIN:ALIGN (CY_FLASH_ROW_SIZE)
                0x0001ff00                appl2_start = (appl1_start + ALIGN ((((LENGTH (rom) - appl1_start) - (0x2 * CY_FLASH_ROW_SIZE)) / 0x2), CY_FLASH_ROW_SIZE))
                0x00000000                appl_start = (CY_APPL_NUM == 0x1)?appl1_start:appl2_start
                0x00000001                cy_project_type_bootloader = (appl_start == 0x0)?0x1:0x0
                0x00000000                cy_project_type_app_for_stack_and_copier = (CY_APP_FOR_STACK_AND_COPIER == 0x1)?0x1:0x0

.text           0x00000000     0x50ca
 CREATE_OBJECT_SYMBOLS
                0x00000000                PROVIDE (__cy_interrupt_vector, RomVectors)
 *(.romvectors)
 .romvectors    0x00000000       0x10 .\CortexM0\ARM_GCC_541\Debug\Cm0Start.o
                0x00000000                RomVectors
                0x00000001                ASSERT ((. != __cy_interrupt_vector), No interrupt vector)
                0x00000001                ASSERT (CY_APPL_ORIGIN?(SIZEOF (.cybootloader) <= CY_APPL_ORIGIN):0x1, Wrong image location)
                0x00000010                PROVIDE (__cy_reset, Reset)
 *(.text.Reset)
 .text.Reset    0x00000010        0x8 .\CortexM0\ARM_GCC_541\Debug\Cm0Start.o
                0x00000010                Reset
                0x00000001                ASSERT ((. != __cy_reset), No reset code)
 *(.psocinit)
 .psocinit      0x00000018      0x2e4 .\CortexM0\ARM_GCC_541\Debug\cyfitter_cfg.o
                0x00000138                cyfitter_cfg
                0x000002fc                . = MAX (., 0x100)
 *(.text .text.* .gnu.linkonce.t.*)
 .text          0x000002fc       0x60 c:/program files (x86)/cypress/psoc creator/4.4/psoc creator/import/gnu/arm/5.4.1/bin/../lib/gcc/arm-none-eabi/5.4.1/armv6-m/crtbegin.o
 .text.Period_Reset_Handler
                0x0000035c       0x8c .\CortexM0\ARM_GCC_541\Debug\main.o
                0x0000035c                Period_Reset_Handler
 .text.Pin_Limit_Handler
                0x000003e8       0x6c .\CortexM0\ARM_GCC_541\Debug\main.o
                0x000003e8                Pin_Limit_Handler
 .text.ReadCAN  0x00000454       0x30 .\CortexM0\ARM_GCC_541\Debug\main.o
                0x00000454                ReadCAN
 .text.DisplayErrorCode
                0x00000484       0x50 .\CortexM0\ARM_GCC_541\Debug\main.o
                0x00000484                DisplayErrorCode
 .text.getSerialAddress
                0x000004d4       0x34 .\CortexM0\ARM_GCC_541\Debug\main.o
                0x000004d4                getSerialAddress
 .text.Initialize
                0x00000508       0xb0 .\CortexM0\ARM_GCC_541\Debug\main.o
                0x00000508                Initialize
 .text.main     0x000005b8       0xa8 .\CortexM0\ARM_GCC_541\Debug\main.o
                0x000005b8                main
 .text.updateEncCount
                0x00000660       0x50 .\CortexM0\ARM_GCC_541\Debug\main.o
                0x00000660                updateEncCount
 .text.EncA_Change_Handler
                0x000006b0        0x8 .\CortexM0\ARM_GCC_541\Debug\main.o
                0x000006b0                EncA_Change_Handler
 .text.EncB_Change_Handler
                0x000006b8        0x8 .\CortexM0\ARM_GCC_541\Debug\main.o
                0x000006b8                EncB_Change_Handler
 .text.initalize_LEDs
                0x000006c0       0x28 .\CortexM0\ARM_GCC_541\Debug\LED_Array.o
                0x000006c0                initalize_LEDs
 .text.get_color_packet
                0x000006e8        0xc .\CortexM0\ARM_GCC_541\Debug\LED_Array.o
                0x000006e8                get_color_packet
 .text.set_PWM_M1
                0x000006f4       0x58 .\CortexM0\ARM_GCC_541\Debug\MotorDrive.o
                0x000006f4                set_PWM_M1
 .text.set_PWM_M2
                0x0000074c       0x58 .\CortexM0\ARM_GCC_541\Debug\MotorDrive.o
                0x0000074c                set_PWM_M2
 .text.GetCurrentPWM_M2
                0x000007a4        0xc .\CortexM0\ARM_GCC_541\Debug\MotorDrive.o
                0x000007a4                GetCurrentPWM_M2
 .text.ClearPIDProgress
                0x000007b0       0x10 .\CortexM0\ARM_GCC_541\Debug\PositionPID.o
                0x000007b0                ClearPIDProgress
 .text.DisablePID
                0x000007c0        0xc .\CortexM0\ARM_GCC_541\Debug\PositionPID.o
                0x000007c0                DisablePID
 .text.EnablePID
                0x000007cc        0xc .\CortexM0\ARM_GCC_541\Debug\PositionPID.o
                0x000007cc                EnablePID
 .text.PIDIsEnabled
                0x000007d8        0xc .\CortexM0\ARM_GCC_541\Debug\PositionPID.o
                0x000007d8                PIDIsEnabled
 .text.InitializePID
                0x000007e4       0x20 .\CortexM0\ARM_GCC_541\Debug\PositionPID.o
                0x000007e4                InitializePID
 .text.SetkPosition
                0x00000804        0xc .\CortexM0\ARM_GCC_541\Debug\PositionPID.o
                0x00000804                SetkPosition
 .text.SetkIntegral
                0x00000810        0xc .\CortexM0\ARM_GCC_541\Debug\PositionPID.o
                0x00000810                SetkIntegral
 .text.SetkDerivative
                0x0000081c        0xc .\CortexM0\ARM_GCC_541\Debug\PositionPID.o
                0x0000081c                SetkDerivative
 .text.GetPotVal
                0x00000828       0x34 .\CortexM0\ARM_GCC_541\Debug\PositionPID.o
                0x00000828                GetPotVal
 .text.SetConversion
                0x0000085c        0xc .\CortexM0\ARM_GCC_541\Debug\PositionPID.o
                0x0000085c                SetConversion
 .text.UpdateConversion
                0x00000868       0x44 .\CortexM0\ARM_GCC_541\Debug\PositionPID.o
                0x00000868                UpdateConversion
 .text.setUsingPot
                0x000008ac        0xc .\CortexM0\ARM_GCC_541\Debug\PositionPID.o
                0x000008ac                setUsingPot
 .text.SetMaxPIDPWM
                0x000008b8        0xc .\CortexM0\ARM_GCC_541\Debug\PositionPID.o
                0x000008b8                SetMaxPIDPWM
 .text.setTickMin
                0x000008c4        0xc .\CortexM0\ARM_GCC_541\Debug\PositionPID.o
                0x000008c4                setTickMin
 .text.setTickMax
                0x000008d0        0xc .\CortexM0\ARM_GCC_541\Debug\PositionPID.o
                0x000008d0                setTickMax
 .text.setmDegMin
                0x000008dc        0xc .\CortexM0\ARM_GCC_541\Debug\PositionPID.o
                0x000008dc                setmDegMin
 .text.setmDegMax
                0x000008e8        0xc .\CortexM0\ARM_GCC_541\Debug\PositionPID.o
                0x000008e8                setmDegMax
 .text.GetPositionmDeg
                0x000008f4       0x70 .\CortexM0\ARM_GCC_541\Debug\PositionPID.o
                0x000008f4                GetPositionmDeg
 .text.Position_PID
                0x00000964       0x7c .\CortexM0\ARM_GCC_541\Debug\PositionPID.o
                0x00000964                Position_PID
 .text.SetPosition
                0x000009e0       0x64 .\CortexM0\ARM_GCC_541\Debug\PositionPID.o
                0x000009e0                SetPosition
 .text.GetLimitSwNumFromPacket
                0x00000a44        0x4 .\CortexM0\ARM_GCC_541\Debug\Motor_Unit_CAN.o
 .text.GetEncCountFromPacket
                0x00000a48       0x10 .\CortexM0\ARM_GCC_541\Debug\Motor_Unit_CAN.o
 .text.SendEncoderData
                0x00000a58       0x24 .\CortexM0\ARM_GCC_541\Debug\Motor_Unit_CAN.o
                0x00000a58                SendEncoderData
 .text.NextStateFromCAN
                0x00000a7c      0x494 .\CortexM0\ARM_GCC_541\Debug\Motor_Unit_CAN.o
                0x00000a7c                NextStateFromCAN
 .text.GotoUninitState
                0x00000f10       0x14 .\CortexM0\ARM_GCC_541\Debug\Motor_Unit_FSM.o
                0x00000f10                GotoUninitState
 .text.SetStateTo
                0x00000f24        0xc .\CortexM0\ARM_GCC_541\Debug\Motor_Unit_FSM.o
                0x00000f24                SetStateTo
 .text.SetModeTo
                0x00000f30        0xc .\CortexM0\ARM_GCC_541\Debug\Motor_Unit_FSM.o
                0x00000f30                SetModeTo
 .text.GetState
                0x00000f3c        0xc .\CortexM0\ARM_GCC_541\Debug\Motor_Unit_FSM.o
                0x00000f3c                GetState
 .text.GetMode  0x00000f48        0xc .\CortexM0\ARM_GCC_541\Debug\Motor_Unit_FSM.o
                0x00000f48                GetMode
 .text.PositionConstIsSet
                0x00000f54       0x10 .\CortexM0\ARM_GCC_541\Debug\Motor_Unit_FSM.o
                0x00000f54                PositionConstIsSet
 .text.IntegralConstIsSet
                0x00000f64       0x10 .\CortexM0\ARM_GCC_541\Debug\Motor_Unit_FSM.o
                0x00000f64                IntegralConstIsSet
 .text.DerivativeConstIsSet
                0x00000f74       0x10 .\CortexM0\ARM_GCC_541\Debug\Motor_Unit_FSM.o
                0x00000f74                DerivativeConstIsSet
 .text.PIDconstsSet
                0x00000f84       0x14 .\CortexM0\ARM_GCC_541\Debug\Motor_Unit_FSM.o
                0x00000f84                PIDconstsSet
 .text.InitCAN_swerve
                0x00000f98      0x11c .\CortexM0\ARM_GCC_541\Debug\PortPSOC_swerve.o
                0x00000f98                InitCAN_swerve
 .text.SendCANPacket
                0x000010b4       0x40 .\CortexM0\ARM_GCC_541\Debug\PortPSOC_swerve.o
                0x000010b4                SendCANPacket
 .text.getLocalDeviceSerial
                0x000010f4        0xc .\CortexM0\ARM_GCC_541\Debug\PortPSOC_swerve.o
                0x000010f4                getLocalDeviceSerial
 .text.getLocalDeviceGroup
                0x00001100        0xc .\CortexM0\ARM_GCC_541\Debug\PortPSOC_swerve.o
                0x00001100                getLocalDeviceGroup
 .text.getChipType
                0x0000110c        0x4 .\CortexM0\ARM_GCC_541\Debug\PortPSOC_swerve.o
                0x0000110c                getChipType
 .text.FIFOSize
                0x00001110       0x48 .\CortexM0\ARM_GCC_541\Debug\PortPSOC_swerve.o
                0x00001110                FIFOSize
 .text.countAddFIFO
                0x00001158       0x50 .\CortexM0\ARM_GCC_541\Debug\PortPSOC_swerve.o
                0x00001158                countAddFIFO
 .text.CAN_FLAG_ISR
                0x000011a8      0x12c .\CortexM0\ARM_GCC_541\Debug\PortPSOC_swerve.o
                0x000011a8                CAN_FLAG_ISR
 .text.countRemoveFIFO
                0x000012d4       0x28 .\CortexM0\ARM_GCC_541\Debug\PortPSOC_swerve.o
                0x000012d4                countRemoveFIFO
 .text.PollAndReceiveCANPacket
                0x000012fc       0x4c .\CortexM0\ARM_GCC_541\Debug\PortPSOC_swerve.o
                0x000012fc                PollAndReceiveCANPacket
 .text.AssembleChipTypeReportPacket
                0x00001348       0x24 .\CortexM0\ARM_GCC_541\Debug\CANCommon.o
                0x00001348                AssembleChipTypeReportPacket
 .text.AssembleTelemetryReportPacket
                0x0000136c       0x2c .\CortexM0\ARM_GCC_541\Debug\CANCommon.o
                0x0000136c                AssembleTelemetryReportPacket
 .text.GetModeFromPacket
                0x00001398        0x4 .\CortexM0\ARM_GCC_541\Debug\CANMotorUnit.o
                0x00001398                GetModeFromPacket
 .text.GetPWMFromPacket
                0x0000139c       0x10 .\CortexM0\ARM_GCC_541\Debug\CANMotorUnit.o
                0x0000139c                GetPWMFromPacket
 .text.GetPIDTargetFromPacket
                0x000013ac       0x10 .\CortexM0\ARM_GCC_541\Debug\CANMotorUnit.o
                0x000013ac                GetPIDTargetFromPacket
 .text.GetPFromPacket
                0x000013bc       0x10 .\CortexM0\ARM_GCC_541\Debug\CANMotorUnit.o
                0x000013bc                GetPFromPacket
 .text.GetIFromPacket
                0x000013cc       0x10 .\CortexM0\ARM_GCC_541\Debug\CANMotorUnit.o
                0x000013cc                GetIFromPacket
 .text.GetDFromPacket
                0x000013dc       0x10 .\CortexM0\ARM_GCC_541\Debug\CANMotorUnit.o
                0x000013dc                GetDFromPacket
 .text.AssembleLimitSwitchAlertPacket
                0x000013ec       0x20 .\CortexM0\ARM_GCC_541\Debug\CANMotorUnit.o
                0x000013ec                AssembleLimitSwitchAlertPacket
 .text.GetEncoderPPJRFromPacket
                0x0000140c       0x10 .\CortexM0\ARM_GCC_541\Debug\CANMotorUnit.o
                0x0000140c                GetEncoderPPJRFromPacket
 .text.GetPotADCFromPacket
                0x0000141c       0x10 .\CortexM0\ARM_GCC_541\Debug\CANMotorUnit.o
                0x0000141c                GetPotADCFromPacket
 .text.GetPotmDegFromPacket
                0x0000142c       0x10 .\CortexM0\ARM_GCC_541\Debug\CANMotorUnit.o
                0x0000142c                GetPotmDegFromPacket
 .text.GetEncoderZeroFromPacket
                0x0000143c        0x8 .\CortexM0\ARM_GCC_541\Debug\CANMotorUnit.o
                0x0000143c                GetEncoderZeroFromPacket
 .text.GetMaxPIDPWMFromPacket
                0x00001444       0x10 .\CortexM0\ARM_GCC_541\Debug\CANMotorUnit.o
                0x00001444                GetMaxPIDPWMFromPacket
 .text.ConstructCANID
                0x00001454       0x1c .\CortexM0\ARM_GCC_541\Debug\CANPacket.o
                0x00001454                ConstructCANID
 .text.WriteSenderSerialAndPacketID
                0x00001470       0x18 .\CortexM0\ARM_GCC_541\Debug\CANPacket.o
                0x00001470                WriteSenderSerialAndPacketID
 .text.GetDeviceSerialNumber
                0x00001488        0x8 .\CortexM0\ARM_GCC_541\Debug\CANPacket.o
                0x00001488                GetDeviceSerialNumber
 .text.GetSenderDeviceSerialNumber
                0x00001490        0x4 .\CortexM0\ARM_GCC_541\Debug\CANPacket.o
                0x00001490                GetSenderDeviceSerialNumber
 .text.GetSenderDeviceGroupCode
                0x00001494        0x4 .\CortexM0\ARM_GCC_541\Debug\CANPacket.o
                0x00001494                GetSenderDeviceGroupCode
 .text.PackIntIntoDataMSBFirst
                0x00001498       0x18 .\CortexM0\ARM_GCC_541\Debug\CANPacket.o
                0x00001498                PackIntIntoDataMSBFirst
 .text.DecodeBytesToIntMSBFirst
                0x000014b0       0x44 .\CortexM0\ARM_GCC_541\Debug\CANPacket.o
                0x000014b0                DecodeBytesToIntMSBFirst
 .text.cfg_write_bytes32
                0x000014f4       0x34 .\CortexM0\ARM_GCC_541\Debug\cyfitter_cfg.o
 .text.CYMEMZERO
                0x00001528        0xc .\CortexM0\ARM_GCC_541\Debug\cyfitter_cfg.o
 .text.SetAnalogRoutingPumps
                0x00001534       0x20 .\CortexM0\ARM_GCC_541\Debug\cyfitter_cfg.o
                0x00001534                SetAnalogRoutingPumps
 .text.AnalogSetDefault
                0x00001554       0x3c .\CortexM0\ARM_GCC_541\Debug\cyfitter_cfg.o
 .text.IntDefaultHandler
                0x00001590       0x10 .\CortexM0\ARM_GCC_541\Debug\Cm0Start.o
                0x00001590                IntDefaultHandler
 .text._sbrk    0x000015a0       0x30 .\CortexM0\ARM_GCC_541\Debug\Cm0Start.o
                0x000015a0                _sbrk
 .text.Start_c  0x000015d0       0x48 .\CortexM0\ARM_GCC_541\Debug\Cm0Start.o
                0x000015d0                Start_c
 .text.initialize_psoc
                0x00001618       0x4c .\CortexM0\ARM_GCC_541\Debug\Cm0Start.o
                0x00001618                initialize_psoc
 .text.Limit1_Read
                0x00001664       0x10 .\CortexM0\ARM_GCC_541\Debug\SwerveMotorFirmware.a(Limit1.o)
                0x00001664                Limit1_Read
 .text.Limit2_Read
                0x00001674       0x10 .\CortexM0\ARM_GCC_541\Debug\SwerveMotorFirmware.a(Limit2.o)
                0x00001674                Limit2_Read
 .text.PWM_Motor1_WriteCounter
                0x00001684       0x10 .\CortexM0\ARM_GCC_541\Debug\SwerveMotorFirmware.a(PWM_Motor1.o)
                0x00001684                PWM_Motor1_WriteCounter
 .text.PWM_Motor1_WritePeriod
                0x00001694       0x10 .\CortexM0\ARM_GCC_541\Debug\SwerveMotorFirmware.a(PWM_Motor1.o)
                0x00001694                PWM_Motor1_WritePeriod
 .text.PWM_Motor1_WriteCompare
                0x000016a4       0x10 .\CortexM0\ARM_GCC_541\Debug\SwerveMotorFirmware.a(PWM_Motor1.o)
                0x000016a4                PWM_Motor1_WriteCompare
 .text.PWM_Motor1_TriggerCommand
                0x000016b4       0x1c .\CortexM0\ARM_GCC_541\Debug\SwerveMotorFirmware.a(PWM_Motor1.o)
                0x000016b4                PWM_Motor1_TriggerCommand
 .text.PWM_Motor1_Enable
                0x000016d0       0x24 .\CortexM0\ARM_GCC_541\Debug\SwerveMotorFirmware.a(PWM_Motor1.o)
                0x000016d0                PWM_Motor1_Enable
 .text.PWM_Motor1_SetInterruptMode
                0x000016f4        0xc .\CortexM0\ARM_GCC_541\Debug\SwerveMotorFirmware.a(PWM_Motor1.o)
                0x000016f4                PWM_Motor1_SetInterruptMode
 .text.PWM_Motor1_Init
                0x00001700       0x48 .\CortexM0\ARM_GCC_541\Debug\SwerveMotorFirmware.a(PWM_Motor1.o)
                0x00001700                PWM_Motor1_Init
 .text.PWM_Motor1_Start
                0x00001748       0x20 .\CortexM0\ARM_GCC_541\Debug\SwerveMotorFirmware.a(PWM_Motor1.o)
                0x00001748                PWM_Motor1_Start
 .text.isr_Limit_1_SetVector
                0x00001768        0xc .\CortexM0\ARM_GCC_541\Debug\SwerveMotorFirmware.a(isr_Limit_1.o)
                0x00001768                isr_Limit_1_SetVector
 .text.isr_Limit_1_SetPriority
                0x00001774       0x24 .\CortexM0\ARM_GCC_541\Debug\SwerveMotorFirmware.a(isr_Limit_1.o)
                0x00001774                isr_Limit_1_SetPriority
 .text.isr_Limit_1_Enable
                0x00001798        0xc .\CortexM0\ARM_GCC_541\Debug\SwerveMotorFirmware.a(isr_Limit_1.o)
                0x00001798                isr_Limit_1_Enable
 .text.isr_Limit_1_Disable
                0x000017a4        0xc .\CortexM0\ARM_GCC_541\Debug\SwerveMotorFirmware.a(isr_Limit_1.o)
                0x000017a4                isr_Limit_1_Disable
 .text.isr_Limit_1_StartEx
                0x000017b0       0x1c .\CortexM0\ARM_GCC_541\Debug\SwerveMotorFirmware.a(isr_Limit_1.o)
                0x000017b0                isr_Limit_1_StartEx
 .text.Pin_Encoder_A_Read
                0x000017cc       0x10 .\CortexM0\ARM_GCC_541\Debug\SwerveMotorFirmware.a(Pin_Encoder_A.o)
                0x000017cc                Pin_Encoder_A_Read
 .text.Pin_Encoder_B_Read
                0x000017dc       0x10 .\CortexM0\ARM_GCC_541\Debug\SwerveMotorFirmware.a(Pin_Encoder_B.o)
                0x000017dc                Pin_Encoder_B_Read
 .text.Status_Reg_Switches_Read
                0x000017ec        0xc .\CortexM0\ARM_GCC_541\Debug\SwerveMotorFirmware.a(Status_Reg_Switches.o)
                0x000017ec                Status_Reg_Switches_Read
 .text.Status_Reg_Switches_InterruptEnable
                0x000017f8       0x1c .\CortexM0\ARM_GCC_541\Debug\SwerveMotorFirmware.a(Status_Reg_Switches.o)
                0x000017f8                Status_Reg_Switches_InterruptEnable
 .text.CAN_GlobalIntEnable
                0x00001814       0x1c .\CortexM0\ARM_GCC_541\Debug\SwerveMotorFirmware.a(CAN.o)
                0x00001814                CAN_GlobalIntEnable
 .text.CAN_Enable
                0x00001830       0x48 .\CortexM0\ARM_GCC_541\Debug\SwerveMotorFirmware.a(CAN.o)
                0x00001830                CAN_Enable
 .text.CAN_SetPreScaler
                0x00001878       0x38 .\CortexM0\ARM_GCC_541\Debug\SwerveMotorFirmware.a(CAN.o)
                0x00001878                CAN_SetPreScaler
 .text.CAN_SetArbiter
                0x000018b0       0x40 .\CortexM0\ARM_GCC_541\Debug\SwerveMotorFirmware.a(CAN.o)
                0x000018b0                CAN_SetArbiter
 .text.CAN_SetTsegSample
                0x000018f0       0xa0 .\CortexM0\ARM_GCC_541\Debug\SwerveMotorFirmware.a(CAN.o)
                0x000018f0                CAN_SetTsegSample
 .text.CAN_SetRestartType
                0x00001990       0x38 .\CortexM0\ARM_GCC_541\Debug\SwerveMotorFirmware.a(CAN.o)
                0x00001990                CAN_SetRestartType
 .text.CAN_SetEdgeMode
                0x000019c8       0x38 .\CortexM0\ARM_GCC_541\Debug\SwerveMotorFirmware.a(CAN.o)
                0x000019c8                CAN_SetEdgeMode
 .text.CAN_SetIrqMask
                0x00001a00       0x1c .\CortexM0\ARM_GCC_541\Debug\SwerveMotorFirmware.a(CAN.o)
                0x00001a00                CAN_SetIrqMask
 .text.CAN_RxBufConfig
                0x00001a1c       0x98 .\CortexM0\ARM_GCC_541\Debug\SwerveMotorFirmware.a(CAN.o)
                0x00001a1c                CAN_RxBufConfig
 .text.CAN_TxBufConfig
                0x00001ab4       0x58 .\CortexM0\ARM_GCC_541\Debug\SwerveMotorFirmware.a(CAN.o)
                0x00001ab4                CAN_TxBufConfig
 .text.CAN_RxTxBuffersConfig
                0x00001b0c       0x54 .\CortexM0\ARM_GCC_541\Debug\SwerveMotorFirmware.a(CAN.o)
                0x00001b0c                CAN_RxTxBuffersConfig
 .text.CAN_SetSwapDataEndianness
                0x00001b60       0x40 .\CortexM0\ARM_GCC_541\Debug\SwerveMotorFirmware.a(CAN.o)
                0x00001b60                CAN_SetSwapDataEndianness
 .text.CAN_Init
                0x00001ba0       0xe8 .\CortexM0\ARM_GCC_541\Debug\SwerveMotorFirmware.a(CAN.o)
                0x00001ba0                CAN_Init
 .text.CAN_Start
                0x00001c88       0x28 .\CortexM0\ARM_GCC_541\Debug\SwerveMotorFirmware.a(CAN.o)
                0x00001c88                CAN_Start
 .text.CAN_ISR  0x00001cb0        0x4 .\CortexM0\ARM_GCC_541\Debug\SwerveMotorFirmware.a(CAN_INT.o)
                0x00001cb0                CAN_ISR
 .text.CAN_SendMsg
                0x00001cb4      0x154 .\CortexM0\ARM_GCC_541\Debug\SwerveMotorFirmware.a(CAN_TX_RX_func.o)
                0x00001cb4                CAN_SendMsg
 .text.UART_ScbEnableIntr
                0x00001e08        0xc .\CortexM0\ARM_GCC_541\Debug\SwerveMotorFirmware.a(UART.o)
 .text.UART_ScbModePostEnable
                0x00001e14        0x8 .\CortexM0\ARM_GCC_541\Debug\SwerveMotorFirmware.a(UART.o)
 .text.UART_Init
                0x00001e1c        0x8 .\CortexM0\ARM_GCC_541\Debug\SwerveMotorFirmware.a(UART.o)
                0x00001e1c                UART_Init
 .text.UART_Enable
                0x00001e24       0x1c .\CortexM0\ARM_GCC_541\Debug\SwerveMotorFirmware.a(UART.o)
                0x00001e24                UART_Enable
 .text.UART_Start
                0x00001e40       0x20 .\CortexM0\ARM_GCC_541\Debug\SwerveMotorFirmware.a(UART.o)
                0x00001e40                UART_Start
 .text.UART_UartInit
                0x00001e60       0xdc .\CortexM0\ARM_GCC_541\Debug\SwerveMotorFirmware.a(UART_UART.o)
                0x00001e60                UART_UartInit
 .text.UART_UartPostEnable
                0x00001f3c       0x24 .\CortexM0\ARM_GCC_541\Debug\SwerveMotorFirmware.a(UART_UART.o)
                0x00001f3c                UART_UartPostEnable
 .text.UART_UartPutString
                0x00001f60       0x18 .\CortexM0\ARM_GCC_541\Debug\SwerveMotorFirmware.a(UART_UART.o)
                0x00001f60                UART_UartPutString
 .text.Dip1_Read
                0x00001f78       0x10 .\CortexM0\ARM_GCC_541\Debug\SwerveMotorFirmware.a(Dip1.o)
                0x00001f78                Dip1_Read
 .text.Dip2_Read
                0x00001f88       0x10 .\CortexM0\ARM_GCC_541\Debug\SwerveMotorFirmware.a(Dip2.o)
                0x00001f88                Dip2_Read
 .text.Dip3_Read
                0x00001f98       0x10 .\CortexM0\ARM_GCC_541\Debug\SwerveMotorFirmware.a(Dip3.o)
                0x00001f98                Dip3_Read
 .text.Dip4_Read
                0x00001fa8       0x10 .\CortexM0\ARM_GCC_541\Debug\SwerveMotorFirmware.a(Dip4.o)
                0x00001fa8                Dip4_Read
 .text.Timer_1_Enable
                0x00001fb8       0x14 .\CortexM0\ARM_GCC_541\Debug\SwerveMotorFirmware.a(Timer_1.o)
                0x00001fb8                Timer_1_Enable
 .text.Timer_1_SetInterruptMode
                0x00001fcc        0xc .\CortexM0\ARM_GCC_541\Debug\SwerveMotorFirmware.a(Timer_1.o)
                0x00001fcc                Timer_1_SetInterruptMode
 .text.Timer_1_ReadStatusRegister
                0x00001fd8        0xc .\CortexM0\ARM_GCC_541\Debug\SwerveMotorFirmware.a(Timer_1.o)
                0x00001fd8                Timer_1_ReadStatusRegister
 .text.Timer_1_WritePeriod
                0x00001fe4       0x10 .\CortexM0\ARM_GCC_541\Debug\SwerveMotorFirmware.a(Timer_1.o)
                0x00001fe4                Timer_1_WritePeriod
 .text.Timer_1_ReadCapture
                0x00001ff4       0x10 .\CortexM0\ARM_GCC_541\Debug\SwerveMotorFirmware.a(Timer_1.o)
                0x00001ff4                Timer_1_ReadCapture
 .text.Timer_1_WriteCounter
                0x00002004       0x10 .\CortexM0\ARM_GCC_541\Debug\SwerveMotorFirmware.a(Timer_1.o)
                0x00002004                Timer_1_WriteCounter
 .text.Timer_1_ClearFIFO
                0x00002014       0x14 .\CortexM0\ARM_GCC_541\Debug\SwerveMotorFirmware.a(Timer_1.o)
                0x00002014                Timer_1_ClearFIFO
 .text.Timer_1_Init
                0x00002028       0x38 .\CortexM0\ARM_GCC_541\Debug\SwerveMotorFirmware.a(Timer_1.o)
                0x00002028                Timer_1_Init
 .text.Timer_1_Start
                0x00002060       0x20 .\CortexM0\ARM_GCC_541\Debug\SwerveMotorFirmware.a(Timer_1.o)
                0x00002060                Timer_1_Start
 .text.isr_period_SetVector
                0x00002080        0xc .\CortexM0\ARM_GCC_541\Debug\SwerveMotorFirmware.a(isr_period.o)
                0x00002080                isr_period_SetVector
 .text.isr_period_SetPriority
                0x0000208c       0x24 .\CortexM0\ARM_GCC_541\Debug\SwerveMotorFirmware.a(isr_period.o)
                0x0000208c                isr_period_SetPriority
 .text.isr_period_Enable
                0x000020b0        0xc .\CortexM0\ARM_GCC_541\Debug\SwerveMotorFirmware.a(isr_period.o)
                0x000020b0                isr_period_Enable
 .text.isr_period_Disable
                0x000020bc        0xc .\CortexM0\ARM_GCC_541\Debug\SwerveMotorFirmware.a(isr_period.o)
                0x000020bc                isr_period_Disable
 .text.isr_period_StartEx
                0x000020c8       0x1c .\CortexM0\ARM_GCC_541\Debug\SwerveMotorFirmware.a(isr_period.o)
                0x000020c8                isr_period_StartEx
 .text.LED_Debug1_Write
                0x000020e4       0x18 .\CortexM0\ARM_GCC_541\Debug\SwerveMotorFirmware.a(LED_Debug1.o)
                0x000020e4                LED_Debug1_Write
 .text.LED_Debug2_Write
                0x000020fc       0x18 .\CortexM0\ARM_GCC_541\Debug\SwerveMotorFirmware.a(LED_Debug2.o)
                0x000020fc                LED_Debug2_Write
 .text.LED_CAN_Write
                0x00002114       0x18 .\CortexM0\ARM_GCC_541\Debug\SwerveMotorFirmware.a(LED_CAN.o)
                0x00002114                LED_CAN_Write
 .text.LED_Error_Write
                0x0000212c       0x18 .\CortexM0\ARM_GCC_541\Debug\SwerveMotorFirmware.a(LED_Error.o)
                0x0000212c                LED_Error_Write
 .text.StripLights_FISR
                0x00002144       0x60 .\CortexM0\ARM_GCC_541\Debug\SwerveMotorFirmware.a(StripLights.o)
                0x00002144                StripLights_FISR
 .text.StripLights_CISR
                0x000021a4       0x7c .\CortexM0\ARM_GCC_541\Debug\SwerveMotorFirmware.a(StripLights.o)
                0x000021a4                StripLights_CISR
 .text.StripLights_Trigger
                0x00002220       0x6c .\CortexM0\ARM_GCC_541\Debug\SwerveMotorFirmware.a(StripLights.o)
                0x00002220                StripLights_Trigger
 .text.StripLights_MemClear
                0x0000228c       0x28 .\CortexM0\ARM_GCC_541\Debug\SwerveMotorFirmware.a(StripLights.o)
                0x0000228c                StripLights_MemClear
 .text.StripLights_DisplayClear
                0x000022b4       0x10 .\CortexM0\ARM_GCC_541\Debug\SwerveMotorFirmware.a(StripLights.o)
                0x000022b4                StripLights_DisplayClear
 .text.StripLights_Pixel
                0x000022c4       0x24 .\CortexM0\ARM_GCC_541\Debug\SwerveMotorFirmware.a(StripLights.o)
                0x000022c4                StripLights_Pixel
 .text.StripLights_Dim
                0x000022e8       0x78 .\CortexM0\ARM_GCC_541\Debug\SwerveMotorFirmware.a(StripLights.o)
                0x000022e8                StripLights_Dim
 .text.StripLights_Start
                0x00002360       0x7c .\CortexM0\ARM_GCC_541\Debug\SwerveMotorFirmware.a(StripLights.o)
                0x00002360                StripLights_Start
 .text.StripLights_SetFont
                0x000023dc       0x4c .\CortexM0\ARM_GCC_541\Debug\SwerveMotorFirmware.a(StripLights_fonts.o)
                0x000023dc                StripLights_SetFont
 .text.PWM_Motor2_WriteCounter
                0x00002428       0x10 .\CortexM0\ARM_GCC_541\Debug\SwerveMotorFirmware.a(PWM_Motor2.o)
                0x00002428                PWM_Motor2_WriteCounter
 .text.PWM_Motor2_WritePeriod
                0x00002438       0x10 .\CortexM0\ARM_GCC_541\Debug\SwerveMotorFirmware.a(PWM_Motor2.o)
                0x00002438                PWM_Motor2_WritePeriod
 .text.PWM_Motor2_WriteCompare
                0x00002448       0x10 .\CortexM0\ARM_GCC_541\Debug\SwerveMotorFirmware.a(PWM_Motor2.o)
                0x00002448                PWM_Motor2_WriteCompare
 .text.PWM_Motor2_TriggerCommand
                0x00002458       0x1c .\CortexM0\ARM_GCC_541\Debug\SwerveMotorFirmware.a(PWM_Motor2.o)
                0x00002458                PWM_Motor2_TriggerCommand
 .text.PWM_Motor2_Enable
                0x00002474       0x24 .\CortexM0\ARM_GCC_541\Debug\SwerveMotorFirmware.a(PWM_Motor2.o)
                0x00002474                PWM_Motor2_Enable
 .text.PWM_Motor2_SetInterruptMode
                0x00002498        0xc .\CortexM0\ARM_GCC_541\Debug\SwerveMotorFirmware.a(PWM_Motor2.o)
                0x00002498                PWM_Motor2_SetInterruptMode
 .text.PWM_Motor2_Init
                0x000024a4       0x48 .\CortexM0\ARM_GCC_541\Debug\SwerveMotorFirmware.a(PWM_Motor2.o)
                0x000024a4                PWM_Motor2_Init
 .text.PWM_Motor2_Start
                0x000024ec       0x20 .\CortexM0\ARM_GCC_541\Debug\SwerveMotorFirmware.a(PWM_Motor2.o)
                0x000024ec                PWM_Motor2_Start
 .text.Motor1Direction_Write
                0x0000250c       0x18 .\CortexM0\ARM_GCC_541\Debug\SwerveMotorFirmware.a(Motor1Direction.o)
                0x0000250c                Motor1Direction_Write
 .text.Motor2Direction_Write
                0x00002524       0x18 .\CortexM0\ARM_GCC_541\Debug\SwerveMotorFirmware.a(Motor2Direction.o)
                0x00002524                Motor2Direction_Write
 .text.StripLights_cisr_SetVector
                0x0000253c        0xc .\CortexM0\ARM_GCC_541\Debug\SwerveMotorFirmware.a(StripLights_cisr.o)
                0x0000253c                StripLights_cisr_SetVector
 .text.StripLights_cisr_SetPriority
                0x00002548       0x20 .\CortexM0\ARM_GCC_541\Debug\SwerveMotorFirmware.a(StripLights_cisr.o)
                0x00002548                StripLights_cisr_SetPriority
 .text.StripLights_cisr_Enable
                0x00002568        0xc .\CortexM0\ARM_GCC_541\Debug\SwerveMotorFirmware.a(StripLights_cisr.o)
                0x00002568                StripLights_cisr_Enable
 .text.StripLights_cisr_Disable
                0x00002574        0xc .\CortexM0\ARM_GCC_541\Debug\SwerveMotorFirmware.a(StripLights_cisr.o)
                0x00002574                StripLights_cisr_Disable
 .text.StripLights_cisr_StartEx
                0x00002580       0x1c .\CortexM0\ARM_GCC_541\Debug\SwerveMotorFirmware.a(StripLights_cisr.o)
                0x00002580                StripLights_cisr_StartEx
 .text.StripLights_fisr_SetVector
                0x0000259c        0xc .\CortexM0\ARM_GCC_541\Debug\SwerveMotorFirmware.a(StripLights_fisr.o)
                0x0000259c                StripLights_fisr_SetVector
 .text.StripLights_fisr_SetPriority
                0x000025a8       0x24 .\CortexM0\ARM_GCC_541\Debug\SwerveMotorFirmware.a(StripLights_fisr.o)
                0x000025a8                StripLights_fisr_SetPriority
 .text.StripLights_fisr_Enable
                0x000025cc        0xc .\CortexM0\ARM_GCC_541\Debug\SwerveMotorFirmware.a(StripLights_fisr.o)
                0x000025cc                StripLights_fisr_Enable
 .text.StripLights_fisr_Disable
                0x000025d8        0xc .\CortexM0\ARM_GCC_541\Debug\SwerveMotorFirmware.a(StripLights_fisr.o)
                0x000025d8                StripLights_fisr_Disable
 .text.StripLights_fisr_StartEx
                0x000025e4       0x1c .\CortexM0\ARM_GCC_541\Debug\SwerveMotorFirmware.a(StripLights_fisr.o)
                0x000025e4                StripLights_fisr_StartEx
 .text.CySysClkImoSetPwrBgTrim5
                0x00002600       0x30 .\CortexM0\ARM_GCC_541\Debug\SwerveMotorFirmware.a(CyLib.o)
 .text.CySysClkImoSetImoTrims
                0x00002630       0xb0 .\CortexM0\ARM_GCC_541\Debug\SwerveMotorFirmware.a(CyLib.o)
 .text.CySysClkImoDisableWcoLock
                0x000026e0       0x54 .\CortexM0\ARM_GCC_541\Debug\SwerveMotorFirmware.a(CyLib.o)
                0x000026e0                CySysClkImoDisableWcoLock
 .text.CySysClkImoGetWcoLock
                0x00002734       0x14 .\CortexM0\ARM_GCC_541\Debug\SwerveMotorFirmware.a(CyLib.o)
                0x00002734                CySysClkImoGetWcoLock
 .text.CySysClkImoEnableUsbLock
                0x00002748       0x44 .\CortexM0\ARM_GCC_541\Debug\SwerveMotorFirmware.a(CyLib.o)
                0x00002748                CySysClkImoEnableUsbLock
 .text.CySysClkImoDisableUsbLock
                0x0000278c       0x74 .\CortexM0\ARM_GCC_541\Debug\SwerveMotorFirmware.a(CyLib.o)
                0x0000278c                CySysClkImoDisableUsbLock
 .text.CySysClkImoGetUsbLock
                0x00002800       0x14 .\CortexM0\ARM_GCC_541\Debug\SwerveMotorFirmware.a(CyLib.o)
                0x00002800                CySysClkImoGetUsbLock
 .text.CyIntEnable
                0x00002814       0x14 .\CortexM0\ARM_GCC_541\Debug\SwerveMotorFirmware.a(CyLib.o)
                0x00002814                CyIntEnable
 .text.CyIntDisable
                0x00002828       0x14 .\CortexM0\ARM_GCC_541\Debug\SwerveMotorFirmware.a(CyLib.o)
                0x00002828                CyIntDisable
 .text.CyHalt   0x0000283c        0x4 .\CortexM0\ARM_GCC_541\Debug\SwerveMotorFirmware.a(CyLib.o)
                0x0000283c                CyHalt
 .text.CyIntSetVector
                0x00002840       0x24 .\CortexM0\ARM_GCC_541\Debug\SwerveMotorFirmware.a(CyLib.o)
                0x00002840                CyIntSetVector
 .text.CyIntSetPriority
                0x00002864       0x4c .\CortexM0\ARM_GCC_541\Debug\SwerveMotorFirmware.a(CyLib.o)
                0x00002864                CyIntSetPriority
 .text.CyDelay  0x000028b0       0x30 .\CortexM0\ARM_GCC_541\Debug\SwerveMotorFirmware.a(CyLib.o)
                0x000028b0                CyDelay
 .text.CySysClkImoEnableWcoLock
                0x000028e0      0x104 .\CortexM0\ARM_GCC_541\Debug\SwerveMotorFirmware.a(CyLib.o)
                0x000028e0                CySysClkImoEnableWcoLock
 .text.CyDelayUs
                0x000029e4       0x14 .\CortexM0\ARM_GCC_541\Debug\SwerveMotorFirmware.a(CyLib.o)
                0x000029e4                CyDelayUs
 .text.CySysClkWriteImoFreq
                0x000029f8      0x1bc .\CortexM0\ARM_GCC_541\Debug\SwerveMotorFirmware.a(CyLib.o)
                0x000029f8                CySysClkWriteImoFreq
 .text.CySetReg24
                0x00002bb4       0x14 .\CortexM0\ARM_GCC_541\Debug\SwerveMotorFirmware.a(cyutils.o)
                0x00002bb4                CySetReg24
 .text.CyGetReg24
                0x00002bc8       0x14 .\CortexM0\ARM_GCC_541\Debug\SwerveMotorFirmware.a(cyutils.o)
                0x00002bc8                CyGetReg24
 .text.CySysWdtLocked
                0x00002bdc       0x14 .\CortexM0\ARM_GCC_541\Debug\SwerveMotorFirmware.a(CyLFClk.o)
 .text.CySysClkWcoEnabled
                0x00002bf0       0x14 .\CortexM0\ARM_GCC_541\Debug\SwerveMotorFirmware.a(CyLFClk.o)
                0x00002bf0                CySysClkWcoEnabled
 .text.CySysWdtLock
                0x00002c04       0x1c .\CortexM0\ARM_GCC_541\Debug\SwerveMotorFirmware.a(CyLFClk.o)
                0x00002c04                CySysWdtLock
 .text.CySysWdtUnlock
                0x00002c20       0x30 .\CortexM0\ARM_GCC_541\Debug\SwerveMotorFirmware.a(CyLFClk.o)
                0x00002c20                CySysWdtUnlock
 .text.CySysWdtClearInterrupt
                0x00002c50       0x4c .\CortexM0\ARM_GCC_541\Debug\SwerveMotorFirmware.a(CyLFClk.o)
                0x00002c50                CySysWdtClearInterrupt
 .text.CySysWdtIsr
                0x00002c9c       0xa4 .\CortexM0\ARM_GCC_541\Debug\SwerveMotorFirmware.a(CyLFClk.o)
                0x00002c9c                CySysWdtIsr
 .text.isr_encA_SetVector
                0x00002d40        0xc .\CortexM0\ARM_GCC_541\Debug\SwerveMotorFirmware.a(isr_encA.o)
                0x00002d40                isr_encA_SetVector
 .text.isr_encA_SetPriority
                0x00002d4c       0x20 .\CortexM0\ARM_GCC_541\Debug\SwerveMotorFirmware.a(isr_encA.o)
                0x00002d4c                isr_encA_SetPriority
 .text.isr_encA_Enable
                0x00002d6c        0xc .\CortexM0\ARM_GCC_541\Debug\SwerveMotorFirmware.a(isr_encA.o)
                0x00002d6c                isr_encA_Enable
 .text.isr_encA_Disable
                0x00002d78        0xc .\CortexM0\ARM_GCC_541\Debug\SwerveMotorFirmware.a(isr_encA.o)
                0x00002d78                isr_encA_Disable
 .text.isr_encA_StartEx
                0x00002d84       0x1c .\CortexM0\ARM_GCC_541\Debug\SwerveMotorFirmware.a(isr_encA.o)
                0x00002d84                isr_encA_StartEx
 .text.isr_encB_SetVector
                0x00002da0        0xc .\CortexM0\ARM_GCC_541\Debug\SwerveMotorFirmware.a(isr_encB.o)
                0x00002da0                isr_encB_SetVector
 .text.isr_encB_SetPriority
                0x00002dac       0x20 .\CortexM0\ARM_GCC_541\Debug\SwerveMotorFirmware.a(isr_encB.o)
                0x00002dac                isr_encB_SetPriority
 .text.isr_encB_Enable
                0x00002dcc        0xc .\CortexM0\ARM_GCC_541\Debug\SwerveMotorFirmware.a(isr_encB.o)
                0x00002dcc                isr_encB_Enable
 .text.isr_encB_Disable
                0x00002dd8        0xc .\CortexM0\ARM_GCC_541\Debug\SwerveMotorFirmware.a(isr_encB.o)
                0x00002dd8                isr_encB_Disable
 .text.isr_encB_StartEx
                0x00002de4       0x1c .\CortexM0\ARM_GCC_541\Debug\SwerveMotorFirmware.a(isr_encB.o)
                0x00002de4                isr_encB_StartEx
 .text.ADC_Pot_StartConvert
                0x00002e00       0x14 .\CortexM0\ARM_GCC_541\Debug\SwerveMotorFirmware.a(ADC_Pot.o)
                0x00002e00                ADC_Pot_StartConvert
 .text.ADC_Pot_IsEndConversion
                0x00002e14       0x28 .\CortexM0\ARM_GCC_541\Debug\SwerveMotorFirmware.a(ADC_Pot.o)
                0x00002e14                ADC_Pot_IsEndConversion
 .text.ADC_Pot_GetResult16
                0x00002e3c       0x2c .\CortexM0\ARM_GCC_541\Debug\SwerveMotorFirmware.a(ADC_Pot.o)
                0x00002e3c                ADC_Pot_GetResult16
 .text          0x00002e68       0x20 .\CortexM0\ARM_GCC_541\Debug\SwerveMotorFirmware.a(CyBootAsmGnu.o)
                0x00002e68                CyDelayCycles
                0x00002e7a                CyEnterCriticalSection
                0x00002e82                CyExitCriticalSection
 .text.UART_SpiUartWriteTxData
                0x00002e88       0x1c .\CortexM0\ARM_GCC_541\Debug\SwerveMotorFirmware.a(UART_SPI_UART.o)
                0x00002e88                UART_SpiUartWriteTxData
 .text.UART_SPI_UART_ISR
                0x00002ea4       0x78 .\CortexM0\ARM_GCC_541\Debug\SwerveMotorFirmware.a(UART_SPI_UART_INT.o)
                0x00002ea4                UART_SPI_UART_ISR
 .text.CySysFlashSetWaitCycles
                0x00002f1c       0x54 .\CortexM0\ARM_GCC_541\Debug\SwerveMotorFirmware.a(CyFlash.o)
                0x00002f1c                CySysFlashSetWaitCycles
 .text          0x00002f70      0x114 c:/program files (x86)/cypress/psoc creator/4.4/psoc creator/import/gnu/arm/5.4.1/bin/../lib/gcc/arm-none-eabi/5.4.1/armv6-m\libgcc.a(_udivsi3.o)
                0x00002f70                __aeabi_uidiv
                0x00002f70                __udivsi3
                0x0000307c                __aeabi_uidivmod
 .text          0x00003084      0x1d4 c:/program files (x86)/cypress/psoc creator/4.4/psoc creator/import/gnu/arm/5.4.1/bin/../lib/gcc/arm-none-eabi/5.4.1/armv6-m\libgcc.a(_divsi3.o)
                0x00003084                __divsi3
                0x00003084                __aeabi_idiv
                0x00003250                __aeabi_idivmod
 .text          0x00003258        0x4 c:/program files (x86)/cypress/psoc creator/4.4/psoc creator/import/gnu/arm/5.4.1/bin/../lib/gcc/arm-none-eabi/5.4.1/armv6-m\libgcc.a(_dvmd_tls.o)
                0x00003258                __aeabi_idiv0
                0x00003258                __aeabi_ldiv0
 .text          0x0000325c       0x7c c:/program files (x86)/cypress/psoc creator/4.4/psoc creator/import/gnu/arm/5.4.1/bin/../lib/gcc/arm-none-eabi/5.4.1/armv6-m\libgcc.a(_arm_cmpdf2.o)
                0x0000325c                __aeabi_cdrcmple
                0x0000326c                __aeabi_cdcmple
                0x0000326c                __aeabi_cdcmpeq
                0x0000327c                __aeabi_dcmpeq
                0x00003288                __aeabi_dcmplt
                0x0000329c                __aeabi_dcmple
                0x000032b0                __aeabi_dcmpgt
                0x000032c4                __aeabi_dcmpge
 .text          0x000032d8      0x658 c:/program files (x86)/cypress/psoc creator/4.4/psoc creator/import/gnu/arm/5.4.1/bin/../lib/gcc/arm-none-eabi/5.4.1/armv6-m\libgcc.a(adddf3.o)
                0x000032d8                __aeabi_dadd
 .text          0x00003930      0x62c c:/program files (x86)/cypress/psoc creator/4.4/psoc creator/import/gnu/arm/5.4.1/bin/../lib/gcc/arm-none-eabi/5.4.1/armv6-m\libgcc.a(divdf3.o)
                0x00003930                __aeabi_ddiv
 .text          0x00003f5c       0x80 c:/program files (x86)/cypress/psoc creator/4.4/psoc creator/import/gnu/arm/5.4.1/bin/../lib/gcc/arm-none-eabi/5.4.1/armv6-m\libgcc.a(eqdf2.o)
                0x00003f5c                __nedf2
                0x00003f5c                __eqdf2
 .text          0x00003fdc       0xc8 c:/program files (x86)/cypress/psoc creator/4.4/psoc creator/import/gnu/arm/5.4.1/bin/../lib/gcc/arm-none-eabi/5.4.1/armv6-m\libgcc.a(gedf2.o)
                0x00003fdc                __gedf2
                0x00003fdc                __gtdf2
 .text          0x000040a4       0xd4 c:/program files (x86)/cypress/psoc creator/4.4/psoc creator/import/gnu/arm/5.4.1/bin/../lib/gcc/arm-none-eabi/5.4.1/armv6-m\libgcc.a(ledf2.o)
                0x000040a4                __ledf2
                0x000040a4                __ltdf2
 .text          0x00004178      0x4f4 c:/program files (x86)/cypress/psoc creator/4.4/psoc creator/import/gnu/arm/5.4.1/bin/../lib/gcc/arm-none-eabi/5.4.1/armv6-m\libgcc.a(muldf3.o)
                0x00004178                __aeabi_dmul
 .text          0x0000466c       0x6c c:/program files (x86)/cypress/psoc creator/4.4/psoc creator/import/gnu/arm/5.4.1/bin/../lib/gcc/arm-none-eabi/5.4.1/armv6-m\libgcc.a(fixdfsi.o)
                0x0000466c                __aeabi_d2iz
 .text          0x000046d8       0x84 c:/program files (x86)/cypress/psoc creator/4.4/psoc creator/import/gnu/arm/5.4.1/bin/../lib/gcc/arm-none-eabi/5.4.1/armv6-m\libgcc.a(floatsidf.o)
                0x000046d8                __aeabi_i2d
 .text          0x0000475c       0x70 c:/program files (x86)/cypress/psoc creator/4.4/psoc creator/import/gnu/arm/5.4.1/bin/../lib/gcc/arm-none-eabi/5.4.1/armv6-m\libgcc.a(floatunsidf.o)
                0x0000475c                __aeabi_ui2d
 .text          0x000047cc       0x3c c:/program files (x86)/cypress/psoc creator/4.4/psoc creator/import/gnu/arm/5.4.1/bin/../lib/gcc/arm-none-eabi/5.4.1/armv6-m\libgcc.a(_clzsi2.o)
                0x000047cc                __clzsi2
 .text.__errno  0x00004808        0xc c:/program files (x86)/cypress/psoc creator/4.4/psoc creator/import/gnu/arm/5.4.1/bin/../lib/gcc/arm-none-eabi/5.4.1/../../../../arm-none-eabi/lib/armv6-m\libg_nano.a(lib_a-errno.o)
                0x00004808                __errno
 .text.__libc_init_array
                0x00004814       0x4c c:/program files (x86)/cypress/psoc creator/4.4/psoc creator/import/gnu/arm/5.4.1/bin/../lib/gcc/arm-none-eabi/5.4.1/../../../../arm-none-eabi/lib/armv6-m\libg_nano.a(lib_a-init.o)
                0x00004814                __libc_init_array
 .text.memcpy   0x00004860       0x12 c:/program files (x86)/cypress/psoc creator/4.4/psoc creator/import/gnu/arm/5.4.1/bin/../lib/gcc/arm-none-eabi/5.4.1/../../../../arm-none-eabi/lib/armv6-m\libg_nano.a(lib_a-memcpy-stub.o)
                0x00004860                memcpy
 .text.memset   0x00004872       0x10 c:/program files (x86)/cypress/psoc creator/4.4/psoc creator/import/gnu/arm/5.4.1/bin/../lib/gcc/arm-none-eabi/5.4.1/../../../../arm-none-eabi/lib/armv6-m\libg_nano.a(lib_a-memset.o)
                0x00004872                memset
 *fill*         0x00004882        0x2 
 .text.sprintf  0x00004884       0x44 c:/program files (x86)/cypress/psoc creator/4.4/psoc creator/import/gnu/arm/5.4.1/bin/../lib/gcc/arm-none-eabi/5.4.1/../../../../arm-none-eabi/lib/armv6-m\libg_nano.a(lib_a-sprintf.o)
                0x00004884                siprintf
                0x00004884                sprintf
 .text.__ssputs_r
                0x000048c8       0xc4 c:/program files (x86)/cypress/psoc creator/4.4/psoc creator/import/gnu/arm/5.4.1/bin/../lib/gcc/arm-none-eabi/5.4.1/../../../../arm-none-eabi/lib/armv6-m\libg_nano.a(lib_a-nano-svfprintf.o)
                0x000048c8                __ssputs_r
 .text._svfprintf_r
                0x0000498c      0x1fc c:/program files (x86)/cypress/psoc creator/4.4/psoc creator/import/gnu/arm/5.4.1/bin/../lib/gcc/arm-none-eabi/5.4.1/../../../../arm-none-eabi/lib/armv6-m\libg_nano.a(lib_a-nano-svfprintf.o)
                0x0000498c                _svfiprintf_r
                0x0000498c                _svfprintf_r
 .text._printf_common
                0x00004b88       0xdc c:/program files (x86)/cypress/psoc creator/4.4/psoc creator/import/gnu/arm/5.4.1/bin/../lib/gcc/arm-none-eabi/5.4.1/../../../../arm-none-eabi/lib/armv6-m\libg_nano.a(lib_a-nano-vfprintf_i.o)
                0x00004b88                _printf_common
 .text._printf_i
                0x00004c64      0x244 c:/program files (x86)/cypress/psoc creator/4.4/psoc creator/import/gnu/arm/5.4.1/bin/../lib/gcc/arm-none-eabi/5.4.1/../../../../arm-none-eabi/lib/armv6-m\libg_nano.a(lib_a-nano-vfprintf_i.o)
                0x00004c64                _printf_i
 .text.memchr   0x00004ea8       0x16 c:/program files (x86)/cypress/psoc creator/4.4/psoc creator/import/gnu/arm/5.4.1/bin/../lib/gcc/arm-none-eabi/5.4.1/../../../../arm-none-eabi/lib/armv6-m\libg_nano.a(lib_a-memchr-stub.o)
                0x00004ea8                memchr
 .text.memmove  0x00004ebe       0x2a c:/program files (x86)/cypress/psoc creator/4.4/psoc creator/import/gnu/arm/5.4.1/bin/../lib/gcc/arm-none-eabi/5.4.1/../../../../arm-none-eabi/lib/armv6-m\libg_nano.a(lib_a-memmove.o)
                0x00004ebe                memmove
 .text._free_r  0x00004ee8       0x98 c:/program files (x86)/cypress/psoc creator/4.4/psoc creator/import/gnu/arm/5.4.1/bin/../lib/gcc/arm-none-eabi/5.4.1/../../../../arm-none-eabi/lib/armv6-m\libg_nano.a(lib_a-nano-freer.o)
                0x00004ee8                _free_r
 .text._malloc_r
                0x00004f80       0xc0 c:/program files (x86)/cypress/psoc creator/4.4/psoc creator/import/gnu/arm/5.4.1/bin/../lib/gcc/arm-none-eabi/5.4.1/../../../../arm-none-eabi/lib/armv6-m\libg_nano.a(lib_a-nano-mallocr.o)
                0x00004f80                _malloc_r
 .text._realloc_r
                0x00005040       0x4c c:/program files (x86)/cypress/psoc creator/4.4/psoc creator/import/gnu/arm/5.4.1/bin/../lib/gcc/arm-none-eabi/5.4.1/../../../../arm-none-eabi/lib/armv6-m\libg_nano.a(lib_a-nano-reallocr.o)
                0x00005040                _realloc_r
 .text._sbrk_r  0x0000508c       0x24 c:/program files (x86)/cypress/psoc creator/4.4/psoc creator/import/gnu/arm/5.4.1/bin/../lib/gcc/arm-none-eabi/5.4.1/../../../../arm-none-eabi/lib/armv6-m\libg_nano.a(lib_a-sbrkr.o)
                0x0000508c                _sbrk_r
 .text.__malloc_lock
                0x000050b0        0x2 c:/program files (x86)/cypress/psoc creator/4.4/psoc creator/import/gnu/arm/5.4.1/bin/../lib/gcc/arm-none-eabi/5.4.1/../../../../arm-none-eabi/lib/armv6-m\libg_nano.a(lib_a-mlock.o)
                0x000050b0                __malloc_lock
 .text.__malloc_unlock
                0x000050b2        0x2 c:/program files (x86)/cypress/psoc creator/4.4/psoc creator/import/gnu/arm/5.4.1/bin/../lib/gcc/arm-none-eabi/5.4.1/../../../../arm-none-eabi/lib/armv6-m\libg_nano.a(lib_a-mlock.o)
                0x000050b2                __malloc_unlock
 .text._malloc_usable_size_r
                0x000050b4       0x16 c:/program files (x86)/cypress/psoc creator/4.4/psoc creator/import/gnu/arm/5.4.1/bin/../lib/gcc/arm-none-eabi/5.4.1/../../../../arm-none-eabi/lib/armv6-m\libg_nano.a(lib_a-nano-msizer.o)
                0x000050b4                _malloc_usable_size_r
 *(.plt)
 *(.gnu.warning)
 *(.glue_7t)
 .glue_7t       0x000050ca        0x0 linker stubs
 *(.glue_7)
 .glue_7        0x000050ca        0x0 linker stubs
 *(.vfp11_veneer)
 .vfp11_veneer  0x000050ca        0x0 linker stubs
 *(.bootloader)
 *(.ARM.extab* .gnu.linkonce.armextab.*)
 *(.gcc_except_table)

.v4_bx          0x000050cc        0x0
 .v4_bx         0x000050cc        0x0 linker stubs

.iplt           0x000050cc        0x0
 .iplt          0x000050cc        0x0 c:/program files (x86)/cypress/psoc creator/4.4/psoc creator/import/gnu/arm/5.4.1/bin/../lib/gcc/arm-none-eabi/5.4.1/armv6-m/crtbegin.o

.eh_frame_hdr
 *(.eh_frame_hdr)

.eh_frame       0x000050cc        0x4
 *(.eh_frame)
 .eh_frame      0x000050cc        0x0 c:/program files (x86)/cypress/psoc creator/4.4/psoc creator/import/gnu/arm/5.4.1/bin/../lib/gcc/arm-none-eabi/5.4.1/armv6-m/crtbegin.o
 .eh_frame      0x000050cc        0x4 c:/program files (x86)/cypress/psoc creator/4.4/psoc creator/import/gnu/arm/5.4.1/bin/../lib/gcc/arm-none-eabi/5.4.1/armv6-m/crtend.o
                [!provide]                PROVIDE (__exidx_start, .)

.ARM.exidx
 *(.ARM.exidx* .gnu.linkonce.armexidx.*)
                0x000050d0                __exidx_end = .

.rodata         0x000050d0      0x9a8
 *(.rodata .rodata.* .gnu.linkonce.r.*)
 .rodata.str1.4
                0x000050d0       0x30 .\CortexM0\ARM_GCC_541\Debug\main.o
 .rodata        0x00005100      0x33c .\CortexM0\ARM_GCC_541\Debug\cyfitter_cfg.o
 .rodata        0x0000543c      0x160 .\CortexM0\ARM_GCC_541\Debug\SwerveMotorFirmware.a(CAN.o)
 .rodata        0x0000559c      0x1e0 .\CortexM0\ARM_GCC_541\Debug\SwerveMotorFirmware.a(StripLights.o)
                0x0000559c                StripLights_CLUT
 .rodata        0x0000577c      0x1e0 .\CortexM0\ARM_GCC_541\Debug\SwerveMotorFirmware.a(StripLights_fonts.o)
                0x0000577c                StripLights_Font5x7
 .rodata        0x0000595c       0x2e .\CortexM0\ARM_GCC_541\Debug\SwerveMotorFirmware.a(CyLib.o)
                0x0000595c                cyImoFreqMhz2Reg
 *fill*         0x0000598a        0x2 
 .rodata        0x0000598c       0x40 c:/program files (x86)/cypress/psoc creator/4.4/psoc creator/import/gnu/arm/5.4.1/bin/../lib/gcc/arm-none-eabi/5.4.1/armv6-m\libgcc.a(divdf3.o)
 .rodata        0x000059cc       0x40 c:/program files (x86)/cypress/psoc creator/4.4/psoc creator/import/gnu/arm/5.4.1/bin/../lib/gcc/arm-none-eabi/5.4.1/armv6-m\libgcc.a(muldf3.o)
 .rodata.str1.1
                0x00005a0c        0x2 c:/program files (x86)/cypress/psoc creator/4.4/psoc creator/import/gnu/arm/5.4.1/bin/../lib/gcc/arm-none-eabi/5.4.1/../../../../arm-none-eabi/lib/armv6-m\libg_nano.a(lib_a-impure.o)
 .rodata.str1.1
                0x00005a0e       0x11 c:/program files (x86)/cypress/psoc creator/4.4/psoc creator/import/gnu/arm/5.4.1/bin/../lib/gcc/arm-none-eabi/5.4.1/../../../../arm-none-eabi/lib/armv6-m\libg_nano.a(lib_a-nano-svfprintf.o)
 .rodata.str1.1
                0x00005a1f       0x22 c:/program files (x86)/cypress/psoc creator/4.4/psoc creator/import/gnu/arm/5.4.1/bin/../lib/gcc/arm-none-eabi/5.4.1/../../../../arm-none-eabi/lib/armv6-m\libg_nano.a(lib_a-nano-vfprintf_i.o)
                0x00005a44                . = ALIGN (0x4)
 *fill*         0x00005a41        0x3 
 *(.init)
 .init          0x00005a44        0x4 c:/program files (x86)/cypress/psoc creator/4.4/psoc creator/import/gnu/arm/5.4.1/bin/../lib/gcc/arm-none-eabi/5.4.1/armv6-m/crti.o
                0x00005a44                _init
 .init          0x00005a48        0x8 c:/program files (x86)/cypress/psoc creator/4.4/psoc creator/import/gnu/arm/5.4.1/bin/../lib/gcc/arm-none-eabi/5.4.1/armv6-m/crtn.o
                0x00005a50                . = ALIGN (0x4)
                0x00005a50                __preinit_array_start = .
 *(.preinit_array)
                0x00005a50                __preinit_array_end = .
                0x00005a50                . = ALIGN (0x4)
                0x00005a50                __init_array_start = .
 *(SORT(.init_array.*))
 *(.init_array)
 .init_array    0x00005a50        0x4 c:/program files (x86)/cypress/psoc creator/4.4/psoc creator/import/gnu/arm/5.4.1/bin/../lib/gcc/arm-none-eabi/5.4.1/armv6-m/crtbegin.o
 .init_array    0x00005a54        0x4 .\CortexM0\ARM_GCC_541\Debug\Cm0Start.o
                0x00005a58                __init_array_end = .
                0x00005a58                . = ALIGN (0x4)
 *(.fini)
 .fini          0x00005a58        0x4 c:/program files (x86)/cypress/psoc creator/4.4/psoc creator/import/gnu/arm/5.4.1/bin/../lib/gcc/arm-none-eabi/5.4.1/armv6-m/crti.o
                0x00005a58                _fini
 .fini          0x00005a5c        0x8 c:/program files (x86)/cypress/psoc creator/4.4/psoc creator/import/gnu/arm/5.4.1/bin/../lib/gcc/arm-none-eabi/5.4.1/armv6-m/crtn.o
                0x00005a64                . = ALIGN (0x4)
                0x00005a64                __fini_array_start = .
 *(.fini_array)
 .fini_array    0x00005a64        0x4 c:/program files (x86)/cypress/psoc creator/4.4/psoc creator/import/gnu/arm/5.4.1/bin/../lib/gcc/arm-none-eabi/5.4.1/armv6-m/crtbegin.o
 *(SORT(.fini_array.*))
                0x00005a68                __fini_array_end = .
                0x00005a68                . = ALIGN (0x4)
 *crtbegin.o(.ctors)
 *(EXCLUDE_FILE(*crtend.o) .ctors)
 *(SORT(.ctors.*))
 *crtend.o(.ctors)
                0x00005a68                . = ALIGN (0x4)
 *crtbegin.o(.dtors)
 *(EXCLUDE_FILE(*crtend.o) .dtors)
 *(SORT(.dtors.*))
 *crtend.o(.dtors)
                0x00005a68                . = ALIGN (0x4)
                0x00005a68                __cy_regions = .
                0x00005a68        0x4 LONG 0x5a78 __cy_region_init_ram
                0x00005a6c        0x4 LONG 0x200000c0 __cy_region_start_data
                0x00005a70        0x4 LONG 0x98 __cy_region_init_size_ram
                0x00005a74        0x4 LONG 0x2b0 __cy_region_zero_size_ram
                0x00005a78                __cy_regions_end = .
                0x00005a78                . = ALIGN (0x8)
                0x00005a78                _etext = .

.cy_checksum_exclude
                0x00005a78        0x0
 *(.cy_checksum_exclude)

.ramvectors     0x20000000       0xc0
                0x20000000                __cy_region_start_ram = .
 *(.ramvectors)
 .ramvectors    0x20000000       0xc0 .\CortexM0\ARM_GCC_541\Debug\Cm0Start.o
                0x20000000                CyRamVectors

.noinit
 *(.noinit)

.data           0x200000c0       0x98 load address 0x00005a78
                0x200000c0                __cy_region_start_data = .
 *(.jcr)
 .jcr           0x200000c0        0x0 c:/program files (x86)/cypress/psoc creator/4.4/psoc creator/import/gnu/arm/5.4.1/bin/../lib/gcc/arm-none-eabi/5.4.1/armv6-m/crtbegin.o
 .jcr           0x200000c0        0x4 c:/program files (x86)/cypress/psoc creator/4.4/psoc creator/import/gnu/arm/5.4.1/bin/../lib/gcc/arm-none-eabi/5.4.1/armv6-m/crtend.o
 *(.got.plt)
 *(.got)
 *(.shdata)
 *(.data .data.* .gnu.linkonce.d.*)
 .data          0x200000c4        0x8 .\CortexM0\ARM_GCC_541\Debug\PositionPID.o
                0x200000c4                maxPWM
                0x200000c8                integralClamp
 .data          0x200000cc        0x2 .\CortexM0\ARM_GCC_541\Debug\Motor_Unit_FSM.o
                0x200000cc                motorUnitMode
                0x200000cd                motorUnitState
 *fill*         0x200000ce        0x2 
 .data          0x200000d0        0x4 .\CortexM0\ARM_GCC_541\Debug\Cm0Start.o
 .data          0x200000d4       0x14 .\CortexM0\ARM_GCC_541\Debug\SwerveMotorFirmware.a(CyLib.o)
                0x200000d4                CySysClkPumpConfig
                0x200000d8                cydelay32kMs
                0x200000dc                cydelayFreqKhz
                0x200000e0                cydelayFreqMhz
                0x200000e4                cydelayFreqHz
 .data          0x200000e8        0x8 .\CortexM0\ARM_GCC_541\Debug\SwerveMotorFirmware.a(CyLFClk.o)
 .data.impure_data
                0x200000f0       0x60 c:/program files (x86)/cypress/psoc creator/4.4/psoc creator/import/gnu/arm/5.4.1/bin/../lib/gcc/arm-none-eabi/5.4.1/../../../../arm-none-eabi/lib/armv6-m\libg_nano.a(lib_a-impure.o)
 .data._impure_ptr
                0x20000150        0x4 c:/program files (x86)/cypress/psoc creator/4.4/psoc creator/import/gnu/arm/5.4.1/bin/../lib/gcc/arm-none-eabi/5.4.1/../../../../arm-none-eabi/lib/armv6-m\libg_nano.a(lib_a-impure.o)
                0x20000150                _impure_ptr
                0x20000158                . = ALIGN (0x8)
 *fill*         0x20000154        0x4 
 *(.ram)
                0x20000158                _edata = .

.igot.plt       0x20000158        0x0 load address 0x00005b10
 .igot.plt      0x20000158        0x0 c:/program files (x86)/cypress/psoc creator/4.4/psoc creator/import/gnu/arm/5.4.1/bin/../lib/gcc/arm-none-eabi/5.4.1/armv6-m/crtbegin.o

.bss            0x20000158      0x2b0 load address 0x00005b10
                0x20000158                PROVIDE (__bss_start__, .)
 *(.shbss)
 *(.bss .bss.* .gnu.linkonce.b.*)
 .bss           0x20000158       0x1c c:/program files (x86)/cypress/psoc creator/4.4/psoc creator/import/gnu/arm/5.4.1/bin/../lib/gcc/arm-none-eabi/5.4.1/armv6-m/crtbegin.o
 .bss           0x20000174       0x2c .\CortexM0\ARM_GCC_541\Debug\main.o
                0x20000174                CAN_time_LED
                0x20000175                CAN_check_delay
                0x20000176                ERRORTimeLED
                0x20000177                encoderTimeOut
                0x20000178                ignoreLimSw_M2
                0x20000179                bound_set1
                0x2000017c                counter
                0x20000180                enc_Count_Lim1
                0x20000184                bound_set2
                0x20000188                enc_Count_Lim2
                0x2000018c                address
                0x2000018e                nextPWM_M1
                0x20000190                ignoreLimSw_M1
                0x20000192                nextPWM_M2
                0x20000194                millidegreeTarget_M2
                0x20000198                drive
                0x2000019c                millidegreeTarget_M1
 .bss           0x200001a0        0xc .\CortexM0\ARM_GCC_541\Debug\MotorDrive.o
                0x200001a0                invalidate
                0x200001a4                currPWM_Drive
                0x200001a8                currPWM_Swivel
 .bss           0x200001ac       0x30 .\CortexM0\ARM_GCC_541\Debug\PositionPID.o
                0x200001ac                integral
                0x200001b0                lastError
                0x200001b4                enabledPID
                0x200001b8                kPosition
                0x200001bc                kIntegral
                0x200001c0                kDerivative
                0x200001c4                mDegMin
                0x200001c8                mDegMax
                0x200001cc                tickMax
                0x200001d0                tickMin
                0x200001d4                usingPot
                0x200001d8                PWM
 .bss           0x200001dc        0x1 .\CortexM0\ARM_GCC_541\Debug\Motor_Unit_FSM.o
                0x200001dc                PIDConstSetReg
 .bss           0x200001dd        0x4 .\CortexM0\ARM_GCC_541\Debug\PortPSOC_swerve.o
                0x200001dd                latestMessageFull
                0x200001de                latestMessageHead
                0x200001df                latestMessageTail
                0x200001e0                messageReadFlag
 .bss           0x200001e1        0x1 .\CortexM0\ARM_GCC_541\Debug\SwerveMotorFirmware.a(PWM_Motor1.o)
                0x200001e1                PWM_Motor1_initVar
 .bss           0x200001e2        0x1 .\CortexM0\ARM_GCC_541\Debug\SwerveMotorFirmware.a(CAN.o)
                0x200001e2                CAN_initVar
 *fill*         0x200001e3        0x1 
 .bss           0x200001e4        0xa .\CortexM0\ARM_GCC_541\Debug\SwerveMotorFirmware.a(UART.o)
                0x200001e4                UART_initVar
                0x200001e8                UART_customIntrHandler
                0x200001ec                UART_IntrTxMask
 .bss           0x200001ee        0x1 .\CortexM0\ARM_GCC_541\Debug\SwerveMotorFirmware.a(Timer_1.o)
                0x200001ee                Timer_1_initVar
 *fill*         0x200001ef        0x1 
 .bss           0x200001f0       0x15 .\CortexM0\ARM_GCC_541\Debug\SwerveMotorFirmware.a(StripLights.o)
                0x200001f0                StripLights_ledIndex
                0x200001f4                StripLights_row
                0x20000204                StripLights_initvar
 .bss           0x20000205        0x1 .\CortexM0\ARM_GCC_541\Debug\SwerveMotorFirmware.a(PWM_Motor2.o)
                0x20000205                PWM_Motor2_initVar
 *fill*         0x20000206        0x2 
 .bss           0x20000208       0x20 .\CortexM0\ARM_GCC_541\Debug\SwerveMotorFirmware.a(CyLib.o)
                0x20000208                CySysClkImoTrim4
                0x2000020c                CySysClkImoTrim5
                0x20000224                CySysTickInitVar
 .bss           0x20000228       0x28 .\CortexM0\ARM_GCC_541\Debug\SwerveMotorFirmware.a(CyLFClk.o)
 .bss.__malloc_sbrk_start
                0x20000250        0x4 c:/program files (x86)/cypress/psoc creator/4.4/psoc creator/import/gnu/arm/5.4.1/bin/../lib/gcc/arm-none-eabi/5.4.1/../../../../arm-none-eabi/lib/armv6-m\libg_nano.a(lib_a-nano-mallocr.o)
                0x20000250                __malloc_sbrk_start
 .bss.__malloc_free_list
                0x20000254        0x4 c:/program files (x86)/cypress/psoc creator/4.4/psoc creator/import/gnu/arm/5.4.1/bin/../lib/gcc/arm-none-eabi/5.4.1/../../../../arm-none-eabi/lib/armv6-m\libg_nano.a(lib_a-nano-mallocr.o)
                0x20000254                __malloc_free_list
 *(COMMON)
 COMMON         0x20000258       0x80 .\CortexM0\ARM_GCC_541\Debug\main.o
                0x20000258                txData
                0x200002bc                can_send
                0x200002c8                lastStatePinA
                0x200002c9                currStatePinA
                0x200002cc                can_recieve
 COMMON         0x200002d8        0x8 .\CortexM0\ARM_GCC_541\Debug\PositionPID.o
                0x200002d8                mDegPerTick
 COMMON         0x200002e0       0xdc .\CortexM0\ARM_GCC_541\Debug\PortPSOC_swerve.o
                0x200002e0                deviceGroup
                0x200002e4                rxMailbox
                0x200002f4                deviceAddressA
                0x200002f8                latestMessage
                0x200003b8                deviceAddressB
 COMMON         0x200003bc       0x18 .\CortexM0\ARM_GCC_541\Debug\SwerveMotorFirmware.a(StripLights.o)
                0x200003bc                StripLights_ledArray
                0x200003c8                StripLights_DimMask
                0x200003cc                StripLights_DimShift
                0x200003d0                StripLights_refreshComplete
 COMMON         0x200003d4       0x10 .\CortexM0\ARM_GCC_541\Debug\SwerveMotorFirmware.a(StripLights_fonts.o)
                0x200003d4                StripLights_fontX
                0x200003d8                StripLights_fontOffset
                0x200003dc                StripLights_fontPtr
                0x200003e0                StripLights_fontY
 COMMON         0x200003e4       0x1c .\CortexM0\ARM_GCC_541\Debug\SwerveMotorFirmware.a(UART_SPI_UART.o)
                0x200003e4                UART_rxBufferTail
                0x200003e8                UART_rxBufferInternal
                0x200003f9                UART_rxBufferOverflow
                0x200003fc                UART_rxBufferHead
 COMMON         0x20000400        0x4 c:/program files (x86)/cypress/psoc creator/4.4/psoc creator/import/gnu/arm/5.4.1/bin/../lib/gcc/arm-none-eabi/5.4.1/../../../../arm-none-eabi/lib/armv6-m\libg_nano.a(lib_a-reent.o)
                0x20000400                errno
                0x20000408                . = ALIGN (0x8)
 *fill*         0x20000404        0x4 
 *(.ram.b)
                0x20000408                _end = .
                0x20000408                __end = .
                0x20000408                PROVIDE (end, .)
                0x20000408                PROVIDE (__bss_end__, .)
                0x00005a78                __cy_region_init_ram = LOADADDR (.data)
                0x00000098                __cy_region_init_size_ram = (_edata - ADDR (.data))
                0x000002b0                __cy_region_zero_size_ram = (_end - _edata)

.heap           0x20000408       0x80 load address 0x00005b10
                0x20000408                . = _end
                0x20000488                . = (. + 0x80)
 *fill*         0x20000408       0x80 
                0x20000488                __cy_heap_limit = .

.stack          0x20007800      0x800
                0x20007800                __cy_stack_limit = .
                0x20008000                . = (. + 0x800)
 *fill*         0x20007800      0x800 
                0x00000001                ASSERT ((__cy_stack_limit >= __cy_heap_limit), region RAM overflowed with stack)
                0x00000000                cy_checksum_exclude_size = (CY_APPL_LOADABLE == 0x1)?SIZEOF (.cy_checksum_exclude):0x0
                0x00000001                ASSERT ((cy_checksum_exclude_size <= CY_CHECKSUM_EXCLUDE_SIZE), CY_BOOT: Section .cy_checksum_exclude size exceedes specified limit.)
                0x0003ffc0                cyloadermeta_start = (cy_project_type_bootloader || cy_project_type_app_for_stack_and_copier)?(LENGTH (rom) - CY_METADATA_SIZE):0xf0000000

.cyloadermeta
 *(.cyloadermeta)
                0x0003ffc0                cyloadablemeta_start = cy_project_type_app_for_stack_and_copier?((LENGTH (rom) - CY_FLASH_ROW_SIZE) - CY_METADATA_SIZE):((LENGTH (rom) - (CY_FLASH_ROW_SIZE * (CY_APPL_NUM - 0x1))) - CY_METADATA_SIZE)

.cyloadablemeta
 *(.cyloadablemeta)

.cyflashprotect
                0x90400000       0x80
 *(.cyflashprotect)
 .cyflashprotect
                0x90400000       0x80 .\CortexM0\ARM_GCC_541\Debug\cymetadata.o
                0x90400000                cy_meta_flashprotect

.cymeta         0x90500000        0xc
 *(.cymeta)
 .cymeta        0x90500000        0xc .\CortexM0\ARM_GCC_541\Debug\cymetadata.o
                0x90500000                cy_metadata

.cychipprotect  0x90600000        0x1
 *(.cychipprotect)
 .cychipprotect
                0x90600000        0x1 .\CortexM0\ARM_GCC_541\Debug\cymetadata.o
                0x90600000                cy_meta_chipprotect

.rel.dyn        0x00005b10        0x0 load address 0x90600004
 .rel.iplt      0x00005b10        0x0 c:/program files (x86)/cypress/psoc creator/4.4/psoc creator/import/gnu/arm/5.4.1/bin/../lib/gcc/arm-none-eabi/5.4.1/armv6-m/crtbegin.o

.stab
 *(.stab)

.stabstr
 *(.stabstr)

.debug
 *(.debug)

.line
 *(.line)

.debug_srcinfo
 *(.debug_srcinfo)

.debug_sfnames
 *(.debug_sfnames)

.debug_aranges  0x00000000     0x1a60
 *(.debug_aranges)
 .debug_aranges
                0x00000000       0x70 .\CortexM0\ARM_GCC_541\Debug\main.o
 .debug_aranges
                0x00000070       0x38 .\CortexM0\ARM_GCC_541\Debug\LED_Array.o
 .debug_aranges
                0x000000a8       0x38 .\CortexM0\ARM_GCC_541\Debug\MotorDrive.o
 .debug_aranges
                0x000000e0       0xe0 .\CortexM0\ARM_GCC_541\Debug\PositionPID.o
 .debug_aranges
                0x000001c0       0x38 .\CortexM0\ARM_GCC_541\Debug\Motor_Unit_CAN.o
 .debug_aranges
                0x000001f8       0x78 .\CortexM0\ARM_GCC_541\Debug\Motor_Unit_FSM.o
 .debug_aranges
                0x00000270       0x68 .\CortexM0\ARM_GCC_541\Debug\PortPSOC_swerve.o
 .debug_aranges
                0x000002d8       0xc0 .\CortexM0\ARM_GCC_541\Debug\CANCommon.o
 .debug_aranges
                0x00000398       0x88 .\CortexM0\ARM_GCC_541\Debug\CANGPIO.o
 .debug_aranges
                0x00000420       0x18 .\CortexM0\ARM_GCC_541\Debug\CANLocalization.o
 .debug_aranges
                0x00000438      0x110 .\CortexM0\ARM_GCC_541\Debug\CANMotorUnit.o
 .debug_aranges
                0x00000548       0xa8 .\CortexM0\ARM_GCC_541\Debug\CANPacket.o
 .debug_aranges
                0x000005f0       0x40 .\CortexM0\ARM_GCC_541\Debug\CANPower.o
 .debug_aranges
                0x00000630       0x50 .\CortexM0\ARM_GCC_541\Debug\CANScience.o
 .debug_aranges
                0x00000680       0x48 .\CortexM0\ARM_GCC_541\Debug\cyfitter_cfg.o
 .debug_aranges
                0x000006c8       0x18 .\CortexM0\ARM_GCC_541\Debug\cymetadata.o
 .debug_aranges
                0x000006e0       0x48 .\CortexM0\ARM_GCC_541\Debug\Cm0Start.o
 .debug_aranges
                0x00000728       0x48 .\CortexM0\ARM_GCC_541\Debug\SwerveMotorFirmware.a(Limit1.o)
 .debug_aranges
                0x00000770       0x48 .\CortexM0\ARM_GCC_541\Debug\SwerveMotorFirmware.a(Limit2.o)
 .debug_aranges
                0x000007b8      0x158 .\CortexM0\ARM_GCC_541\Debug\SwerveMotorFirmware.a(PWM_Motor1.o)
 .debug_aranges
                0x00000910       0x80 .\CortexM0\ARM_GCC_541\Debug\SwerveMotorFirmware.a(isr_Limit_1.o)
 .debug_aranges
                0x00000990       0x48 .\CortexM0\ARM_GCC_541\Debug\SwerveMotorFirmware.a(Pin_Encoder_A.o)
 .debug_aranges
                0x000009d8       0x48 .\CortexM0\ARM_GCC_541\Debug\SwerveMotorFirmware.a(Pin_Encoder_B.o)
 .debug_aranges
                0x00000a20       0x40 .\CortexM0\ARM_GCC_541\Debug\SwerveMotorFirmware.a(Status_Reg_Switches.o)
 .debug_aranges
                0x00000a60       0xe8 .\CortexM0\ARM_GCC_541\Debug\SwerveMotorFirmware.a(CAN.o)
 .debug_aranges
                0x00000b48       0x20 .\CortexM0\ARM_GCC_541\Debug\SwerveMotorFirmware.a(CAN_INT.o)
 .debug_aranges
                0x00000b68       0x30 .\CortexM0\ARM_GCC_541\Debug\SwerveMotorFirmware.a(CAN_TX_RX_func.o)
 .debug_aranges
                0x00000b98       0x68 .\CortexM0\ARM_GCC_541\Debug\SwerveMotorFirmware.a(UART.o)
 .debug_aranges
                0x00000c00       0x90 .\CortexM0\ARM_GCC_541\Debug\SwerveMotorFirmware.a(UART_UART.o)
 .debug_aranges
                0x00000c90       0x48 .\CortexM0\ARM_GCC_541\Debug\SwerveMotorFirmware.a(Dip1.o)
 .debug_aranges
                0x00000cd8       0x48 .\CortexM0\ARM_GCC_541\Debug\SwerveMotorFirmware.a(Dip2.o)
 .debug_aranges
                0x00000d20       0x48 .\CortexM0\ARM_GCC_541\Debug\SwerveMotorFirmware.a(Dip3.o)
 .debug_aranges
                0x00000d68       0x48 .\CortexM0\ARM_GCC_541\Debug\SwerveMotorFirmware.a(Dip4.o)
 .debug_aranges
                0x00000db0       0x90 .\CortexM0\ARM_GCC_541\Debug\SwerveMotorFirmware.a(Timer_1.o)
 .debug_aranges
                0x00000e40       0x80 .\CortexM0\ARM_GCC_541\Debug\SwerveMotorFirmware.a(isr_period.o)
 .debug_aranges
                0x00000ec0       0x48 .\CortexM0\ARM_GCC_541\Debug\SwerveMotorFirmware.a(LED_Debug1.o)
 .debug_aranges
                0x00000f08       0x48 .\CortexM0\ARM_GCC_541\Debug\SwerveMotorFirmware.a(LED_Debug2.o)
 .debug_aranges
                0x00000f50       0x48 .\CortexM0\ARM_GCC_541\Debug\SwerveMotorFirmware.a(LED_CAN.o)
 .debug_aranges
                0x00000f98       0x48 .\CortexM0\ARM_GCC_541\Debug\SwerveMotorFirmware.a(LED_Error.o)
 .debug_aranges
                0x00000fe0       0xa0 .\CortexM0\ARM_GCC_541\Debug\SwerveMotorFirmware.a(StripLights.o)
 .debug_aranges
                0x00001080       0x30 .\CortexM0\ARM_GCC_541\Debug\SwerveMotorFirmware.a(StripLights_fonts.o)
 .debug_aranges
                0x000010b0      0x158 .\CortexM0\ARM_GCC_541\Debug\SwerveMotorFirmware.a(PWM_Motor2.o)
 .debug_aranges
                0x00001208       0x48 .\CortexM0\ARM_GCC_541\Debug\SwerveMotorFirmware.a(Motor1Direction.o)
 .debug_aranges
                0x00001250       0x48 .\CortexM0\ARM_GCC_541\Debug\SwerveMotorFirmware.a(Motor2Direction.o)
 .debug_aranges
                0x00001298       0x80 .\CortexM0\ARM_GCC_541\Debug\SwerveMotorFirmware.a(StripLights_cisr.o)
 .debug_aranges
                0x00001318       0x80 .\CortexM0\ARM_GCC_541\Debug\SwerveMotorFirmware.a(StripLights_fisr.o)
 .debug_aranges
                0x00001398      0x270 .\CortexM0\ARM_GCC_541\Debug\SwerveMotorFirmware.a(CyLib.o)
 .debug_aranges
                0x00001608       0x28 .\CortexM0\ARM_GCC_541\Debug\SwerveMotorFirmware.a(cyutils.o)
 .debug_aranges
                0x00001630      0x188 .\CortexM0\ARM_GCC_541\Debug\SwerveMotorFirmware.a(CyLFClk.o)
 .debug_aranges
                0x000017b8       0x80 .\CortexM0\ARM_GCC_541\Debug\SwerveMotorFirmware.a(isr_encA.o)
 .debug_aranges
                0x00001838       0x80 .\CortexM0\ARM_GCC_541\Debug\SwerveMotorFirmware.a(isr_encB.o)
 .debug_aranges
                0x000018b8       0xa8 .\CortexM0\ARM_GCC_541\Debug\SwerveMotorFirmware.a(ADC_Pot.o)
 .debug_aranges
                0x00001960       0x20 .\CortexM0\ARM_GCC_541\Debug\SwerveMotorFirmware.a(ADC_Pot_INT.o)
 .debug_aranges
                0x00001980       0x20 .\CortexM0\ARM_GCC_541\Debug\SwerveMotorFirmware.a(CyBootAsmGnu.o)
 .debug_aranges
                0x000019a0       0x60 .\CortexM0\ARM_GCC_541\Debug\SwerveMotorFirmware.a(UART_SPI_UART.o)
 .debug_aranges
                0x00001a00       0x20 .\CortexM0\ARM_GCC_541\Debug\SwerveMotorFirmware.a(UART_SPI_UART_INT.o)
 .debug_aranges
                0x00001a20       0x40 .\CortexM0\ARM_GCC_541\Debug\SwerveMotorFirmware.a(CyFlash.o)

.debug_pubnames
 *(.debug_pubnames)

.debug_info     0x00000000     0xfcf2
 *(.debug_info .gnu.linkonce.wi.*)
 .debug_info    0x00000000      0xaec .\CortexM0\ARM_GCC_541\Debug\main.o
 .debug_info    0x00000aec      0x372 .\CortexM0\ARM_GCC_541\Debug\LED_Array.o
 .debug_info    0x00000e5e      0x29e .\CortexM0\ARM_GCC_541\Debug\MotorDrive.o
 .debug_info    0x000010fc      0x634 .\CortexM0\ARM_GCC_541\Debug\PositionPID.o
 .debug_info    0x00001730      0xdc2 .\CortexM0\ARM_GCC_541\Debug\Motor_Unit_CAN.o
 .debug_info    0x000024f2      0x1ed .\CortexM0\ARM_GCC_541\Debug\Motor_Unit_FSM.o
 .debug_info    0x000026df      0x695 .\CortexM0\ARM_GCC_541\Debug\PortPSOC_swerve.o
 .debug_info    0x00002d74      0xa46 .\CortexM0\ARM_GCC_541\Debug\CANCommon.o
 .debug_info    0x000037ba      0x60d .\CortexM0\ARM_GCC_541\Debug\CANGPIO.o
 .debug_info    0x00003dc7       0x6b .\CortexM0\ARM_GCC_541\Debug\CANLocalization.o
 .debug_info    0x00003e32      0xe62 .\CortexM0\ARM_GCC_541\Debug\CANMotorUnit.o
 .debug_info    0x00004c94      0x641 .\CortexM0\ARM_GCC_541\Debug\CANPacket.o
 .debug_info    0x000052d5      0x2ff .\CortexM0\ARM_GCC_541\Debug\CANPower.o
 .debug_info    0x000055d4      0x353 .\CortexM0\ARM_GCC_541\Debug\CANScience.o
 .debug_info    0x00005927      0x417 .\CortexM0\ARM_GCC_541\Debug\cyfitter_cfg.o
 .debug_info    0x00005d3e       0xf8 .\CortexM0\ARM_GCC_541\Debug\cymetadata.o
 .debug_info    0x00005e36      0x3a2 .\CortexM0\ARM_GCC_541\Debug\Cm0Start.o
 .debug_info    0x000061d8      0x19d .\CortexM0\ARM_GCC_541\Debug\SwerveMotorFirmware.a(Limit1.o)
 .debug_info    0x00006375      0x19d .\CortexM0\ARM_GCC_541\Debug\SwerveMotorFirmware.a(Limit2.o)
 .debug_info    0x00006512      0x90a .\CortexM0\ARM_GCC_541\Debug\SwerveMotorFirmware.a(PWM_Motor1.o)
 .debug_info    0x00006e1c      0x305 .\CortexM0\ARM_GCC_541\Debug\SwerveMotorFirmware.a(isr_Limit_1.o)
 .debug_info    0x00007121      0x19d .\CortexM0\ARM_GCC_541\Debug\SwerveMotorFirmware.a(Pin_Encoder_A.o)
 .debug_info    0x000072be      0x19d .\CortexM0\ARM_GCC_541\Debug\SwerveMotorFirmware.a(Pin_Encoder_B.o)
 .debug_info    0x0000745b      0x17f .\CortexM0\ARM_GCC_541\Debug\SwerveMotorFirmware.a(Status_Reg_Switches.o)
 .debug_info    0x000075da      0x9c6 .\CortexM0\ARM_GCC_541\Debug\SwerveMotorFirmware.a(CAN.o)
 .debug_info    0x00007fa0       0xa0 .\CortexM0\ARM_GCC_541\Debug\SwerveMotorFirmware.a(CAN_INT.o)
 .debug_info    0x00008040      0x37e .\CortexM0\ARM_GCC_541\Debug\SwerveMotorFirmware.a(CAN_TX_RX_func.o)
 .debug_info    0x000083be      0x2e9 .\CortexM0\ARM_GCC_541\Debug\SwerveMotorFirmware.a(UART.o)
 .debug_info    0x000086a7      0x487 .\CortexM0\ARM_GCC_541\Debug\SwerveMotorFirmware.a(UART_UART.o)
 .debug_info    0x00008b2e      0x19d .\CortexM0\ARM_GCC_541\Debug\SwerveMotorFirmware.a(Dip1.o)
 .debug_info    0x00008ccb      0x19d .\CortexM0\ARM_GCC_541\Debug\SwerveMotorFirmware.a(Dip2.o)
 .debug_info    0x00008e68      0x19d .\CortexM0\ARM_GCC_541\Debug\SwerveMotorFirmware.a(Dip3.o)
 .debug_info    0x00009005      0x19d .\CortexM0\ARM_GCC_541\Debug\SwerveMotorFirmware.a(Dip4.o)
 .debug_info    0x000091a2      0x386 .\CortexM0\ARM_GCC_541\Debug\SwerveMotorFirmware.a(Timer_1.o)
 .debug_info    0x00009528      0x305 .\CortexM0\ARM_GCC_541\Debug\SwerveMotorFirmware.a(isr_period.o)
 .debug_info    0x0000982d      0x19d .\CortexM0\ARM_GCC_541\Debug\SwerveMotorFirmware.a(LED_Debug1.o)
 .debug_info    0x000099ca      0x19d .\CortexM0\ARM_GCC_541\Debug\SwerveMotorFirmware.a(LED_Debug2.o)
 .debug_info    0x00009b67      0x19b .\CortexM0\ARM_GCC_541\Debug\SwerveMotorFirmware.a(LED_CAN.o)
 .debug_info    0x00009d02      0x19d .\CortexM0\ARM_GCC_541\Debug\SwerveMotorFirmware.a(LED_Error.o)
 .debug_info    0x00009e9f      0xa83 .\CortexM0\ARM_GCC_541\Debug\SwerveMotorFirmware.a(StripLights.o)
 .debug_info    0x0000a922      0x394 .\CortexM0\ARM_GCC_541\Debug\SwerveMotorFirmware.a(StripLights_fonts.o)
 .debug_info    0x0000acb6      0x909 .\CortexM0\ARM_GCC_541\Debug\SwerveMotorFirmware.a(PWM_Motor2.o)
 .debug_info    0x0000b5bf      0x19d .\CortexM0\ARM_GCC_541\Debug\SwerveMotorFirmware.a(Motor1Direction.o)
 .debug_info    0x0000b75c      0x19d .\CortexM0\ARM_GCC_541\Debug\SwerveMotorFirmware.a(Motor2Direction.o)
 .debug_info    0x0000b8f9      0x305 .\CortexM0\ARM_GCC_541\Debug\SwerveMotorFirmware.a(StripLights_cisr.o)
 .debug_info    0x0000bbfe      0x305 .\CortexM0\ARM_GCC_541\Debug\SwerveMotorFirmware.a(StripLights_fisr.o)
 .debug_info    0x0000bf03     0x17e4 .\CortexM0\ARM_GCC_541\Debug\SwerveMotorFirmware.a(CyLib.o)
 .debug_info    0x0000d6e7      0x14b .\CortexM0\ARM_GCC_541\Debug\SwerveMotorFirmware.a(cyutils.o)
 .debug_info    0x0000d832     0x1058 .\CortexM0\ARM_GCC_541\Debug\SwerveMotorFirmware.a(CyLFClk.o)
 .debug_info    0x0000e88a      0x305 .\CortexM0\ARM_GCC_541\Debug\SwerveMotorFirmware.a(isr_encA.o)
 .debug_info    0x0000eb8f      0x305 .\CortexM0\ARM_GCC_541\Debug\SwerveMotorFirmware.a(isr_encB.o)
 .debug_info    0x0000ee94      0x579 .\CortexM0\ARM_GCC_541\Debug\SwerveMotorFirmware.a(ADC_Pot.o)
 .debug_info    0x0000f40d       0xcb .\CortexM0\ARM_GCC_541\Debug\SwerveMotorFirmware.a(ADC_Pot_INT.o)
 .debug_info    0x0000f4d8       0xa8 .\CortexM0\ARM_GCC_541\Debug\SwerveMotorFirmware.a(CyBootAsmGnu.o)
 .debug_info    0x0000f580      0x2df .\CortexM0\ARM_GCC_541\Debug\SwerveMotorFirmware.a(UART_SPI_UART.o)
 .debug_info    0x0000f85f      0x141 .\CortexM0\ARM_GCC_541\Debug\SwerveMotorFirmware.a(UART_SPI_UART_INT.o)
 .debug_info    0x0000f9a0      0x352 .\CortexM0\ARM_GCC_541\Debug\SwerveMotorFirmware.a(CyFlash.o)

.debug_abbrev   0x00000000     0x421d
 *(.debug_abbrev)
 .debug_abbrev  0x00000000      0x214 .\CortexM0\ARM_GCC_541\Debug\main.o
 .debug_abbrev  0x00000214      0x15d .\CortexM0\ARM_GCC_541\Debug\LED_Array.o
 .debug_abbrev  0x00000371       0xcf .\CortexM0\ARM_GCC_541\Debug\MotorDrive.o
 .debug_abbrev  0x00000440      0x1c6 .\CortexM0\ARM_GCC_541\Debug\PositionPID.o
 .debug_abbrev  0x00000606      0x185 .\CortexM0\ARM_GCC_541\Debug\Motor_Unit_CAN.o
 .debug_abbrev  0x0000078b       0xd3 .\CortexM0\ARM_GCC_541\Debug\Motor_Unit_FSM.o
 .debug_abbrev  0x0000085e      0x1ad .\CortexM0\ARM_GCC_541\Debug\PortPSOC_swerve.o
 .debug_abbrev  0x00000a0b      0x149 .\CortexM0\ARM_GCC_541\Debug\CANCommon.o
 .debug_abbrev  0x00000b54      0x106 .\CortexM0\ARM_GCC_541\Debug\CANGPIO.o
 .debug_abbrev  0x00000c5a       0x26 .\CortexM0\ARM_GCC_541\Debug\CANLocalization.o
 .debug_abbrev  0x00000c80      0x18e .\CortexM0\ARM_GCC_541\Debug\CANMotorUnit.o
 .debug_abbrev  0x00000e0e      0x16f .\CortexM0\ARM_GCC_541\Debug\CANPacket.o
 .debug_abbrev  0x00000f7d      0x124 .\CortexM0\ARM_GCC_541\Debug\CANPower.o
 .debug_abbrev  0x000010a1       0xfe .\CortexM0\ARM_GCC_541\Debug\CANScience.o
 .debug_abbrev  0x0000119f      0x1d8 .\CortexM0\ARM_GCC_541\Debug\cyfitter_cfg.o
 .debug_abbrev  0x00001377       0x5d .\CortexM0\ARM_GCC_541\Debug\cymetadata.o
 .debug_abbrev  0x000013d4      0x1d7 .\CortexM0\ARM_GCC_541\Debug\Cm0Start.o
 .debug_abbrev  0x000015ab       0xc8 .\CortexM0\ARM_GCC_541\Debug\SwerveMotorFirmware.a(Limit1.o)
 .debug_abbrev  0x00001673       0xc8 .\CortexM0\ARM_GCC_541\Debug\SwerveMotorFirmware.a(Limit2.o)
 .debug_abbrev  0x0000173b      0x119 .\CortexM0\ARM_GCC_541\Debug\SwerveMotorFirmware.a(PWM_Motor1.o)
 .debug_abbrev  0x00001854      0x19a .\CortexM0\ARM_GCC_541\Debug\SwerveMotorFirmware.a(isr_Limit_1.o)
 .debug_abbrev  0x000019ee       0xc8 .\CortexM0\ARM_GCC_541\Debug\SwerveMotorFirmware.a(Pin_Encoder_A.o)
 .debug_abbrev  0x00001ab6       0xc8 .\CortexM0\ARM_GCC_541\Debug\SwerveMotorFirmware.a(Pin_Encoder_B.o)
 .debug_abbrev  0x00001b7e       0xac .\CortexM0\ARM_GCC_541\Debug\SwerveMotorFirmware.a(Status_Reg_Switches.o)
 .debug_abbrev  0x00001c2a      0x186 .\CortexM0\ARM_GCC_541\Debug\SwerveMotorFirmware.a(CAN.o)
 .debug_abbrev  0x00001db0       0x42 .\CortexM0\ARM_GCC_541\Debug\SwerveMotorFirmware.a(CAN_INT.o)
 .debug_abbrev  0x00001df2      0x159 .\CortexM0\ARM_GCC_541\Debug\SwerveMotorFirmware.a(CAN_TX_RX_func.o)
 .debug_abbrev  0x00001f4b      0x118 .\CortexM0\ARM_GCC_541\Debug\SwerveMotorFirmware.a(UART.o)
 .debug_abbrev  0x00002063      0x145 .\CortexM0\ARM_GCC_541\Debug\SwerveMotorFirmware.a(UART_UART.o)
 .debug_abbrev  0x000021a8       0xc8 .\CortexM0\ARM_GCC_541\Debug\SwerveMotorFirmware.a(Dip1.o)
 .debug_abbrev  0x00002270       0xc8 .\CortexM0\ARM_GCC_541\Debug\SwerveMotorFirmware.a(Dip2.o)
 .debug_abbrev  0x00002338       0xc8 .\CortexM0\ARM_GCC_541\Debug\SwerveMotorFirmware.a(Dip3.o)
 .debug_abbrev  0x00002400       0xc8 .\CortexM0\ARM_GCC_541\Debug\SwerveMotorFirmware.a(Dip4.o)
 .debug_abbrev  0x000024c8      0x167 .\CortexM0\ARM_GCC_541\Debug\SwerveMotorFirmware.a(Timer_1.o)
 .debug_abbrev  0x0000262f      0x19a .\CortexM0\ARM_GCC_541\Debug\SwerveMotorFirmware.a(isr_period.o)
 .debug_abbrev  0x000027c9       0xc8 .\CortexM0\ARM_GCC_541\Debug\SwerveMotorFirmware.a(LED_Debug1.o)
 .debug_abbrev  0x00002891       0xc8 .\CortexM0\ARM_GCC_541\Debug\SwerveMotorFirmware.a(LED_Debug2.o)
 .debug_abbrev  0x00002959       0xc8 .\CortexM0\ARM_GCC_541\Debug\SwerveMotorFirmware.a(LED_CAN.o)
 .debug_abbrev  0x00002a21       0xc8 .\CortexM0\ARM_GCC_541\Debug\SwerveMotorFirmware.a(LED_Error.o)
 .debug_abbrev  0x00002ae9      0x1dc .\CortexM0\ARM_GCC_541\Debug\SwerveMotorFirmware.a(StripLights.o)
 .debug_abbrev  0x00002cc5      0x113 .\CortexM0\ARM_GCC_541\Debug\SwerveMotorFirmware.a(StripLights_fonts.o)
 .debug_abbrev  0x00002dd8      0x119 .\CortexM0\ARM_GCC_541\Debug\SwerveMotorFirmware.a(PWM_Motor2.o)
 .debug_abbrev  0x00002ef1       0xc8 .\CortexM0\ARM_GCC_541\Debug\SwerveMotorFirmware.a(Motor1Direction.o)
 .debug_abbrev  0x00002fb9       0xc8 .\CortexM0\ARM_GCC_541\Debug\SwerveMotorFirmware.a(Motor2Direction.o)
 .debug_abbrev  0x00003081      0x19a .\CortexM0\ARM_GCC_541\Debug\SwerveMotorFirmware.a(StripLights_cisr.o)
 .debug_abbrev  0x0000321b      0x19a .\CortexM0\ARM_GCC_541\Debug\SwerveMotorFirmware.a(StripLights_fisr.o)
 .debug_abbrev  0x000033b5      0x293 .\CortexM0\ARM_GCC_541\Debug\SwerveMotorFirmware.a(CyLib.o)
 .debug_abbrev  0x00003648       0xc0 .\CortexM0\ARM_GCC_541\Debug\SwerveMotorFirmware.a(cyutils.o)
 .debug_abbrev  0x00003708      0x248 .\CortexM0\ARM_GCC_541\Debug\SwerveMotorFirmware.a(CyLFClk.o)
 .debug_abbrev  0x00003950      0x19a .\CortexM0\ARM_GCC_541\Debug\SwerveMotorFirmware.a(isr_encA.o)
 .debug_abbrev  0x00003aea      0x19a .\CortexM0\ARM_GCC_541\Debug\SwerveMotorFirmware.a(isr_encB.o)
 .debug_abbrev  0x00003c84      0x184 .\CortexM0\ARM_GCC_541\Debug\SwerveMotorFirmware.a(ADC_Pot.o)
 .debug_abbrev  0x00003e08       0x65 .\CortexM0\ARM_GCC_541\Debug\SwerveMotorFirmware.a(ADC_Pot_INT.o)
 .debug_abbrev  0x00003e6d       0x14 .\CortexM0\ARM_GCC_541\Debug\SwerveMotorFirmware.a(CyBootAsmGnu.o)
 .debug_abbrev  0x00003e81      0x180 .\CortexM0\ARM_GCC_541\Debug\SwerveMotorFirmware.a(UART_SPI_UART.o)
 .debug_abbrev  0x00004001       0x9a .\CortexM0\ARM_GCC_541\Debug\SwerveMotorFirmware.a(UART_SPI_UART_INT.o)
 .debug_abbrev  0x0000409b      0x182 .\CortexM0\ARM_GCC_541\Debug\SwerveMotorFirmware.a(CyFlash.o)

.debug_line     0x00000000     0x665e
 *(.debug_line)
 .debug_line    0x00000000      0x4ee .\CortexM0\ARM_GCC_541\Debug\main.o
 .debug_line    0x000004ee      0x1ca .\CortexM0\ARM_GCC_541\Debug\LED_Array.o
 .debug_line    0x000006b8      0x217 .\CortexM0\ARM_GCC_541\Debug\MotorDrive.o
 .debug_line    0x000008cf      0x381 .\CortexM0\ARM_GCC_541\Debug\PositionPID.o
 .debug_line    0x00000c50      0x2d2 .\CortexM0\ARM_GCC_541\Debug\Motor_Unit_CAN.o
 .debug_line    0x00000f22      0x20f .\CortexM0\ARM_GCC_541\Debug\Motor_Unit_FSM.o
 .debug_line    0x00001131      0x2fa .\CortexM0\ARM_GCC_541\Debug\PortPSOC_swerve.o
 .debug_line    0x0000142b      0x2f3 .\CortexM0\ARM_GCC_541\Debug\CANCommon.o
 .debug_line    0x0000171e      0x24e .\CortexM0\ARM_GCC_541\Debug\CANGPIO.o
 .debug_line    0x0000196c       0x1d .\CortexM0\ARM_GCC_541\Debug\CANLocalization.o
 .debug_line    0x00001989      0x3a1 .\CortexM0\ARM_GCC_541\Debug\CANMotorUnit.o
 .debug_line    0x00001d2a      0x2dc .\CortexM0\ARM_GCC_541\Debug\CANPacket.o
 .debug_line    0x00002006      0x19d .\CortexM0\ARM_GCC_541\Debug\CANPower.o
 .debug_line    0x000021a3      0x1c5 .\CortexM0\ARM_GCC_541\Debug\CANScience.o
 .debug_line    0x00002368      0x1b6 .\CortexM0\ARM_GCC_541\Debug\cyfitter_cfg.o
 .debug_line    0x0000251e      0x141 .\CortexM0\ARM_GCC_541\Debug\cymetadata.o
 .debug_line    0x0000265f      0x236 .\CortexM0\ARM_GCC_541\Debug\Cm0Start.o
 .debug_line    0x00002895       0xbe .\CortexM0\ARM_GCC_541\Debug\SwerveMotorFirmware.a(Limit1.o)
 .debug_line    0x00002953       0xbe .\CortexM0\ARM_GCC_541\Debug\SwerveMotorFirmware.a(Limit2.o)
 .debug_line    0x00002a11      0x383 .\CortexM0\ARM_GCC_541\Debug\SwerveMotorFirmware.a(PWM_Motor1.o)
 .debug_line    0x00002d94      0x157 .\CortexM0\ARM_GCC_541\Debug\SwerveMotorFirmware.a(isr_Limit_1.o)
 .debug_line    0x00002eeb       0xc5 .\CortexM0\ARM_GCC_541\Debug\SwerveMotorFirmware.a(Pin_Encoder_A.o)
 .debug_line    0x00002fb0       0xc5 .\CortexM0\ARM_GCC_541\Debug\SwerveMotorFirmware.a(Pin_Encoder_B.o)
 .debug_line    0x00003075       0xc2 .\CortexM0\ARM_GCC_541\Debug\SwerveMotorFirmware.a(Status_Reg_Switches.o)
 .debug_line    0x00003137      0x3e7 .\CortexM0\ARM_GCC_541\Debug\SwerveMotorFirmware.a(CAN.o)
 .debug_line    0x0000351e       0x53 .\CortexM0\ARM_GCC_541\Debug\SwerveMotorFirmware.a(CAN_INT.o)
 .debug_line    0x00003571       0xfc .\CortexM0\ARM_GCC_541\Debug\SwerveMotorFirmware.a(CAN_TX_RX_func.o)
 .debug_line    0x0000366d      0x13c .\CortexM0\ARM_GCC_541\Debug\SwerveMotorFirmware.a(UART.o)
 .debug_line    0x000037a9      0x1f5 .\CortexM0\ARM_GCC_541\Debug\SwerveMotorFirmware.a(UART_UART.o)
 .debug_line    0x0000399e       0xbc .\CortexM0\ARM_GCC_541\Debug\SwerveMotorFirmware.a(Dip1.o)
 .debug_line    0x00003a5a       0xbc .\CortexM0\ARM_GCC_541\Debug\SwerveMotorFirmware.a(Dip2.o)
 .debug_line    0x00003b16       0xbc .\CortexM0\ARM_GCC_541\Debug\SwerveMotorFirmware.a(Dip3.o)
 .debug_line    0x00003bd2       0xbc .\CortexM0\ARM_GCC_541\Debug\SwerveMotorFirmware.a(Dip4.o)
 .debug_line    0x00003c8e      0x17b .\CortexM0\ARM_GCC_541\Debug\SwerveMotorFirmware.a(Timer_1.o)
 .debug_line    0x00003e09      0x156 .\CortexM0\ARM_GCC_541\Debug\SwerveMotorFirmware.a(isr_period.o)
 .debug_line    0x00003f5f       0xc2 .\CortexM0\ARM_GCC_541\Debug\SwerveMotorFirmware.a(LED_Debug1.o)
 .debug_line    0x00004021       0xc2 .\CortexM0\ARM_GCC_541\Debug\SwerveMotorFirmware.a(LED_Debug2.o)
 .debug_line    0x000040e3       0xbe .\CortexM0\ARM_GCC_541\Debug\SwerveMotorFirmware.a(LED_CAN.o)
 .debug_line    0x000041a1       0xc1 .\CortexM0\ARM_GCC_541\Debug\SwerveMotorFirmware.a(LED_Error.o)