Archive member included to satisfy reference by file (symbol)

.\CortexM0\ARM_GCC_541\Debug\SwerveMotorFirmware.a(Limit1.o)
                              .\CortexM0\ARM_GCC_541\Debug\main.o (Limit1_Read)
.\CortexM0\ARM_GCC_541\Debug\SwerveMotorFirmware.a(Limit2.o)
                              .\CortexM0\ARM_GCC_541\Debug\main.o (Limit2_Read)
.\CortexM0\ARM_GCC_541\Debug\SwerveMotorFirmware.a(PWM_Motor1.o)
                              .\CortexM0\ARM_GCC_541\Debug\MotorDrive.o (PWM_Motor1_WriteCompare)
.\CortexM0\ARM_GCC_541\Debug\SwerveMotorFirmware.a(isr_Limit_1.o)
                              .\CortexM0\ARM_GCC_541\Debug\main.o (isr_Limit_1_StartEx)
.\CortexM0\ARM_GCC_541\Debug\SwerveMotorFirmware.a(QuadDec.o)
                              .\CortexM0\ARM_GCC_541\Debug\PositionPID.o (QuadDec_GetCounter)
.\CortexM0\ARM_GCC_541\Debug\SwerveMotorFirmware.a(Status_Reg_Switches.o)
                              .\CortexM0\ARM_GCC_541\Debug\main.o (Status_Reg_Switches_Read)
.\CortexM0\ARM_GCC_541\Debug\SwerveMotorFirmware.a(CAN.o)
                              .\CortexM0\ARM_GCC_541\Debug\PortPSOC_swerve.o (CAN_GlobalIntEnable)
.\CortexM0\ARM_GCC_541\Debug\SwerveMotorFirmware.a(CAN_INT.o)
                              .\CortexM0\ARM_GCC_541\Debug\SwerveMotorFirmware.a(CAN.o) (CAN_ISR)
.\CortexM0\ARM_GCC_541\Debug\SwerveMotorFirmware.a(CAN_TX_RX_func.o)
                              .\CortexM0\ARM_GCC_541\Debug\PortPSOC_swerve.o (CAN_SendMsg)
.\CortexM0\ARM_GCC_541\Debug\SwerveMotorFirmware.a(UART.o)
                              .\CortexM0\ARM_GCC_541\Debug\main.o (UART_Start)
.\CortexM0\ARM_GCC_541\Debug\SwerveMotorFirmware.a(UART_UART.o)
                              .\CortexM0\ARM_GCC_541\Debug\SwerveMotorFirmware.a(UART.o) (UART_UartInit)
.\CortexM0\ARM_GCC_541\Debug\SwerveMotorFirmware.a(Dip1.o)
                              .\CortexM0\ARM_GCC_541\Debug\main.o (Dip1_Read)
.\CortexM0\ARM_GCC_541\Debug\SwerveMotorFirmware.a(Dip2.o)
                              .\CortexM0\ARM_GCC_541\Debug\main.o (Dip2_Read)
.\CortexM0\ARM_GCC_541\Debug\SwerveMotorFirmware.a(Dip3.o)
                              .\CortexM0\ARM_GCC_541\Debug\main.o (Dip3_Read)
.\CortexM0\ARM_GCC_541\Debug\SwerveMotorFirmware.a(Dip4.o)
                              .\CortexM0\ARM_GCC_541\Debug\main.o (Dip4_Read)
.\CortexM0\ARM_GCC_541\Debug\SwerveMotorFirmware.a(Timer_1.o)
                              .\CortexM0\ARM_GCC_541\Debug\main.o (Timer_1_ReadStatusRegister)
.\CortexM0\ARM_GCC_541\Debug\SwerveMotorFirmware.a(isr_period.o)
                              .\CortexM0\ARM_GCC_541\Debug\main.o (isr_period_StartEx)
.\CortexM0\ARM_GCC_541\Debug\SwerveMotorFirmware.a(LED_Debug1.o)
                              .\CortexM0\ARM_GCC_541\Debug\main.o (LED_Debug1_Write)
.\CortexM0\ARM_GCC_541\Debug\SwerveMotorFirmware.a(LED_Debug2.o)
                              .\CortexM0\ARM_GCC_541\Debug\main.o (LED_Debug2_Write)
.\CortexM0\ARM_GCC_541\Debug\SwerveMotorFirmware.a(LED_CAN.o)
                              .\CortexM0\ARM_GCC_541\Debug\main.o (LED_CAN_Write)
.\CortexM0\ARM_GCC_541\Debug\SwerveMotorFirmware.a(LED_Error.o)
                              .\CortexM0\ARM_GCC_541\Debug\main.o (LED_Error_Write)
.\CortexM0\ARM_GCC_541\Debug\SwerveMotorFirmware.a(StripLights.o)
                              .\CortexM0\ARM_GCC_541\Debug\LED_Array.o (StripLights_Trigger)
.\CortexM0\ARM_GCC_541\Debug\SwerveMotorFirmware.a(StripLights_fonts.o)
                              .\CortexM0\ARM_GCC_541\Debug\SwerveMotorFirmware.a(StripLights.o) (StripLights_SetFont)
.\CortexM0\ARM_GCC_541\Debug\SwerveMotorFirmware.a(PWM_Motor2.o)
                              .\CortexM0\ARM_GCC_541\Debug\MotorDrive.o (PWM_Motor2_WriteCompare)
.\CortexM0\ARM_GCC_541\Debug\SwerveMotorFirmware.a(Motor1Direction.o)
                              .\CortexM0\ARM_GCC_541\Debug\MotorDrive.o (Motor1Direction_Write)
.\CortexM0\ARM_GCC_541\Debug\SwerveMotorFirmware.a(Motor2Direction.o)
                              .\CortexM0\ARM_GCC_541\Debug\MotorDrive.o (Motor2Direction_Write)
.\CortexM0\ARM_GCC_541\Debug\SwerveMotorFirmware.a(QuadDec_Cnt16.o)
                              .\CortexM0\ARM_GCC_541\Debug\SwerveMotorFirmware.a(QuadDec.o) (QuadDec_Cnt16_Stop)
.\CortexM0\ARM_GCC_541\Debug\SwerveMotorFirmware.a(StripLights_cisr.o)
                              .\CortexM0\ARM_GCC_541\Debug\SwerveMotorFirmware.a(StripLights.o) (StripLights_cisr_StartEx)
.\CortexM0\ARM_GCC_541\Debug\SwerveMotorFirmware.a(StripLights_fisr.o)
                              .\CortexM0\ARM_GCC_541\Debug\SwerveMotorFirmware.a(StripLights.o) (StripLights_fisr_StartEx)
.\CortexM0\ARM_GCC_541\Debug\SwerveMotorFirmware.a(CyLib.o)
                              .\CortexM0\ARM_GCC_541\Debug\cyfitter_cfg.o (CyIntEnable)
.\CortexM0\ARM_GCC_541\Debug\SwerveMotorFirmware.a(cyutils.o)
                              .\CortexM0\ARM_GCC_541\Debug\SwerveMotorFirmware.a(Timer_1.o) (CySetReg24)
[...]
Memory Configuration

Name             Origin             Length             Attributes
rom              0x00000000         0x00040000         xr
ram              0x20000000         0x00008000         xrw
*default*        0x00000000         0xffffffff

Linker script and memory map

LOAD c:/program files (x86)/cypress/psoc creator/4.4/psoc creator/import/gnu/arm/5.4.1/bin/../lib/gcc/arm-none-eabi/5.4.1/armv6-m/crti.o
LOAD c:/program files (x86)/cypress/psoc creator/4.4/psoc creator/import/gnu/arm/5.4.1/bin/../lib/gcc/arm-none-eabi/5.4.1/armv6-m/crtbegin.o
LOAD c:/program files (x86)/cypress/psoc creator/4.4/psoc creator/import/gnu/arm/5.4.1/bin/../lib/gcc/arm-none-eabi/5.4.1/../../../../arm-none-eabi/lib/armv6-m/crt0.o
START GROUP
LOAD .\CortexM0\ARM_GCC_541\Debug\main.o
LOAD .\CortexM0\ARM_GCC_541\Debug\LED_Array.o
LOAD .\CortexM0\ARM_GCC_541\Debug\MotorDrive.o
LOAD .\CortexM0\ARM_GCC_541\Debug\PositionPID.o
LOAD .\CortexM0\ARM_GCC_541\Debug\Motor_Unit_CAN.o
LOAD .\CortexM0\ARM_GCC_541\Debug\Motor_Unit_FSM.o
LOAD .\CortexM0\ARM_GCC_541\Debug\PortPSOC_swerve.o
LOAD .\CortexM0\ARM_GCC_541\Debug\CANCommon.o
LOAD .\CortexM0\ARM_GCC_541\Debug\CANGPIO.o
LOAD .\CortexM0\ARM_GCC_541\Debug\CANLocalization.o
LOAD .\CortexM0\ARM_GCC_541\Debug\CANMotorUnit.o
LOAD .\CortexM0\ARM_GCC_541\Debug\CANPacket.o
LOAD .\CortexM0\ARM_GCC_541\Debug\CANPower.o
LOAD .\CortexM0\ARM_GCC_541\Debug\CANScience.o
LOAD .\CortexM0\ARM_GCC_541\Debug\cyfitter_cfg.o
LOAD .\CortexM0\ARM_GCC_541\Debug\cymetadata.o
LOAD .\CortexM0\ARM_GCC_541\Debug\Cm0Start.o
LOAD .\CortexM0\ARM_GCC_541\Debug\SwerveMotorFirmware.a
END GROUP
START GROUP
LOAD c:/program files (x86)/cypress/psoc creator/4.4/psoc creator/import/gnu/arm/5.4.1/bin/../lib/gcc/arm-none-eabi/5.4.1/armv6-m\libgcc.a
LOAD c:/program files (x86)/cypress/psoc creator/4.4/psoc creator/import/gnu/arm/5.4.1/bin/../lib/gcc/arm-none-eabi/5.4.1/../../../../arm-none-eabi/lib/armv6-m\libg_nano.a
LOAD c:/program files (x86)/cypress/psoc creator/4.4/psoc creator/import/gnu/arm/5.4.1/bin/../lib/gcc/arm-none-eabi/5.4.1/../../../../arm-none-eabi/lib/armv6-m\libc_nano.a
END GROUP
START GROUP
LOAD c:/program files (x86)/cypress/psoc creator/4.4/psoc creator/import/gnu/arm/5.4.1/bin/../lib/gcc/arm-none-eabi/5.4.1/armv6-m\libgcc.a
LOAD c:/program files (x86)/cypress/psoc creator/4.4/psoc creator/import/gnu/arm/5.4.1/bin/../lib/gcc/arm-none-eabi/5.4.1/../../../../arm-none-eabi/lib/armv6-m\libc_nano.a
END GROUP
LOAD c:/program files (x86)/cypress/psoc creator/4.4/psoc creator/import/gnu/arm/5.4.1/bin/../lib/gcc/arm-none-eabi/5.4.1/armv6-m/crtend.o
LOAD c:/program files (x86)/cypress/psoc creator/4.4/psoc creator/import/gnu/arm/5.4.1/bin/../lib/gcc/arm-none-eabi/5.4.1/armv6-m/crtn.o
START GROUP
LOAD c:/program files (x86)/cypress/psoc creator/4.4/psoc creator/import/gnu/arm/5.4.1/bin/../lib/gcc/arm-none-eabi/5.4.1/armv6-m\libgcc.a
LOAD c:/program files (x86)/cypress/psoc creator/4.4/psoc creator/import/gnu/arm/5.4.1/bin/../lib/gcc/arm-none-eabi/5.4.1/../../../../arm-none-eabi/lib/armv6-m\libc.a
LOAD c:/program files (x86)/cypress/psoc creator/4.4/psoc creator/import/gnu/arm/5.4.1/bin/../lib/gcc/arm-none-eabi/5.4.1/../../../../arm-none-eabi/lib/armv6-m\libnosys.a
END GROUP
                0x00000000                CY_APPL_ORIGIN = 0x0
                0x00000100                CY_FLASH_ROW_SIZE = 0x100
                0x00000001                CY_APPL_NUM = 0x1
                0x00000001                CY_APPL_MAX = 0x1
                0x00000040                CY_METADATA_SIZE = 0x40
                0x00000000                CY_APPL_LOADABLE = 0x0
                0x00000000                CY_CHECKSUM_EXCLUDE_SIZE = ALIGN (0x0, CY_FLASH_ROW_SIZE)
                0x00000000                CY_APP_FOR_STACK_AND_COPIER = 0x0
                [!provide]                PROVIDE (__cy_heap_start, _end)
                0x00000001                PROVIDE (__cy_region_num, ((__cy_regions_end - __cy_regions) / 0x10))
                0x20008000                PROVIDE (__cy_stack, (ORIGIN (ram) + LENGTH (ram)))
                [!provide]                PROVIDE (__cy_heap_end, (__cy_stack - 0x800))

.cybootloader   0x00000000        0x0
 *(.cybootloader)
                0x00000000                appl1_start = CY_APPL_ORIGIN?CY_APPL_ORIGIN:ALIGN (CY_FLASH_ROW_SIZE)
                0x0001ff00                appl2_start = (appl1_start + ALIGN ((((LENGTH (rom) - appl1_start) - (0x2 * CY_FLASH_ROW_SIZE)) / 0x2), CY_FLASH_ROW_SIZE))
                0x00000000                appl_start = (CY_APPL_NUM == 0x1)?appl1_start:appl2_start
                0x00000001                cy_project_type_bootloader = (appl_start == 0x0)?0x1:0x0
                0x00000000                cy_project_type_app_for_stack_and_copier = (CY_APP_FOR_STACK_AND_COPIER == 0x1)?0x1:0x0

.text           0x00000000     0x3a3e
 CREATE_OBJECT_SYMBOLS
                0x00000000                PROVIDE (__cy_interrupt_vector, RomVectors)
 *(.romvectors)
 .romvectors    0x00000000       0x10 .\CortexM0\ARM_GCC_541\Debug\Cm0Start.o
                0x00000000                RomVectors
                0x00000001                ASSERT ((. != __cy_interrupt_vector), No interrupt vector)
                0x00000001                ASSERT (CY_APPL_ORIGIN?(SIZEOF (.cybootloader) <= CY_APPL_ORIGIN):0x1, Wrong image location)
                0x00000010                PROVIDE (__cy_reset, Reset)
 *(.text.Reset)
 .text.Reset    0x00000010        0x8 .\CortexM0\ARM_GCC_541\Debug\Cm0Start.o
                0x00000010                Reset
                0x00000001                ASSERT ((. != __cy_reset), No reset code)
 *(.psocinit)
 .psocinit      0x00000018      0x30c .\CortexM0\ARM_GCC_541\Debug\cyfitter_cfg.o
                0x00000154                cyfitter_cfg
                0x00000324                . = MAX (., 0x100)
 *(.text .text.* .gnu.linkonce.t.*)
 .text          0x00000324       0x60 c:/program files (x86)/cypress/psoc creator/4.4/psoc creator/import/gnu/arm/5.4.1/bin/../lib/gcc/arm-none-eabi/5.4.1/armv6-m/crtbegin.o
 .text.Period_Reset_Handler
                0x00000384       0x8c .\CortexM0\ARM_GCC_541\Debug\main.o
                0x00000384                Period_Reset_Handler
 .text.Pin_Limit_Handler
                0x00000410       0x74 .\CortexM0\ARM_GCC_541\Debug\main.o
                0x00000410                Pin_Limit_Handler
 .text.ReadCAN  0x00000484       0x30 .\CortexM0\ARM_GCC_541\Debug\main.o
                0x00000484                ReadCAN
 .text.DisplayErrorCode
                0x000004b4       0x50 .\CortexM0\ARM_GCC_541\Debug\main.o
                0x000004b4                DisplayErrorCode
 .text.getSerialAddress
                0x00000504       0x38 .\CortexM0\ARM_GCC_541\Debug\main.o
                0x00000504                getSerialAddress
 .text.Initialize
                0x0000053c       0x9c .\CortexM0\ARM_GCC_541\Debug\main.o
                0x0000053c                Initialize
 .text.main     0x000005d8       0xa8 .\CortexM0\ARM_GCC_541\Debug\main.o
                0x000005d8                main
 .text.initalize_LEDs
                0x00000680       0x28 .\CortexM0\ARM_GCC_541\Debug\LED_Array.o
                0x00000680                initalize_LEDs
 .text.get_color_packet
                0x000006a8        0xc .\CortexM0\ARM_GCC_541\Debug\LED_Array.o
                0x000006a8                get_color_packet
 .text.set_PWM_M1
                0x000006b4       0x58 .\CortexM0\ARM_GCC_541\Debug\MotorDrive.o
                0x000006b4                set_PWM_M1
 .text.set_PWM_M2
                0x0000070c       0x58 .\CortexM0\ARM_GCC_541\Debug\MotorDrive.o
                0x0000070c                set_PWM_M2
 .text.GetCurrentPWM_M2
                0x00000764        0xc .\CortexM0\ARM_GCC_541\Debug\MotorDrive.o
                0x00000764                GetCurrentPWM_M2
 .text.ClearPIDProgress
                0x00000770       0x10 .\CortexM0\ARM_GCC_541\Debug\PositionPID.o
                0x00000770                ClearPIDProgress
 .text.DisablePID
                0x00000780        0xc .\CortexM0\ARM_GCC_541\Debug\PositionPID.o
                0x00000780                DisablePID
 .text.EnablePID
                0x0000078c        0xc .\CortexM0\ARM_GCC_541\Debug\PositionPID.o
                0x0000078c                EnablePID
 .text.PIDIsEnabled
                0x00000798        0xc .\CortexM0\ARM_GCC_541\Debug\PositionPID.o
                0x00000798                PIDIsEnabled
 .text.SetkPosition
                0x000007a4        0xc .\CortexM0\ARM_GCC_541\Debug\PositionPID.o
                0x000007a4                SetkPosition
 .text.SetkIntegral
                0x000007b0        0xc .\CortexM0\ARM_GCC_541\Debug\PositionPID.o
                0x000007b0                SetkIntegral
 .text.SetkDerivative
                0x000007bc        0xc .\CortexM0\ARM_GCC_541\Debug\PositionPID.o
                0x000007bc                SetkDerivative
 .text.SetkPPJR
                0x000007c8        0xc .\CortexM0\ARM_GCC_541\Debug\PositionPID.o
                0x000007c8                SetkPPJR
 .text.SetMaxPIDPWM
                0x000007d4        0xc .\CortexM0\ARM_GCC_541\Debug\PositionPID.o
                0x000007d4                SetMaxPIDPWM
 .text.GetMaxPIDPWM
                0x000007e0        0xc .\CortexM0\ARM_GCC_541\Debug\PositionPID.o
                0x000007e0                GetMaxPIDPWM
 .text.GetEncoderValWithFlip
                0x000007ec       0x14 .\CortexM0\ARM_GCC_541\Debug\PositionPID.o
                0x000007ec                GetEncoderValWithFlip
 .text.InitializePID
                0x00000800       0x24 .\CortexM0\ARM_GCC_541\Debug\PositionPID.o
                0x00000800                InitializePID
 .text.SetEncoderDirDefault
                0x00000824        0xc .\CortexM0\ARM_GCC_541\Debug\PositionPID.o
                0x00000824                SetEncoderDirDefault
 .text.SetEncoderDirReverse
                0x00000830        0xc .\CortexM0\ARM_GCC_541\Debug\PositionPID.o
                0x00000830                SetEncoderDirReverse
 .text.CurrentPositionMiliDegree
                0x0000083c       0x24 .\CortexM0\ARM_GCC_541\Debug\PositionPID.o
                0x0000083c                CurrentPositionMiliDegree
 .text.MiliDegreesToTicks
                0x00000860       0x18 .\CortexM0\ARM_GCC_541\Debug\PositionPID.o
                0x00000860                MiliDegreesToTicks
 .text.Position_PID
                0x00000878       0x84 .\CortexM0\ARM_GCC_541\Debug\PositionPID.o
                0x00000878                Position_PID
 .text.SetPosition
                0x000008fc       0x68 .\CortexM0\ARM_GCC_541\Debug\PositionPID.o
                0x000008fc                SetPosition
 .text.GetLimitSwNumFromPacket
                0x00000964        0x4 .\CortexM0\ARM_GCC_541\Debug\Motor_Unit_CAN.o
 .text.GetEncCountFromPacket
                0x00000968       0x10 .\CortexM0\ARM_GCC_541\Debug\Motor_Unit_CAN.o
 .text.SendEncoderData
                0x00000978       0x24 .\CortexM0\ARM_GCC_541\Debug\Motor_Unit_CAN.o
                0x00000978                SendEncoderData
 .text.NextStateFromCAN
                0x0000099c      0x44c .\CortexM0\ARM_GCC_541\Debug\Motor_Unit_CAN.o
                0x0000099c                NextStateFromCAN
 .text.GotoUninitState
                0x00000de8       0x14 .\CortexM0\ARM_GCC_541\Debug\Motor_Unit_FSM.o
                0x00000de8                GotoUninitState
 .text.SetStateTo
                0x00000dfc        0xc .\CortexM0\ARM_GCC_541\Debug\Motor_Unit_FSM.o
                0x00000dfc                SetStateTo
 .text.SetModeTo
                0x00000e08        0xc .\CortexM0\ARM_GCC_541\Debug\Motor_Unit_FSM.o
                0x00000e08                SetModeTo
 .text.GetState
                0x00000e14        0xc .\CortexM0\ARM_GCC_541\Debug\Motor_Unit_FSM.o
                0x00000e14                GetState
 .text.GetMode  0x00000e20        0xc .\CortexM0\ARM_GCC_541\Debug\Motor_Unit_FSM.o
                0x00000e20                GetMode
 .text.PositionConstIsSet
                0x00000e2c       0x10 .\CortexM0\ARM_GCC_541\Debug\Motor_Unit_FSM.o
                0x00000e2c                PositionConstIsSet
 .text.IntegralConstIsSet
                0x00000e3c       0x10 .\CortexM0\ARM_GCC_541\Debug\Motor_Unit_FSM.o
                0x00000e3c                IntegralConstIsSet
 .text.DerivativeConstIsSet
                0x00000e4c       0x10 .\CortexM0\ARM_GCC_541\Debug\Motor_Unit_FSM.o
                0x00000e4c                DerivativeConstIsSet
 .text.PPJRConstIsSet
                0x00000e5c       0x10 .\CortexM0\ARM_GCC_541\Debug\Motor_Unit_FSM.o
                0x00000e5c                PPJRConstIsSet
 .text.PIDconstsSet
                0x00000e6c       0x14 .\CortexM0\ARM_GCC_541\Debug\Motor_Unit_FSM.o
                0x00000e6c                PIDconstsSet
 .text.InitCAN_swerve
                0x00000e80      0x11c .\CortexM0\ARM_GCC_541\Debug\PortPSOC_swerve.o
                0x00000e80                InitCAN_swerve
 .text.SendCANPacket
                0x00000f9c       0x40 .\CortexM0\ARM_GCC_541\Debug\PortPSOC_swerve.o
                0x00000f9c                SendCANPacket
 .text.getLocalDeviceSerial
                0x00000fdc        0xc .\CortexM0\ARM_GCC_541\Debug\PortPSOC_swerve.o
                0x00000fdc                getLocalDeviceSerial
 .text.getLocalDeviceGroup
                0x00000fe8        0xc .\CortexM0\ARM_GCC_541\Debug\PortPSOC_swerve.o
                0x00000fe8                getLocalDeviceGroup
 .text.getChipType
                0x00000ff4        0x4 .\CortexM0\ARM_GCC_541\Debug\PortPSOC_swerve.o
                0x00000ff4                getChipType
 .text.FIFOSize
                0x00000ff8       0x48 .\CortexM0\ARM_GCC_541\Debug\PortPSOC_swerve.o
                0x00000ff8                FIFOSize
 .text.countAddFIFO
                0x00001040       0x50 .\CortexM0\ARM_GCC_541\Debug\PortPSOC_swerve.o
                0x00001040                countAddFIFO
 .text.CAN_FLAG_ISR
                0x00001090      0x12c .\CortexM0\ARM_GCC_541\Debug\PortPSOC_swerve.o
                0x00001090                CAN_FLAG_ISR
 .text.countRemoveFIFO
                0x000011bc       0x28 .\CortexM0\ARM_GCC_541\Debug\PortPSOC_swerve.o
                0x000011bc                countRemoveFIFO
 .text.PollAndReceiveCANPacket
                0x000011e4       0x4c .\CortexM0\ARM_GCC_541\Debug\PortPSOC_swerve.o
                0x000011e4                PollAndReceiveCANPacket
 .text.AssembleChipTypeReportPacket
                0x00001230       0x24 .\CortexM0\ARM_GCC_541\Debug\CANCommon.o
                0x00001230                AssembleChipTypeReportPacket
 .text.AssembleTelemetryReportPacket
                0x00001254       0x2c .\CortexM0\ARM_GCC_541\Debug\CANCommon.o
                0x00001254                AssembleTelemetryReportPacket
 .text.GetModeFromPacket
                0x00001280        0x4 .\CortexM0\ARM_GCC_541\Debug\CANMotorUnit.o
                0x00001280                GetModeFromPacket
 .text.GetPWMFromPacket
                0x00001284       0x10 .\CortexM0\ARM_GCC_541\Debug\CANMotorUnit.o
                0x00001284                GetPWMFromPacket
 .text.GetPIDTargetFromPacket
                0x00001294       0x10 .\CortexM0\ARM_GCC_541\Debug\CANMotorUnit.o
                0x00001294                GetPIDTargetFromPacket
 .text.GetPFromPacket
                0x000012a4       0x10 .\CortexM0\ARM_GCC_541\Debug\CANMotorUnit.o
                0x000012a4                GetPFromPacket
 .text.GetIFromPacket
                0x000012b4       0x10 .\CortexM0\ARM_GCC_541\Debug\CANMotorUnit.o
                0x000012b4                GetIFromPacket
 .text.GetDFromPacket
                0x000012c4       0x10 .\CortexM0\ARM_GCC_541\Debug\CANMotorUnit.o
                0x000012c4                GetDFromPacket
 .text.AssembleLimitSwitchAlertPacket
                0x000012d4       0x20 .\CortexM0\ARM_GCC_541\Debug\CANMotorUnit.o
                0x000012d4                AssembleLimitSwitchAlertPacket
 .text.GetEncoderPPJRFromPacket
                0x000012f4       0x10 .\CortexM0\ARM_GCC_541\Debug\CANMotorUnit.o
                0x000012f4                GetEncoderPPJRFromPacket
 .text.GetEncoderDirectionFromPacket
                0x00001304        0x8 .\CortexM0\ARM_GCC_541\Debug\CANMotorUnit.o
                0x00001304                GetEncoderDirectionFromPacket
 .text.GetEncoderZeroFromPacket
                0x0000130c        0x8 .\CortexM0\ARM_GCC_541\Debug\CANMotorUnit.o
                0x0000130c                GetEncoderZeroFromPacket
 .text.GetMaxPIDPWMFromPacket
                0x00001314       0x10 .\CortexM0\ARM_GCC_541\Debug\CANMotorUnit.o
                0x00001314                GetMaxPIDPWMFromPacket
 .text.ConstructCANID
                0x00001324       0x1c .\CortexM0\ARM_GCC_541\Debug\CANPacket.o
                0x00001324                ConstructCANID
 .text.WriteSenderSerialAndPacketID
                0x00001340       0x18 .\CortexM0\ARM_GCC_541\Debug\CANPacket.o
                0x00001340                WriteSenderSerialAndPacketID
 .text.GetDeviceSerialNumber
                0x00001358        0x8 .\CortexM0\ARM_GCC_541\Debug\CANPacket.o
                0x00001358                GetDeviceSerialNumber
 .text.GetSenderDeviceSerialNumber
                0x00001360        0x4 .\CortexM0\ARM_GCC_541\Debug\CANPacket.o
                0x00001360                GetSenderDeviceSerialNumber
 .text.GetSenderDeviceGroupCode
                0x00001364        0x4 .\CortexM0\ARM_GCC_541\Debug\CANPacket.o
                0x00001364                GetSenderDeviceGroupCode
 .text.PackIntIntoDataMSBFirst
                0x00001368       0x18 .\CortexM0\ARM_GCC_541\Debug\CANPacket.o
                0x00001368                PackIntIntoDataMSBFirst
 .text.DecodeBytesToIntMSBFirst
                0x00001380       0x44 .\CortexM0\ARM_GCC_541\Debug\CANPacket.o
                0x00001380                DecodeBytesToIntMSBFirst
 .text.cfg_write_bytes32
                0x000013c4       0x34 .\CortexM0\ARM_GCC_541\Debug\cyfitter_cfg.o
 .text.CYMEMZERO
                0x000013f8        0xc .\CortexM0\ARM_GCC_541\Debug\cyfitter_cfg.o
 .text.SetAnalogRoutingPumps
                0x00001404       0x20 .\CortexM0\ARM_GCC_541\Debug\cyfitter_cfg.o
                0x00001404                SetAnalogRoutingPumps
 .text.AnalogSetDefault
                0x00001424       0x3c .\CortexM0\ARM_GCC_541\Debug\cyfitter_cfg.o
 .text.IntDefaultHandler
                0x00001460       0x10 .\CortexM0\ARM_GCC_541\Debug\Cm0Start.o
                0x00001460                IntDefaultHandler
 .text._sbrk    0x00001470       0x30 .\CortexM0\ARM_GCC_541\Debug\Cm0Start.o
                0x00001470                _sbrk
 .text.Start_c  0x000014a0       0x48 .\CortexM0\ARM_GCC_541\Debug\Cm0Start.o
                0x000014a0                Start_c
 .text.initialize_psoc
                0x000014e8       0x4c .\CortexM0\ARM_GCC_541\Debug\Cm0Start.o
                0x000014e8                initialize_psoc
 .text.Limit1_Read
                0x00001534       0x10 .\CortexM0\ARM_GCC_541\Debug\SwerveMotorFirmware.a(Limit1.o)
                0x00001534                Limit1_Read
 .text.Limit2_Read
                0x00001544       0x10 .\CortexM0\ARM_GCC_541\Debug\SwerveMotorFirmware.a(Limit2.o)
                0x00001544                Limit2_Read
 .text.PWM_Motor1_WriteCounter
                0x00001554       0x10 .\CortexM0\ARM_GCC_541\Debug\SwerveMotorFirmware.a(PWM_Motor1.o)
                0x00001554                PWM_Motor1_WriteCounter
 .text.PWM_Motor1_WritePeriod
                0x00001564       0x10 .\CortexM0\ARM_GCC_541\Debug\SwerveMotorFirmware.a(PWM_Motor1.o)
                0x00001564                PWM_Motor1_WritePeriod
 .text.PWM_Motor1_WriteCompare
                0x00001574       0x10 .\CortexM0\ARM_GCC_541\Debug\SwerveMotorFirmware.a(PWM_Motor1.o)
                0x00001574                PWM_Motor1_WriteCompare
 .text.PWM_Motor1_TriggerCommand
                0x00001584       0x1c .\CortexM0\ARM_GCC_541\Debug\SwerveMotorFirmware.a(PWM_Motor1.o)
                0x00001584                PWM_Motor1_TriggerCommand
 .text.PWM_Motor1_Enable
                0x000015a0       0x24 .\CortexM0\ARM_GCC_541\Debug\SwerveMotorFirmware.a(PWM_Motor1.o)
                0x000015a0                PWM_Motor1_Enable
 .text.PWM_Motor1_SetInterruptMode
                0x000015c4        0xc .\CortexM0\ARM_GCC_541\Debug\SwerveMotorFirmware.a(PWM_Motor1.o)
                0x000015c4                PWM_Motor1_SetInterruptMode
 .text.PWM_Motor1_Init
                0x000015d0       0x44 .\CortexM0\ARM_GCC_541\Debug\SwerveMotorFirmware.a(PWM_Motor1.o)
                0x000015d0                PWM_Motor1_Init
 .text.PWM_Motor1_Start
                0x00001614       0x20 .\CortexM0\ARM_GCC_541\Debug\SwerveMotorFirmware.a(PWM_Motor1.o)
                0x00001614                PWM_Motor1_Start
 .text.isr_Limit_1_SetVector
                0x00001634        0xc .\CortexM0\ARM_GCC_541\Debug\SwerveMotorFirmware.a(isr_Limit_1.o)
                0x00001634                isr_Limit_1_SetVector
 .text.isr_Limit_1_SetPriority
                0x00001640       0x24 .\CortexM0\ARM_GCC_541\Debug\SwerveMotorFirmware.a(isr_Limit_1.o)
                0x00001640                isr_Limit_1_SetPriority
 .text.isr_Limit_1_Enable
                0x00001664        0xc .\CortexM0\ARM_GCC_541\Debug\SwerveMotorFirmware.a(isr_Limit_1.o)
                0x00001664                isr_Limit_1_Enable
 .text.isr_Limit_1_Disable
                0x00001670        0xc .\CortexM0\ARM_GCC_541\Debug\SwerveMotorFirmware.a(isr_Limit_1.o)
                0x00001670                isr_Limit_1_Disable
 .text.isr_Limit_1_StartEx
                0x0000167c       0x1c .\CortexM0\ARM_GCC_541\Debug\SwerveMotorFirmware.a(isr_Limit_1.o)
                0x0000167c                isr_Limit_1_StartEx
 .text.QuadDec_GetCounter
                0x00001698       0x14 .\CortexM0\ARM_GCC_541\Debug\SwerveMotorFirmware.a(QuadDec.o)
                0x00001698                QuadDec_GetCounter
 .text.QuadDec_SetCounter
                0x000016ac       0x24 .\CortexM0\ARM_GCC_541\Debug\SwerveMotorFirmware.a(QuadDec.o)
                0x000016ac                QuadDec_SetCounter
 .text.QuadDec_GetEvents
                0x000016d0       0x10 .\CortexM0\ARM_GCC_541\Debug\SwerveMotorFirmware.a(QuadDec.o)
                0x000016d0                QuadDec_GetEvents
 .text.QuadDec_SetInterruptMask
                0x000016e0        0xc .\CortexM0\ARM_GCC_541\Debug\SwerveMotorFirmware.a(QuadDec.o)
                0x000016e0                QuadDec_SetInterruptMask
 .text.QuadDec_Enable
                0x000016ec       0x28 .\CortexM0\ARM_GCC_541\Debug\SwerveMotorFirmware.a(QuadDec.o)
                0x000016ec                QuadDec_Enable
 .text.QuadDec_Start
                0x00001714       0x28 .\CortexM0\ARM_GCC_541\Debug\SwerveMotorFirmware.a(QuadDec.o)
                0x00001714                QuadDec_Start
 .text.Status_Reg_Switches_Read
                0x0000173c        0xc .\CortexM0\ARM_GCC_541\Debug\SwerveMotorFirmware.a(Status_Reg_Switches.o)
                0x0000173c                Status_Reg_Switches_Read
 .text.Status_Reg_Switches_InterruptEnable
                0x00001748       0x1c .\CortexM0\ARM_GCC_541\Debug\SwerveMotorFirmware.a(Status_Reg_Switches.o)
                0x00001748                Status_Reg_Switches_InterruptEnable
 .text.CAN_GlobalIntEnable
                0x00001764       0x1c .\CortexM0\ARM_GCC_541\Debug\SwerveMotorFirmware.a(CAN.o)
                0x00001764                CAN_GlobalIntEnable
 .text.CAN_Enable
                0x00001780       0x48 .\CortexM0\ARM_GCC_541\Debug\SwerveMotorFirmware.a(CAN.o)
                0x00001780                CAN_Enable
 .text.CAN_SetPreScaler
                0x000017c8       0x38 .\CortexM0\ARM_GCC_541\Debug\SwerveMotorFirmware.a(CAN.o)
                0x000017c8                CAN_SetPreScaler
 .text.CAN_SetArbiter
                0x00001800       0x40 .\CortexM0\ARM_GCC_541\Debug\SwerveMotorFirmware.a(CAN.o)
                0x00001800                CAN_SetArbiter
 .text.CAN_SetTsegSample
                0x00001840       0xa0 .\CortexM0\ARM_GCC_541\Debug\SwerveMotorFirmware.a(CAN.o)
                0x00001840                CAN_SetTsegSample
 .text.CAN_SetRestartType
                0x000018e0       0x38 .\CortexM0\ARM_GCC_541\Debug\SwerveMotorFirmware.a(CAN.o)
                0x000018e0                CAN_SetRestartType
 .text.CAN_SetEdgeMode
                0x00001918       0x38 .\CortexM0\ARM_GCC_541\Debug\SwerveMotorFirmware.a(CAN.o)
                0x00001918                CAN_SetEdgeMode
 .text.CAN_SetIrqMask
                0x00001950       0x1c .\CortexM0\ARM_GCC_541\Debug\SwerveMotorFirmware.a(CAN.o)
                0x00001950                CAN_SetIrqMask
 .text.CAN_RxBufConfig
                0x0000196c       0x98 .\CortexM0\ARM_GCC_541\Debug\SwerveMotorFirmware.a(CAN.o)
                0x0000196c                CAN_RxBufConfig
 .text.CAN_TxBufConfig
                0x00001a04       0x58 .\CortexM0\ARM_GCC_541\Debug\SwerveMotorFirmware.a(CAN.o)
                0x00001a04                CAN_TxBufConfig
 .text.CAN_RxTxBuffersConfig
                0x00001a5c       0x54 .\CortexM0\ARM_GCC_541\Debug\SwerveMotorFirmware.a(CAN.o)
                0x00001a5c                CAN_RxTxBuffersConfig
 .text.CAN_SetSwapDataEndianness
                0x00001ab0       0x40 .\CortexM0\ARM_GCC_541\Debug\SwerveMotorFirmware.a(CAN.o)
                0x00001ab0                CAN_SetSwapDataEndianness
 .text.CAN_Init
                0x00001af0       0xe8 .\CortexM0\ARM_GCC_541\Debug\SwerveMotorFirmware.a(CAN.o)
                0x00001af0                CAN_Init
 .text.CAN_Start
                0x00001bd8       0x28 .\CortexM0\ARM_GCC_541\Debug\SwerveMotorFirmware.a(CAN.o)
                0x00001bd8                CAN_Start
 .text.CAN_ISR  0x00001c00        0x4 .\CortexM0\ARM_GCC_541\Debug\SwerveMotorFirmware.a(CAN_INT.o)
                0x00001c00                CAN_ISR
 .text.CAN_SendMsg
                0x00001c04      0x154 .\CortexM0\ARM_GCC_541\Debug\SwerveMotorFirmware.a(CAN_TX_RX_func.o)
                0x00001c04                CAN_SendMsg
 .text.UART_ScbEnableIntr
                0x00001d58        0xc .\CortexM0\ARM_GCC_541\Debug\SwerveMotorFirmware.a(UART.o)
 .text.UART_ScbModePostEnable
                0x00001d64        0x8 .\CortexM0\ARM_GCC_541\Debug\SwerveMotorFirmware.a(UART.o)
 .text.UART_Init
                0x00001d6c        0x8 .\CortexM0\ARM_GCC_541\Debug\SwerveMotorFirmware.a(UART.o)
                0x00001d6c                UART_Init
 .text.UART_Enable
                0x00001d74       0x1c .\CortexM0\ARM_GCC_541\Debug\SwerveMotorFirmware.a(UART.o)
                0x00001d74                UART_Enable
 .text.UART_Start
                0x00001d90       0x20 .\CortexM0\ARM_GCC_541\Debug\SwerveMotorFirmware.a(UART.o)
                0x00001d90                UART_Start
 .text.UART_UartInit
                0x00001db0       0xdc .\CortexM0\ARM_GCC_541\Debug\SwerveMotorFirmware.a(UART_UART.o)
                0x00001db0                UART_UartInit
 .text.UART_UartPostEnable
                0x00001e8c       0x24 .\CortexM0\ARM_GCC_541\Debug\SwerveMotorFirmware.a(UART_UART.o)
                0x00001e8c                UART_UartPostEnable
 .text.UART_UartPutString
                0x00001eb0       0x18 .\CortexM0\ARM_GCC_541\Debug\SwerveMotorFirmware.a(UART_UART.o)
                0x00001eb0                UART_UartPutString
 .text.Dip1_Read
                0x00001ec8       0x10 .\CortexM0\ARM_GCC_541\Debug\SwerveMotorFirmware.a(Dip1.o)
                0x00001ec8                Dip1_Read
 .text.Dip2_Read
                0x00001ed8       0x10 .\CortexM0\ARM_GCC_541\Debug\SwerveMotorFirmware.a(Dip2.o)
                0x00001ed8                Dip2_Read
 .text.Dip3_Read
                0x00001ee8       0x10 .\CortexM0\ARM_GCC_541\Debug\SwerveMotorFirmware.a(Dip3.o)
                0x00001ee8                Dip3_Read
 .text.Dip4_Read
                0x00001ef8       0x10 .\CortexM0\ARM_GCC_541\Debug\SwerveMotorFirmware.a(Dip4.o)
                0x00001ef8                Dip4_Read
 .text.Timer_1_Enable
                0x00001f08       0x14 .\CortexM0\ARM_GCC_541\Debug\SwerveMotorFirmware.a(Timer_1.o)
                0x00001f08                Timer_1_Enable
 .text.Timer_1_SetInterruptMode
                0x00001f1c        0xc .\CortexM0\ARM_GCC_541\Debug\SwerveMotorFirmware.a(Timer_1.o)
                0x00001f1c                Timer_1_SetInterruptMode
 .text.Timer_1_ReadStatusRegister
                0x00001f28        0xc .\CortexM0\ARM_GCC_541\Debug\SwerveMotorFirmware.a(Timer_1.o)
                0x00001f28                Timer_1_ReadStatusRegister
 .text.Timer_1_WritePeriod
                0x00001f34       0x10 .\CortexM0\ARM_GCC_541\Debug\SwerveMotorFirmware.a(Timer_1.o)
                0x00001f34                Timer_1_WritePeriod
 .text.Timer_1_ReadCapture
                0x00001f44       0x10 .\CortexM0\ARM_GCC_541\Debug\SwerveMotorFirmware.a(Timer_1.o)
                0x00001f44                Timer_1_ReadCapture
 .text.Timer_1_WriteCounter
                0x00001f54       0x10 .\CortexM0\ARM_GCC_541\Debug\SwerveMotorFirmware.a(Timer_1.o)
                0x00001f54                Timer_1_WriteCounter
 .text.Timer_1_ClearFIFO
                0x00001f64       0x14 .\CortexM0\ARM_GCC_541\Debug\SwerveMotorFirmware.a(Timer_1.o)
                0x00001f64                Timer_1_ClearFIFO
 .text.Timer_1_Init
                0x00001f78       0x38 .\CortexM0\ARM_GCC_541\Debug\SwerveMotorFirmware.a(Timer_1.o)
                0x00001f78                Timer_1_Init
 .text.Timer_1_Start
                0x00001fb0       0x20 .\CortexM0\ARM_GCC_541\Debug\SwerveMotorFirmware.a(Timer_1.o)
                0x00001fb0                Timer_1_Start
 .text.isr_period_SetVector
                0x00001fd0        0xc .\CortexM0\ARM_GCC_541\Debug\SwerveMotorFirmware.a(isr_period.o)
                0x00001fd0                isr_period_SetVector
 .text.isr_period_SetPriority
                0x00001fdc       0x20 .\CortexM0\ARM_GCC_541\Debug\SwerveMotorFirmware.a(isr_period.o)
                0x00001fdc                isr_period_SetPriority
 .text.isr_period_Enable
                0x00001ffc        0xc .\CortexM0\ARM_GCC_541\Debug\SwerveMotorFirmware.a(isr_period.o)
                0x00001ffc                isr_period_Enable
 .text.isr_period_Disable
                0x00002008        0xc .\CortexM0\ARM_GCC_541\Debug\SwerveMotorFirmware.a(isr_period.o)
                0x00002008                isr_period_Disable
 .text.isr_period_StartEx
                0x00002014       0x1c .\CortexM0\ARM_GCC_541\Debug\SwerveMotorFirmware.a(isr_period.o)
                0x00002014                isr_period_StartEx
 .text.LED_Debug1_Write
                0x00002030       0x18 .\CortexM0\ARM_GCC_541\Debug\SwerveMotorFirmware.a(LED_Debug1.o)
                0x00002030                LED_Debug1_Write
 .text.LED_Debug2_Write
                0x00002048       0x18 .\CortexM0\ARM_GCC_541\Debug\SwerveMotorFirmware.a(LED_Debug2.o)
                0x00002048                LED_Debug2_Write
 .text.LED_CAN_Write
                0x00002060       0x18 .\CortexM0\ARM_GCC_541\Debug\SwerveMotorFirmware.a(LED_CAN.o)
                0x00002060                LED_CAN_Write
 .text.LED_Error_Write
                0x00002078       0x18 .\CortexM0\ARM_GCC_541\Debug\SwerveMotorFirmware.a(LED_Error.o)
                0x00002078                LED_Error_Write
 .text.StripLights_FISR
                0x00002090       0x60 .\CortexM0\ARM_GCC_541\Debug\SwerveMotorFirmware.a(StripLights.o)
                0x00002090                StripLights_FISR
 .text.StripLights_CISR
                0x000020f0       0x7c .\CortexM0\ARM_GCC_541\Debug\SwerveMotorFirmware.a(StripLights.o)
                0x000020f0                StripLights_CISR
 .text.StripLights_Trigger
                0x0000216c       0x6c .\CortexM0\ARM_GCC_541\Debug\SwerveMotorFirmware.a(StripLights.o)
                0x0000216c                StripLights_Trigger
 .text.StripLights_MemClear
                0x000021d8       0x28 .\CortexM0\ARM_GCC_541\Debug\SwerveMotorFirmware.a(StripLights.o)
                0x000021d8                StripLights_MemClear
 .text.StripLights_DisplayClear
                0x00002200       0x10 .\CortexM0\ARM_GCC_541\Debug\SwerveMotorFirmware.a(StripLights.o)
                0x00002200                StripLights_DisplayClear
 .text.StripLights_Pixel
                0x00002210       0x24 .\CortexM0\ARM_GCC_541\Debug\SwerveMotorFirmware.a(StripLights.o)
                0x00002210                StripLights_Pixel
 .text.StripLights_Dim
                0x00002234       0x78 .\CortexM0\ARM_GCC_541\Debug\SwerveMotorFirmware.a(StripLights.o)
                0x00002234                StripLights_Dim
 .text.StripLights_Start
                0x000022ac       0x7c .\CortexM0\ARM_GCC_541\Debug\SwerveMotorFirmware.a(StripLights.o)
                0x000022ac                StripLights_Start
 .text.StripLights_SetFont
                0x00002328       0x4c .\CortexM0\ARM_GCC_541\Debug\SwerveMotorFirmware.a(StripLights_fonts.o)
                0x00002328                StripLights_SetFont
 .text.PWM_Motor2_WriteCounter
                0x00002374       0x10 .\CortexM0\ARM_GCC_541\Debug\SwerveMotorFirmware.a(PWM_Motor2.o)
                0x00002374                PWM_Motor2_WriteCounter
 .text.PWM_Motor2_WritePeriod
                0x00002384       0x10 .\CortexM0\ARM_GCC_541\Debug\SwerveMotorFirmware.a(PWM_Motor2.o)
                0x00002384                PWM_Motor2_WritePeriod
 .text.PWM_Motor2_WriteCompare
                0x00002394       0x10 .\CortexM0\ARM_GCC_541\Debug\SwerveMotorFirmware.a(PWM_Motor2.o)
                0x00002394                PWM_Motor2_WriteCompare
 .text.PWM_Motor2_TriggerCommand
                0x000023a4       0x1c .\CortexM0\ARM_GCC_541\Debug\SwerveMotorFirmware.a(PWM_Motor2.o)
                0x000023a4                PWM_Motor2_TriggerCommand
 .text.PWM_Motor2_Enable
                0x000023c0       0x24 .\CortexM0\ARM_GCC_541\Debug\SwerveMotorFirmware.a(PWM_Motor2.o)
                0x000023c0                PWM_Motor2_Enable
 .text.PWM_Motor2_SetInterruptMode
                0x000023e4        0xc .\CortexM0\ARM_GCC_541\Debug\SwerveMotorFirmware.a(PWM_Motor2.o)
                0x000023e4                PWM_Motor2_SetInterruptMode
 .text.PWM_Motor2_Init
                0x000023f0       0x44 .\CortexM0\ARM_GCC_541\Debug\SwerveMotorFirmware.a(PWM_Motor2.o)
                0x000023f0                PWM_Motor2_Init
 .text.PWM_Motor2_Start
                0x00002434       0x20 .\CortexM0\ARM_GCC_541\Debug\SwerveMotorFirmware.a(PWM_Motor2.o)
                0x00002434                PWM_Motor2_Start
 .text.Motor1Direction_Write
                0x00002454       0x18 .\CortexM0\ARM_GCC_541\Debug\SwerveMotorFirmware.a(Motor1Direction.o)
                0x00002454                Motor1Direction_Write
 .text.Motor2Direction_Write
                0x0000246c       0x18 .\CortexM0\ARM_GCC_541\Debug\SwerveMotorFirmware.a(Motor2Direction.o)
                0x0000246c                Motor2Direction_Write
 .text.QuadDec_Cnt16_Enable
                0x00002484       0x14 .\CortexM0\ARM_GCC_541\Debug\SwerveMotorFirmware.a(QuadDec_Cnt16.o)
                0x00002484                QuadDec_Cnt16_Enable
 .text.QuadDec_Cnt16_SetInterruptMode
                0x00002498        0xc .\CortexM0\ARM_GCC_541\Debug\SwerveMotorFirmware.a(QuadDec_Cnt16.o)
                0x00002498                QuadDec_Cnt16_SetInterruptMode
 .text.QuadDec_Cnt16_ReadStatusRegister
                0x000024a4        0xc .\CortexM0\ARM_GCC_541\Debug\SwerveMotorFirmware.a(QuadDec_Cnt16.o)
                0x000024a4                QuadDec_Cnt16_ReadStatusRegister
 .text.QuadDec_Cnt16_WriteCounter
                0x000024b0        0xc .\CortexM0\ARM_GCC_541\Debug\SwerveMotorFirmware.a(QuadDec_Cnt16.o)
                0x000024b0                QuadDec_Cnt16_WriteCounter
 .text.QuadDec_Cnt16_ReadCounter
                0x000024bc       0x14 .\CortexM0\ARM_GCC_541\Debug\SwerveMotorFirmware.a(QuadDec_Cnt16.o)
                0x000024bc                QuadDec_Cnt16_ReadCounter
 .text.QuadDec_Cnt16_ReadCapture
                0x000024d0        0xc .\CortexM0\ARM_GCC_541\Debug\SwerveMotorFirmware.a(QuadDec_Cnt16.o)
                0x000024d0                QuadDec_Cnt16_ReadCapture
 .text.QuadDec_Cnt16_WritePeriod
                0x000024dc        0xc .\CortexM0\ARM_GCC_541\Debug\SwerveMotorFirmware.a(QuadDec_Cnt16.o)
                0x000024dc                QuadDec_Cnt16_WritePeriod
 .text.QuadDec_Cnt16_WriteCompare
                0x000024e8        0xc .\CortexM0\ARM_GCC_541\Debug\SwerveMotorFirmware.a(QuadDec_Cnt16.o)
                0x000024e8                QuadDec_Cnt16_WriteCompare
 .text.QuadDec_Cnt16_ClearFIFO
                0x000024f4       0x14 .\CortexM0\ARM_GCC_541\Debug\SwerveMotorFirmware.a(QuadDec_Cnt16.o)
                0x000024f4                QuadDec_Cnt16_ClearFIFO
 .text.QuadDec_Cnt16_Init
                0x00002508       0x58 .\CortexM0\ARM_GCC_541\Debug\SwerveMotorFirmware.a(QuadDec_Cnt16.o)
                0x00002508                QuadDec_Cnt16_Init
 .text.QuadDec_Cnt16_Start
                0x00002560       0x20 .\CortexM0\ARM_GCC_541\Debug\SwerveMotorFirmware.a(QuadDec_Cnt16.o)
                0x00002560                QuadDec_Cnt16_Start
 .text.StripLights_cisr_SetVector
                0x00002580        0xc .\CortexM0\ARM_GCC_541\Debug\SwerveMotorFirmware.a(StripLights_cisr.o)
                0x00002580                StripLights_cisr_SetVector
 .text.StripLights_cisr_SetPriority
                0x0000258c       0x20 .\CortexM0\ARM_GCC_541\Debug\SwerveMotorFirmware.a(StripLights_cisr.o)
                0x0000258c                StripLights_cisr_SetPriority
 .text.StripLights_cisr_Enable
                0x000025ac        0xc .\CortexM0\ARM_GCC_541\Debug\SwerveMotorFirmware.a(StripLights_cisr.o)
                0x000025ac                StripLights_cisr_Enable
 .text.StripLights_cisr_Disable
                0x000025b8        0xc .\CortexM0\ARM_GCC_541\Debug\SwerveMotorFirmware.a(StripLights_cisr.o)
                0x000025b8                StripLights_cisr_Disable
 .text.StripLights_cisr_StartEx
                0x000025c4       0x1c .\CortexM0\ARM_GCC_541\Debug\SwerveMotorFirmware.a(StripLights_cisr.o)
                0x000025c4                StripLights_cisr_StartEx
 .text.StripLights_fisr_SetVector
                0x000025e0        0xc .\CortexM0\ARM_GCC_541\Debug\SwerveMotorFirmware.a(StripLights_fisr.o)
                0x000025e0                StripLights_fisr_SetVector
 .text.StripLights_fisr_SetPriority
                0x000025ec       0x24 .\CortexM0\ARM_GCC_541\Debug\SwerveMotorFirmware.a(StripLights_fisr.o)
                0x000025ec                StripLights_fisr_SetPriority
 .text.StripLights_fisr_Enable
                0x00002610        0xc .\CortexM0\ARM_GCC_541\Debug\SwerveMotorFirmware.a(StripLights_fisr.o)
                0x00002610                StripLights_fisr_Enable
 .text.StripLights_fisr_Disable
                0x0000261c        0xc .\CortexM0\ARM_GCC_541\Debug\SwerveMotorFirmware.a(StripLights_fisr.o)
                0x0000261c                StripLights_fisr_Disable
 .text.StripLights_fisr_StartEx
                0x00002628       0x1c .\CortexM0\ARM_GCC_541\Debug\SwerveMotorFirmware.a(StripLights_fisr.o)
                0x00002628                StripLights_fisr_StartEx
 .text.CySysClkImoSetPwrBgTrim5
                0x00002644       0x30 .\CortexM0\ARM_GCC_541\Debug\SwerveMotorFirmware.a(CyLib.o)
 .text.CySysClkImoSetImoTrims
                0x00002674       0xb0 .\CortexM0\ARM_GCC_541\Debug\SwerveMotorFirmware.a(CyLib.o)
 .text.CySysClkImoDisableWcoLock
                0x00002724       0x54 .\CortexM0\ARM_GCC_541\Debug\SwerveMotorFirmware.a(CyLib.o)
                0x00002724                CySysClkImoDisableWcoLock
 .text.CySysClkImoGetWcoLock
                0x00002778       0x14 .\CortexM0\ARM_GCC_541\Debug\SwerveMotorFirmware.a(CyLib.o)
                0x00002778                CySysClkImoGetWcoLock
 .text.CySysClkImoEnableUsbLock
                0x0000278c       0x44 .\CortexM0\ARM_GCC_541\Debug\SwerveMotorFirmware.a(CyLib.o)
                0x0000278c                CySysClkImoEnableUsbLock
 .text.CySysClkImoDisableUsbLock
                0x000027d0       0x74 .\CortexM0\ARM_GCC_541\Debug\SwerveMotorFirmware.a(CyLib.o)
                0x000027d0                CySysClkImoDisableUsbLock
 .text.CySysClkImoGetUsbLock
                0x00002844       0x14 .\CortexM0\ARM_GCC_541\Debug\SwerveMotorFirmware.a(CyLib.o)
                0x00002844                CySysClkImoGetUsbLock
 .text.CyIntEnable
                0x00002858       0x14 .\CortexM0\ARM_GCC_541\Debug\SwerveMotorFirmware.a(CyLib.o)
                0x00002858                CyIntEnable
 .text.CyIntDisable
                0x0000286c       0x14 .\CortexM0\ARM_GCC_541\Debug\SwerveMotorFirmware.a(CyLib.o)
                0x0000286c                CyIntDisable
 .text.CyHalt   0x00002880        0x4 .\CortexM0\ARM_GCC_541\Debug\SwerveMotorFirmware.a(CyLib.o)
                0x00002880                CyHalt
 .text.CyIntSetVector
                0x00002884       0x24 .\CortexM0\ARM_GCC_541\Debug\SwerveMotorFirmware.a(CyLib.o)
                0x00002884                CyIntSetVector
 .text.CyIntSetPriority
                0x000028a8       0x4c .\CortexM0\ARM_GCC_541\Debug\SwerveMotorFirmware.a(CyLib.o)
                0x000028a8                CyIntSetPriority
 .text.CyDelay  0x000028f4       0x30 .\CortexM0\ARM_GCC_541\Debug\SwerveMotorFirmware.a(CyLib.o)
                0x000028f4                CyDelay
 .text.CySysClkImoEnableWcoLock
                0x00002924      0x104 .\CortexM0\ARM_GCC_541\Debug\SwerveMotorFirmware.a(CyLib.o)
                0x00002924                CySysClkImoEnableWcoLock
 .text.CyDelayUs
                0x00002a28       0x14 .\CortexM0\ARM_GCC_541\Debug\SwerveMotorFirmware.a(CyLib.o)
                0x00002a28                CyDelayUs
 .text.CySysClkWriteImoFreq
                0x00002a3c      0x1bc .\CortexM0\ARM_GCC_541\Debug\SwerveMotorFirmware.a(CyLib.o)
                0x00002a3c                CySysClkWriteImoFreq
 .text.CySetReg24
                0x00002bf8       0x14 .\CortexM0\ARM_GCC_541\Debug\SwerveMotorFirmware.a(cyutils.o)
                0x00002bf8                CySetReg24
 .text.CyGetReg24
                0x00002c0c       0x14 .\CortexM0\ARM_GCC_541\Debug\SwerveMotorFirmware.a(cyutils.o)
                0x00002c0c                CyGetReg24
 .text.CySysWdtLocked
                0x00002c20       0x14 .\CortexM0\ARM_GCC_541\Debug\SwerveMotorFirmware.a(CyLFClk.o)
 .text.CySysClkWcoEnabled
                0x00002c34       0x14 .\CortexM0\ARM_GCC_541\Debug\SwerveMotorFirmware.a(CyLFClk.o)
                0x00002c34                CySysClkWcoEnabled
 .text.CySysWdtLock
                0x00002c48       0x1c .\CortexM0\ARM_GCC_541\Debug\SwerveMotorFirmware.a(CyLFClk.o)
                0x00002c48                CySysWdtLock
 .text.CySysWdtUnlock
                0x00002c64       0x30 .\CortexM0\ARM_GCC_541\Debug\SwerveMotorFirmware.a(CyLFClk.o)
                0x00002c64                CySysWdtUnlock
 .text.CySysWdtClearInterrupt
                0x00002c94       0x4c .\CortexM0\ARM_GCC_541\Debug\SwerveMotorFirmware.a(CyLFClk.o)
                0x00002c94                CySysWdtClearInterrupt
 .text.CySysWdtIsr
                0x00002ce0       0xa4 .\CortexM0\ARM_GCC_541\Debug\SwerveMotorFirmware.a(CyLFClk.o)
                0x00002ce0                CySysWdtIsr
 *fill*         0x00002d84        0x4 
 .text          0x00002d88       0x20 .\CortexM0\ARM_GCC_541\Debug\SwerveMotorFirmware.a(CyBootAsmGnu.o)
                0x00002d88                CyDelayCycles
                0x00002d9a                CyEnterCriticalSection
                0x00002da2                CyExitCriticalSection
 .text.UART_SpiUartWriteTxData
                0x00002da8       0x1c .\CortexM0\ARM_GCC_541\Debug\SwerveMotorFirmware.a(UART_SPI_UART.o)
                0x00002da8                UART_SpiUartWriteTxData
 .text.UART_SPI_UART_ISR
                0x00002dc4       0x78 .\CortexM0\ARM_GCC_541\Debug\SwerveMotorFirmware.a(UART_SPI_UART_INT.o)
                0x00002dc4                UART_SPI_UART_ISR
 .text.CySysFlashSetWaitCycles
                0x00002e3c       0x54 .\CortexM0\ARM_GCC_541\Debug\SwerveMotorFirmware.a(CyFlash.o)
                0x00002e3c                CySysFlashSetWaitCycles
 .text          0x00002e90      0x114 c:/program files (x86)/cypress/psoc creator/4.4/psoc creator/import/gnu/arm/5.4.1/bin/../lib/gcc/arm-none-eabi/5.4.1/armv6-m\libgcc.a(_udivsi3.o)
                0x00002e90                __aeabi_uidiv
                0x00002e90                __udivsi3
                0x00002f9c                __aeabi_uidivmod
 .text          0x00002fa4      0x1d4 c:/program files (x86)/cypress/psoc creator/4.4/psoc creator/import/gnu/arm/5.4.1/bin/../lib/gcc/arm-none-eabi/5.4.1/armv6-m\libgcc.a(_divsi3.o)
                0x00002fa4                __divsi3
                0x00002fa4                __aeabi_idiv
                0x00003170                __aeabi_idivmod
 .text          0x00003178        0x4 c:/program files (x86)/cypress/psoc creator/4.4/psoc creator/import/gnu/arm/5.4.1/bin/../lib/gcc/arm-none-eabi/5.4.1/armv6-m\libgcc.a(_dvmd_tls.o)
                0x00003178                __aeabi_idiv0
                0x00003178                __aeabi_ldiv0
 .text.__errno  0x0000317c        0xc c:/program files (x86)/cypress/psoc creator/4.4/psoc creator/import/gnu/arm/5.4.1/bin/../lib/gcc/arm-none-eabi/5.4.1/../../../../arm-none-eabi/lib/armv6-m\libg_nano.a(lib_a-errno.o)
                0x0000317c                __errno
 .text.__libc_init_array
                0x00003188       0x4c c:/program files (x86)/cypress/psoc creator/4.4/psoc creator/import/gnu/arm/5.4.1/bin/../lib/gcc/arm-none-eabi/5.4.1/../../../../arm-none-eabi/lib/armv6-m\libg_nano.a(lib_a-init.o)
                0x00003188                __libc_init_array
 .text.memcpy   0x000031d4       0x12 c:/program files (x86)/cypress/psoc creator/4.4/psoc creator/import/gnu/arm/5.4.1/bin/../lib/gcc/arm-none-eabi/5.4.1/../../../../arm-none-eabi/lib/armv6-m\libg_nano.a(lib_a-memcpy-stub.o)
                0x000031d4                memcpy
 .text.memset   0x000031e6       0x10 c:/program files (x86)/cypress/psoc creator/4.4/psoc creator/import/gnu/arm/5.4.1/bin/../lib/gcc/arm-none-eabi/5.4.1/../../../../arm-none-eabi/lib/armv6-m\libg_nano.a(lib_a-memset.o)
                0x000031e6                memset
 *fill*         0x000031f6        0x2 
 .text.sprintf  0x000031f8       0x44 c:/program files (x86)/cypress/psoc creator/4.4/psoc creator/import/gnu/arm/5.4.1/bin/../lib/gcc/arm-none-eabi/5.4.1/../../../../arm-none-eabi/lib/armv6-m\libg_nano.a(lib_a-sprintf.o)
                0x000031f8                siprintf
                0x000031f8                sprintf
 .text.__ssputs_r
                0x0000323c       0xc4 c:/program files (x86)/cypress/psoc creator/4.4/psoc creator/import/gnu/arm/5.4.1/bin/../lib/gcc/arm-none-eabi/5.4.1/../../../../arm-none-eabi/lib/armv6-m\libg_nano.a(lib_a-nano-svfprintf.o)
                0x0000323c                __ssputs_r
 .text._svfprintf_r
                0x00003300      0x1fc c:/program files (x86)/cypress/psoc creator/4.4/psoc creator/import/gnu/arm/5.4.1/bin/../lib/gcc/arm-none-eabi/5.4.1/../../../../arm-none-eabi/lib/armv6-m\libg_nano.a(lib_a-nano-svfprintf.o)
                0x00003300                _svfiprintf_r
                0x00003300                _svfprintf_r
 .text._printf_common
                0x000034fc       0xdc c:/program files (x86)/cypress/psoc creator/4.4/psoc creator/import/gnu/arm/5.4.1/bin/../lib/gcc/arm-none-eabi/5.4.1/../../../../arm-none-eabi/lib/armv6-m\libg_nano.a(lib_a-nano-vfprintf_i.o)
                0x000034fc                _printf_common
 .text._printf_i
                0x000035d8      0x244 c:/program files (x86)/cypress/psoc creator/4.4/psoc creator/import/gnu/arm/5.4.1/bin/../lib/gcc/arm-none-eabi/5.4.1/../../../../arm-none-eabi/lib/armv6-m\libg_nano.a(lib_a-nano-vfprintf_i.o)
                0x000035d8                _printf_i
 .text.memchr   0x0000381c       0x16 c:/program files (x86)/cypress/psoc creator/4.4/psoc creator/import/gnu/arm/5.4.1/bin/../lib/gcc/arm-none-eabi/5.4.1/../../../../arm-none-eabi/lib/armv6-m\libg_nano.a(lib_a-memchr-stub.o)
                0x0000381c                memchr
 .text.memmove  0x00003832       0x2a c:/program files (x86)/cypress/psoc creator/4.4/psoc creator/import/gnu/arm/5.4.1/bin/../lib/gcc/arm-none-eabi/5.4.1/../../../../arm-none-eabi/lib/armv6-m\libg_nano.a(lib_a-memmove.o)
                0x00003832                memmove
 .text._free_r  0x0000385c       0x98 c:/program files (x86)/cypress/psoc creator/4.4/psoc creator/import/gnu/arm/5.4.1/bin/../lib/gcc/arm-none-eabi/5.4.1/../../../../arm-none-eabi/lib/armv6-m\libg_nano.a(lib_a-nano-freer.o)
                0x0000385c                _free_r
 .text._malloc_r
                0x000038f4       0xc0 c:/program files (x86)/cypress/psoc creator/4.4/psoc creator/import/gnu/arm/5.4.1/bin/../lib/gcc/arm-none-eabi/5.4.1/../../../../arm-none-eabi/lib/armv6-m\libg_nano.a(lib_a-nano-mallocr.o)
                0x000038f4                _malloc_r
 .text._realloc_r
                0x000039b4       0x4c c:/program files (x86)/cypress/psoc creator/4.4/psoc creator/import/gnu/arm/5.4.1/bin/../lib/gcc/arm-none-eabi/5.4.1/../../../../arm-none-eabi/lib/armv6-m\libg_nano.a(lib_a-nano-reallocr.o)
                0x000039b4                _realloc_r
 .text._sbrk_r  0x00003a00       0x24 c:/program files (x86)/cypress/psoc creator/4.4/psoc creator/import/gnu/arm/5.4.1/bin/../lib/gcc/arm-none-eabi/5.4.1/../../../../arm-none-eabi/lib/armv6-m\libg_nano.a(lib_a-sbrkr.o)
                0x00003a00                _sbrk_r
 .text.__malloc_lock
                0x00003a24        0x2 c:/program files (x86)/cypress/psoc creator/4.4/psoc creator/import/gnu/arm/5.4.1/bin/../lib/gcc/arm-none-eabi/5.4.1/../../../../arm-none-eabi/lib/armv6-m\libg_nano.a(lib_a-mlock.o)
                0x00003a24                __malloc_lock
 .text.__malloc_unlock
                0x00003a26        0x2 c:/program files (x86)/cypress/psoc creator/4.4/psoc creator/import/gnu/arm/5.4.1/bin/../lib/gcc/arm-none-eabi/5.4.1/../../../../arm-none-eabi/lib/armv6-m\libg_nano.a(lib_a-mlock.o)
                0x00003a26                __malloc_unlock
 .text._malloc_usable_size_r
                0x00003a28       0x16 c:/program files (x86)/cypress/psoc creator/4.4/psoc creator/import/gnu/arm/5.4.1/bin/../lib/gcc/arm-none-eabi/5.4.1/../../../../arm-none-eabi/lib/armv6-m\libg_nano.a(lib_a-nano-msizer.o)
                0x00003a28                _malloc_usable_size_r
 *(.plt)
 *(.gnu.warning)
 *(.glue_7t)
 .glue_7t       0x00003a3e        0x0 linker stubs
 *(.glue_7)
 .glue_7        0x00003a3e        0x0 linker stubs
 *(.vfp11_veneer)
 .vfp11_veneer  0x00003a3e        0x0 linker stubs
 *(.bootloader)
 *(.ARM.extab* .gnu.linkonce.armextab.*)
 *(.gcc_except_table)

.v4_bx          0x00003a40        0x0
 .v4_bx         0x00003a40        0x0 linker stubs

.iplt           0x00003a40        0x0
 .iplt          0x00003a40        0x0 c:/program files (x86)/cypress/psoc creator/4.4/psoc creator/import/gnu/arm/5.4.1/bin/../lib/gcc/arm-none-eabi/5.4.1/armv6-m/crtbegin.o

.eh_frame_hdr
 *(.eh_frame_hdr)

.eh_frame       0x00003a40        0x4
 *(.eh_frame)
 .eh_frame      0x00003a40        0x0 c:/program files (x86)/cypress/psoc creator/4.4/psoc creator/import/gnu/arm/5.4.1/bin/../lib/gcc/arm-none-eabi/5.4.1/armv6-m/crtbegin.o
 .eh_frame      0x00003a40        0x4 c:/program files (x86)/cypress/psoc creator/4.4/psoc creator/import/gnu/arm/5.4.1/bin/../lib/gcc/arm-none-eabi/5.4.1/armv6-m/crtend.o
                [!provide]                PROVIDE (__exidx_start, .)

.ARM.exidx
 *(.ARM.exidx* .gnu.linkonce.armexidx.*)
                0x00003a44                __exidx_end = .

.rodata         0x00003a44      0xbac
 *(.rodata .rodata.* .gnu.linkonce.r.*)
 .rodata.str1.4
                0x00003a44       0x30 .\CortexM0\ARM_GCC_541\Debug\main.o
 .rodata        0x00003a74      0x5c4 .\CortexM0\ARM_GCC_541\Debug\cyfitter_cfg.o
 .rodata        0x00004038      0x160 .\CortexM0\ARM_GCC_541\Debug\SwerveMotorFirmware.a(CAN.o)
 .rodata        0x00004198      0x1e0 .\CortexM0\ARM_GCC_541\Debug\SwerveMotorFirmware.a(StripLights.o)
                0x00004198                StripLights_CLUT
 .rodata        0x00004378      0x1e0 .\CortexM0\ARM_GCC_541\Debug\SwerveMotorFirmware.a(StripLights_fonts.o)
                0x00004378                StripLights_Font5x7
 .rodata        0x00004558       0x2e .\CortexM0\ARM_GCC_541\Debug\SwerveMotorFirmware.a(CyLib.o)
                0x00004558                cyImoFreqMhz2Reg
 .rodata.str1.1
                0x00004586        0x2 c:/program files (x86)/cypress/psoc creator/4.4/psoc creator/import/gnu/arm/5.4.1/bin/../lib/gcc/arm-none-eabi/5.4.1/../../../../arm-none-eabi/lib/armv6-m\libg_nano.a(lib_a-impure.o)
 .rodata.str1.1
                0x00004588       0x11 c:/program files (x86)/cypress/psoc creator/4.4/psoc creator/import/gnu/arm/5.4.1/bin/../lib/gcc/arm-none-eabi/5.4.1/../../../../arm-none-eabi/lib/armv6-m\libg_nano.a(lib_a-nano-svfprintf.o)
 .rodata.str1.1
                0x00004599       0x22 c:/program files (x86)/cypress/psoc creator/4.4/psoc creator/import/gnu/arm/5.4.1/bin/../lib/gcc/arm-none-eabi/5.4.1/../../../../arm-none-eabi/lib/armv6-m\libg_nano.a(lib_a-nano-vfprintf_i.o)
                0x000045bc                . = ALIGN (0x4)
 *fill*         0x000045bb        0x1 
 *(.init)
 .init          0x000045bc        0x4 c:/program files (x86)/cypress/psoc creator/4.4/psoc creator/import/gnu/arm/5.4.1/bin/../lib/gcc/arm-none-eabi/5.4.1/armv6-m/crti.o
                0x000045bc                _init
 .init          0x000045c0        0x8 c:/program files (x86)/cypress/psoc creator/4.4/psoc creator/import/gnu/arm/5.4.1/bin/../lib/gcc/arm-none-eabi/5.4.1/armv6-m/crtn.o
                0x000045c8                . = ALIGN (0x4)
                0x000045c8                __preinit_array_start = .
 *(.preinit_array)
                0x000045c8                __preinit_array_end = .
                0x000045c8                . = ALIGN (0x4)
                0x000045c8                __init_array_start = .
 *(SORT(.init_array.*))
 *(.init_array)
 .init_array    0x000045c8        0x4 c:/program files (x86)/cypress/psoc creator/4.4/psoc creator/import/gnu/arm/5.4.1/bin/../lib/gcc/arm-none-eabi/5.4.1/armv6-m/crtbegin.o
 .init_array    0x000045cc        0x4 .\CortexM0\ARM_GCC_541\Debug\Cm0Start.o
                0x000045d0                __init_array_end = .
                0x000045d0                . = ALIGN (0x4)
 *(.fini)
 .fini          0x000045d0        0x4 c:/program files (x86)/cypress/psoc creator/4.4/psoc creator/import/gnu/arm/5.4.1/bin/../lib/gcc/arm-none-eabi/5.4.1/armv6-m/crti.o
                0x000045d0                _fini
 .fini          0x000045d4        0x8 c:/program files (x86)/cypress/psoc creator/4.4/psoc creator/import/gnu/arm/5.4.1/bin/../lib/gcc/arm-none-eabi/5.4.1/armv6-m/crtn.o
                0x000045dc                . = ALIGN (0x4)
                0x000045dc                __fini_array_start = .
 *(.fini_array)
 .fini_array    0x000045dc        0x4 c:/program files (x86)/cypress/psoc creator/4.4/psoc creator/import/gnu/arm/5.4.1/bin/../lib/gcc/arm-none-eabi/5.4.1/armv6-m/crtbegin.o
 *(SORT(.fini_array.*))
                0x000045e0                __fini_array_end = .
                0x000045e0                . = ALIGN (0x4)
 *crtbegin.o(.ctors)
 *(EXCLUDE_FILE(*crtend.o) .ctors)
 *(SORT(.ctors.*))
 *crtend.o(.ctors)
                0x000045e0                . = ALIGN (0x4)
 *crtbegin.o(.dtors)
 *(EXCLUDE_FILE(*crtend.o) .dtors)
 *(SORT(.dtors.*))
 *crtend.o(.dtors)
                0x000045e0                . = ALIGN (0x4)
                0x000045e0                __cy_regions = .
                0x000045e0        0x4 LONG 0x45f0 __cy_region_init_ram
                0x000045e4        0x4 LONG 0x200000c0 __cy_region_start_data
                0x000045e8        0x4 LONG 0x98 __cy_region_init_size_ram
                0x000045ec        0x4 LONG 0x290 __cy_region_zero_size_ram
                0x000045f0                __cy_regions_end = .
                0x000045f0                . = ALIGN (0x8)
                0x000045f0                _etext = .

.cy_checksum_exclude
                0x000045f0        0x0
 *(.cy_checksum_exclude)

.ramvectors     0x20000000       0xc0
                0x20000000                __cy_region_start_ram = .
 *(.ramvectors)
 .ramvectors    0x20000000       0xc0 .\CortexM0\ARM_GCC_541\Debug\Cm0Start.o
                0x20000000                CyRamVectors

.noinit
 *(.noinit)

.data           0x200000c0       0x98 load address 0x000045f0
                0x200000c0                __cy_region_start_data = .
 *(.jcr)
 .jcr           0x200000c0        0x0 c:/program files (x86)/cypress/psoc creator/4.4/psoc creator/import/gnu/arm/5.4.1/bin/../lib/gcc/arm-none-eabi/5.4.1/armv6-m/crtbegin.o
 .jcr           0x200000c0        0x4 c:/program files (x86)/cypress/psoc creator/4.4/psoc creator/import/gnu/arm/5.4.1/bin/../lib/gcc/arm-none-eabi/5.4.1/armv6-m/crtend.o
 *(.got.plt)
 *(.got)
 *(.shdata)
 *(.data .data.* .gnu.linkonce.d.*)
 .data          0x200000c4        0xc .\CortexM0\ARM_GCC_541\Debug\PositionPID.o
                0x200000c4                maxPWM
                0x200000c8                flipEncoder
                0x200000cc                integralClamp
 .data          0x200000d0        0x2 .\CortexM0\ARM_GCC_541\Debug\Motor_Unit_FSM.o
                0x200000d0                motorUnitMode
                0x200000d1                motorUnitState
 *fill*         0x200000d2        0x2 
 .data          0x200000d4        0x4 .\CortexM0\ARM_GCC_541\Debug\Cm0Start.o
 .data          0x200000d8       0x14 .\CortexM0\ARM_GCC_541\Debug\SwerveMotorFirmware.a(CyLib.o)
                0x200000d8                CySysClkPumpConfig
                0x200000dc                cydelay32kMs
                0x200000e0                cydelayFreqKhz
                0x200000e4                cydelayFreqMhz
                0x200000e8                cydelayFreqHz
 .data          0x200000ec        0x8 .\CortexM0\ARM_GCC_541\Debug\SwerveMotorFirmware.a(CyLFClk.o)
 .data.impure_data
                0x200000f4       0x60 c:/program files (x86)/cypress/psoc creator/4.4/psoc creator/import/gnu/arm/5.4.1/bin/../lib/gcc/arm-none-eabi/5.4.1/../../../../arm-none-eabi/lib/armv6-m\libg_nano.a(lib_a-impure.o)
 .data._impure_ptr
                0x20000154        0x4 c:/program files (x86)/cypress/psoc creator/4.4/psoc creator/import/gnu/arm/5.4.1/bin/../lib/gcc/arm-none-eabi/5.4.1/../../../../arm-none-eabi/lib/armv6-m\libg_nano.a(lib_a-impure.o)
                0x20000154                _impure_ptr
                0x20000158                . = ALIGN (0x8)
 *(.ram)
                0x20000158                _edata = .

.igot.plt       0x20000158        0x0 load address 0x00004688
 .igot.plt      0x20000158        0x0 c:/program files (x86)/cypress/psoc creator/4.4/psoc creator/import/gnu/arm/5.4.1/bin/../lib/gcc/arm-none-eabi/5.4.1/armv6-m/crtbegin.o

.bss            0x20000158      0x290 load address 0x00004688
                0x20000158                PROVIDE (__bss_start__, .)
 *(.shbss)
 *(.bss .bss.* .gnu.linkonce.b.*)
 .bss           0x20000158       0x1c c:/program files (x86)/cypress/psoc creator/4.4/psoc creator/import/gnu/arm/5.4.1/bin/../lib/gcc/arm-none-eabi/5.4.1/armv6-m/crtbegin.o
 .bss           0x20000174       0x28 .\CortexM0\ARM_GCC_541\Debug\main.o
                0x20000174                CAN_time_LED
                0x20000175                CAN_check_delay
                0x20000176                ERRORTimeLED
                0x20000177                encoderTimeOut
                0x20000178                ignoreLimSw_M2
                0x20000179                bound_set1
                0x2000017c                enc_Count_Lim1
                0x20000180                bound_set2
                0x20000184                enc_Count_Lim2
                0x20000188                address
                0x2000018a                nextPWM_M1
                0x2000018c                ignoreLimSw_M1
                0x2000018e                nextPWM_M2
                0x20000190                millidegreeTarget_M2
                0x20000194                drive
                0x20000198                millidegreeTarget_M1
 .bss           0x2000019c        0xc .\CortexM0\ARM_GCC_541\Debug\MotorDrive.o
                0x2000019c                invalidate
                0x200001a0                currPWM_Drive
                0x200001a4                currPWM_Swivel
 .bss           0x200001a8       0x22 .\CortexM0\ARM_GCC_541\Debug\PositionPID.o
                0x200001a8                integral
                0x200001ac                lastPosition
                0x200001b0                enabledPID
                0x200001b4                kPosition
                0x200001b8                kIntegral
                0x200001bc                kDerivative
                0x200001c0                kPPJR
                0x200001c4                PWM
                0x200001c8                complete
                0x200001c9                usingPot
 .bss           0x200001ca        0x1 .\CortexM0\ARM_GCC_541\Debug\Motor_Unit_FSM.o
                0x200001ca                PIDConstSetReg
 .bss           0x200001cb        0x4 .\CortexM0\ARM_GCC_541\Debug\PortPSOC_swerve.o
                0x200001cb                latestMessageFull
                0x200001cc                latestMessageHead
                0x200001cd                latestMessageTail
                0x200001ce                messageReadFlag
 .bss           0x200001cf        0x1 .\CortexM0\ARM_GCC_541\Debug\SwerveMotorFirmware.a(PWM_Motor1.o)
                0x200001cf                PWM_Motor1_initVar
 .bss           0x200001d0        0x1 .\CortexM0\ARM_GCC_541\Debug\SwerveMotorFirmware.a(QuadDec.o)
                0x200001d0                QuadDec_initVar
 .bss           0x200001d1        0x1 .\CortexM0\ARM_GCC_541\Debug\SwerveMotorFirmware.a(CAN.o)
                0x200001d1                CAN_initVar
 *fill*         0x200001d2        0x2 
 .bss           0x200001d4        0xa .\CortexM0\ARM_GCC_541\Debug\SwerveMotorFirmware.a(UART.o)
                0x200001d4                UART_initVar
                0x200001d8                UART_customIntrHandler
                0x200001dc                UART_IntrTxMask
 .bss           0x200001de        0x1 .\CortexM0\ARM_GCC_541\Debug\SwerveMotorFirmware.a(Timer_1.o)
                0x200001de                Timer_1_initVar
 *fill*         0x200001df        0x1 
 .bss           0x200001e0       0x15 .\CortexM0\ARM_GCC_541\Debug\SwerveMotorFirmware.a(StripLights.o)
                0x200001e0                StripLights_ledIndex
                0x200001e4                StripLights_row
                0x200001f4                StripLights_initvar
 .bss           0x200001f5        0x1 .\CortexM0\ARM_GCC_541\Debug\SwerveMotorFirmware.a(PWM_Motor2.o)
                0x200001f5                PWM_Motor2_initVar
 .bss           0x200001f6        0x1 .\CortexM0\ARM_GCC_541\Debug\SwerveMotorFirmware.a(QuadDec_Cnt16.o)
                0x200001f6                QuadDec_Cnt16_initVar
 *fill*         0x200001f7        0x1 
 .bss           0x200001f8       0x20 .\CortexM0\ARM_GCC_541\Debug\SwerveMotorFirmware.a(CyLib.o)
                0x200001f8                CySysClkImoTrim4
                0x200001fc                CySysClkImoTrim5
                0x20000214                CySysTickInitVar
 .bss           0x20000218       0x28 .\CortexM0\ARM_GCC_541\Debug\SwerveMotorFirmware.a(CyLFClk.o)
 .bss.__malloc_sbrk_start
                0x20000240        0x4 c:/program files (x86)/cypress/psoc creator/4.4/psoc creator/import/gnu/arm/5.4.1/bin/../lib/gcc/arm-none-eabi/5.4.1/../../../../arm-none-eabi/lib/armv6-m\libg_nano.a(lib_a-nano-mallocr.o)
                0x20000240                __malloc_sbrk_start
 .bss.__malloc_free_list
                0x20000244        0x4 c:/program files (x86)/cypress/psoc creator/4.4/psoc creator/import/gnu/arm/5.4.1/bin/../lib/gcc/arm-none-eabi/5.4.1/../../../../arm-none-eabi/lib/armv6-m\libg_nano.a(lib_a-nano-mallocr.o)
                0x20000244                __malloc_free_list
 *(COMMON)
 COMMON         0x20000248       0x7c .\CortexM0\ARM_GCC_541\Debug\main.o
                0x20000248                txData
                0x200002ac                can_send
                0x200002b8                can_recieve
 COMMON         0x200002c4       0xdc .\CortexM0\ARM_GCC_541\Debug\PortPSOC_swerve.o
                0x200002c4                deviceGroup
                0x200002c8                rxMailbox
                0x200002d8                deviceAddressA
                0x200002dc                latestMessage
                0x2000039c                deviceAddressB
 COMMON         0x200003a0       0x18 .\CortexM0\ARM_GCC_541\Debug\SwerveMotorFirmware.a(StripLights.o)
                0x200003a0                StripLights_ledArray
                0x200003ac                StripLights_DimMask
                0x200003b0                StripLights_DimShift
                0x200003b4                StripLights_refreshComplete
 COMMON         0x200003b8       0x10 .\CortexM0\ARM_GCC_541\Debug\SwerveMotorFirmware.a(StripLights_fonts.o)
                0x200003b8                StripLights_fontX
                0x200003bc                StripLights_fontOffset
                0x200003c0                StripLights_fontPtr
                0x200003c4                StripLights_fontY
 COMMON         0x200003c8       0x1c .\CortexM0\ARM_GCC_541\Debug\SwerveMotorFirmware.a(UART_SPI_UART.o)
                0x200003c8                UART_rxBufferTail
                0x200003cc                UART_rxBufferInternal
                0x200003dd                UART_rxBufferOverflow
                0x200003e0                UART_rxBufferHead
 COMMON         0x200003e4        0x4 c:/program files (x86)/cypress/psoc creator/4.4/psoc creator/import/gnu/arm/5.4.1/bin/../lib/gcc/arm-none-eabi/5.4.1/../../../../arm-none-eabi/lib/armv6-m\libg_nano.a(lib_a-reent.o)
                0x200003e4                errno
                0x200003e8                . = ALIGN (0x8)
 *(.ram.b)
                0x200003e8                _end = .
                0x200003e8                __end = .
                0x200003e8                PROVIDE (end, .)
                0x200003e8                PROVIDE (__bss_end__, .)
                0x000045f0                __cy_region_init_ram = LOADADDR (.data)
                0x00000098                __cy_region_init_size_ram = (_edata - ADDR (.data))
                0x00000290                __cy_region_zero_size_ram = (_end - _edata)

.heap           0x200003e8       0x80 load address 0x00004688
                0x200003e8                . = _end
                0x20000468                . = (. + 0x80)
 *fill*         0x200003e8       0x80 
                0x20000468                __cy_heap_limit = .

.stack          0x20007800      0x800
                0x20007800                __cy_stack_limit = .
                0x20008000                . = (. + 0x800)
 *fill*         0x20007800      0x800 
                0x00000001                ASSERT ((__cy_stack_limit >= __cy_heap_limit), region RAM overflowed with stack)
                0x00000000                cy_checksum_exclude_size = (CY_APPL_LOADABLE == 0x1)?SIZEOF (.cy_checksum_exclude):0x0
                0x00000001                ASSERT ((cy_checksum_exclude_size <= CY_CHECKSUM_EXCLUDE_SIZE), CY_BOOT: Section .cy_checksum_exclude size exceedes specified limit.)
                0x0003ffc0                cyloadermeta_start = (cy_project_type_bootloader || cy_project_type_app_for_stack_and_copier)?(LENGTH (rom) - CY_METADATA_SIZE):0xf0000000

.cyloadermeta
 *(.cyloadermeta)
                0x0003ffc0                cyloadablemeta_start = cy_project_type_app_for_stack_and_copier?((LENGTH (rom) - CY_FLASH_ROW_SIZE) - CY_METADATA_SIZE):((LENGTH (rom) - (CY_FLASH_ROW_SIZE * (CY_APPL_NUM - 0x1))) - CY_METADATA_SIZE)

.cyloadablemeta
 *(.cyloadablemeta)

.cyflashprotect
                0x90400000       0x80
 *(.cyflashprotect)
 .cyflashprotect
                0x90400000       0x80 .\CortexM0\ARM_GCC_541\Debug\cymetadata.o
                0x90400000                cy_meta_flashprotect

.cymeta         0x90500000        0xc
 *(.cymeta)
 .cymeta        0x90500000        0xc .\CortexM0\ARM_GCC_541\Debug\cymetadata.o
                0x90500000                cy_metadata

.cychipprotect  0x90600000        0x1
 *(.cychipprotect)
 .cychipprotect
                0x90600000        0x1 .\CortexM0\ARM_GCC_541\Debug\cymetadata.o
                0x90600000                cy_meta_chipprotect

.rel.dyn        0x00004688        0x0 load address 0x90600004
 .rel.iplt      0x00004688        0x0 c:/program files (x86)/cypress/psoc creator/4.4/psoc creator/import/gnu/arm/5.4.1/bin/../lib/gcc/arm-none-eabi/5.4.1/armv6-m/crtbegin.o

.stab
 *(.stab)

.stabstr
 *(.stabstr)

.debug
 *(.debug)

.line
 *(.line)

.debug_srcinfo
 *(.debug_srcinfo)

.debug_sfnames
 *(.debug_sfnames)

.debug_aranges  0x00000000     0x18d0
 *(.debug_aranges)
 .debug_aranges
                0x00000000       0x58 .\CortexM0\ARM_GCC_541\Debug\main.o
 .debug_aranges
                0x00000058       0x38 .\CortexM0\ARM_GCC_541\Debug\LED_Array.o
 .debug_aranges
                0x00000090       0x38 .\CortexM0\ARM_GCC_541\Debug\MotorDrive.o
 .debug_aranges
                0x000000c8       0xc8 .\CortexM0\ARM_GCC_541\Debug\PositionPID.o
 .debug_aranges
                0x00000190       0x38 .\CortexM0\ARM_GCC_541\Debug\Motor_Unit_CAN.o
 .debug_aranges
                0x000001c8       0x78 .\CortexM0\ARM_GCC_541\Debug\Motor_Unit_FSM.o
 .debug_aranges
                0x00000240       0x68 .\CortexM0\ARM_GCC_541\Debug\PortPSOC_swerve.o
 .debug_aranges
                0x000002a8       0xc0 .\CortexM0\ARM_GCC_541\Debug\CANCommon.o
 .debug_aranges
                0x00000368       0x88 .\CortexM0\ARM_GCC_541\Debug\CANGPIO.o
 .debug_aranges
                0x000003f0       0x18 .\CortexM0\ARM_GCC_541\Debug\CANLocalization.o
 .debug_aranges
                0x00000408      0x110 .\CortexM0\ARM_GCC_541\Debug\CANMotorUnit.o
 .debug_aranges
                0x00000518       0xa8 .\CortexM0\ARM_GCC_541\Debug\CANPacket.o
 .debug_aranges
                0x000005c0       0x40 .\CortexM0\ARM_GCC_541\Debug\CANPower.o
 .debug_aranges
                0x00000600       0x50 .\CortexM0\ARM_GCC_541\Debug\CANScience.o
 .debug_aranges
                0x00000650       0x48 .\CortexM0\ARM_GCC_541\Debug\cyfitter_cfg.o
 .debug_aranges
                0x00000698       0x18 .\CortexM0\ARM_GCC_541\Debug\cymetadata.o
 .debug_aranges
                0x000006b0       0x48 .\CortexM0\ARM_GCC_541\Debug\Cm0Start.o
 .debug_aranges
                0x000006f8       0x48 .\CortexM0\ARM_GCC_541\Debug\SwerveMotorFirmware.a(Limit1.o)
 .debug_aranges
                0x00000740       0x48 .\CortexM0\ARM_GCC_541\Debug\SwerveMotorFirmware.a(Limit2.o)
 .debug_aranges
                0x00000788      0x158 .\CortexM0\ARM_GCC_541\Debug\SwerveMotorFirmware.a(PWM_Motor1.o)
 .debug_aranges
                0x000008e0       0x80 .\CortexM0\ARM_GCC_541\Debug\SwerveMotorFirmware.a(isr_Limit_1.o)
 .debug_aranges
                0x00000960       0x60 .\CortexM0\ARM_GCC_541\Debug\SwerveMotorFirmware.a(QuadDec.o)
 .debug_aranges
                0x000009c0       0x40 .\CortexM0\ARM_GCC_541\Debug\SwerveMotorFirmware.a(Status_Reg_Switches.o)
 .debug_aranges
                0x00000a00       0xe8 .\CortexM0\ARM_GCC_541\Debug\SwerveMotorFirmware.a(CAN.o)
 .debug_aranges
                0x00000ae8       0x20 .\CortexM0\ARM_GCC_541\Debug\SwerveMotorFirmware.a(CAN_INT.o)
 .debug_aranges
                0x00000b08       0x30 .\CortexM0\ARM_GCC_541\Debug\SwerveMotorFirmware.a(CAN_TX_RX_func.o)
 .debug_aranges
                0x00000b38       0x68 .\CortexM0\ARM_GCC_541\Debug\SwerveMotorFirmware.a(UART.o)
 .debug_aranges
                0x00000ba0       0x90 .\CortexM0\ARM_GCC_541\Debug\SwerveMotorFirmware.a(UART_UART.o)
 .debug_aranges
                0x00000c30       0x48 .\CortexM0\ARM_GCC_541\Debug\SwerveMotorFirmware.a(Dip1.o)
 .debug_aranges
                0x00000c78       0x48 .\CortexM0\ARM_GCC_541\Debug\SwerveMotorFirmware.a(Dip2.o)
 .debug_aranges
                0x00000cc0       0x48 .\CortexM0\ARM_GCC_541\Debug\SwerveMotorFirmware.a(Dip3.o)
 .debug_aranges
                0x00000d08       0x48 .\CortexM0\ARM_GCC_541\Debug\SwerveMotorFirmware.a(Dip4.o)
 .debug_aranges
                0x00000d50       0x90 .\CortexM0\ARM_GCC_541\Debug\SwerveMotorFirmware.a(Timer_1.o)
 .debug_aranges
                0x00000de0       0x80 .\CortexM0\ARM_GCC_541\Debug\SwerveMotorFirmware.a(isr_period.o)
 .debug_aranges
                0x00000e60       0x48 .\CortexM0\ARM_GCC_541\Debug\SwerveMotorFirmware.a(LED_Debug1.o)
 .debug_aranges
                0x00000ea8       0x48 .\CortexM0\ARM_GCC_541\Debug\SwerveMotorFirmware.a(LED_Debug2.o)
 .debug_aranges
                0x00000ef0       0x48 .\CortexM0\ARM_GCC_541\Debug\SwerveMotorFirmware.a(LED_CAN.o)
 .debug_aranges
                0x00000f38       0x48 .\CortexM0\ARM_GCC_541\Debug\SwerveMotorFirmware.a(LED_Error.o)
 .debug_aranges
                0x00000f80       0xa0 .\CortexM0\ARM_GCC_541\Debug\SwerveMotorFirmware.a(StripLights.o)
 .debug_aranges
                0x00001020       0x30 .\CortexM0\ARM_GCC_541\Debug\SwerveMotorFirmware.a(StripLights_fonts.o)
 .debug_aranges
                0x00001050      0x158 .\CortexM0\ARM_GCC_541\Debug\SwerveMotorFirmware.a(PWM_Motor2.o)
 .debug_aranges
                0x000011a8       0x48 .\CortexM0\ARM_GCC_541\Debug\SwerveMotorFirmware.a(Motor1Direction.o)
 .debug_aranges
                0x000011f0       0x48 .\CortexM0\ARM_GCC_541\Debug\SwerveMotorFirmware.a(Motor2Direction.o)
 .debug_aranges
                0x00001238       0x98 .\CortexM0\ARM_GCC_541\Debug\SwerveMotorFirmware.a(QuadDec_Cnt16.o)
 .debug_aranges
                0x000012d0       0x80 .\CortexM0\ARM_GCC_541\Debug\SwerveMotorFirmware.a(StripLights_cisr.o)
 .debug_aranges
                0x00001350       0x80 .\CortexM0\ARM_GCC_541\Debug\SwerveMotorFirmware.a(StripLights_fisr.o)
 .debug_aranges
                0x000013d0      0x270 .\CortexM0\ARM_GCC_541\Debug\SwerveMotorFirmware.a(CyLib.o)
 .debug_aranges
                0x00001640       0x28 .\CortexM0\ARM_GCC_541\Debug\SwerveMotorFirmware.a(cyutils.o)
 .debug_aranges
                0x00001668      0x188 .\CortexM0\ARM_GCC_541\Debug\SwerveMotorFirmware.a(CyLFClk.o)
 .debug_aranges
                0x000017f0       0x20 .\CortexM0\ARM_GCC_541\Debug\SwerveMotorFirmware.a(CyBootAsmGnu.o)
 .debug_aranges
                0x00001810       0x60 .\CortexM0\ARM_GCC_541\Debug\SwerveMotorFirmware.a(UART_SPI_UART.o)
 .debug_aranges
                0x00001870       0x20 .\CortexM0\ARM_GCC_541\Debug\SwerveMotorFirmware.a(UART_SPI_UART_INT.o)
 .debug_aranges
                0x00001890       0x40 .\CortexM0\ARM_GCC_541\Debug\SwerveMotorFirmware.a(CyFlash.o)

.debug_pubnames
 *(.debug_pubnames)

.debug_info     0x00000000     0xf164
 *(.debug_info .gnu.linkonce.wi.*)
 .debug_info    0x00000000      0xa0e .\CortexM0\ARM_GCC_541\Debug\main.o
 .debug_info    0x00000a0e      0x372 .\CortexM0\ARM_GCC_541\Debug\LED_Array.o
 .debug_info    0x00000d80      0x29e .\CortexM0\ARM_GCC_541\Debug\MotorDrive.o
 .debug_info    0x0000101e      0x59a .\CortexM0\ARM_GCC_541\Debug\PositionPID.o
 .debug_info    0x000015b8      0xcfc .\CortexM0\ARM_GCC_541\Debug\Motor_Unit_CAN.o
 .debug_info    0x000022b4      0x1ed .\CortexM0\ARM_GCC_541\Debug\Motor_Unit_FSM.o
 .debug_info    0x000024a1      0x695 .\CortexM0\ARM_GCC_541\Debug\PortPSOC_swerve.o
 .debug_info    0x00002b36      0xa46 .\CortexM0\ARM_GCC_541\Debug\CANCommon.o
 .debug_info    0x0000357c      0x60d .\CortexM0\ARM_GCC_541\Debug\CANGPIO.o
 .debug_info    0x00003b89       0x6b .\CortexM0\ARM_GCC_541\Debug\CANLocalization.o
 .debug_info    0x00003bf4      0xe62 .\CortexM0\ARM_GCC_541\Debug\CANMotorUnit.o
 .debug_info    0x00004a56      0x641 .\CortexM0\ARM_GCC_541\Debug\CANPacket.o
 .debug_info    0x00005097      0x2ff .\CortexM0\ARM_GCC_541\Debug\CANPower.o
 .debug_info    0x00005396      0x353 .\CortexM0\ARM_GCC_541\Debug\CANScience.o
 .debug_info    0x000056e9      0x417 .\CortexM0\ARM_GCC_541\Debug\cyfitter_cfg.o
 .debug_info    0x00005b00       0xf8 .\CortexM0\ARM_GCC_541\Debug\cymetadata.o
 .debug_info    0x00005bf8      0x3a2 .\CortexM0\ARM_GCC_541\Debug\Cm0Start.o
 .debug_info    0x00005f9a      0x19d .\CortexM0\ARM_GCC_541\Debug\SwerveMotorFirmware.a(Limit1.o)
 .debug_info    0x00006137      0x19d .\CortexM0\ARM_GCC_541\Debug\SwerveMotorFirmware.a(Limit2.o)
 .debug_info    0x000062d4      0x909 .\CortexM0\ARM_GCC_541\Debug\SwerveMotorFirmware.a(PWM_Motor1.o)
 .debug_info    0x00006bdd      0x305 .\CortexM0\ARM_GCC_541\Debug\SwerveMotorFirmware.a(isr_Limit_1.o)
 .debug_info    0x00006ee2      0x2d4 .\CortexM0\ARM_GCC_541\Debug\SwerveMotorFirmware.a(QuadDec.o)
 .debug_info    0x000071b6      0x17f .\CortexM0\ARM_GCC_541\Debug\SwerveMotorFirmware.a(Status_Reg_Switches.o)
 .debug_info    0x00007335      0x9c6 .\CortexM0\ARM_GCC_541\Debug\SwerveMotorFirmware.a(CAN.o)
 .debug_info    0x00007cfb       0xa0 .\CortexM0\ARM_GCC_541\Debug\SwerveMotorFirmware.a(CAN_INT.o)
 .debug_info    0x00007d9b      0x37e .\CortexM0\ARM_GCC_541\Debug\SwerveMotorFirmware.a(CAN_TX_RX_func.o)
 .debug_info    0x00008119      0x2e9 .\CortexM0\ARM_GCC_541\Debug\SwerveMotorFirmware.a(UART.o)
 .debug_info    0x00008402      0x487 .\CortexM0\ARM_GCC_541\Debug\SwerveMotorFirmware.a(UART_UART.o)
 .debug_info    0x00008889      0x19d .\CortexM0\ARM_GCC_541\Debug\SwerveMotorFirmware.a(Dip1.o)
 .debug_info    0x00008a26      0x19d .\CortexM0\ARM_GCC_541\Debug\SwerveMotorFirmware.a(Dip2.o)
 .debug_info    0x00008bc3      0x19d .\CortexM0\ARM_GCC_541\Debug\SwerveMotorFirmware.a(Dip3.o)
 .debug_info    0x00008d60      0x19d .\CortexM0\ARM_GCC_541\Debug\SwerveMotorFirmware.a(Dip4.o)
 .debug_info    0x00008efd      0x386 .\CortexM0\ARM_GCC_541\Debug\SwerveMotorFirmware.a(Timer_1.o)
 .debug_info    0x00009283      0x305 .\CortexM0\ARM_GCC_541\Debug\SwerveMotorFirmware.a(isr_period.o)
 .debug_info    0x00009588      0x19d .\CortexM0\ARM_GCC_541\Debug\SwerveMotorFirmware.a(LED_Debug1.o)
 .debug_info    0x00009725      0x19d .\CortexM0\ARM_GCC_541\Debug\SwerveMotorFirmware.a(LED_Debug2.o)
 .debug_info    0x000098c2      0x19b .\CortexM0\ARM_GCC_541\Debug\SwerveMotorFirmware.a(LED_CAN.o)
 .debug_info    0x00009a5d      0x19d .\CortexM0\ARM_GCC_541\Debug\SwerveMotorFirmware.a(LED_Error.o)
 .debug_info    0x00009bfa      0xa83 .\CortexM0\ARM_GCC_541\Debug\SwerveMotorFirmware.a(StripLights.o)
 .debug_info    0x0000a67d      0x394 .\CortexM0\ARM_GCC_541\Debug\SwerveMotorFirmware.a(StripLights_fonts.o)
 .debug_info    0x0000aa11      0x908 .\CortexM0\ARM_GCC_541\Debug\SwerveMotorFirmware.a(PWM_Motor2.o)
 .debug_info    0x0000b319      0x19d .\CortexM0\ARM_GCC_541\Debug\SwerveMotorFirmware.a(Motor1Direction.o)
 .debug_info    0x0000b4b6      0x19d .\CortexM0\ARM_GCC_541\Debug\SwerveMotorFirmware.a(Motor2Direction.o)
 .debug_info    0x0000b653      0x345 .\CortexM0\ARM_GCC_541\Debug\SwerveMotorFirmware.a(QuadDec_Cnt16.o)
 .debug_info    0x0000b998      0x305 .\CortexM0\ARM_GCC_541\Debug\SwerveMotorFirmware.a(StripLights_cisr.o)
 .debug_info    0x0000bc9d      0x305 .\CortexM0\ARM_GCC_541\Debug\SwerveMotorFirmware.a(StripLights_fisr.o)
 .debug_info    0x0000bfa2     0x17e4 .\CortexM0\ARM_GCC_541\Debug\SwerveMotorFirmware.a(CyLib.o)
 .debug_info    0x0000d786      0x14b .\CortexM0\ARM_GCC_541\Debug\SwerveMotorFirmware.a(cyutils.o)
 .debug_info    0x0000d8d1     0x1058 .\CortexM0\ARM_GCC_541\Debug\SwerveMotorFirmware.a(CyLFClk.o)
 .debug_info    0x0000e929       0xc9 .\CortexM0\ARM_GCC_541\Debug\SwerveMotorFirmware.a(CyBootAsmGnu.o)
 .debug_info    0x0000e9f2      0x2df .\CortexM0\ARM_GCC_541\Debug\SwerveMotorFirmware.a(UART_SPI_UART.o)
 .debug_info    0x0000ecd1      0x141 .\CortexM0\ARM_GCC_541\Debug\SwerveMotorFirmware.a(UART_SPI_UART_INT.o)
 .debug_info    0x0000ee12      0x352 .\CortexM0\ARM_GCC_541\Debug\SwerveMotorFirmware.a(CyFlash.o)

.debug_abbrev   0x00000000     0x3d5c
 *(.debug_abbrev)
 .debug_abbrev  0x00000000      0x1e2 .\CortexM0\ARM_GCC_541\Debug\main.o
 .debug_abbrev  0x000001e2      0x15d .\CortexM0\ARM_GCC_541\Debug\LED_Array.o
 .debug_abbrev  0x0000033f       0xcf .\CortexM0\ARM_GCC_541\Debug\MotorDrive.o
 .debug_abbrev  0x0000040e      0x1b9 .\CortexM0\ARM_GCC_541\Debug\PositionPID.o
 .debug_abbrev  0x000005c7      0x148 .\CortexM0\ARM_GCC_541\Debug\Motor_Unit_CAN.o
 .debug_abbrev  0x0000070f       0xd3 .\CortexM0\ARM_GCC_541\Debug\Motor_Unit_FSM.o
 .debug_abbrev  0x000007e2      0x1ad .\CortexM0\ARM_GCC_541\Debug\PortPSOC_swerve.o
 .debug_abbrev  0x0000098f      0x149 .\CortexM0\ARM_GCC_541\Debug\CANCommon.o
 .debug_abbrev  0x00000ad8      0x106 .\CortexM0\ARM_GCC_541\Debug\CANGPIO.o
 .debug_abbrev  0x00000bde       0x26 .\CortexM0\ARM_GCC_541\Debug\CANLocalization.o
 .debug_abbrev  0x00000c04      0x18e .\CortexM0\ARM_GCC_541\Debug\CANMotorUnit.o
 .debug_abbrev  0x00000d92      0x16f .\CortexM0\ARM_GCC_541\Debug\CANPacket.o
 .debug_abbrev  0x00000f01      0x124 .\CortexM0\ARM_GCC_541\Debug\CANPower.o
 .debug_abbrev  0x00001025       0xfe .\CortexM0\ARM_GCC_541\Debug\CANScience.o
 .debug_abbrev  0x00001123      0x1d8 .\CortexM0\ARM_GCC_541\Debug\cyfitter_cfg.o
 .debug_abbrev  0x000012fb       0x5d .\CortexM0\ARM_GCC_541\Debug\cymetadata.o
 .debug_abbrev  0x00001358      0x1d7 .\CortexM0\ARM_GCC_541\Debug\Cm0Start.o
 .debug_abbrev  0x0000152f       0xc8 .\CortexM0\ARM_GCC_541\Debug\SwerveMotorFirmware.a(Limit1.o)
 .debug_abbrev  0x000015f7       0xc8 .\CortexM0\ARM_GCC_541\Debug\SwerveMotorFirmware.a(Limit2.o)
 .debug_abbrev  0x000016bf      0x119 .\CortexM0\ARM_GCC_541\Debug\SwerveMotorFirmware.a(PWM_Motor1.o)
 .debug_abbrev  0x000017d8      0x19a .\CortexM0\ARM_GCC_541\Debug\SwerveMotorFirmware.a(isr_Limit_1.o)
 .debug_abbrev  0x00001972      0x151 .\CortexM0\ARM_GCC_541\Debug\SwerveMotorFirmware.a(QuadDec.o)
 .debug_abbrev  0x00001ac3       0xac .\CortexM0\ARM_GCC_541\Debug\SwerveMotorFirmware.a(Status_Reg_Switches.o)
 .debug_abbrev  0x00001b6f      0x186 .\CortexM0\ARM_GCC_541\Debug\SwerveMotorFirmware.a(CAN.o)
 .debug_abbrev  0x00001cf5       0x42 .\CortexM0\ARM_GCC_541\Debug\SwerveMotorFirmware.a(CAN_INT.o)
 .debug_abbrev  0x00001d37      0x159 .\CortexM0\ARM_GCC_541\Debug\SwerveMotorFirmware.a(CAN_TX_RX_func.o)
 .debug_abbrev  0x00001e90      0x118 .\CortexM0\ARM_GCC_541\Debug\SwerveMotorFirmware.a(UART.o)
 .debug_abbrev  0x00001fa8      0x145 .\CortexM0\ARM_GCC_541\Debug\SwerveMotorFirmware.a(UART_UART.o)
 .debug_abbrev  0x000020ed       0xc8 .\CortexM0\ARM_GCC_541\Debug\SwerveMotorFirmware.a(Dip1.o)
 .debug_abbrev  0x000021b5       0xc8 .\CortexM0\ARM_GCC_541\Debug\SwerveMotorFirmware.a(Dip2.o)
 .debug_abbrev  0x0000227d       0xc8 .\CortexM0\ARM_GCC_541\Debug\SwerveMotorFirmware.a(Dip3.o)
 .debug_abbrev  0x00002345       0xc8 .\CortexM0\ARM_GCC_541\Debug\SwerveMotorFirmware.a(Dip4.o)
 .debug_abbrev  0x0000240d      0x167 .\CortexM0\ARM_GCC_541\Debug\SwerveMotorFirmware.a(Timer_1.o)
 .debug_abbrev  0x00002574      0x19a .\CortexM0\ARM_GCC_541\Debug\SwerveMotorFirmware.a(isr_period.o)
 .debug_abbrev  0x0000270e       0xc8 .\CortexM0\ARM_GCC_541\Debug\SwerveMotorFirmware.a(LED_Debug1.o)
 .debug_abbrev  0x000027d6       0xc8 .\CortexM0\ARM_GCC_541\Debug\SwerveMotorFirmware.a(LED_Debug2.o)
 .debug_abbrev  0x0000289e       0xc8 .\CortexM0\ARM_GCC_541\Debug\SwerveMotorFirmware.a(LED_CAN.o)
 .debug_abbrev  0x00002966       0xc8 .\CortexM0\ARM_GCC_541\Debug\SwerveMotorFirmware.a(LED_Error.o)
 .debug_abbrev  0x00002a2e      0x1dc .\CortexM0\ARM_GCC_541\Debug\SwerveMotorFirmware.a(StripLights.o)
 .debug_abbrev  0x00002c0a      0x113 .\CortexM0\ARM_GCC_541\Debug\SwerveMotorFirmware.a(StripLights_fonts.o)
 .debug_abbrev  0x00002d1d      0x119 .\CortexM0\ARM_GCC_541\Debug\SwerveMotorFirmware.a(PWM_Motor2.o)
 .debug_abbrev  0x00002e36       0xc8 .\CortexM0\ARM_GCC_541\Debug\SwerveMotorFirmware.a(Motor1Direction.o)
 .debug_abbrev  0x00002efe       0xc8 .\CortexM0\ARM_GCC_541\Debug\SwerveMotorFirmware.a(Motor2Direction.o)
 .debug_abbrev  0x00002fc6      0x117 .\CortexM0\ARM_GCC_541\Debug\SwerveMotorFirmware.a(QuadDec_Cnt16.o)
 .debug_abbrev  0x000030dd      0x19a .\CortexM0\ARM_GCC_541\Debug\SwerveMotorFirmware.a(StripLights_cisr.o)
 .debug_abbrev  0x00003277      0x19a .\CortexM0\ARM_GCC_541\Debug\SwerveMotorFirmware.a(StripLights_fisr.o)
 .debug_abbrev  0x00003411      0x293 .\CortexM0\ARM_GCC_541\Debug\SwerveMotorFirmware.a(CyLib.o)
 .debug_abbrev  0x000036a4       0xc0 .\CortexM0\ARM_GCC_541\Debug\SwerveMotorFirmware.a(cyutils.o)
 .debug_abbrev  0x00003764      0x248 .\CortexM0\ARM_GCC_541\Debug\SwerveMotorFirmware.a(CyLFClk.o)
 .debug_abbrev  0x000039ac       0x14 .\CortexM0\ARM_GCC_541\Debug\SwerveMotorFirmware.a(CyBootAsmGnu.o)
 .debug_abbrev  0x000039c0      0x180 .\CortexM0\ARM_GCC_541\Debug\SwerveMotorFirmware.a(UART_SPI_UART.o)
 .debug_abbrev  0x00003b40       0x9a .\CortexM0\ARM_GCC_541\Debug\SwerveMotorFirmware.a(UART_SPI_UART_INT.o)
 .debug_abbrev  0x00003bda      0x182 .\CortexM0\ARM_GCC_541\Debug\SwerveMotorFirmware.a(CyFlash.o)

.debug_line     0x00000000     0x6146
 *(.debug_line)
 .debug_line    0x00000000      0x478 .\CortexM0\ARM_GCC_541\Debug\main.o
 .debug_line    0x00000478      0x1ca .\CortexM0\ARM_GCC_541\Debug\LED_Array.o
 .debug_line    0x00000642      0x215 .\CortexM0\ARM_GCC_541\Debug\MotorDrive.o
 .debug_line    0x00000857      0x327 .\CortexM0\ARM_GCC_541\Debug\PositionPID.o
 .debug_line    0x00000b7e      0x2da .\CortexM0\ARM_GCC_541\Debug\Motor_Unit_CAN.o
 .debug_line    0x00000e58      0x20f .\CortexM0\ARM_GCC_541\Debug\Motor_Unit_FSM.o
 .debug_line    0x00001067      0x2fa .\CortexM0\ARM_GCC_541\Debug\PortPSOC_swerve.o
 .debug_line    0x00001361      0x2f3 .\CortexM0\ARM_GCC_541\Debug\CANCommon.o
 .debug_line    0x00001654      0x24e .\CortexM0\ARM_GCC_541\Debug\CANGPIO.o
 .debug_line    0x000018a2       0x1d .\CortexM0\ARM_GCC_541\Debug\CANLocalization.o
 .debug_line    0x000018bf      0x3a1 .\CortexM0\ARM_GCC_541\Debug\CANMotorUnit.o
 .debug_line    0x00001c60      0x2dc .\CortexM0\ARM_GCC_541\Debug\CANPacket.o
 .debug_line    0x00001f3c      0x19d .\CortexM0\ARM_GCC_541\Debug\CANPower.o
 .debug_line    0x000020d9      0x1c5 .\CortexM0\ARM_GCC_541\Debug\CANScience.o
 .debug_line    0x0000229e      0x1bb .\CortexM0\ARM_GCC_541\Debug\cyfitter_cfg.o
 .debug_line    0x00002459      0x141 .\CortexM0\ARM_GCC_541\Debug\cymetadata.o
 .debug_line    0x0000259a      0x236 .\CortexM0\ARM_GCC_541\Debug\Cm0Start.o
 .debug_line    0x000027d0       0xbe .\CortexM0\ARM_GCC_541\Debug\SwerveMotorFirmware.a(Limit1.o)
 .debug_line    0x0000288e       0xbe .\CortexM0\ARM_GCC_541\Debug\SwerveMotorFirmware.a(Limit2.o)
 .debug_line    0x0000294c      0x383 .\CortexM0\ARM_GCC_541\Debug\SwerveMotorFirmware.a(PWM_Motor1.o)
 .debug_line    0x00002ccf      0x157 .\CortexM0\ARM_GCC_541\Debug\SwerveMotorFirmware.a(isr_Limit_1.o)
 .debug_line    0x00002e26      0x123 .\CortexM0\ARM_GCC_541\Debug\SwerveMotorFirmware.a(QuadDec.o)
 .debug_line    0x00002f49       0xc2 .\CortexM0\ARM_GCC_541\Debug\SwerveMotorFirmware.a(Status_Reg_Switches.o)
 .debug_line    0x0000300b      0x3e7 .\CortexM0\ARM_GCC_541\Debug\SwerveMotorFirmware.a(CAN.o)
 .debug_line    0x000033f2       0x53 .\CortexM0\ARM_GCC_541\Debug\SwerveMotorFirmware.a(CAN_INT.o)
 .debug_line    0x00003445       0xfc .\CortexM0\ARM_GCC_541\Debug\SwerveMotorFirmware.a(CAN_TX_RX_func.o)
 .debug_line    0x00003541      0x13c .\CortexM0\ARM_GCC_541\Debug\SwerveMotorFirmware.a(UART.o)
 .debug_line    0x0000367d      0x1f5 .\CortexM0\ARM_GCC_541\Debug\SwerveMotorFirmware.a(UART_UART.o)
 .debug_line    0x00003872       0xbc .\CortexM0\ARM_GCC_541\Debug\SwerveMotorFirmware.a(Dip1.o)
 .debug_line    0x0000392e       0xbc .\CortexM0\ARM_GCC_541\Debug\SwerveMotorFirmware.a(Dip2.o)
 .debug_line    0x000039ea       0xbc .\CortexM0\ARM_GCC_541\Debug\SwerveMotorFirmware.a(Dip3.o)
 .debug_line    0x00003aa6       0xbc .\CortexM0\ARM_GCC_541\Debug\SwerveMotorFirmware.a(Dip4.o)
 .debug_line    0x00003b62      0x17b .\CortexM0\ARM_GCC_541\Debug\SwerveMotorFirmware.a(Timer_1.o)
 .debug_line    0x00003cdd      0x156 .\CortexM0\ARM_GCC_541\Debug\SwerveMotorFirmware.a(isr_period.o)
 .debug_line    0x00003e33       0xc2 .\CortexM0\ARM_GCC_541\Debug\SwerveMotorFirmware.a(LED_Debug1.o)
 .debug_line    0x00003ef5       0xc2 .\CortexM0\ARM_GCC_541\Debug\SwerveMotorFirmware.a(LED_Debug2.o)
 .debug_line    0x00003fb7       0xbe .\CortexM0\ARM_GCC_541\Debug\SwerveMotorFirmware.a(LED_CAN.o)
 .debug_line    0x00004075       0xc1 .\CortexM0\ARM_GCC_541\Debug\SwerveMotorFirmware.a(LED_Error.o)
 .debug_line    0x00004136      0x2d8 .\CortexM0\ARM_GCC_541\Debug\SwerveMotorFirmware.a(StripLights.o)
 .debug_line    0x0000440e       0xf5 .\CortexM0\ARM_GCC_541\Debug\SwerveMotorFirmware.a(StripLights_fonts.o)
 .debug_line    0x00004503      0x383 .\CortexM0\ARM_GCC_541\Debug\SwerveMotorFirmware.a(PWM_Motor2.o)
 .debug_line    0x00004886       0xc7 .\CortexM0\ARM_GCC_541\Debug\SwerveMotorFirmware.a(Motor1Direction.o)
 .debug_line    0x0000494d       0xc7 .\CortexM0\ARM_GCC_541\Debug\SwerveMotorFirmware.a(Motor2Direction.o)
 .debug_line    0x00004a14      0x196 .\CortexM0\ARM_GCC_541\Debug\SwerveMotorFirmware.a(QuadDec_Cnt16.o)
 .debug_line    0x00004baa      0x158 .\CortexM0\ARM_GCC_541\Debug\SwerveMotorFirmware.a(StripLights_cisr.o)
 .debug_line    0x00004d02      0x15c .\CortexM0\ARM_GCC_541\Debug\SwerveMotorFirmware.a(StripLights_fisr.o)
 .debug_line    0x00004e5e      0x8ef .\CortexM0\ARM_GCC_541\Debug\SwerveMotorFirmware.a(CyLib.o)
 .debug_line    0x0000574d       0x74 .\CortexM0\ARM_GCC_541\Debug\SwerveMotorFirmware.a(cyutils.o)
 .debug_line    0x000057c1      0x5d1 .\CortexM0\ARM_GCC_541\Debug\SwerveMotorFirmware.a(CyLFClk.o)
 .debug_line    0x00005d92       0x68 .\CortexM0\ARM_GCC_541\Debug\SwerveMotorFirmware.a(CyBootAsmGnu.o)
 .debug_line    0x00005dfa      0x137 .\CortexM0\ARM_GCC_541\Debug\SwerveMotorFirmware.a(UART_SPI_UART.o)
 .debug_line    0x00005f31       0xa2 .\CortexM0\ARM_GCC_541\Debug\SwerveMotorFirmware.a(UART_SPI_UART_INT.o)
 .debug_line    0x00005fd3      0x173 .\CortexM0\ARM_GCC_541\Debug\SwerveMotorFirmware.a(CyFlash.o)

.debug_frame    0x00000000     0x4120
 *(.debug_frame)
 .debug_frame   0x00000000      0x100 .\CortexM0\ARM_GCC_541\Debug\main.o
 .debug_frame   0x00000100       0x90 .\CortexM0\ARM_GCC_541\Debug\LED_Array.o
 .debug_frame   0x00000190       0x68 .\CortexM0\ARM_GCC_541\Debug\MotorDrive.o
 .debug_frame   0x000001f8      0x1c8 .\CortexM0\ARM_GCC_541\Debug\PositionPID.o
 .debug_frame   0x000003c0       0x80 .\CortexM0\ARM_GCC_541\Debug\Motor_Unit_CAN.o
 .debug_frame   0x00000440       0xdc .\CortexM0\ARM_GCC_541\Debug\Motor_Unit_FSM.o
 .debug_frame   0x0000051c      0x104 .\CortexM0\ARM_GCC_541\Debug\PortPSOC_swerve.o
 .debug_frame   0x00000620      0x27c .\CortexM0\ARM_GCC_541\Debug\CANCommon.o
 .debug_frame   0x0000089c      0x178 .\CortexM0\ARM_GCC_541\Debug\CANGPIO.o
 .debug_frame   0x00000a14      0x360 .\CortexM0\ARM_GCC_541\Debug\CANMotorUnit.o
 .debug_frame   0x00000d74      0x1a4 .\CortexM0\ARM_GCC_541\Debug\CANPacket.o
 .debug_frame   0x00000f18       0x8c .\CortexM0\ARM_GCC_541\Debug\CANPower.o
 .debug_frame   0x00000fa4       0xb0 .\CortexM0\ARM_GCC_541\Debug\CANScience.o
 .debug_frame   0x00001054       0xb4 .\CortexM0\ARM_GCC_541\Debug\cyfitter_cfg.o
 .debug_frame   0x00001108       0xbc .\CortexM0\ARM_GCC_541\Debug\Cm0Start.o
 .debug_frame   0x000011c4       0x70 .\CortexM0\ARM_GCC_541\Debug\SwerveMotorFirmware.a(Limit1.o)
 .debug_frame   0x00001234       0x70 .\CortexM0\ARM_GCC_541\Debug\SwerveMotorFirmware.a(Limit2.o)
 .debug_frame   0x000012a4      0x3a0 .\CortexM0\ARM_GCC_541\Debug\SwerveMotorFirmware.a(PWM_Motor1.o)
 .debug_frame   0x00001644      0x110 .\CortexM0\ARM_GCC_541\Debug\SwerveMotorFirmware.a(isr_Limit_1.o)
 .debug_frame   0x00001754       0xdc .\CortexM0\ARM_GCC_541\Debug\SwerveMotorFirmware.a(QuadDec.o)
 .debug_frame   0x00001830       0x78 .\CortexM0\ARM_GCC_541\Debug\SwerveMotorFirmware.a(Status_Reg_Switches.o)
 .debug_frame   0x000018a8      0x238 .\CortexM0\ARM_GCC_541\Debug\SwerveMotorFirmware.a(CAN.o)
 .debug_frame   0x00001ae0       0x20 .\CortexM0\ARM_GCC_541\Debug\SwerveMotorFirmware.a(CAN_INT.o)
 .debug_frame   0x00001b00       0x60 .\CortexM0\ARM_GCC_541\Debug\SwerveMotorFirmware.a(CAN_TX_RX_func.o)
 .debug_frame   0x00001b60      0x104 .\CortexM0\ARM_GCC_541\Debug\SwerveMotorFirmware.a(UART.o)
 .debug_frame   0x00001c64      0x154 .\CortexM0\ARM_GCC_541\Debug\SwerveMotorFirmware.a(UART_UART.o)
 .debug_frame   0x00001db8       0x70 .\CortexM0\ARM_GCC_541\Debug\SwerveMotorFirmware.a(Dip1.o)
 .debug_frame   0x00001e28       0x70 .\CortexM0\ARM_GCC_541\Debug\SwerveMotorFirmware.a(Dip2.o)
 .debug_frame   0x00001e98       0x70 .\CortexM0\ARM_GCC_541\Debug\SwerveMotorFirmware.a(Dip3.o)
 .debug_frame   0x00001f08       0x70 .\CortexM0\ARM_GCC_541\Debug\SwerveMotorFirmware.a(Dip4.o)
 .debug_frame   0x00001f78      0x160 .\CortexM0\ARM_GCC_541\Debug\SwerveMotorFirmware.a(Timer_1.o)
 .debug_frame   0x000020d8      0x110 .\CortexM0\ARM_GCC_541\Debug\SwerveMotorFirmware.a(isr_period.o)
 .debug_frame   0x000021e8       0x70 .\CortexM0\ARM_GCC_541\Debug\SwerveMotorFirmware.a(LED_Debug1.o)
 .debug_frame   0x00002258       0x70 .\CortexM0\ARM_GCC_541\Debug\SwerveMotorFirmware.a(LED_Debug2.o)
 .debug_frame   0x000022c8       0x70 .\CortexM0\ARM_GCC_541\Debug\SwerveMotorFirmware.a(LED_CAN.o)
 .debug_frame   0x00002338       0x70 .\CortexM0\ARM_GCC_541\Debug\SwerveMotorFirmware.a(LED_Error.o)
 .debug_frame   0x000023a8      0x1d0 .\CortexM0\ARM_GCC_541\Debug\SwerveMotorFirmware.a(StripLights.o)
 .debug_frame   0x00002578       0x84 .\CortexM0\ARM_GCC_541\Debug\SwerveMotorFirmware.a(StripLights_fonts.o)