Archive member included to satisfy reference by file (symbol)

.\CortexM0\ARM_GCC_541\Debug\SwerveMotorFirmware.a(Limit1.o)
                              .\CortexM0\ARM_GCC_541\Debug\main.o (Limit1_Read)
.\CortexM0\ARM_GCC_541\Debug\SwerveMotorFirmware.a(Limit2.o)
                              .\CortexM0\ARM_GCC_541\Debug\main.o (Limit2_Read)
.\CortexM0\ARM_GCC_541\Debug\SwerveMotorFirmware.a(PWM_Motor1.o)
                              .\CortexM0\ARM_GCC_541\Debug\MotorDrive.o (PWM_Motor1_WriteCompare)
.\CortexM0\ARM_GCC_541\Debug\SwerveMotorFirmware.a(isr_Limit_1.o)
                              .\CortexM0\ARM_GCC_541\Debug\main.o (isr_Limit_1_StartEx)
.\CortexM0\ARM_GCC_541\Debug\SwerveMotorFirmware.a(Pin_Encoder_A.o)
                              .\CortexM0\ARM_GCC_541\Debug\main.o (Pin_Encoder_A_Read)
.\CortexM0\ARM_GCC_541\Debug\SwerveMotorFirmware.a(Pin_Encoder_B.o)
                              .\CortexM0\ARM_GCC_541\Debug\main.o (Pin_Encoder_B_Read)
.\CortexM0\ARM_GCC_541\Debug\SwerveMotorFirmware.a(Status_Reg_Switches.o)
                              .\CortexM0\ARM_GCC_541\Debug\main.o (Status_Reg_Switches_Read)
.\CortexM0\ARM_GCC_541\Debug\SwerveMotorFirmware.a(CAN.o)
                              .\CortexM0\ARM_GCC_541\Debug\PortPSOC_swerve.o (CAN_GlobalIntEnable)
.\CortexM0\ARM_GCC_541\Debug\SwerveMotorFirmware.a(CAN_INT.o)
                              .\CortexM0\ARM_GCC_541\Debug\SwerveMotorFirmware.a(CAN.o) (CAN_ISR)
.\CortexM0\ARM_GCC_541\Debug\SwerveMotorFirmware.a(CAN_TX_RX_func.o)
                              .\CortexM0\ARM_GCC_541\Debug\PortPSOC_swerve.o (CAN_SendMsg)
.\CortexM0\ARM_GCC_541\Debug\SwerveMotorFirmware.a(UART.o)
                              .\CortexM0\ARM_GCC_541\Debug\main.o (UART_Start)
.\CortexM0\ARM_GCC_541\Debug\SwerveMotorFirmware.a(UART_UART.o)
                              .\CortexM0\ARM_GCC_541\Debug\SwerveMotorFirmware.a(UART.o) (UART_UartInit)
.\CortexM0\ARM_GCC_541\Debug\SwerveMotorFirmware.a(Dip1.o)
                              .\CortexM0\ARM_GCC_541\Debug\main.o (Dip1_Read)
.\CortexM0\ARM_GCC_541\Debug\SwerveMotorFirmware.a(Dip2.o)
                              .\CortexM0\ARM_GCC_541\Debug\main.o (Dip2_Read)
.\CortexM0\ARM_GCC_541\Debug\SwerveMotorFirmware.a(Dip3.o)
                              .\CortexM0\ARM_GCC_541\Debug\main.o (Dip3_Read)
.\CortexM0\ARM_GCC_541\Debug\SwerveMotorFirmware.a(Dip4.o)
                              .\CortexM0\ARM_GCC_541\Debug\main.o (Dip4_Read)
.\CortexM0\ARM_GCC_541\Debug\SwerveMotorFirmware.a(Timer_1.o)
                              .\CortexM0\ARM_GCC_541\Debug\main.o (Timer_1_ReadStatusRegister)
.\CortexM0\ARM_GCC_541\Debug\SwerveMotorFirmware.a(isr_period.o)
                              .\CortexM0\ARM_GCC_541\Debug\main.o (isr_period_StartEx)
.\CortexM0\ARM_GCC_541\Debug\SwerveMotorFirmware.a(LED_Debug1.o)
                              .\CortexM0\ARM_GCC_541\Debug\main.o (LED_Debug1_Write)
.\CortexM0\ARM_GCC_541\Debug\SwerveMotorFirmware.a(LED_Debug2.o)
                              .\CortexM0\ARM_GCC_541\Debug\main.o (LED_Debug2_Write)
.\CortexM0\ARM_GCC_541\Debug\SwerveMotorFirmware.a(LED_CAN.o)
                              .\CortexM0\ARM_GCC_541\Debug\main.o (LED_CAN_Write)
.\CortexM0\ARM_GCC_541\Debug\SwerveMotorFirmware.a(LED_Error.o)
                              .\CortexM0\ARM_GCC_541\Debug\main.o (LED_Error_Write)
.\CortexM0\ARM_GCC_541\Debug\SwerveMotorFirmware.a(StripLights.o)
                              .\CortexM0\ARM_GCC_541\Debug\LED_Array.o (StripLights_Trigger)
.\CortexM0\ARM_GCC_541\Debug\SwerveMotorFirmware.a(StripLights_fonts.o)
                              .\CortexM0\ARM_GCC_541\Debug\SwerveMotorFirmware.a(StripLights.o) (StripLights_SetFont)
.\CortexM0\ARM_GCC_541\Debug\SwerveMotorFirmware.a(PWM_Motor2.o)
                              .\CortexM0\ARM_GCC_541\Debug\MotorDrive.o (PWM_Motor2_WriteCompare)
.\CortexM0\ARM_GCC_541\Debug\SwerveMotorFirmware.a(Motor1Direction.o)
                              .\CortexM0\ARM_GCC_541\Debug\MotorDrive.o (Motor1Direction_Write)
.\CortexM0\ARM_GCC_541\Debug\SwerveMotorFirmware.a(Motor2Direction.o)
                              .\CortexM0\ARM_GCC_541\Debug\MotorDrive.o (Motor2Direction_Write)
.\CortexM0\ARM_GCC_541\Debug\SwerveMotorFirmware.a(StripLights_cisr.o)
                              .\CortexM0\ARM_GCC_541\Debug\SwerveMotorFirmware.a(StripLights.o) (StripLights_cisr_StartEx)
.\CortexM0\ARM_GCC_541\Debug\SwerveMotorFirmware.a(StripLights_fisr.o)
                              .\CortexM0\ARM_GCC_541\Debug\SwerveMotorFirmware.a(StripLights.o) (StripLights_fisr_StartEx)
.\CortexM0\ARM_GCC_541\Debug\SwerveMotorFirmware.a(CyLib.o)
                              .\CortexM0\ARM_GCC_541\Debug\cyfitter_cfg.o (CyIntEnable)
.\CortexM0\ARM_GCC_541\Debug\SwerveMotorFirmware.a(cyutils.o)
                              .\CortexM0\ARM_GCC_541\Debug\SwerveMotorFirmware.a(Timer_1.o) (CySetReg24)
.\CortexM0\ARM_GCC_541\Debug\SwerveMotorFirmware.a(CyLFClk.o)
[...]
Memory Configuration

Name             Origin             Length             Attributes
rom              0x00000000         0x00040000         xr
ram              0x20000000         0x00008000         xrw
*default*        0x00000000         0xffffffff

Linker script and memory map

LOAD c:/program files (x86)/cypress/psoc creator/4.4/psoc creator/import/gnu/arm/5.4.1/bin/../lib/gcc/arm-none-eabi/5.4.1/armv6-m/crti.o
LOAD c:/program files (x86)/cypress/psoc creator/4.4/psoc creator/import/gnu/arm/5.4.1/bin/../lib/gcc/arm-none-eabi/5.4.1/armv6-m/crtbegin.o
LOAD c:/program files (x86)/cypress/psoc creator/4.4/psoc creator/import/gnu/arm/5.4.1/bin/../lib/gcc/arm-none-eabi/5.4.1/../../../../arm-none-eabi/lib/armv6-m/crt0.o
START GROUP
LOAD .\CortexM0\ARM_GCC_541\Debug\main.o
LOAD .\CortexM0\ARM_GCC_541\Debug\LED_Array.o
LOAD .\CortexM0\ARM_GCC_541\Debug\MotorDrive.o
LOAD .\CortexM0\ARM_GCC_541\Debug\PositionPID.o
LOAD .\CortexM0\ARM_GCC_541\Debug\Motor_Unit_CAN.o
LOAD .\CortexM0\ARM_GCC_541\Debug\Motor_Unit_FSM.o
LOAD .\CortexM0\ARM_GCC_541\Debug\PortPSOC_swerve.o
LOAD .\CortexM0\ARM_GCC_541\Debug\CANCommon.o
LOAD .\CortexM0\ARM_GCC_541\Debug\CANGPIO.o
LOAD .\CortexM0\ARM_GCC_541\Debug\CANLocalization.o
LOAD .\CortexM0\ARM_GCC_541\Debug\CANMotorUnit.o
LOAD .\CortexM0\ARM_GCC_541\Debug\CANPacket.o
LOAD .\CortexM0\ARM_GCC_541\Debug\CANPower.o
LOAD .\CortexM0\ARM_GCC_541\Debug\CANScience.o
LOAD .\CortexM0\ARM_GCC_541\Debug\cyfitter_cfg.o
LOAD .\CortexM0\ARM_GCC_541\Debug\cymetadata.o
LOAD .\CortexM0\ARM_GCC_541\Debug\Cm0Start.o
LOAD .\CortexM0\ARM_GCC_541\Debug\SwerveMotorFirmware.a
END GROUP
START GROUP
LOAD c:/program files (x86)/cypress/psoc creator/4.4/psoc creator/import/gnu/arm/5.4.1/bin/../lib/gcc/arm-none-eabi/5.4.1/armv6-m\libgcc.a
LOAD c:/program files (x86)/cypress/psoc creator/4.4/psoc creator/import/gnu/arm/5.4.1/bin/../lib/gcc/arm-none-eabi/5.4.1/../../../../arm-none-eabi/lib/armv6-m\libg_nano.a
LOAD c:/program files (x86)/cypress/psoc creator/4.4/psoc creator/import/gnu/arm/5.4.1/bin/../lib/gcc/arm-none-eabi/5.4.1/../../../../arm-none-eabi/lib/armv6-m\libc_nano.a
END GROUP
START GROUP
LOAD c:/program files (x86)/cypress/psoc creator/4.4/psoc creator/import/gnu/arm/5.4.1/bin/../lib/gcc/arm-none-eabi/5.4.1/armv6-m\libgcc.a
LOAD c:/program files (x86)/cypress/psoc creator/4.4/psoc creator/import/gnu/arm/5.4.1/bin/../lib/gcc/arm-none-eabi/5.4.1/../../../../arm-none-eabi/lib/armv6-m\libc_nano.a
END GROUP
LOAD c:/program files (x86)/cypress/psoc creator/4.4/psoc creator/import/gnu/arm/5.4.1/bin/../lib/gcc/arm-none-eabi/5.4.1/armv6-m/crtend.o
LOAD c:/program files (x86)/cypress/psoc creator/4.4/psoc creator/import/gnu/arm/5.4.1/bin/../lib/gcc/arm-none-eabi/5.4.1/armv6-m/crtn.o
START GROUP
LOAD c:/program files (x86)/cypress/psoc creator/4.4/psoc creator/import/gnu/arm/5.4.1/bin/../lib/gcc/arm-none-eabi/5.4.1/armv6-m\libgcc.a
LOAD c:/program files (x86)/cypress/psoc creator/4.4/psoc creator/import/gnu/arm/5.4.1/bin/../lib/gcc/arm-none-eabi/5.4.1/../../../../arm-none-eabi/lib/armv6-m\libc.a
LOAD c:/program files (x86)/cypress/psoc creator/4.4/psoc creator/import/gnu/arm/5.4.1/bin/../lib/gcc/arm-none-eabi/5.4.1/../../../../arm-none-eabi/lib/armv6-m\libnosys.a
END GROUP
                0x00000000                CY_APPL_ORIGIN = 0x0
                0x00000100                CY_FLASH_ROW_SIZE = 0x100
                0x00000001                CY_APPL_NUM = 0x1
                0x00000001                CY_APPL_MAX = 0x1
                0x00000040                CY_METADATA_SIZE = 0x40
                0x00000000                CY_APPL_LOADABLE = 0x0
                0x00000000                CY_CHECKSUM_EXCLUDE_SIZE = ALIGN (0x0, CY_FLASH_ROW_SIZE)
                0x00000000                CY_APP_FOR_STACK_AND_COPIER = 0x0
                [!provide]                PROVIDE (__cy_heap_start, _end)
                0x00000001                PROVIDE (__cy_region_num, ((__cy_regions_end - __cy_regions) / 0x10))
                0x20008000                PROVIDE (__cy_stack, (ORIGIN (ram) + LENGTH (ram)))
                [!provide]                PROVIDE (__cy_heap_end, (__cy_stack - 0x800))

.cybootloader   0x00000000        0x0
 *(.cybootloader)
                0x00000000                appl1_start = CY_APPL_ORIGIN?CY_APPL_ORIGIN:ALIGN (CY_FLASH_ROW_SIZE)
                0x0001ff00                appl2_start = (appl1_start + ALIGN ((((LENGTH (rom) - appl1_start) - (0x2 * CY_FLASH_ROW_SIZE)) / 0x2), CY_FLASH_ROW_SIZE))
                0x00000000                appl_start = (CY_APPL_NUM == 0x1)?appl1_start:appl2_start
                0x00000001                cy_project_type_bootloader = (appl_start == 0x0)?0x1:0x0
                0x00000000                cy_project_type_app_for_stack_and_copier = (CY_APP_FOR_STACK_AND_COPIER == 0x1)?0x1:0x0

.text           0x00000000     0x50fa
 CREATE_OBJECT_SYMBOLS
                0x00000000                PROVIDE (__cy_interrupt_vector, RomVectors)
 *(.romvectors)
 .romvectors    0x00000000       0x10 .\CortexM0\ARM_GCC_541\Debug\Cm0Start.o
                0x00000000                RomVectors
                0x00000001                ASSERT ((. != __cy_interrupt_vector), No interrupt vector)
                0x00000001                ASSERT (CY_APPL_ORIGIN?(SIZEOF (.cybootloader) <= CY_APPL_ORIGIN):0x1, Wrong image location)
                0x00000010                PROVIDE (__cy_reset, Reset)
 *(.text.Reset)
 .text.Reset    0x00000010        0x8 .\CortexM0\ARM_GCC_541\Debug\Cm0Start.o
                0x00000010                Reset
                0x00000001                ASSERT ((. != __cy_reset), No reset code)
 *(.psocinit)
 .psocinit      0x00000018      0x2e4 .\CortexM0\ARM_GCC_541\Debug\cyfitter_cfg.o
                0x00000138                cyfitter_cfg
                0x000002fc                . = MAX (., 0x100)
 *(.text .text.* .gnu.linkonce.t.*)
 .text          0x000002fc       0x60 c:/program files (x86)/cypress/psoc creator/4.4/psoc creator/import/gnu/arm/5.4.1/bin/../lib/gcc/arm-none-eabi/5.4.1/armv6-m/crtbegin.o
 .text.Period_Reset_Handler
                0x0000035c       0x8c .\CortexM0\ARM_GCC_541\Debug\main.o
                0x0000035c                Period_Reset_Handler
 .text.Pin_Limit_Handler
                0x000003e8       0x6c .\CortexM0\ARM_GCC_541\Debug\main.o
                0x000003e8                Pin_Limit_Handler
 .text.ReadCAN  0x00000454       0x30 .\CortexM0\ARM_GCC_541\Debug\main.o
                0x00000454                ReadCAN
 .text.DisplayErrorCode
                0x00000484       0x50 .\CortexM0\ARM_GCC_541\Debug\main.o
                0x00000484                DisplayErrorCode
 .text.getSerialAddress
                0x000004d4       0x34 .\CortexM0\ARM_GCC_541\Debug\main.o
                0x000004d4                getSerialAddress
 .text.Initialize
                0x00000508       0xb0 .\CortexM0\ARM_GCC_541\Debug\main.o
                0x00000508                Initialize
 .text.main     0x000005b8       0xa8 .\CortexM0\ARM_GCC_541\Debug\main.o
                0x000005b8                main
 .text.updateEncCount
                0x00000660       0x50 .\CortexM0\ARM_GCC_541\Debug\main.o
                0x00000660                updateEncCount
 .text.EncA_Change_Handler
                0x000006b0        0x8 .\CortexM0\ARM_GCC_541\Debug\main.o
                0x000006b0                EncA_Change_Handler
 .text.EncB_Change_Handler
                0x000006b8        0x8 .\CortexM0\ARM_GCC_541\Debug\main.o
                0x000006b8                EncB_Change_Handler
 .text.initalize_LEDs
                0x000006c0       0x28 .\CortexM0\ARM_GCC_541\Debug\LED_Array.o
                0x000006c0                initalize_LEDs
 .text.get_color_packet
                0x000006e8        0xc .\CortexM0\ARM_GCC_541\Debug\LED_Array.o
                0x000006e8                get_color_packet
 .text.set_PWM_M1
                0x000006f4       0x58 .\CortexM0\ARM_GCC_541\Debug\MotorDrive.o
                0x000006f4                set_PWM_M1
 .text.set_PWM_M2
                0x0000074c       0x58 .\CortexM0\ARM_GCC_541\Debug\MotorDrive.o
                0x0000074c                set_PWM_M2
 .text.GetCurrentPWM_M2
                0x000007a4        0xc .\CortexM0\ARM_GCC_541\Debug\MotorDrive.o
                0x000007a4                GetCurrentPWM_M2
 .text.ClearPIDProgress
                0x000007b0       0x10 .\CortexM0\ARM_GCC_541\Debug\PositionPID.o
                0x000007b0                ClearPIDProgress
 .text.DisablePID
                0x000007c0        0xc .\CortexM0\ARM_GCC_541\Debug\PositionPID.o
                0x000007c0                DisablePID
 .text.EnablePID
                0x000007cc        0xc .\CortexM0\ARM_GCC_541\Debug\PositionPID.o
                0x000007cc                EnablePID
 .text.PIDIsEnabled
                0x000007d8        0xc .\CortexM0\ARM_GCC_541\Debug\PositionPID.o
                0x000007d8                PIDIsEnabled
 .text.InitializePID
                0x000007e4       0x20 .\CortexM0\ARM_GCC_541\Debug\PositionPID.o
                0x000007e4                InitializePID
 .text.SetkPosition
                0x00000804        0xc .\CortexM0\ARM_GCC_541\Debug\PositionPID.o
                0x00000804                SetkPosition
 .text.SetkIntegral
                0x00000810        0xc .\CortexM0\ARM_GCC_541\Debug\PositionPID.o
                0x00000810                SetkIntegral
 .text.SetkDerivative
                0x0000081c        0xc .\CortexM0\ARM_GCC_541\Debug\PositionPID.o
                0x0000081c                SetkDerivative
 .text.GetPotVal
                0x00000828       0x34 .\CortexM0\ARM_GCC_541\Debug\PositionPID.o
                0x00000828                GetPotVal
 .text.SetConversion
                0x0000085c        0xc .\CortexM0\ARM_GCC_541\Debug\PositionPID.o
                0x0000085c                SetConversion
 .text.UpdateConversion
                0x00000868       0x44 .\CortexM0\ARM_GCC_541\Debug\PositionPID.o
                0x00000868                UpdateConversion
 .text.setUsingPot
                0x000008ac        0xc .\CortexM0\ARM_GCC_541\Debug\PositionPID.o
                0x000008ac                setUsingPot
 .text.SetMaxPIDPWM
                0x000008b8        0xc .\CortexM0\ARM_GCC_541\Debug\PositionPID.o
                0x000008b8                SetMaxPIDPWM
 .text.setTickMin
                0x000008c4        0xc .\CortexM0\ARM_GCC_541\Debug\PositionPID.o
                0x000008c4                setTickMin
 .text.setTickMax
                0x000008d0        0xc .\CortexM0\ARM_GCC_541\Debug\PositionPID.o
                0x000008d0                setTickMax
 .text.setmDegMin
                0x000008dc        0xc .\CortexM0\ARM_GCC_541\Debug\PositionPID.o
                0x000008dc                setmDegMin
 .text.setmDegMax
                0x000008e8        0xc .\CortexM0\ARM_GCC_541\Debug\PositionPID.o
                0x000008e8                setmDegMax
 .text.GetPositionmDeg
                0x000008f4       0x70 .\CortexM0\ARM_GCC_541\Debug\PositionPID.o
                0x000008f4                GetPositionmDeg
 .text.Position_PID
                0x00000964       0x7c .\CortexM0\ARM_GCC_541\Debug\PositionPID.o
                0x00000964                Position_PID
 .text.SetPosition
                0x000009e0       0x64 .\CortexM0\ARM_GCC_541\Debug\PositionPID.o
                0x000009e0                SetPosition
 .text.GetLimitSwNumFromPacket
                0x00000a44        0x4 .\CortexM0\ARM_GCC_541\Debug\Motor_Unit_CAN.o
 .text.GetEncCountFromPacket
                0x00000a48       0x10 .\CortexM0\ARM_GCC_541\Debug\Motor_Unit_CAN.o
 .text.SendEncoderData
                0x00000a58       0x24 .\CortexM0\ARM_GCC_541\Debug\Motor_Unit_CAN.o
                0x00000a58                SendEncoderData
 .text.NextStateFromCAN
                0x00000a7c      0x4bc .\CortexM0\ARM_GCC_541\Debug\Motor_Unit_CAN.o
                0x00000a7c                NextStateFromCAN
 .text.GotoUninitState
                0x00000f38       0x14 .\CortexM0\ARM_GCC_541\Debug\Motor_Unit_FSM.o
                0x00000f38                GotoUninitState
 .text.SetStateTo
                0x00000f4c        0xc .\CortexM0\ARM_GCC_541\Debug\Motor_Unit_FSM.o
                0x00000f4c                SetStateTo
 .text.SetModeTo
                0x00000f58        0xc .\CortexM0\ARM_GCC_541\Debug\Motor_Unit_FSM.o
                0x00000f58                SetModeTo
 .text.GetState
                0x00000f64        0xc .\CortexM0\ARM_GCC_541\Debug\Motor_Unit_FSM.o
                0x00000f64                GetState
 .text.GetMode  0x00000f70        0xc .\CortexM0\ARM_GCC_541\Debug\Motor_Unit_FSM.o
                0x00000f70                GetMode
 .text.PositionConstIsSet
                0x00000f7c       0x10 .\CortexM0\ARM_GCC_541\Debug\Motor_Unit_FSM.o
                0x00000f7c                PositionConstIsSet
 .text.IntegralConstIsSet
                0x00000f8c       0x10 .\CortexM0\ARM_GCC_541\Debug\Motor_Unit_FSM.o
                0x00000f8c                IntegralConstIsSet
 .text.DerivativeConstIsSet
                0x00000f9c       0x10 .\CortexM0\ARM_GCC_541\Debug\Motor_Unit_FSM.o
                0x00000f9c                DerivativeConstIsSet
 .text.PIDconstsSet
                0x00000fac       0x14 .\CortexM0\ARM_GCC_541\Debug\Motor_Unit_FSM.o
                0x00000fac                PIDconstsSet
 .text.InitCAN_swerve
                0x00000fc0      0x11c .\CortexM0\ARM_GCC_541\Debug\PortPSOC_swerve.o
                0x00000fc0                InitCAN_swerve
 .text.SendCANPacket
                0x000010dc       0x40 .\CortexM0\ARM_GCC_541\Debug\PortPSOC_swerve.o
                0x000010dc                SendCANPacket
 .text.getLocalDeviceSerial
                0x0000111c        0xc .\CortexM0\ARM_GCC_541\Debug\PortPSOC_swerve.o
                0x0000111c                getLocalDeviceSerial
 .text.getLocalDeviceGroup
                0x00001128        0xc .\CortexM0\ARM_GCC_541\Debug\PortPSOC_swerve.o
                0x00001128                getLocalDeviceGroup
 .text.getChipType
                0x00001134        0x4 .\CortexM0\ARM_GCC_541\Debug\PortPSOC_swerve.o
                0x00001134                getChipType
 .text.FIFOSize
                0x00001138       0x48 .\CortexM0\ARM_GCC_541\Debug\PortPSOC_swerve.o
                0x00001138                FIFOSize
 .text.countAddFIFO
                0x00001180       0x50 .\CortexM0\ARM_GCC_541\Debug\PortPSOC_swerve.o
                0x00001180                countAddFIFO
 .text.CAN_FLAG_ISR
                0x000011d0      0x12c .\CortexM0\ARM_GCC_541\Debug\PortPSOC_swerve.o
                0x000011d0                CAN_FLAG_ISR
 .text.countRemoveFIFO
                0x000012fc       0x28 .\CortexM0\ARM_GCC_541\Debug\PortPSOC_swerve.o
                0x000012fc                countRemoveFIFO
 .text.PollAndReceiveCANPacket
                0x00001324       0x4c .\CortexM0\ARM_GCC_541\Debug\PortPSOC_swerve.o
                0x00001324                PollAndReceiveCANPacket
 .text.AssembleChipTypeReportPacket
                0x00001370       0x24 .\CortexM0\ARM_GCC_541\Debug\CANCommon.o
                0x00001370                AssembleChipTypeReportPacket
 .text.AssembleTelemetryReportPacket
                0x00001394       0x2c .\CortexM0\ARM_GCC_541\Debug\CANCommon.o
                0x00001394                AssembleTelemetryReportPacket
 .text.DecodeTelemetryType
                0x000013c0        0x4 .\CortexM0\ARM_GCC_541\Debug\CANCommon.o
                0x000013c0                DecodeTelemetryType
 .text.GetModeFromPacket
                0x000013c4        0x4 .\CortexM0\ARM_GCC_541\Debug\CANMotorUnit.o
                0x000013c4                GetModeFromPacket
 .text.GetPWMFromPacket
                0x000013c8       0x10 .\CortexM0\ARM_GCC_541\Debug\CANMotorUnit.o
                0x000013c8                GetPWMFromPacket
 .text.GetPIDTargetFromPacket
                0x000013d8       0x10 .\CortexM0\ARM_GCC_541\Debug\CANMotorUnit.o
                0x000013d8                GetPIDTargetFromPacket
 .text.GetPFromPacket
                0x000013e8       0x10 .\CortexM0\ARM_GCC_541\Debug\CANMotorUnit.o
                0x000013e8                GetPFromPacket
 .text.GetIFromPacket
                0x000013f8       0x10 .\CortexM0\ARM_GCC_541\Debug\CANMotorUnit.o
                0x000013f8                GetIFromPacket
 .text.GetDFromPacket
                0x00001408       0x10 .\CortexM0\ARM_GCC_541\Debug\CANMotorUnit.o
                0x00001408                GetDFromPacket
 .text.AssembleLimitSwitchAlertPacket
                0x00001418       0x20 .\CortexM0\ARM_GCC_541\Debug\CANMotorUnit.o
                0x00001418                AssembleLimitSwitchAlertPacket
 .text.GetEncoderPPJRFromPacket
                0x00001438       0x10 .\CortexM0\ARM_GCC_541\Debug\CANMotorUnit.o
                0x00001438                GetEncoderPPJRFromPacket
 .text.GetPotADCFromPacket
                0x00001448       0x10 .\CortexM0\ARM_GCC_541\Debug\CANMotorUnit.o
                0x00001448                GetPotADCFromPacket
 .text.GetPotmDegFromPacket
                0x00001458       0x10 .\CortexM0\ARM_GCC_541\Debug\CANMotorUnit.o
                0x00001458                GetPotmDegFromPacket
 .text.GetEncoderZeroFromPacket
                0x00001468        0x8 .\CortexM0\ARM_GCC_541\Debug\CANMotorUnit.o
                0x00001468                GetEncoderZeroFromPacket
 .text.GetMaxPIDPWMFromPacket
                0x00001470       0x10 .\CortexM0\ARM_GCC_541\Debug\CANMotorUnit.o
                0x00001470                GetMaxPIDPWMFromPacket
 .text.ConstructCANID
                0x00001480       0x1c .\CortexM0\ARM_GCC_541\Debug\CANPacket.o
                0x00001480                ConstructCANID
 .text.WriteSenderSerialAndPacketID
                0x0000149c       0x18 .\CortexM0\ARM_GCC_541\Debug\CANPacket.o
                0x0000149c                WriteSenderSerialAndPacketID
 .text.GetDeviceSerialNumber
                0x000014b4        0x8 .\CortexM0\ARM_GCC_541\Debug\CANPacket.o
                0x000014b4                GetDeviceSerialNumber
 .text.GetSenderDeviceSerialNumber
                0x000014bc        0x4 .\CortexM0\ARM_GCC_541\Debug\CANPacket.o
                0x000014bc                GetSenderDeviceSerialNumber
 .text.GetSenderDeviceGroupCode
                0x000014c0        0x4 .\CortexM0\ARM_GCC_541\Debug\CANPacket.o
                0x000014c0                GetSenderDeviceGroupCode
 .text.PackIntIntoDataMSBFirst
                0x000014c4       0x18 .\CortexM0\ARM_GCC_541\Debug\CANPacket.o
                0x000014c4                PackIntIntoDataMSBFirst
 .text.DecodeBytesToIntMSBFirst
                0x000014dc       0x44 .\CortexM0\ARM_GCC_541\Debug\CANPacket.o
                0x000014dc                DecodeBytesToIntMSBFirst
 .text.cfg_write_bytes32
                0x00001520       0x34 .\CortexM0\ARM_GCC_541\Debug\cyfitter_cfg.o
 .text.CYMEMZERO
                0x00001554        0xc .\CortexM0\ARM_GCC_541\Debug\cyfitter_cfg.o
 .text.SetAnalogRoutingPumps
                0x00001560       0x20 .\CortexM0\ARM_GCC_541\Debug\cyfitter_cfg.o
                0x00001560                SetAnalogRoutingPumps
 .text.AnalogSetDefault
                0x00001580       0x3c .\CortexM0\ARM_GCC_541\Debug\cyfitter_cfg.o
 .text.IntDefaultHandler
                0x000015bc       0x10 .\CortexM0\ARM_GCC_541\Debug\Cm0Start.o
                0x000015bc                IntDefaultHandler
 .text._sbrk    0x000015cc       0x30 .\CortexM0\ARM_GCC_541\Debug\Cm0Start.o
                0x000015cc                _sbrk
 .text.Start_c  0x000015fc       0x48 .\CortexM0\ARM_GCC_541\Debug\Cm0Start.o
                0x000015fc                Start_c
 .text.initialize_psoc
                0x00001644       0x4c .\CortexM0\ARM_GCC_541\Debug\Cm0Start.o
                0x00001644                initialize_psoc
 .text.Limit1_Read
                0x00001690       0x10 .\CortexM0\ARM_GCC_541\Debug\SwerveMotorFirmware.a(Limit1.o)
                0x00001690                Limit1_Read
 .text.Limit2_Read
                0x000016a0       0x10 .\CortexM0\ARM_GCC_541\Debug\SwerveMotorFirmware.a(Limit2.o)
                0x000016a0                Limit2_Read
 .text.PWM_Motor1_WriteCounter
                0x000016b0       0x10 .\CortexM0\ARM_GCC_541\Debug\SwerveMotorFirmware.a(PWM_Motor1.o)
                0x000016b0                PWM_Motor1_WriteCounter
 .text.PWM_Motor1_WritePeriod
                0x000016c0       0x10 .\CortexM0\ARM_GCC_541\Debug\SwerveMotorFirmware.a(PWM_Motor1.o)
                0x000016c0                PWM_Motor1_WritePeriod
 .text.PWM_Motor1_WriteCompare
                0x000016d0       0x10 .\CortexM0\ARM_GCC_541\Debug\SwerveMotorFirmware.a(PWM_Motor1.o)
                0x000016d0                PWM_Motor1_WriteCompare
 .text.PWM_Motor1_TriggerCommand
                0x000016e0       0x1c .\CortexM0\ARM_GCC_541\Debug\SwerveMotorFirmware.a(PWM_Motor1.o)
                0x000016e0                PWM_Motor1_TriggerCommand
 .text.PWM_Motor1_Enable
                0x000016fc       0x24 .\CortexM0\ARM_GCC_541\Debug\SwerveMotorFirmware.a(PWM_Motor1.o)
                0x000016fc                PWM_Motor1_Enable
 .text.PWM_Motor1_SetInterruptMode
                0x00001720        0xc .\CortexM0\ARM_GCC_541\Debug\SwerveMotorFirmware.a(PWM_Motor1.o)
                0x00001720                PWM_Motor1_SetInterruptMode
 .text.PWM_Motor1_Init
                0x0000172c       0x48 .\CortexM0\ARM_GCC_541\Debug\SwerveMotorFirmware.a(PWM_Motor1.o)
                0x0000172c                PWM_Motor1_Init
 .text.PWM_Motor1_Start
                0x00001774       0x20 .\CortexM0\ARM_GCC_541\Debug\SwerveMotorFirmware.a(PWM_Motor1.o)
                0x00001774                PWM_Motor1_Start
 .text.isr_Limit_1_SetVector
                0x00001794        0xc .\CortexM0\ARM_GCC_541\Debug\SwerveMotorFirmware.a(isr_Limit_1.o)
                0x00001794                isr_Limit_1_SetVector
 .text.isr_Limit_1_SetPriority
                0x000017a0       0x24 .\CortexM0\ARM_GCC_541\Debug\SwerveMotorFirmware.a(isr_Limit_1.o)
                0x000017a0                isr_Limit_1_SetPriority
 .text.isr_Limit_1_Enable
                0x000017c4        0xc .\CortexM0\ARM_GCC_541\Debug\SwerveMotorFirmware.a(isr_Limit_1.o)
                0x000017c4                isr_Limit_1_Enable
 .text.isr_Limit_1_Disable
                0x000017d0        0xc .\CortexM0\ARM_GCC_541\Debug\SwerveMotorFirmware.a(isr_Limit_1.o)
                0x000017d0                isr_Limit_1_Disable
 .text.isr_Limit_1_StartEx
                0x000017dc       0x1c .\CortexM0\ARM_GCC_541\Debug\SwerveMotorFirmware.a(isr_Limit_1.o)
                0x000017dc                isr_Limit_1_StartEx
 .text.Pin_Encoder_A_Read
                0x000017f8       0x10 .\CortexM0\ARM_GCC_541\Debug\SwerveMotorFirmware.a(Pin_Encoder_A.o)
                0x000017f8                Pin_Encoder_A_Read
 .text.Pin_Encoder_B_Read
                0x00001808       0x10 .\CortexM0\ARM_GCC_541\Debug\SwerveMotorFirmware.a(Pin_Encoder_B.o)
                0x00001808                Pin_Encoder_B_Read
 .text.Status_Reg_Switches_Read
                0x00001818        0xc .\CortexM0\ARM_GCC_541\Debug\SwerveMotorFirmware.a(Status_Reg_Switches.o)
                0x00001818                Status_Reg_Switches_Read
 .text.Status_Reg_Switches_InterruptEnable
                0x00001824       0x1c .\CortexM0\ARM_GCC_541\Debug\SwerveMotorFirmware.a(Status_Reg_Switches.o)
                0x00001824                Status_Reg_Switches_InterruptEnable
 .text.CAN_GlobalIntEnable
                0x00001840       0x1c .\CortexM0\ARM_GCC_541\Debug\SwerveMotorFirmware.a(CAN.o)
                0x00001840                CAN_GlobalIntEnable
 .text.CAN_Enable
                0x0000185c       0x48 .\CortexM0\ARM_GCC_541\Debug\SwerveMotorFirmware.a(CAN.o)
                0x0000185c                CAN_Enable
 .text.CAN_SetPreScaler
                0x000018a4       0x38 .\CortexM0\ARM_GCC_541\Debug\SwerveMotorFirmware.a(CAN.o)
                0x000018a4                CAN_SetPreScaler
 .text.CAN_SetArbiter
                0x000018dc       0x40 .\CortexM0\ARM_GCC_541\Debug\SwerveMotorFirmware.a(CAN.o)
                0x000018dc                CAN_SetArbiter
 .text.CAN_SetTsegSample
                0x0000191c       0xa0 .\CortexM0\ARM_GCC_541\Debug\SwerveMotorFirmware.a(CAN.o)
                0x0000191c                CAN_SetTsegSample
 .text.CAN_SetRestartType
                0x000019bc       0x38 .\CortexM0\ARM_GCC_541\Debug\SwerveMotorFirmware.a(CAN.o)
                0x000019bc                CAN_SetRestartType
 .text.CAN_SetEdgeMode
                0x000019f4       0x38 .\CortexM0\ARM_GCC_541\Debug\SwerveMotorFirmware.a(CAN.o)
                0x000019f4                CAN_SetEdgeMode
 .text.CAN_SetIrqMask
                0x00001a2c       0x1c .\CortexM0\ARM_GCC_541\Debug\SwerveMotorFirmware.a(CAN.o)
                0x00001a2c                CAN_SetIrqMask
 .text.CAN_RxBufConfig
                0x00001a48       0x98 .\CortexM0\ARM_GCC_541\Debug\SwerveMotorFirmware.a(CAN.o)
                0x00001a48                CAN_RxBufConfig
 .text.CAN_TxBufConfig
                0x00001ae0       0x58 .\CortexM0\ARM_GCC_541\Debug\SwerveMotorFirmware.a(CAN.o)
                0x00001ae0                CAN_TxBufConfig
 .text.CAN_RxTxBuffersConfig
                0x00001b38       0x54 .\CortexM0\ARM_GCC_541\Debug\SwerveMotorFirmware.a(CAN.o)
                0x00001b38                CAN_RxTxBuffersConfig
 .text.CAN_SetSwapDataEndianness
                0x00001b8c       0x40 .\CortexM0\ARM_GCC_541\Debug\SwerveMotorFirmware.a(CAN.o)
                0x00001b8c                CAN_SetSwapDataEndianness
 .text.CAN_Init
                0x00001bcc       0xe8 .\CortexM0\ARM_GCC_541\Debug\SwerveMotorFirmware.a(CAN.o)
                0x00001bcc                CAN_Init
 .text.CAN_Start
                0x00001cb4       0x28 .\CortexM0\ARM_GCC_541\Debug\SwerveMotorFirmware.a(CAN.o)
                0x00001cb4                CAN_Start
 .text.CAN_ISR  0x00001cdc        0x4 .\CortexM0\ARM_GCC_541\Debug\SwerveMotorFirmware.a(CAN_INT.o)
                0x00001cdc                CAN_ISR
 .text.CAN_SendMsg
                0x00001ce0      0x154 .\CortexM0\ARM_GCC_541\Debug\SwerveMotorFirmware.a(CAN_TX_RX_func.o)
                0x00001ce0                CAN_SendMsg
 .text.UART_ScbEnableIntr
                0x00001e34        0xc .\CortexM0\ARM_GCC_541\Debug\SwerveMotorFirmware.a(UART.o)
 .text.UART_ScbModePostEnable
                0x00001e40        0x8 .\CortexM0\ARM_GCC_541\Debug\SwerveMotorFirmware.a(UART.o)
 .text.UART_Init
                0x00001e48        0x8 .\CortexM0\ARM_GCC_541\Debug\SwerveMotorFirmware.a(UART.o)
                0x00001e48                UART_Init
 .text.UART_Enable
                0x00001e50       0x1c .\CortexM0\ARM_GCC_541\Debug\SwerveMotorFirmware.a(UART.o)
                0x00001e50                UART_Enable
 .text.UART_Start
                0x00001e6c       0x20 .\CortexM0\ARM_GCC_541\Debug\SwerveMotorFirmware.a(UART.o)
                0x00001e6c                UART_Start
 .text.UART_UartInit
                0x00001e8c       0xdc .\CortexM0\ARM_GCC_541\Debug\SwerveMotorFirmware.a(UART_UART.o)
                0x00001e8c                UART_UartInit
 .text.UART_UartPostEnable
                0x00001f68       0x24 .\CortexM0\ARM_GCC_541\Debug\SwerveMotorFirmware.a(UART_UART.o)
                0x00001f68                UART_UartPostEnable
 .text.UART_UartPutString
                0x00001f8c       0x18 .\CortexM0\ARM_GCC_541\Debug\SwerveMotorFirmware.a(UART_UART.o)
                0x00001f8c                UART_UartPutString
 .text.Dip1_Read
                0x00001fa4       0x10 .\CortexM0\ARM_GCC_541\Debug\SwerveMotorFirmware.a(Dip1.o)
                0x00001fa4                Dip1_Read
 .text.Dip2_Read
                0x00001fb4       0x10 .\CortexM0\ARM_GCC_541\Debug\SwerveMotorFirmware.a(Dip2.o)
                0x00001fb4                Dip2_Read
 .text.Dip3_Read
                0x00001fc4       0x10 .\CortexM0\ARM_GCC_541\Debug\SwerveMotorFirmware.a(Dip3.o)
                0x00001fc4                Dip3_Read
 .text.Dip4_Read
                0x00001fd4       0x10 .\CortexM0\ARM_GCC_541\Debug\SwerveMotorFirmware.a(Dip4.o)
                0x00001fd4                Dip4_Read
 .text.Timer_1_Enable
                0x00001fe4       0x14 .\CortexM0\ARM_GCC_541\Debug\SwerveMotorFirmware.a(Timer_1.o)
                0x00001fe4                Timer_1_Enable
 .text.Timer_1_SetInterruptMode
                0x00001ff8        0xc .\CortexM0\ARM_GCC_541\Debug\SwerveMotorFirmware.a(Timer_1.o)
                0x00001ff8                Timer_1_SetInterruptMode
 .text.Timer_1_ReadStatusRegister
                0x00002004        0xc .\CortexM0\ARM_GCC_541\Debug\SwerveMotorFirmware.a(Timer_1.o)
                0x00002004                Timer_1_ReadStatusRegister
 .text.Timer_1_WritePeriod
                0x00002010       0x10 .\CortexM0\ARM_GCC_541\Debug\SwerveMotorFirmware.a(Timer_1.o)
                0x00002010                Timer_1_WritePeriod
 .text.Timer_1_ReadCapture
                0x00002020       0x10 .\CortexM0\ARM_GCC_541\Debug\SwerveMotorFirmware.a(Timer_1.o)
                0x00002020                Timer_1_ReadCapture
 .text.Timer_1_WriteCounter
                0x00002030       0x10 .\CortexM0\ARM_GCC_541\Debug\SwerveMotorFirmware.a(Timer_1.o)
                0x00002030                Timer_1_WriteCounter
 .text.Timer_1_ClearFIFO
                0x00002040       0x14 .\CortexM0\ARM_GCC_541\Debug\SwerveMotorFirmware.a(Timer_1.o)
                0x00002040                Timer_1_ClearFIFO
 .text.Timer_1_Init
                0x00002054       0x38 .\CortexM0\ARM_GCC_541\Debug\SwerveMotorFirmware.a(Timer_1.o)
                0x00002054                Timer_1_Init
 .text.Timer_1_Start
                0x0000208c       0x20 .\CortexM0\ARM_GCC_541\Debug\SwerveMotorFirmware.a(Timer_1.o)
                0x0000208c                Timer_1_Start
 .text.isr_period_SetVector
                0x000020ac        0xc .\CortexM0\ARM_GCC_541\Debug\SwerveMotorFirmware.a(isr_period.o)
                0x000020ac                isr_period_SetVector
 .text.isr_period_SetPriority
                0x000020b8       0x24 .\CortexM0\ARM_GCC_541\Debug\SwerveMotorFirmware.a(isr_period.o)
                0x000020b8                isr_period_SetPriority
 .text.isr_period_Enable
                0x000020dc        0xc .\CortexM0\ARM_GCC_541\Debug\SwerveMotorFirmware.a(isr_period.o)
                0x000020dc                isr_period_Enable
 .text.isr_period_Disable
                0x000020e8        0xc .\CortexM0\ARM_GCC_541\Debug\SwerveMotorFirmware.a(isr_period.o)
                0x000020e8                isr_period_Disable
 .text.isr_period_StartEx
                0x000020f4       0x1c .\CortexM0\ARM_GCC_541\Debug\SwerveMotorFirmware.a(isr_period.o)
                0x000020f4                isr_period_StartEx
 .text.LED_Debug1_Write
                0x00002110       0x18 .\CortexM0\ARM_GCC_541\Debug\SwerveMotorFirmware.a(LED_Debug1.o)
                0x00002110                LED_Debug1_Write
 .text.LED_Debug2_Write
                0x00002128       0x18 .\CortexM0\ARM_GCC_541\Debug\SwerveMotorFirmware.a(LED_Debug2.o)
                0x00002128                LED_Debug2_Write
 .text.LED_CAN_Write
                0x00002140       0x18 .\CortexM0\ARM_GCC_541\Debug\SwerveMotorFirmware.a(LED_CAN.o)
                0x00002140                LED_CAN_Write
 .text.LED_Error_Write
                0x00002158       0x18 .\CortexM0\ARM_GCC_541\Debug\SwerveMotorFirmware.a(LED_Error.o)
                0x00002158                LED_Error_Write
 .text.StripLights_FISR
                0x00002170       0x60 .\CortexM0\ARM_GCC_541\Debug\SwerveMotorFirmware.a(StripLights.o)
                0x00002170                StripLights_FISR
 .text.StripLights_CISR
                0x000021d0       0x7c .\CortexM0\ARM_GCC_541\Debug\SwerveMotorFirmware.a(StripLights.o)
                0x000021d0                StripLights_CISR
 .text.StripLights_Trigger
                0x0000224c       0x6c .\CortexM0\ARM_GCC_541\Debug\SwerveMotorFirmware.a(StripLights.o)
                0x0000224c                StripLights_Trigger
 .text.StripLights_MemClear
                0x000022b8       0x28 .\CortexM0\ARM_GCC_541\Debug\SwerveMotorFirmware.a(StripLights.o)
                0x000022b8                StripLights_MemClear
 .text.StripLights_DisplayClear
                0x000022e0       0x10 .\CortexM0\ARM_GCC_541\Debug\SwerveMotorFirmware.a(StripLights.o)
                0x000022e0                StripLights_DisplayClear
 .text.StripLights_Pixel
                0x000022f0       0x24 .\CortexM0\ARM_GCC_541\Debug\SwerveMotorFirmware.a(StripLights.o)
                0x000022f0                StripLights_Pixel
 .text.StripLights_Dim
                0x00002314       0x78 .\CortexM0\ARM_GCC_541\Debug\SwerveMotorFirmware.a(StripLights.o)
                0x00002314                StripLights_Dim
 .text.StripLights_Start
                0x0000238c       0x7c .\CortexM0\ARM_GCC_541\Debug\SwerveMotorFirmware.a(StripLights.o)
                0x0000238c                StripLights_Start
 .text.StripLights_SetFont
                0x00002408       0x4c .\CortexM0\ARM_GCC_541\Debug\SwerveMotorFirmware.a(StripLights_fonts.o)
                0x00002408                StripLights_SetFont
 .text.PWM_Motor2_WriteCounter
                0x00002454       0x10 .\CortexM0\ARM_GCC_541\Debug\SwerveMotorFirmware.a(PWM_Motor2.o)
                0x00002454                PWM_Motor2_WriteCounter
 .text.PWM_Motor2_WritePeriod
                0x00002464       0x10 .\CortexM0\ARM_GCC_541\Debug\SwerveMotorFirmware.a(PWM_Motor2.o)
                0x00002464                PWM_Motor2_WritePeriod
 .text.PWM_Motor2_WriteCompare
                0x00002474       0x10 .\CortexM0\ARM_GCC_541\Debug\SwerveMotorFirmware.a(PWM_Motor2.o)
                0x00002474                PWM_Motor2_WriteCompare
 .text.PWM_Motor2_TriggerCommand
                0x00002484       0x1c .\CortexM0\ARM_GCC_541\Debug\SwerveMotorFirmware.a(PWM_Motor2.o)
                0x00002484                PWM_Motor2_TriggerCommand
 .text.PWM_Motor2_Enable
                0x000024a0       0x24 .\CortexM0\ARM_GCC_541\Debug\SwerveMotorFirmware.a(PWM_Motor2.o)
                0x000024a0                PWM_Motor2_Enable
 .text.PWM_Motor2_SetInterruptMode
                0x000024c4        0xc .\CortexM0\ARM_GCC_541\Debug\SwerveMotorFirmware.a(PWM_Motor2.o)
                0x000024c4                PWM_Motor2_SetInterruptMode
 .text.PWM_Motor2_Init
                0x000024d0       0x48 .\CortexM0\ARM_GCC_541\Debug\SwerveMotorFirmware.a(PWM_Motor2.o)
                0x000024d0                PWM_Motor2_Init
 .text.PWM_Motor2_Start
                0x00002518       0x20 .\CortexM0\ARM_GCC_541\Debug\SwerveMotorFirmware.a(PWM_Motor2.o)
                0x00002518                PWM_Motor2_Start
 .text.Motor1Direction_Write
                0x00002538       0x18 .\CortexM0\ARM_GCC_541\Debug\SwerveMotorFirmware.a(Motor1Direction.o)
                0x00002538                Motor1Direction_Write
 .text.Motor2Direction_Write
                0x00002550       0x18 .\CortexM0\ARM_GCC_541\Debug\SwerveMotorFirmware.a(Motor2Direction.o)
                0x00002550                Motor2Direction_Write
 .text.StripLights_cisr_SetVector
                0x00002568        0xc .\CortexM0\ARM_GCC_541\Debug\SwerveMotorFirmware.a(StripLights_cisr.o)
                0x00002568                StripLights_cisr_SetVector
 .text.StripLights_cisr_SetPriority
                0x00002574       0x20 .\CortexM0\ARM_GCC_541\Debug\SwerveMotorFirmware.a(StripLights_cisr.o)
                0x00002574                StripLights_cisr_SetPriority
 .text.StripLights_cisr_Enable
                0x00002594        0xc .\CortexM0\ARM_GCC_541\Debug\SwerveMotorFirmware.a(StripLights_cisr.o)
                0x00002594                StripLights_cisr_Enable
 .text.StripLights_cisr_Disable
                0x000025a0        0xc .\CortexM0\ARM_GCC_541\Debug\SwerveMotorFirmware.a(StripLights_cisr.o)
                0x000025a0                StripLights_cisr_Disable
 .text.StripLights_cisr_StartEx
                0x000025ac       0x1c .\CortexM0\ARM_GCC_541\Debug\SwerveMotorFirmware.a(StripLights_cisr.o)
                0x000025ac                StripLights_cisr_StartEx
 .text.StripLights_fisr_SetVector
                0x000025c8        0xc .\CortexM0\ARM_GCC_541\Debug\SwerveMotorFirmware.a(StripLights_fisr.o)
                0x000025c8                StripLights_fisr_SetVector
 .text.StripLights_fisr_SetPriority
                0x000025d4       0x24 .\CortexM0\ARM_GCC_541\Debug\SwerveMotorFirmware.a(StripLights_fisr.o)
                0x000025d4                StripLights_fisr_SetPriority
 .text.StripLights_fisr_Enable
                0x000025f8        0xc .\CortexM0\ARM_GCC_541\Debug\SwerveMotorFirmware.a(StripLights_fisr.o)
                0x000025f8                StripLights_fisr_Enable
 .text.StripLights_fisr_Disable
                0x00002604        0xc .\CortexM0\ARM_GCC_541\Debug\SwerveMotorFirmware.a(StripLights_fisr.o)
                0x00002604                StripLights_fisr_Disable
 .text.StripLights_fisr_StartEx
                0x00002610       0x1c .\CortexM0\ARM_GCC_541\Debug\SwerveMotorFirmware.a(StripLights_fisr.o)
                0x00002610                StripLights_fisr_StartEx
 .text.CySysClkImoSetPwrBgTrim5
                0x0000262c       0x30 .\CortexM0\ARM_GCC_541\Debug\SwerveMotorFirmware.a(CyLib.o)
 .text.CySysClkImoSetImoTrims
                0x0000265c       0xb0 .\CortexM0\ARM_GCC_541\Debug\SwerveMotorFirmware.a(CyLib.o)
 .text.CySysClkImoDisableWcoLock
                0x0000270c       0x54 .\CortexM0\ARM_GCC_541\Debug\SwerveMotorFirmware.a(CyLib.o)
                0x0000270c                CySysClkImoDisableWcoLock
 .text.CySysClkImoGetWcoLock
                0x00002760       0x14 .\CortexM0\ARM_GCC_541\Debug\SwerveMotorFirmware.a(CyLib.o)
                0x00002760                CySysClkImoGetWcoLock
 .text.CySysClkImoEnableUsbLock
                0x00002774       0x44 .\CortexM0\ARM_GCC_541\Debug\SwerveMotorFirmware.a(CyLib.o)
                0x00002774                CySysClkImoEnableUsbLock
 .text.CySysClkImoDisableUsbLock
                0x000027b8       0x74 .\CortexM0\ARM_GCC_541\Debug\SwerveMotorFirmware.a(CyLib.o)
                0x000027b8                CySysClkImoDisableUsbLock
 .text.CySysClkImoGetUsbLock
                0x0000282c       0x14 .\CortexM0\ARM_GCC_541\Debug\SwerveMotorFirmware.a(CyLib.o)
                0x0000282c                CySysClkImoGetUsbLock
 .text.CyIntEnable
                0x00002840       0x14 .\CortexM0\ARM_GCC_541\Debug\SwerveMotorFirmware.a(CyLib.o)
                0x00002840                CyIntEnable
 .text.CyIntDisable
                0x00002854       0x14 .\CortexM0\ARM_GCC_541\Debug\SwerveMotorFirmware.a(CyLib.o)
                0x00002854                CyIntDisable
 .text.CyHalt   0x00002868        0x4 .\CortexM0\ARM_GCC_541\Debug\SwerveMotorFirmware.a(CyLib.o)
                0x00002868                CyHalt
 .text.CyIntSetVector
                0x0000286c       0x24 .\CortexM0\ARM_GCC_541\Debug\SwerveMotorFirmware.a(CyLib.o)
                0x0000286c                CyIntSetVector
 .text.CyIntSetPriority
                0x00002890       0x4c .\CortexM0\ARM_GCC_541\Debug\SwerveMotorFirmware.a(CyLib.o)
                0x00002890                CyIntSetPriority
 .text.CyDelay  0x000028dc       0x30 .\CortexM0\ARM_GCC_541\Debug\SwerveMotorFirmware.a(CyLib.o)
                0x000028dc                CyDelay
 .text.CySysClkImoEnableWcoLock
                0x0000290c      0x104 .\CortexM0\ARM_GCC_541\Debug\SwerveMotorFirmware.a(CyLib.o)
                0x0000290c                CySysClkImoEnableWcoLock
 .text.CyDelayUs
                0x00002a10       0x14 .\CortexM0\ARM_GCC_541\Debug\SwerveMotorFirmware.a(CyLib.o)
                0x00002a10                CyDelayUs
 .text.CySysClkWriteImoFreq
                0x00002a24      0x1bc .\CortexM0\ARM_GCC_541\Debug\SwerveMotorFirmware.a(CyLib.o)
                0x00002a24                CySysClkWriteImoFreq
 .text.CySetReg24
                0x00002be0       0x14 .\CortexM0\ARM_GCC_541\Debug\SwerveMotorFirmware.a(cyutils.o)
                0x00002be0                CySetReg24
 .text.CyGetReg24
                0x00002bf4       0x14 .\CortexM0\ARM_GCC_541\Debug\SwerveMotorFirmware.a(cyutils.o)
                0x00002bf4                CyGetReg24
 .text.CySysWdtLocked
                0x00002c08       0x14 .\CortexM0\ARM_GCC_541\Debug\SwerveMotorFirmware.a(CyLFClk.o)
 .text.CySysClkWcoEnabled
                0x00002c1c       0x14 .\CortexM0\ARM_GCC_541\Debug\SwerveMotorFirmware.a(CyLFClk.o)
                0x00002c1c                CySysClkWcoEnabled
 .text.CySysWdtLock
                0x00002c30       0x1c .\CortexM0\ARM_GCC_541\Debug\SwerveMotorFirmware.a(CyLFClk.o)
                0x00002c30                CySysWdtLock
 .text.CySysWdtUnlock
                0x00002c4c       0x30 .\CortexM0\ARM_GCC_541\Debug\SwerveMotorFirmware.a(CyLFClk.o)
                0x00002c4c                CySysWdtUnlock
 .text.CySysWdtClearInterrupt
                0x00002c7c       0x4c .\CortexM0\ARM_GCC_541\Debug\SwerveMotorFirmware.a(CyLFClk.o)
                0x00002c7c                CySysWdtClearInterrupt
 .text.CySysWdtIsr
                0x00002cc8       0xa4 .\CortexM0\ARM_GCC_541\Debug\SwerveMotorFirmware.a(CyLFClk.o)
                0x00002cc8                CySysWdtIsr
 .text.isr_encA_SetVector
                0x00002d6c        0xc .\CortexM0\ARM_GCC_541\Debug\SwerveMotorFirmware.a(isr_encA.o)
                0x00002d6c                isr_encA_SetVector
 .text.isr_encA_SetPriority
                0x00002d78       0x20 .\CortexM0\ARM_GCC_541\Debug\SwerveMotorFirmware.a(isr_encA.o)
                0x00002d78                isr_encA_SetPriority
 .text.isr_encA_Enable
                0x00002d98        0xc .\CortexM0\ARM_GCC_541\Debug\SwerveMotorFirmware.a(isr_encA.o)
                0x00002d98                isr_encA_Enable
 .text.isr_encA_Disable
                0x00002da4        0xc .\CortexM0\ARM_GCC_541\Debug\SwerveMotorFirmware.a(isr_encA.o)
                0x00002da4                isr_encA_Disable
 .text.isr_encA_StartEx
                0x00002db0       0x1c .\CortexM0\ARM_GCC_541\Debug\SwerveMotorFirmware.a(isr_encA.o)
                0x00002db0                isr_encA_StartEx
 .text.isr_encB_SetVector
                0x00002dcc        0xc .\CortexM0\ARM_GCC_541\Debug\SwerveMotorFirmware.a(isr_encB.o)
                0x00002dcc                isr_encB_SetVector
 .text.isr_encB_SetPriority
                0x00002dd8       0x20 .\CortexM0\ARM_GCC_541\Debug\SwerveMotorFirmware.a(isr_encB.o)
                0x00002dd8                isr_encB_SetPriority
 .text.isr_encB_Enable
                0x00002df8        0xc .\CortexM0\ARM_GCC_541\Debug\SwerveMotorFirmware.a(isr_encB.o)
                0x00002df8                isr_encB_Enable
 .text.isr_encB_Disable
                0x00002e04        0xc .\CortexM0\ARM_GCC_541\Debug\SwerveMotorFirmware.a(isr_encB.o)
                0x00002e04                isr_encB_Disable
 .text.isr_encB_StartEx
                0x00002e10       0x1c .\CortexM0\ARM_GCC_541\Debug\SwerveMotorFirmware.a(isr_encB.o)
                0x00002e10                isr_encB_StartEx
 .text.ADC_Pot_StartConvert
                0x00002e2c       0x14 .\CortexM0\ARM_GCC_541\Debug\SwerveMotorFirmware.a(ADC_Pot.o)
                0x00002e2c                ADC_Pot_StartConvert
 .text.ADC_Pot_IsEndConversion
                0x00002e40       0x28 .\CortexM0\ARM_GCC_541\Debug\SwerveMotorFirmware.a(ADC_Pot.o)
                0x00002e40                ADC_Pot_IsEndConversion
 .text.ADC_Pot_GetResult16
                0x00002e68       0x2c .\CortexM0\ARM_GCC_541\Debug\SwerveMotorFirmware.a(ADC_Pot.o)
                0x00002e68                ADC_Pot_GetResult16
 *fill*         0x00002e94        0x4 
 .text          0x00002e98       0x20 .\CortexM0\ARM_GCC_541\Debug\SwerveMotorFirmware.a(CyBootAsmGnu.o)
                0x00002e98                CyDelayCycles
                0x00002eaa                CyEnterCriticalSection
                0x00002eb2                CyExitCriticalSection
 .text.UART_SpiUartWriteTxData
                0x00002eb8       0x1c .\CortexM0\ARM_GCC_541\Debug\SwerveMotorFirmware.a(UART_SPI_UART.o)
                0x00002eb8                UART_SpiUartWriteTxData
 .text.UART_SPI_UART_ISR
                0x00002ed4       0x78 .\CortexM0\ARM_GCC_541\Debug\SwerveMotorFirmware.a(UART_SPI_UART_INT.o)
                0x00002ed4                UART_SPI_UART_ISR
 .text.CySysFlashSetWaitCycles
                0x00002f4c       0x54 .\CortexM0\ARM_GCC_541\Debug\SwerveMotorFirmware.a(CyFlash.o)
                0x00002f4c                CySysFlashSetWaitCycles
 .text          0x00002fa0      0x114 c:/program files (x86)/cypress/psoc creator/4.4/psoc creator/import/gnu/arm/5.4.1/bin/../lib/gcc/arm-none-eabi/5.4.1/armv6-m\libgcc.a(_udivsi3.o)
                0x00002fa0                __aeabi_uidiv
                0x00002fa0                __udivsi3
                0x000030ac                __aeabi_uidivmod
 .text          0x000030b4      0x1d4 c:/program files (x86)/cypress/psoc creator/4.4/psoc creator/import/gnu/arm/5.4.1/bin/../lib/gcc/arm-none-eabi/5.4.1/armv6-m\libgcc.a(_divsi3.o)
                0x000030b4                __divsi3
                0x000030b4                __aeabi_idiv
                0x00003280                __aeabi_idivmod
 .text          0x00003288        0x4 c:/program files (x86)/cypress/psoc creator/4.4/psoc creator/import/gnu/arm/5.4.1/bin/../lib/gcc/arm-none-eabi/5.4.1/armv6-m\libgcc.a(_dvmd_tls.o)
                0x00003288                __aeabi_idiv0
                0x00003288                __aeabi_ldiv0
 .text          0x0000328c       0x7c c:/program files (x86)/cypress/psoc creator/4.4/psoc creator/import/gnu/arm/5.4.1/bin/../lib/gcc/arm-none-eabi/5.4.1/armv6-m\libgcc.a(_arm_cmpdf2.o)
                0x0000328c                __aeabi_cdrcmple
                0x0000329c                __aeabi_cdcmple
                0x0000329c                __aeabi_cdcmpeq
                0x000032ac                __aeabi_dcmpeq
                0x000032b8                __aeabi_dcmplt
                0x000032cc                __aeabi_dcmple
                0x000032e0                __aeabi_dcmpgt
                0x000032f4                __aeabi_dcmpge
 .text          0x00003308      0x658 c:/program files (x86)/cypress/psoc creator/4.4/psoc creator/import/gnu/arm/5.4.1/bin/../lib/gcc/arm-none-eabi/5.4.1/armv6-m\libgcc.a(adddf3.o)
                0x00003308                __aeabi_dadd
 .text          0x00003960      0x62c c:/program files (x86)/cypress/psoc creator/4.4/psoc creator/import/gnu/arm/5.4.1/bin/../lib/gcc/arm-none-eabi/5.4.1/armv6-m\libgcc.a(divdf3.o)
                0x00003960                __aeabi_ddiv
 .text          0x00003f8c       0x80 c:/program files (x86)/cypress/psoc creator/4.4/psoc creator/import/gnu/arm/5.4.1/bin/../lib/gcc/arm-none-eabi/5.4.1/armv6-m\libgcc.a(eqdf2.o)
                0x00003f8c                __nedf2
                0x00003f8c                __eqdf2
 .text          0x0000400c       0xc8 c:/program files (x86)/cypress/psoc creator/4.4/psoc creator/import/gnu/arm/5.4.1/bin/../lib/gcc/arm-none-eabi/5.4.1/armv6-m\libgcc.a(gedf2.o)
                0x0000400c                __gedf2
                0x0000400c                __gtdf2
 .text          0x000040d4       0xd4 c:/program files (x86)/cypress/psoc creator/4.4/psoc creator/import/gnu/arm/5.4.1/bin/../lib/gcc/arm-none-eabi/5.4.1/armv6-m\libgcc.a(ledf2.o)
                0x000040d4                __ledf2
                0x000040d4                __ltdf2
 .text          0x000041a8      0x4f4 c:/program files (x86)/cypress/psoc creator/4.4/psoc creator/import/gnu/arm/5.4.1/bin/../lib/gcc/arm-none-eabi/5.4.1/armv6-m\libgcc.a(muldf3.o)
                0x000041a8                __aeabi_dmul
 .text          0x0000469c       0x6c c:/program files (x86)/cypress/psoc creator/4.4/psoc creator/import/gnu/arm/5.4.1/bin/../lib/gcc/arm-none-eabi/5.4.1/armv6-m\libgcc.a(fixdfsi.o)
                0x0000469c                __aeabi_d2iz
 .text          0x00004708       0x84 c:/program files (x86)/cypress/psoc creator/4.4/psoc creator/import/gnu/arm/5.4.1/bin/../lib/gcc/arm-none-eabi/5.4.1/armv6-m\libgcc.a(floatsidf.o)
                0x00004708                __aeabi_i2d
 .text          0x0000478c       0x70 c:/program files (x86)/cypress/psoc creator/4.4/psoc creator/import/gnu/arm/5.4.1/bin/../lib/gcc/arm-none-eabi/5.4.1/armv6-m\libgcc.a(floatunsidf.o)
                0x0000478c                __aeabi_ui2d
 .text          0x000047fc       0x3c c:/program files (x86)/cypress/psoc creator/4.4/psoc creator/import/gnu/arm/5.4.1/bin/../lib/gcc/arm-none-eabi/5.4.1/armv6-m\libgcc.a(_clzsi2.o)
                0x000047fc                __clzsi2
 .text.__errno  0x00004838        0xc c:/program files (x86)/cypress/psoc creator/4.4/psoc creator/import/gnu/arm/5.4.1/bin/../lib/gcc/arm-none-eabi/5.4.1/../../../../arm-none-eabi/lib/armv6-m\libg_nano.a(lib_a-errno.o)
                0x00004838                __errno
 .text.__libc_init_array
                0x00004844       0x4c c:/program files (x86)/cypress/psoc creator/4.4/psoc creator/import/gnu/arm/5.4.1/bin/../lib/gcc/arm-none-eabi/5.4.1/../../../../arm-none-eabi/lib/armv6-m\libg_nano.a(lib_a-init.o)
                0x00004844                __libc_init_array
 .text.memcpy   0x00004890       0x12 c:/program files (x86)/cypress/psoc creator/4.4/psoc creator/import/gnu/arm/5.4.1/bin/../lib/gcc/arm-none-eabi/5.4.1/../../../../arm-none-eabi/lib/armv6-m\libg_nano.a(lib_a-memcpy-stub.o)
                0x00004890                memcpy
 .text.memset   0x000048a2       0x10 c:/program files (x86)/cypress/psoc creator/4.4/psoc creator/import/gnu/arm/5.4.1/bin/../lib/gcc/arm-none-eabi/5.4.1/../../../../arm-none-eabi/lib/armv6-m\libg_nano.a(lib_a-memset.o)
                0x000048a2                memset
 *fill*         0x000048b2        0x2 
 .text.sprintf  0x000048b4       0x44 c:/program files (x86)/cypress/psoc creator/4.4/psoc creator/import/gnu/arm/5.4.1/bin/../lib/gcc/arm-none-eabi/5.4.1/../../../../arm-none-eabi/lib/armv6-m\libg_nano.a(lib_a-sprintf.o)
                0x000048b4                siprintf
                0x000048b4                sprintf
 .text.__ssputs_r
                0x000048f8       0xc4 c:/program files (x86)/cypress/psoc creator/4.4/psoc creator/import/gnu/arm/5.4.1/bin/../lib/gcc/arm-none-eabi/5.4.1/../../../../arm-none-eabi/lib/armv6-m\libg_nano.a(lib_a-nano-svfprintf.o)
                0x000048f8                __ssputs_r
 .text._svfprintf_r
                0x000049bc      0x1fc c:/program files (x86)/cypress/psoc creator/4.4/psoc creator/import/gnu/arm/5.4.1/bin/../lib/gcc/arm-none-eabi/5.4.1/../../../../arm-none-eabi/lib/armv6-m\libg_nano.a(lib_a-nano-svfprintf.o)
                0x000049bc                _svfiprintf_r
                0x000049bc                _svfprintf_r
 .text._printf_common
                0x00004bb8       0xdc c:/program files (x86)/cypress/psoc creator/4.4/psoc creator/import/gnu/arm/5.4.1/bin/../lib/gcc/arm-none-eabi/5.4.1/../../../../arm-none-eabi/lib/armv6-m\libg_nano.a(lib_a-nano-vfprintf_i.o)
                0x00004bb8                _printf_common
 .text._printf_i
                0x00004c94      0x244 c:/program files (x86)/cypress/psoc creator/4.4/psoc creator/import/gnu/arm/5.4.1/bin/../lib/gcc/arm-none-eabi/5.4.1/../../../../arm-none-eabi/lib/armv6-m\libg_nano.a(lib_a-nano-vfprintf_i.o)
                0x00004c94                _printf_i
 .text.memchr   0x00004ed8       0x16 c:/program files (x86)/cypress/psoc creator/4.4/psoc creator/import/gnu/arm/5.4.1/bin/../lib/gcc/arm-none-eabi/5.4.1/../../../../arm-none-eabi/lib/armv6-m\libg_nano.a(lib_a-memchr-stub.o)
                0x00004ed8                memchr
 .text.memmove  0x00004eee       0x2a c:/program files (x86)/cypress/psoc creator/4.4/psoc creator/import/gnu/arm/5.4.1/bin/../lib/gcc/arm-none-eabi/5.4.1/../../../../arm-none-eabi/lib/armv6-m\libg_nano.a(lib_a-memmove.o)
                0x00004eee                memmove
 .text._free_r  0x00004f18       0x98 c:/program files (x86)/cypress/psoc creator/4.4/psoc creator/import/gnu/arm/5.4.1/bin/../lib/gcc/arm-none-eabi/5.4.1/../../../../arm-none-eabi/lib/armv6-m\libg_nano.a(lib_a-nano-freer.o)
                0x00004f18                _free_r
 .text._malloc_r
                0x00004fb0       0xc0 c:/program files (x86)/cypress/psoc creator/4.4/psoc creator/import/gnu/arm/5.4.1/bin/../lib/gcc/arm-none-eabi/5.4.1/../../../../arm-none-eabi/lib/armv6-m\libg_nano.a(lib_a-nano-mallocr.o)
                0x00004fb0                _malloc_r
 .text._realloc_r
                0x00005070       0x4c c:/program files (x86)/cypress/psoc creator/4.4/psoc creator/import/gnu/arm/5.4.1/bin/../lib/gcc/arm-none-eabi/5.4.1/../../../../arm-none-eabi/lib/armv6-m\libg_nano.a(lib_a-nano-reallocr.o)
                0x00005070                _realloc_r
 .text._sbrk_r  0x000050bc       0x24 c:/program files (x86)/cypress/psoc creator/4.4/psoc creator/import/gnu/arm/5.4.1/bin/../lib/gcc/arm-none-eabi/5.4.1/../../../../arm-none-eabi/lib/armv6-m\libg_nano.a(lib_a-sbrkr.o)
                0x000050bc                _sbrk_r
 .text.__malloc_lock
                0x000050e0        0x2 c:/program files (x86)/cypress/psoc creator/4.4/psoc creator/import/gnu/arm/5.4.1/bin/../lib/gcc/arm-none-eabi/5.4.1/../../../../arm-none-eabi/lib/armv6-m\libg_nano.a(lib_a-mlock.o)
                0x000050e0                __malloc_lock
 .text.__malloc_unlock
                0x000050e2        0x2 c:/program files (x86)/cypress/psoc creator/4.4/psoc creator/import/gnu/arm/5.4.1/bin/../lib/gcc/arm-none-eabi/5.4.1/../../../../arm-none-eabi/lib/armv6-m\libg_nano.a(lib_a-mlock.o)
                0x000050e2                __malloc_unlock
 .text._malloc_usable_size_r
                0x000050e4       0x16 c:/program files (x86)/cypress/psoc creator/4.4/psoc creator/import/gnu/arm/5.4.1/bin/../lib/gcc/arm-none-eabi/5.4.1/../../../../arm-none-eabi/lib/armv6-m\libg_nano.a(lib_a-nano-msizer.o)
                0x000050e4                _malloc_usable_size_r
 *(.plt)
 *(.gnu.warning)
 *(.glue_7t)
 .glue_7t       0x000050fa        0x0 linker stubs
 *(.glue_7)
 .glue_7        0x000050fa        0x0 linker stubs
 *(.vfp11_veneer)
 .vfp11_veneer  0x000050fa        0x0 linker stubs
 *(.bootloader)
 *(.ARM.extab* .gnu.linkonce.armextab.*)
 *(.gcc_except_table)

.v4_bx          0x000050fc        0x0
 .v4_bx         0x000050fc        0x0 linker stubs

.iplt           0x000050fc        0x0
 .iplt          0x000050fc        0x0 c:/program files (x86)/cypress/psoc creator/4.4/psoc creator/import/gnu/arm/5.4.1/bin/../lib/gcc/arm-none-eabi/5.4.1/armv6-m/crtbegin.o

.eh_frame_hdr
 *(.eh_frame_hdr)

.eh_frame       0x000050fc        0x4
 *(.eh_frame)
 .eh_frame      0x000050fc        0x0 c:/program files (x86)/cypress/psoc creator/4.4/psoc creator/import/gnu/arm/5.4.1/bin/../lib/gcc/arm-none-eabi/5.4.1/armv6-m/crtbegin.o
 .eh_frame      0x000050fc        0x4 c:/program files (x86)/cypress/psoc creator/4.4/psoc creator/import/gnu/arm/5.4.1/bin/../lib/gcc/arm-none-eabi/5.4.1/armv6-m/crtend.o
                [!provide]                PROVIDE (__exidx_start, .)

.ARM.exidx
 *(.ARM.exidx* .gnu.linkonce.armexidx.*)
                0x00005100                __exidx_end = .

.rodata         0x00005100      0x9a8
 *(.rodata .rodata.* .gnu.linkonce.r.*)
 .rodata.str1.4
                0x00005100       0x30 .\CortexM0\ARM_GCC_541\Debug\main.o
 .rodata        0x00005130      0x33c .\CortexM0\ARM_GCC_541\Debug\cyfitter_cfg.o
 .rodata        0x0000546c      0x160 .\CortexM0\ARM_GCC_541\Debug\SwerveMotorFirmware.a(CAN.o)
 .rodata        0x000055cc      0x1e0 .\CortexM0\ARM_GCC_541\Debug\SwerveMotorFirmware.a(StripLights.o)
                0x000055cc                StripLights_CLUT
 .rodata        0x000057ac      0x1e0 .\CortexM0\ARM_GCC_541\Debug\SwerveMotorFirmware.a(StripLights_fonts.o)
                0x000057ac                StripLights_Font5x7
 .rodata        0x0000598c       0x2e .\CortexM0\ARM_GCC_541\Debug\SwerveMotorFirmware.a(CyLib.o)
                0x0000598c                cyImoFreqMhz2Reg
 *fill*         0x000059ba        0x2 
 .rodata        0x000059bc       0x40 c:/program files (x86)/cypress/psoc creator/4.4/psoc creator/import/gnu/arm/5.4.1/bin/../lib/gcc/arm-none-eabi/5.4.1/armv6-m\libgcc.a(divdf3.o)
 .rodata        0x000059fc       0x40 c:/program files (x86)/cypress/psoc creator/4.4/psoc creator/import/gnu/arm/5.4.1/bin/../lib/gcc/arm-none-eabi/5.4.1/armv6-m\libgcc.a(muldf3.o)
 .rodata.str1.1
                0x00005a3c        0x2 c:/program files (x86)/cypress/psoc creator/4.4/psoc creator/import/gnu/arm/5.4.1/bin/../lib/gcc/arm-none-eabi/5.4.1/../../../../arm-none-eabi/lib/armv6-m\libg_nano.a(lib_a-impure.o)
 .rodata.str1.1
                0x00005a3e       0x11 c:/program files (x86)/cypress/psoc creator/4.4/psoc creator/import/gnu/arm/5.4.1/bin/../lib/gcc/arm-none-eabi/5.4.1/../../../../arm-none-eabi/lib/armv6-m\libg_nano.a(lib_a-nano-svfprintf.o)
 .rodata.str1.1
                0x00005a4f       0x22 c:/program files (x86)/cypress/psoc creator/4.4/psoc creator/import/gnu/arm/5.4.1/bin/../lib/gcc/arm-none-eabi/5.4.1/../../../../arm-none-eabi/lib/armv6-m\libg_nano.a(lib_a-nano-vfprintf_i.o)
                0x00005a74                . = ALIGN (0x4)
 *fill*         0x00005a71        0x3 
 *(.init)
 .init          0x00005a74        0x4 c:/program files (x86)/cypress/psoc creator/4.4/psoc creator/import/gnu/arm/5.4.1/bin/../lib/gcc/arm-none-eabi/5.4.1/armv6-m/crti.o
                0x00005a74                _init
 .init          0x00005a78        0x8 c:/program files (x86)/cypress/psoc creator/4.4/psoc creator/import/gnu/arm/5.4.1/bin/../lib/gcc/arm-none-eabi/5.4.1/armv6-m/crtn.o
                0x00005a80                . = ALIGN (0x4)
                0x00005a80                __preinit_array_start = .
 *(.preinit_array)
                0x00005a80                __preinit_array_end = .
                0x00005a80                . = ALIGN (0x4)
                0x00005a80                __init_array_start = .
 *(SORT(.init_array.*))
 *(.init_array)
 .init_array    0x00005a80        0x4 c:/program files (x86)/cypress/psoc creator/4.4/psoc creator/import/gnu/arm/5.4.1/bin/../lib/gcc/arm-none-eabi/5.4.1/armv6-m/crtbegin.o
 .init_array    0x00005a84        0x4 .\CortexM0\ARM_GCC_541\Debug\Cm0Start.o
                0x00005a88                __init_array_end = .
                0x00005a88                . = ALIGN (0x4)
 *(.fini)
 .fini          0x00005a88        0x4 c:/program files (x86)/cypress/psoc creator/4.4/psoc creator/import/gnu/arm/5.4.1/bin/../lib/gcc/arm-none-eabi/5.4.1/armv6-m/crti.o
                0x00005a88                _fini
 .fini          0x00005a8c        0x8 c:/program files (x86)/cypress/psoc creator/4.4/psoc creator/import/gnu/arm/5.4.1/bin/../lib/gcc/arm-none-eabi/5.4.1/armv6-m/crtn.o
                0x00005a94                . = ALIGN (0x4)
                0x00005a94                __fini_array_start = .
 *(.fini_array)
 .fini_array    0x00005a94        0x4 c:/program files (x86)/cypress/psoc creator/4.4/psoc creator/import/gnu/arm/5.4.1/bin/../lib/gcc/arm-none-eabi/5.4.1/armv6-m/crtbegin.o
 *(SORT(.fini_array.*))
                0x00005a98                __fini_array_end = .
                0x00005a98                . = ALIGN (0x4)
 *crtbegin.o(.ctors)
 *(EXCLUDE_FILE(*crtend.o) .ctors)
 *(SORT(.ctors.*))
 *crtend.o(.ctors)
                0x00005a98                . = ALIGN (0x4)
 *crtbegin.o(.dtors)
 *(EXCLUDE_FILE(*crtend.o) .dtors)
 *(SORT(.dtors.*))
 *crtend.o(.dtors)
                0x00005a98                . = ALIGN (0x4)
                0x00005a98                __cy_regions = .
                0x00005a98        0x4 LONG 0x5aa8 __cy_region_init_ram
                0x00005a9c        0x4 LONG 0x200000c0 __cy_region_start_data
                0x00005aa0        0x4 LONG 0x98 __cy_region_init_size_ram
                0x00005aa4        0x4 LONG 0x2b0 __cy_region_zero_size_ram
                0x00005aa8                __cy_regions_end = .
                0x00005aa8                . = ALIGN (0x8)
                0x00005aa8                _etext = .

.cy_checksum_exclude
                0x00005aa8        0x0
 *(.cy_checksum_exclude)

.ramvectors     0x20000000       0xc0
                0x20000000                __cy_region_start_ram = .
 *(.ramvectors)
 .ramvectors    0x20000000       0xc0 .\CortexM0\ARM_GCC_541\Debug\Cm0Start.o
                0x20000000                CyRamVectors

.noinit
 *(.noinit)

.data           0x200000c0       0x98 load address 0x00005aa8
                0x200000c0                __cy_region_start_data = .
 *(.jcr)
 .jcr           0x200000c0        0x0 c:/program files (x86)/cypress/psoc creator/4.4/psoc creator/import/gnu/arm/5.4.1/bin/../lib/gcc/arm-none-eabi/5.4.1/armv6-m/crtbegin.o
 .jcr           0x200000c0        0x4 c:/program files (x86)/cypress/psoc creator/4.4/psoc creator/import/gnu/arm/5.4.1/bin/../lib/gcc/arm-none-eabi/5.4.1/armv6-m/crtend.o
 *(.got.plt)
 *(.got)
 *(.shdata)
 *(.data .data.* .gnu.linkonce.d.*)
 .data          0x200000c4        0x8 .\CortexM0\ARM_GCC_541\Debug\PositionPID.o
                0x200000c4                maxPWM
                0x200000c8                integralClamp
 .data          0x200000cc        0x2 .\CortexM0\ARM_GCC_541\Debug\Motor_Unit_FSM.o
                0x200000cc                motorUnitMode
                0x200000cd                motorUnitState
 *fill*         0x200000ce        0x2 
 .data          0x200000d0        0x4 .\CortexM0\ARM_GCC_541\Debug\Cm0Start.o
 .data          0x200000d4       0x14 .\CortexM0\ARM_GCC_541\Debug\SwerveMotorFirmware.a(CyLib.o)
                0x200000d4                CySysClkPumpConfig
                0x200000d8                cydelay32kMs
                0x200000dc                cydelayFreqKhz
                0x200000e0                cydelayFreqMhz
                0x200000e4                cydelayFreqHz
 .data          0x200000e8        0x8 .\CortexM0\ARM_GCC_541\Debug\SwerveMotorFirmware.a(CyLFClk.o)
 .data.impure_data
                0x200000f0       0x60 c:/program files (x86)/cypress/psoc creator/4.4/psoc creator/import/gnu/arm/5.4.1/bin/../lib/gcc/arm-none-eabi/5.4.1/../../../../arm-none-eabi/lib/armv6-m\libg_nano.a(lib_a-impure.o)
 .data._impure_ptr
                0x20000150        0x4 c:/program files (x86)/cypress/psoc creator/4.4/psoc creator/import/gnu/arm/5.4.1/bin/../lib/gcc/arm-none-eabi/5.4.1/../../../../arm-none-eabi/lib/armv6-m\libg_nano.a(lib_a-impure.o)
                0x20000150                _impure_ptr
                0x20000158                . = ALIGN (0x8)
 *fill*         0x20000154        0x4 
 *(.ram)
                0x20000158                _edata = .

.igot.plt       0x20000158        0x0 load address 0x00005b40
 .igot.plt      0x20000158        0x0 c:/program files (x86)/cypress/psoc creator/4.4/psoc creator/import/gnu/arm/5.4.1/bin/../lib/gcc/arm-none-eabi/5.4.1/armv6-m/crtbegin.o

.bss            0x20000158      0x2b0 load address 0x00005b40
                0x20000158                PROVIDE (__bss_start__, .)
 *(.shbss)
 *(.bss .bss.* .gnu.linkonce.b.*)
 .bss           0x20000158       0x1c c:/program files (x86)/cypress/psoc creator/4.4/psoc creator/import/gnu/arm/5.4.1/bin/../lib/gcc/arm-none-eabi/5.4.1/armv6-m/crtbegin.o
 .bss           0x20000174       0x2c .\CortexM0\ARM_GCC_541\Debug\main.o
                0x20000174                CAN_time_LED
                0x20000175                CAN_check_delay
                0x20000176                ERRORTimeLED
                0x20000177                encoderTimeOut
                0x20000178                ignoreLimSw_M2
                0x20000179                bound_set1
                0x2000017c                counter
                0x20000180                enc_Count_Lim1
                0x20000184                bound_set2
                0x20000188                enc_Count_Lim2
                0x2000018c                address
                0x2000018e                nextPWM_M1
                0x20000190                ignoreLimSw_M1
                0x20000192                nextPWM_M2
                0x20000194                millidegreeTarget_M2
                0x20000198                drive
                0x2000019c                millidegreeTarget_M1
 .bss           0x200001a0        0xc .\CortexM0\ARM_GCC_541\Debug\MotorDrive.o
                0x200001a0                invalidate
                0x200001a4                currPWM_Drive
                0x200001a8                currPWM_Swivel
 .bss           0x200001ac       0x30 .\CortexM0\ARM_GCC_541\Debug\PositionPID.o
                0x200001ac                integral
                0x200001b0                lastError
                0x200001b4                enabledPID
                0x200001b8                kPosition
                0x200001bc                kIntegral
                0x200001c0                kDerivative
                0x200001c4                mDegMin
                0x200001c8                mDegMax
                0x200001cc                tickMax
                0x200001d0                tickMin
                0x200001d4                usingPot
                0x200001d8                PWM
 .bss           0x200001dc        0x1 .\CortexM0\ARM_GCC_541\Debug\Motor_Unit_FSM.o
                0x200001dc                PIDConstSetReg
 .bss           0x200001dd        0x4 .\CortexM0\ARM_GCC_541\Debug\PortPSOC_swerve.o
                0x200001dd                latestMessageFull
                0x200001de                latestMessageHead
                0x200001df                latestMessageTail
                0x200001e0                messageReadFlag
 .bss           0x200001e1        0x1 .\CortexM0\ARM_GCC_541\Debug\SwerveMotorFirmware.a(PWM_Motor1.o)
                0x200001e1                PWM_Motor1_initVar
 .bss           0x200001e2        0x1 .\CortexM0\ARM_GCC_541\Debug\SwerveMotorFirmware.a(CAN.o)
                0x200001e2                CAN_initVar
 *fill*         0x200001e3        0x1 
 .bss           0x200001e4        0xa .\CortexM0\ARM_GCC_541\Debug\SwerveMotorFirmware.a(UART.o)
                0x200001e4                UART_initVar
                0x200001e8                UART_customIntrHandler
                0x200001ec                UART_IntrTxMask
 .bss           0x200001ee        0x1 .\CortexM0\ARM_GCC_541\Debug\SwerveMotorFirmware.a(Timer_1.o)
                0x200001ee                Timer_1_initVar
 *fill*         0x200001ef        0x1 
 .bss           0x200001f0       0x15 .\CortexM0\ARM_GCC_541\Debug\SwerveMotorFirmware.a(StripLights.o)
                0x200001f0                StripLights_ledIndex
                0x200001f4                StripLights_row
                0x20000204                StripLights_initvar
 .bss           0x20000205        0x1 .\CortexM0\ARM_GCC_541\Debug\SwerveMotorFirmware.a(PWM_Motor2.o)
                0x20000205                PWM_Motor2_initVar
 *fill*         0x20000206        0x2 
 .bss           0x20000208       0x20 .\CortexM0\ARM_GCC_541\Debug\SwerveMotorFirmware.a(CyLib.o)
                0x20000208                CySysClkImoTrim4
                0x2000020c                CySysClkImoTrim5
                0x20000224                CySysTickInitVar
 .bss           0x20000228       0x28 .\CortexM0\ARM_GCC_541\Debug\SwerveMotorFirmware.a(CyLFClk.o)
 .bss.__malloc_sbrk_start
                0x20000250        0x4 c:/program files (x86)/cypress/psoc creator/4.4/psoc creator/import/gnu/arm/5.4.1/bin/../lib/gcc/arm-none-eabi/5.4.1/../../../../arm-none-eabi/lib/armv6-m\libg_nano.a(lib_a-nano-mallocr.o)
                0x20000250                __malloc_sbrk_start
 .bss.__malloc_free_list
                0x20000254        0x4 c:/program files (x86)/cypress/psoc creator/4.4/psoc creator/import/gnu/arm/5.4.1/bin/../lib/gcc/arm-none-eabi/5.4.1/../../../../arm-none-eabi/lib/armv6-m\libg_nano.a(lib_a-nano-mallocr.o)
                0x20000254                __malloc_free_list
 *(COMMON)
 COMMON         0x20000258       0x80 .\CortexM0\ARM_GCC_541\Debug\main.o
                0x20000258                txData
                0x200002bc                can_send
                0x200002c8                lastStatePinA
                0x200002c9                currStatePinA
                0x200002cc                can_recieve
 COMMON         0x200002d8        0x8 .\CortexM0\ARM_GCC_541\Debug\PositionPID.o
                0x200002d8                mDegPerTick
 COMMON         0x200002e0       0xdc .\CortexM0\ARM_GCC_541\Debug\PortPSOC_swerve.o
                0x200002e0                deviceGroup
                0x200002e4                rxMailbox
                0x200002f4                deviceAddressA
                0x200002f8                latestMessage
                0x200003b8                deviceAddressB
 COMMON         0x200003bc       0x18 .\CortexM0\ARM_GCC_541\Debug\SwerveMotorFirmware.a(StripLights.o)
                0x200003bc                StripLights_ledArray
                0x200003c8                StripLights_DimMask
                0x200003cc                StripLights_DimShift
                0x200003d0                StripLights_refreshComplete
 COMMON         0x200003d4       0x10 .\CortexM0\ARM_GCC_541\Debug\SwerveMotorFirmware.a(StripLights_fonts.o)
                0x200003d4                StripLights_fontX
                0x200003d8                StripLights_fontOffset
                0x200003dc                StripLights_fontPtr
                0x200003e0                StripLights_fontY
 COMMON         0x200003e4       0x1c .\CortexM0\ARM_GCC_541\Debug\SwerveMotorFirmware.a(UART_SPI_UART.o)
                0x200003e4                UART_rxBufferTail
                0x200003e8                UART_rxBufferInternal
                0x200003f9                UART_rxBufferOverflow
                0x200003fc                UART_rxBufferHead
 COMMON         0x20000400        0x4 c:/program files (x86)/cypress/psoc creator/4.4/psoc creator/import/gnu/arm/5.4.1/bin/../lib/gcc/arm-none-eabi/5.4.1/../../../../arm-none-eabi/lib/armv6-m\libg_nano.a(lib_a-reent.o)
                0x20000400                errno
                0x20000408                . = ALIGN (0x8)
 *fill*         0x20000404        0x4 
 *(.ram.b)
                0x20000408                _end = .
                0x20000408                __end = .
                0x20000408                PROVIDE (end, .)
                0x20000408                PROVIDE (__bss_end__, .)
                0x00005aa8                __cy_region_init_ram = LOADADDR (.data)
                0x00000098                __cy_region_init_size_ram = (_edata - ADDR (.data))
                0x000002b0                __cy_region_zero_size_ram = (_end - _edata)

.heap           0x20000408       0x80 load address 0x00005b40
                0x20000408                . = _end
                0x20000488                . = (. + 0x80)
 *fill*         0x20000408       0x80 
                0x20000488                __cy_heap_limit = .

.stack          0x20007800      0x800
                0x20007800                __cy_stack_limit = .
                0x20008000                . = (. + 0x800)
 *fill*         0x20007800      0x800 
                0x00000001                ASSERT ((__cy_stack_limit >= __cy_heap_limit), region RAM overflowed with stack)
                0x00000000                cy_checksum_exclude_size = (CY_APPL_LOADABLE == 0x1)?SIZEOF (.cy_checksum_exclude):0x0
                0x00000001                ASSERT ((cy_checksum_exclude_size <= CY_CHECKSUM_EXCLUDE_SIZE), CY_BOOT: Section .cy_checksum_exclude size exceedes specified limit.)
                0x0003ffc0                cyloadermeta_start = (cy_project_type_bootloader || cy_project_type_app_for_stack_and_copier)?(LENGTH (rom) - CY_METADATA_SIZE):0xf0000000

.cyloadermeta
 *(.cyloadermeta)
                0x0003ffc0                cyloadablemeta_start = cy_project_type_app_for_stack_and_copier?((LENGTH (rom) - CY_FLASH_ROW_SIZE) - CY_METADATA_SIZE):((LENGTH (rom) - (CY_FLASH_ROW_SIZE * (CY_APPL_NUM - 0x1))) - CY_METADATA_SIZE)

.cyloadablemeta
 *(.cyloadablemeta)

.cyflashprotect
                0x90400000       0x80
 *(.cyflashprotect)
 .cyflashprotect
                0x90400000       0x80 .\CortexM0\ARM_GCC_541\Debug\cymetadata.o
                0x90400000                cy_meta_flashprotect

.cymeta         0x90500000        0xc
 *(.cymeta)
 .cymeta        0x90500000        0xc .\CortexM0\ARM_GCC_541\Debug\cymetadata.o
                0x90500000                cy_metadata

.cychipprotect  0x90600000        0x1
 *(.cychipprotect)
 .cychipprotect
                0x90600000        0x1 .\CortexM0\ARM_GCC_541\Debug\cymetadata.o
                0x90600000                cy_meta_chipprotect

.rel.dyn        0x00005b40        0x0 load address 0x90600004
 .rel.iplt      0x00005b40        0x0 c:/program files (x86)/cypress/psoc creator/4.4/psoc creator/import/gnu/arm/5.4.1/bin/../lib/gcc/arm-none-eabi/5.4.1/armv6-m/crtbegin.o

.stab
 *(.stab)

.stabstr
 *(.stabstr)

.debug
 *(.debug)

.line
 *(.line)

.debug_srcinfo
 *(.debug_srcinfo)

.debug_sfnames
 *(.debug_sfnames)

.debug_aranges  0x00000000     0x1a60
 *(.debug_aranges)
 .debug_aranges
                0x00000000       0x70 .\CortexM0\ARM_GCC_541\Debug\main.o
 .debug_aranges
                0x00000070       0x38 .\CortexM0\ARM_GCC_541\Debug\LED_Array.o
 .debug_aranges
                0x000000a8       0x38 .\CortexM0\ARM_GCC_541\Debug\MotorDrive.o
 .debug_aranges
                0x000000e0       0xe0 .\CortexM0\ARM_GCC_541\Debug\PositionPID.o
 .debug_aranges
                0x000001c0       0x38 .\CortexM0\ARM_GCC_541\Debug\Motor_Unit_CAN.o
 .debug_aranges
                0x000001f8       0x78 .\CortexM0\ARM_GCC_541\Debug\Motor_Unit_FSM.o
 .debug_aranges
                0x00000270       0x68 .\CortexM0\ARM_GCC_541\Debug\PortPSOC_swerve.o
 .debug_aranges
                0x000002d8       0xc0 .\CortexM0\ARM_GCC_541\Debug\CANCommon.o
 .debug_aranges
                0x00000398       0x88 .\CortexM0\ARM_GCC_541\Debug\CANGPIO.o
 .debug_aranges
                0x00000420       0x18 .\CortexM0\ARM_GCC_541\Debug\CANLocalization.o
 .debug_aranges
                0x00000438      0x110 .\CortexM0\ARM_GCC_541\Debug\CANMotorUnit.o
 .debug_aranges
                0x00000548       0xa8 .\CortexM0\ARM_GCC_541\Debug\CANPacket.o
 .debug_aranges
                0x000005f0       0x40 .\CortexM0\ARM_GCC_541\Debug\CANPower.o
 .debug_aranges
                0x00000630       0x50 .\CortexM0\ARM_GCC_541\Debug\CANScience.o
 .debug_aranges
                0x00000680       0x48 .\CortexM0\ARM_GCC_541\Debug\cyfitter_cfg.o
 .debug_aranges
                0x000006c8       0x18 .\CortexM0\ARM_GCC_541\Debug\cymetadata.o
 .debug_aranges
                0x000006e0       0x48 .\CortexM0\ARM_GCC_541\Debug\Cm0Start.o
 .debug_aranges
                0x00000728       0x48 .\CortexM0\ARM_GCC_541\Debug\SwerveMotorFirmware.a(Limit1.o)
 .debug_aranges
                0x00000770       0x48 .\CortexM0\ARM_GCC_541\Debug\SwerveMotorFirmware.a(Limit2.o)
 .debug_aranges
                0x000007b8      0x158 .\CortexM0\ARM_GCC_541\Debug\SwerveMotorFirmware.a(PWM_Motor1.o)
 .debug_aranges
                0x00000910       0x80 .\CortexM0\ARM_GCC_541\Debug\SwerveMotorFirmware.a(isr_Limit_1.o)
 .debug_aranges
                0x00000990       0x48 .\CortexM0\ARM_GCC_541\Debug\SwerveMotorFirmware.a(Pin_Encoder_A.o)
 .debug_aranges
                0x000009d8       0x48 .\CortexM0\ARM_GCC_541\Debug\SwerveMotorFirmware.a(Pin_Encoder_B.o)
 .debug_aranges
                0x00000a20       0x40 .\CortexM0\ARM_GCC_541\Debug\SwerveMotorFirmware.a(Status_Reg_Switches.o)
 .debug_aranges
                0x00000a60       0xe8 .\CortexM0\ARM_GCC_541\Debug\SwerveMotorFirmware.a(CAN.o)
 .debug_aranges
                0x00000b48       0x20 .\CortexM0\ARM_GCC_541\Debug\SwerveMotorFirmware.a(CAN_INT.o)
 .debug_aranges
                0x00000b68       0x30 .\CortexM0\ARM_GCC_541\Debug\SwerveMotorFirmware.a(CAN_TX_RX_func.o)
 .debug_aranges
                0x00000b98       0x68 .\CortexM0\ARM_GCC_541\Debug\SwerveMotorFirmware.a(UART.o)
 .debug_aranges
                0x00000c00       0x90 .\CortexM0\ARM_GCC_541\Debug\SwerveMotorFirmware.a(UART_UART.o)
 .debug_aranges
                0x00000c90       0x48 .\CortexM0\ARM_GCC_541\Debug\SwerveMotorFirmware.a(Dip1.o)
 .debug_aranges
                0x00000cd8       0x48 .\CortexM0\ARM_GCC_541\Debug\SwerveMotorFirmware.a(Dip2.o)
 .debug_aranges
                0x00000d20       0x48 .\CortexM0\ARM_GCC_541\Debug\SwerveMotorFirmware.a(Dip3.o)
 .debug_aranges
                0x00000d68       0x48 .\CortexM0\ARM_GCC_541\Debug\SwerveMotorFirmware.a(Dip4.o)
 .debug_aranges
                0x00000db0       0x90 .\CortexM0\ARM_GCC_541\Debug\SwerveMotorFirmware.a(Timer_1.o)
 .debug_aranges
                0x00000e40       0x80 .\CortexM0\ARM_GCC_541\Debug\SwerveMotorFirmware.a(isr_period.o)
 .debug_aranges
                0x00000ec0       0x48 .\CortexM0\ARM_GCC_541\Debug\SwerveMotorFirmware.a(LED_Debug1.o)
 .debug_aranges
                0x00000f08       0x48 .\CortexM0\ARM_GCC_541\Debug\SwerveMotorFirmware.a(LED_Debug2.o)
 .debug_aranges
                0x00000f50       0x48 .\CortexM0\ARM_GCC_541\Debug\SwerveMotorFirmware.a(LED_CAN.o)
 .debug_aranges
                0x00000f98       0x48 .\CortexM0\ARM_GCC_541\Debug\SwerveMotorFirmware.a(LED_Error.o)
 .debug_aranges
                0x00000fe0       0xa0 .\CortexM0\ARM_GCC_541\Debug\SwerveMotorFirmware.a(StripLights.o)
 .debug_aranges
                0x00001080       0x30 .\CortexM0\ARM_GCC_541\Debug\SwerveMotorFirmware.a(StripLights_fonts.o)
 .debug_aranges
                0x000010b0      0x158 .\CortexM0\ARM_GCC_541\Debug\SwerveMotorFirmware.a(PWM_Motor2.o)
 .debug_aranges
                0x00001208       0x48 .\CortexM0\ARM_GCC_541\Debug\SwerveMotorFirmware.a(Motor1Direction.o)
 .debug_aranges
                0x00001250       0x48 .\CortexM0\ARM_GCC_541\Debug\SwerveMotorFirmware.a(Motor2Direction.o)
 .debug_aranges
                0x00001298       0x80 .\CortexM0\ARM_GCC_541\Debug\SwerveMotorFirmware.a(StripLights_cisr.o)
 .debug_aranges
                0x00001318       0x80 .\CortexM0\ARM_GCC_541\Debug\SwerveMotorFirmware.a(StripLights_fisr.o)
 .debug_aranges
                0x00001398      0x270 .\CortexM0\ARM_GCC_541\Debug\SwerveMotorFirmware.a(CyLib.o)
 .debug_aranges
                0x00001608       0x28 .\CortexM0\ARM_GCC_541\Debug\SwerveMotorFirmware.a(cyutils.o)
 .debug_aranges
                0x00001630      0x188 .\CortexM0\ARM_GCC_541\Debug\SwerveMotorFirmware.a(CyLFClk.o)
 .debug_aranges
                0x000017b8       0x80 .\CortexM0\ARM_GCC_541\Debug\SwerveMotorFirmware.a(isr_encA.o)
 .debug_aranges
                0x00001838       0x80 .\CortexM0\ARM_GCC_541\Debug\SwerveMotorFirmware.a(isr_encB.o)
 .debug_aranges
                0x000018b8       0xa8 .\CortexM0\ARM_GCC_541\Debug\SwerveMotorFirmware.a(ADC_Pot.o)
 .debug_aranges
                0x00001960       0x20 .\CortexM0\ARM_GCC_541\Debug\SwerveMotorFirmware.a(ADC_Pot_INT.o)
 .debug_aranges
                0x00001980       0x20 .\CortexM0\ARM_GCC_541\Debug\SwerveMotorFirmware.a(CyBootAsmGnu.o)
 .debug_aranges
                0x000019a0       0x60 .\CortexM0\ARM_GCC_541\Debug\SwerveMotorFirmware.a(UART_SPI_UART.o)
 .debug_aranges
                0x00001a00       0x20 .\CortexM0\ARM_GCC_541\Debug\SwerveMotorFirmware.a(UART_SPI_UART_INT.o)
 .debug_aranges
                0x00001a20       0x40 .\CortexM0\ARM_GCC_541\Debug\SwerveMotorFirmware.a(CyFlash.o)

.debug_pubnames
 *(.debug_pubnames)

.debug_info     0x00000000     0xfd88
 *(.debug_info .gnu.linkonce.wi.*)
 .debug_info    0x00000000      0xaed .\CortexM0\ARM_GCC_541\Debug\main.o
 .debug_info    0x00000aed      0x372 .\CortexM0\ARM_GCC_541\Debug\LED_Array.o
 .debug_info    0x00000e5f      0x29e .\CortexM0\ARM_GCC_541\Debug\MotorDrive.o
 .debug_info    0x000010fd      0x634 .\CortexM0\ARM_GCC_541\Debug\PositionPID.o
 .debug_info    0x00001731      0xe57 .\CortexM0\ARM_GCC_541\Debug\Motor_Unit_CAN.o
 .debug_info    0x00002588      0x1ed .\CortexM0\ARM_GCC_541\Debug\Motor_Unit_FSM.o
 .debug_info    0x00002775      0x695 .\CortexM0\ARM_GCC_541\Debug\PortPSOC_swerve.o
 .debug_info    0x00002e0a      0xa46 .\CortexM0\ARM_GCC_541\Debug\CANCommon.o
 .debug_info    0x00003850      0x60d .\CortexM0\ARM_GCC_541\Debug\CANGPIO.o
 .debug_info    0x00003e5d       0x6b .\CortexM0\ARM_GCC_541\Debug\CANLocalization.o
 .debug_info    0x00003ec8      0xe62 .\CortexM0\ARM_GCC_541\Debug\CANMotorUnit.o
 .debug_info    0x00004d2a      0x641 .\CortexM0\ARM_GCC_541\Debug\CANPacket.o
 .debug_info    0x0000536b      0x2ff .\CortexM0\ARM_GCC_541\Debug\CANPower.o
 .debug_info    0x0000566a      0x353 .\CortexM0\ARM_GCC_541\Debug\CANScience.o
 .debug_info    0x000059bd      0x417 .\CortexM0\ARM_GCC_541\Debug\cyfitter_cfg.o
 .debug_info    0x00005dd4       0xf8 .\CortexM0\ARM_GCC_541\Debug\cymetadata.o
 .debug_info    0x00005ecc      0x3a2 .\CortexM0\ARM_GCC_541\Debug\Cm0Start.o
 .debug_info    0x0000626e      0x19d .\CortexM0\ARM_GCC_541\Debug\SwerveMotorFirmware.a(Limit1.o)
 .debug_info    0x0000640b      0x19d .\CortexM0\ARM_GCC_541\Debug\SwerveMotorFirmware.a(Limit2.o)
 .debug_info    0x000065a8      0x90a .\CortexM0\ARM_GCC_541\Debug\SwerveMotorFirmware.a(PWM_Motor1.o)
 .debug_info    0x00006eb2      0x305 .\CortexM0\ARM_GCC_541\Debug\SwerveMotorFirmware.a(isr_Limit_1.o)
 .debug_info    0x000071b7      0x19d .\CortexM0\ARM_GCC_541\Debug\SwerveMotorFirmware.a(Pin_Encoder_A.o)
 .debug_info    0x00007354      0x19d .\CortexM0\ARM_GCC_541\Debug\SwerveMotorFirmware.a(Pin_Encoder_B.o)
 .debug_info    0x000074f1      0x17f .\CortexM0\ARM_GCC_541\Debug\SwerveMotorFirmware.a(Status_Reg_Switches.o)
 .debug_info    0x00007670      0x9c6 .\CortexM0\ARM_GCC_541\Debug\SwerveMotorFirmware.a(CAN.o)
 .debug_info    0x00008036       0xa0 .\CortexM0\ARM_GCC_541\Debug\SwerveMotorFirmware.a(CAN_INT.o)
 .debug_info    0x000080d6      0x37e .\CortexM0\ARM_GCC_541\Debug\SwerveMotorFirmware.a(CAN_TX_RX_func.o)
 .debug_info    0x00008454      0x2e9 .\CortexM0\ARM_GCC_541\Debug\SwerveMotorFirmware.a(UART.o)
 .debug_info    0x0000873d      0x487 .\CortexM0\ARM_GCC_541\Debug\SwerveMotorFirmware.a(UART_UART.o)
 .debug_info    0x00008bc4      0x19d .\CortexM0\ARM_GCC_541\Debug\SwerveMotorFirmware.a(Dip1.o)
 .debug_info    0x00008d61      0x19d .\CortexM0\ARM_GCC_541\Debug\SwerveMotorFirmware.a(Dip2.o)
 .debug_info    0x00008efe      0x19d .\CortexM0\ARM_GCC_541\Debug\SwerveMotorFirmware.a(Dip3.o)
 .debug_info    0x0000909b      0x19d .\CortexM0\ARM_GCC_541\Debug\SwerveMotorFirmware.a(Dip4.o)
 .debug_info    0x00009238      0x386 .\CortexM0\ARM_GCC_541\Debug\SwerveMotorFirmware.a(Timer_1.o)
 .debug_info    0x000095be      0x305 .\CortexM0\ARM_GCC_541\Debug\SwerveMotorFirmware.a(isr_period.o)
 .debug_info    0x000098c3      0x19d .\CortexM0\ARM_GCC_541\Debug\SwerveMotorFirmware.a(LED_Debug1.o)
 .debug_info    0x00009a60      0x19d .\CortexM0\ARM_GCC_541\Debug\SwerveMotorFirmware.a(LED_Debug2.o)
 .debug_info    0x00009bfd      0x19b .\CortexM0\ARM_GCC_541\Debug\SwerveMotorFirmware.a(LED_CAN.o)
 .debug_info    0x00009d98      0x19d .\CortexM0\ARM_GCC_541\Debug\SwerveMotorFirmware.a(LED_Error.o)
 .debug_info    0x00009f35      0xa83 .\CortexM0\ARM_GCC_541\Debug\SwerveMotorFirmware.a(StripLights.o)
 .debug_info    0x0000a9b8      0x394 .\CortexM0\ARM_GCC_541\Debug\SwerveMotorFirmware.a(StripLights_fonts.o)
 .debug_info    0x0000ad4c      0x909 .\CortexM0\ARM_GCC_541\Debug\SwerveMotorFirmware.a(PWM_Motor2.o)
 .debug_info    0x0000b655      0x19d .\CortexM0\ARM_GCC_541\Debug\SwerveMotorFirmware.a(Motor1Direction.o)
 .debug_info    0x0000b7f2      0x19d .\CortexM0\ARM_GCC_541\Debug\SwerveMotorFirmware.a(Motor2Direction.o)
 .debug_info    0x0000b98f      0x305 .\CortexM0\ARM_GCC_541\Debug\SwerveMotorFirmware.a(StripLights_cisr.o)
 .debug_info    0x0000bc94      0x305 .\CortexM0\ARM_GCC_541\Debug\SwerveMotorFirmware.a(StripLights_fisr.o)
 .debug_info    0x0000bf99     0x17e4 .\CortexM0\ARM_GCC_541\Debug\SwerveMotorFirmware.a(CyLib.o)
 .debug_info    0x0000d77d      0x14b .\CortexM0\ARM_GCC_541\Debug\SwerveMotorFirmware.a(cyutils.o)
 .debug_info    0x0000d8c8     0x1058 .\CortexM0\ARM_GCC_541\Debug\SwerveMotorFirmware.a(CyLFClk.o)
 .debug_info    0x0000e920      0x305 .\CortexM0\ARM_GCC_541\Debug\SwerveMotorFirmware.a(isr_encA.o)
 .debug_info    0x0000ec25      0x305 .\CortexM0\ARM_GCC_541\Debug\SwerveMotorFirmware.a(isr_encB.o)
 .debug_info    0x0000ef2a      0x579 .\CortexM0\ARM_GCC_541\Debug\SwerveMotorFirmware.a(ADC_Pot.o)
 .debug_info    0x0000f4a3       0xcb .\CortexM0\ARM_GCC_541\Debug\SwerveMotorFirmware.a(ADC_Pot_INT.o)
 .debug_info    0x0000f56e       0xa8 .\CortexM0\ARM_GCC_541\Debug\SwerveMotorFirmware.a(CyBootAsmGnu.o)
 .debug_info    0x0000f616      0x2df .\CortexM0\ARM_GCC_541\Debug\SwerveMotorFirmware.a(UART_SPI_UART.o)
 .debug_info    0x0000f8f5      0x141 .\CortexM0\ARM_GCC_541\Debug\SwerveMotorFirmware.a(UART_SPI_UART_INT.o)
 .debug_info    0x0000fa36      0x352 .\CortexM0\ARM_GCC_541\Debug\SwerveMotorFirmware.a(CyFlash.o)

.debug_abbrev   0x00000000     0x422c
 *(.debug_abbrev)
 .debug_abbrev  0x00000000      0x214 .\CortexM0\ARM_GCC_541\Debug\main.o
 .debug_abbrev  0x00000214      0x15d .\CortexM0\ARM_GCC_541\Debug\LED_Array.o
 .debug_abbrev  0x00000371       0xcf .\CortexM0\ARM_GCC_541\Debug\MotorDrive.o
 .debug_abbrev  0x00000440      0x1c6 .\CortexM0\ARM_GCC_541\Debug\PositionPID.o
 .debug_abbrev  0x00000606      0x194 .\CortexM0\ARM_GCC_541\Debug\Motor_Unit_CAN.o
 .debug_abbrev  0x0000079a       0xd3 .\CortexM0\ARM_GCC_541\Debug\Motor_Unit_FSM.o
 .debug_abbrev  0x0000086d      0x1ad .\CortexM0\ARM_GCC_541\Debug\PortPSOC_swerve.o
 .debug_abbrev  0x00000a1a      0x149 .\CortexM0\ARM_GCC_541\Debug\CANCommon.o
 .debug_abbrev  0x00000b63      0x106 .\CortexM0\ARM_GCC_541\Debug\CANGPIO.o
 .debug_abbrev  0x00000c69       0x26 .\CortexM0\ARM_GCC_541\Debug\CANLocalization.o
 .debug_abbrev  0x00000c8f      0x18e .\CortexM0\ARM_GCC_541\Debug\CANMotorUnit.o
 .debug_abbrev  0x00000e1d      0x16f .\CortexM0\ARM_GCC_541\Debug\CANPacket.o
 .debug_abbrev  0x00000f8c      0x124 .\CortexM0\ARM_GCC_541\Debug\CANPower.o
 .debug_abbrev  0x000010b0       0xfe .\CortexM0\ARM_GCC_541\Debug\CANScience.o
 .debug_abbrev  0x000011ae      0x1d8 .\CortexM0\ARM_GCC_541\Debug\cyfitter_cfg.o
 .debug_abbrev  0x00001386       0x5d .\CortexM0\ARM_GCC_541\Debug\cymetadata.o
 .debug_abbrev  0x000013e3      0x1d7 .\CortexM0\ARM_GCC_541\Debug\Cm0Start.o
 .debug_abbrev  0x000015ba       0xc8 .\CortexM0\ARM_GCC_541\Debug\SwerveMotorFirmware.a(Limit1.o)
 .debug_abbrev  0x00001682       0xc8 .\CortexM0\ARM_GCC_541\Debug\SwerveMotorFirmware.a(Limit2.o)
 .debug_abbrev  0x0000174a      0x119 .\CortexM0\ARM_GCC_541\Debug\SwerveMotorFirmware.a(PWM_Motor1.o)
 .debug_abbrev  0x00001863      0x19a .\CortexM0\ARM_GCC_541\Debug\SwerveMotorFirmware.a(isr_Limit_1.o)
 .debug_abbrev  0x000019fd       0xc8 .\CortexM0\ARM_GCC_541\Debug\SwerveMotorFirmware.a(Pin_Encoder_A.o)
 .debug_abbrev  0x00001ac5       0xc8 .\CortexM0\ARM_GCC_541\Debug\SwerveMotorFirmware.a(Pin_Encoder_B.o)
 .debug_abbrev  0x00001b8d       0xac .\CortexM0\ARM_GCC_541\Debug\SwerveMotorFirmware.a(Status_Reg_Switches.o)
 .debug_abbrev  0x00001c39      0x186 .\CortexM0\ARM_GCC_541\Debug\SwerveMotorFirmware.a(CAN.o)
 .debug_abbrev  0x00001dbf       0x42 .\CortexM0\ARM_GCC_541\Debug\SwerveMotorFirmware.a(CAN_INT.o)
 .debug_abbrev  0x00001e01      0x159 .\CortexM0\ARM_GCC_541\Debug\SwerveMotorFirmware.a(CAN_TX_RX_func.o)
 .debug_abbrev  0x00001f5a      0x118 .\CortexM0\ARM_GCC_541\Debug\SwerveMotorFirmware.a(UART.o)
 .debug_abbrev  0x00002072      0x145 .\CortexM0\ARM_GCC_541\Debug\SwerveMotorFirmware.a(UART_UART.o)
 .debug_abbrev  0x000021b7       0xc8 .\CortexM0\ARM_GCC_541\Debug\SwerveMotorFirmware.a(Dip1.o)
 .debug_abbrev  0x0000227f       0xc8 .\CortexM0\ARM_GCC_541\Debug\SwerveMotorFirmware.a(Dip2.o)
 .debug_abbrev  0x00002347       0xc8 .\CortexM0\ARM_GCC_541\Debug\SwerveMotorFirmware.a(Dip3.o)
 .debug_abbrev  0x0000240f       0xc8 .\CortexM0\ARM_GCC_541\Debug\SwerveMotorFirmware.a(Dip4.o)
 .debug_abbrev  0x000024d7      0x167 .\CortexM0\ARM_GCC_541\Debug\SwerveMotorFirmware.a(Timer_1.o)
 .debug_abbrev  0x0000263e      0x19a .\CortexM0\ARM_GCC_541\Debug\SwerveMotorFirmware.a(isr_period.o)
 .debug_abbrev  0x000027d8       0xc8 .\CortexM0\ARM_GCC_541\Debug\SwerveMotorFirmware.a(LED_Debug1.o)
 .debug_abbrev  0x000028a0       0xc8 .\CortexM0\ARM_GCC_541\Debug\SwerveMotorFirmware.a(LED_Debug2.o)
 .debug_abbrev  0x00002968       0xc8 .\CortexM0\ARM_GCC_541\Debug\SwerveMotorFirmware.a(LED_CAN.o)
 .debug_abbrev  0x00002a30       0xc8 .\CortexM0\ARM_GCC_541\Debug\SwerveMotorFirmware.a(LED_Error.o)
 .debug_abbrev  0x00002af8      0x1dc .\CortexM0\ARM_GCC_541\Debug\SwerveMotorFirmware.a(StripLights.o)
 .debug_abbrev  0x00002cd4      0x113 .\CortexM0\ARM_GCC_541\Debug\SwerveMotorFirmware.a(StripLights_fonts.o)
 .debug_abbrev  0x00002de7      0x119 .\CortexM0\ARM_GCC_541\Debug\SwerveMotorFirmware.a(PWM_Motor2.o)
 .debug_abbrev  0x00002f00       0xc8 .\CortexM0\ARM_GCC_541\Debug\SwerveMotorFirmware.a(Motor1Direction.o)
 .debug_abbrev  0x00002fc8       0xc8 .\CortexM0\ARM_GCC_541\Debug\SwerveMotorFirmware.a(Motor2Direction.o)
 .debug_abbrev  0x00003090      0x19a .\CortexM0\ARM_GCC_541\Debug\SwerveMotorFirmware.a(StripLights_cisr.o)
 .debug_abbrev  0x0000322a      0x19a .\CortexM0\ARM_GCC_541\Debug\SwerveMotorFirmware.a(StripLights_fisr.o)
 .debug_abbrev  0x000033c4      0x293 .\CortexM0\ARM_GCC_541\Debug\SwerveMotorFirmware.a(CyLib.o)
 .debug_abbrev  0x00003657       0xc0 .\CortexM0\ARM_GCC_541\Debug\SwerveMotorFirmware.a(cyutils.o)
 .debug_abbrev  0x00003717      0x248 .\CortexM0\ARM_GCC_541\Debug\SwerveMotorFirmware.a(CyLFClk.o)
 .debug_abbrev  0x0000395f      0x19a .\CortexM0\ARM_GCC_541\Debug\SwerveMotorFirmware.a(isr_encA.o)
 .debug_abbrev  0x00003af9      0x19a .\CortexM0\ARM_GCC_541\Debug\SwerveMotorFirmware.a(isr_encB.o)
 .debug_abbrev  0x00003c93      0x184 .\CortexM0\ARM_GCC_541\Debug\SwerveMotorFirmware.a(ADC_Pot.o)
 .debug_abbrev  0x00003e17       0x65 .\CortexM0\ARM_GCC_541\Debug\SwerveMotorFirmware.a(ADC_Pot_INT.o)
 .debug_abbrev  0x00003e7c       0x14 .\CortexM0\ARM_GCC_541\Debug\SwerveMotorFirmware.a(CyBootAsmGnu.o)
 .debug_abbrev  0x00003e90      0x180 .\CortexM0\ARM_GCC_541\Debug\SwerveMotorFirmware.a(UART_SPI_UART.o)
 .debug_abbrev  0x00004010       0x9a .\CortexM0\ARM_GCC_541\Debug\SwerveMotorFirmware.a(UART_SPI_UART_INT.o)
 .debug_abbrev  0x000040aa      0x182 .\CortexM0\ARM_GCC_541\Debug\SwerveMotorFirmware.a(CyFlash.o)

.debug_line     0x00000000     0x6665
 *(.debug_line)
 .debug_line    0x00000000      0x4ee .\CortexM0\ARM_GCC_541\Debug\main.o
 .debug_line    0x000004ee      0x1ca .\CortexM0\ARM_GCC_541\Debug\LED_Array.o
 .debug_line    0x000006b8      0x217 .\CortexM0\ARM_GCC_541\Debug\MotorDrive.o
 .debug_line    0x000008cf      0x381 .\CortexM0\ARM_GCC_541\Debug\PositionPID.o
 .debug_line    0x00000c50      0x2d9 .\CortexM0\ARM_GCC_541\Debug\Motor_Unit_CAN.o
 .debug_line    0x00000f29      0x20f .\CortexM0\ARM_GCC_541\Debug\Motor_Unit_FSM.o
 .debug_line    0x00001138      0x2fa .\CortexM0\ARM_GCC_541\Debug\PortPSOC_swerve.o
 .debug_line    0x00001432      0x2f3 .\CortexM0\ARM_GCC_541\Debug\CANCommon.o
 .debug_line    0x00001725      0x24e .\CortexM0\ARM_GCC_541\Debug\CANGPIO.o
 .debug_line    0x00001973       0x1d .\CortexM0\ARM_GCC_541\Debug\CANLocalization.o
 .debug_line    0x00001990      0x3a1 .\CortexM0\ARM_GCC_541\Debug\CANMotorUnit.o
 .debug_line    0x00001d31      0x2dc .\CortexM0\ARM_GCC_541\Debug\CANPacket.o
 .debug_line    0x0000200d      0x19d .\CortexM0\ARM_GCC_541\Debug\CANPower.o
 .debug_line    0x000021aa      0x1c5 .\CortexM0\ARM_GCC_541\Debug\CANScience.o
 .debug_line    0x0000236f      0x1b6 .\CortexM0\ARM_GCC_541\Debug\cyfitter_cfg.o
 .debug_line    0x00002525      0x141 .\CortexM0\ARM_GCC_541\Debug\cymetadata.o
 .debug_line    0x00002666      0x236 .\CortexM0\ARM_GCC_541\Debug\Cm0Start.o
 .debug_line    0x0000289c       0xbe .\CortexM0\ARM_GCC_541\Debug\SwerveMotorFirmware.a(Limit1.o)
 .debug_line    0x0000295a       0xbe .\CortexM0\ARM_GCC_541\Debug\SwerveMotorFirmware.a(Limit2.o)
 .debug_line    0x00002a18      0x383 .\CortexM0\ARM_GCC_541\Debug\SwerveMotorFirmware.a(PWM_Motor1.o)
 .debug_line    0x00002d9b      0x157 .\CortexM0\ARM_GCC_541\Debug\SwerveMotorFirmware.a(isr_Limit_1.o)
 .debug_line    0x00002ef2       0xc5 .\CortexM0\ARM_GCC_541\Debug\SwerveMotorFirmware.a(Pin_Encoder_A.o)
 .debug_line    0x00002fb7       0xc5 .\CortexM0\ARM_GCC_541\Debug\SwerveMotorFirmware.a(Pin_Encoder_B.o)
 .debug_line    0x0000307c       0xc2 .\CortexM0\ARM_GCC_541\Debug\SwerveMotorFirmware.a(Status_Reg_Switches.o)
 .debug_line    0x0000313e      0x3e7 .\CortexM0\ARM_GCC_541\Debug\SwerveMotorFirmware.a(CAN.o)
 .debug_line    0x00003525       0x53 .\CortexM0\ARM_GCC_541\Debug\SwerveMotorFirmware.a(CAN_INT.o)
 .debug_line    0x00003578       0xfc .\CortexM0\ARM_GCC_541\Debug\SwerveMotorFirmware.a(CAN_TX_RX_func.o)
 .debug_line    0x00003674      0x13c .\CortexM0\ARM_GCC_541\Debug\SwerveMotorFirmware.a(UART.o)
 .debug_line    0x000037b0      0x1f5 .\CortexM0\ARM_GCC_541\Debug\SwerveMotorFirmware.a(UART_UART.o)
 .debug_line    0x000039a5       0xbc .\CortexM0\ARM_GCC_541\Debug\SwerveMotorFirmware.a(Dip1.o)
 .debug_line    0x00003a61       0xbc .\CortexM0\ARM_GCC_541\Debug\SwerveMotorFirmware.a(Dip2.o)
 .debug_line    0x00003b1d       0xbc .\CortexM0\ARM_GCC_541\Debug\SwerveMotorFirmware.a(Dip3.o)
 .debug_line    0x00003bd9       0xbc .\CortexM0\ARM_GCC_541\Debug\SwerveMotorFirmware.a(Dip4.o)
 .debug_line    0x00003c95      0x17b .\CortexM0\ARM_GCC_541\Debug\SwerveMotorFirmware.a(Timer_1.o)
 .debug_line    0x00003e10      0x156 .\CortexM0\ARM_GCC_541\Debug\SwerveMotorFirmware.a(isr_period.o)
 .debug_line    0x00003f66       0xc2 .\CortexM0\ARM_GCC_541\Debug\SwerveMotorFirmware.a(LED_Debug1.o)
 .debug_line    0x00004028       0xc2 .\CortexM0\ARM_GCC_541\Debug\SwerveMotorFirmware.a(LED_Debug2.o)